Java HotSpot(TM) 64-Bit Server VM (25.131-b11) for linux-amd64 JRE (1.8.0_131-b11), built on Mar 15 2017 01:23:40 by "java_re" with gcc 4.3.0 20080428 (Red Hat 4.3.0-8)
Memory: 4k page, physical 196649792k(192398956k free), swap 3905532k(3905532k free)
CommandLine flags: -XX:InitialHeapSize=2147483648 -XX:MaxHeapSize=201369391104 -XX:+PrintGC -XX:+PrintGCDateStamps -XX:+PrintGCDetails -XX:+PrintGCTimeStamps -XX:+UseParallelGC 
2021-03-30T19:12:45.880+0200: 1.328: [GC (Metadata GC Threshold) [PSYoungGen: 325382K->19450K(611840K)] 325382K->19538K(2010112K), 0.0162529 secs] [Times: user=0.15 sys=0.00, real=0.01 secs] 
2021-03-30T19:12:45.896+0200: 1.344: [Full GC (Metadata GC Threshold) [PSYoungGen: 19450K->0K(611840K)] [ParOldGen: 88K->18180K(843264K)] 19538K->18180K(1455104K), [Metaspace: 20798K->20798K(22528K)], 0.0207526 secs] [Times: user=0.24 sys=0.02, real=0.02 secs] 
2021-03-30T19:12:46.772+0200: 2.220: [GC (Allocation Failure) [PSYoungGen: 524800K->37346K(851456K)] 542980K->55535K(1694720K), 0.0233403 secs] [Times: user=0.41 sys=0.01, real=0.02 secs] 
2021-03-30T19:12:46.797+0200: 2.245: [GC (Metadata GC Threshold) [PSYoungGen: 48299K->35634K(1086976K)] 66488K->53831K(1930240K), 0.0171408 secs] [Times: user=0.45 sys=0.01, real=0.02 secs] 
2021-03-30T19:12:46.814+0200: 2.262: [Full GC (Metadata GC Threshold) [PSYoungGen: 35634K->0K(1086976K)] [ParOldGen: 18196K->40107K(924672K)] 53831K->40107K(2011648K), [Metaspace: 34890K->34890K(36864K)], 0.0297323 secs] [Times: user=0.35 sys=0.03, real=0.03 secs] 
2021-03-30T19:12:47.542+0200: 2.991: [GC (Allocation Failure) [PSYoungGen: 999936K->87024K(1676800K)] 1040043K->186202K(2601472K), 0.0191557 secs] [Times: user=0.45 sys=0.11, real=0.02 secs] 
2021-03-30T19:12:49.690+0200: 5.139: [GC (Allocation Failure) [PSYoungGen: 1676784K->87024K(1676800K)] 1775962K->314559K(2601472K), 0.0242480 secs] [Times: user=0.75 sys=0.14, real=0.02 secs] 
2021-03-30T19:12:51.646+0200: 7.094: [GC (Allocation Failure) [PSYoungGen: 1676784K->122624K(3120640K)] 1904319K->350167K(4045312K), 0.0322303 secs] [Times: user=1.00 sys=0.08, real=0.03 secs] 
2021-03-30T19:12:58.419+0200: 13.867: [GC (Allocation Failure) [PSYoungGen: 3071232K->131199K(3170816K)] 3298775K->358750K(4095488K), 0.0241859 secs] [Times: user=0.55 sys=0.09, real=0.03 secs] 
2021-03-30T19:12:59.220+0200: 14.668: [GC (Metadata GC Threshold) [PSYoungGen: 1074111K->50575K(5367808K)] 1301662K->346169K(6292480K), 0.0201534 secs] [Times: user=0.59 sys=0.06, real=0.02 secs] 
2021-03-30T19:12:59.240+0200: 14.688: [Full GC (Metadata GC Threshold) [PSYoungGen: 50575K->0K(5367808K)] [ParOldGen: 295593K->328755K(1427456K)] 346169K->328755K(6795264K), [Metaspace: 58188K->58148K(59392K)], 0.1096942 secs] [Times: user=1.92 sys=0.08, real=0.11 secs] 
2021-03-30T19:13:16.256+0200: 31.704: [GC (Allocation Failure) [PSYoungGen: 5255168K->26350K(5472768K)] 5583923K->355114K(6900224K), 0.0186461 secs] [Times: user=0.27 sys=0.01, real=0.02 secs] 
2021-03-30T19:13:28.016+0200: 43.465: [GC (Allocation Failure) [PSYoungGen: 5281518K->33415K(7576064K)] 5610282K->362187K(9003520K), 0.0274846 secs] [Times: user=0.55 sys=0.01, real=0.03 secs] 
2021-03-30T19:13:40.924+0200: 56.372: [GC (Allocation Failure) [PSYoungGen: 7563911K->21412K(7743488K)] 7892683K->375744K(9170944K), 0.0251148 secs] [Times: user=0.48 sys=0.02, real=0.03 secs] 
2021-03-30T19:13:51.540+0200: 66.988: [GC (Allocation Failure) [PSYoungGen: 7551908K->15798K(10267648K)] 7906240K->382403K(11695104K), 0.0315351 secs] [Times: user=0.82 sys=0.01, real=0.03 secs] 
2021-03-30T19:14:06.519+0200: 81.967: [GC (Allocation Failure) [PSYoungGen: 10267574K->22464K(10545152K)] 10634179K->398065K(11972608K), 0.0220232 secs] [Times: user=0.38 sys=0.00, real=0.03 secs] 
2021-03-30T19:14:20.327+0200: 95.775: [GC (Allocation Failure) [PSYoungGen: 10360768K->21303K(13362176K)] 10736369K->410306K(14789632K), 0.0759965 secs] [Times: user=2.20 sys=0.00, real=0.08 secs] 
2021-03-30T19:14:41.474+0200: 116.922: [GC (Allocation Failure) [PSYoungGen: 13361975K->26541K(13573120K)] 13750978K->428822K(15000576K), 0.0621334 secs] [Times: user=1.52 sys=0.04, real=0.06 secs] 
2021-03-30T19:14:56.601+0200: 132.050: [GC (Allocation Failure) [PSYoungGen: 13404589K->41262K(16345600K)] 13806870K->443550K(17773056K), 0.0205226 secs] [Times: user=0.37 sys=0.03, real=0.02 secs] 
2021-03-30T19:15:19.405+0200: 154.854: [GC (Allocation Failure) [PSYoungGen: 16345390K->55620K(16798720K)] 16747678K->457909K(18226176K), 0.0298965 secs] [Times: user=0.58 sys=0.06, real=0.03 secs] 
2021-03-30T19:15:41.667+0200: 177.116: [GC (Allocation Failure) [PSYoungGen: 16677188K->65170K(18491392K)] 17079477K->467467K(19918848K), 0.0574717 secs] [Times: user=1.75 sys=0.02, real=0.05 secs] 
2021-03-30T19:16:06.491+0200: 201.939: [GC (Allocation Failure) [PSYoungGen: 18391186K->72978K(18483712K)] 18793483K->475275K(19911168K), 0.0395579 secs] [Times: user=0.97 sys=0.04, real=0.04 secs] 
2021-03-30T19:16:31.748+0200: 227.197: [GC (Allocation Failure) [PSYoungGen: 18398994K->67538K(17524224K)] 18801291K->469843K(18951680K), 0.0417084 secs] [Times: user=1.28 sys=0.02, real=0.04 secs] 
2021-03-30T19:16:54.024+0200: 249.472: [GC (Allocation Failure) [PSYoungGen: 17524178K->68091K(16698368K)] 17926483K->470404K(18125824K), 0.0435864 secs] [Times: user=1.22 sys=0.10, real=0.05 secs] 
2021-03-30T19:17:16.634+0200: 272.082: [GC (Allocation Failure) [PSYoungGen: 16698363K->70994K(15916544K)] 17100676K->473315K(17344000K), 0.0423223 secs] [Times: user=1.25 sys=0.06, real=0.04 secs] 
2021-03-30T19:17:39.758+0200: 295.206: [GC (Allocation Failure) [PSYoungGen: 15916370K->74354K(15174144K)] 16318691K->476675K(16601600K), 0.0431593 secs] [Times: user=1.22 sys=0.07, real=0.05 secs] 
2021-03-30T19:17:59.186+0200: 314.635: [GC (Allocation Failure) [PSYoungGen: 15173746K->75547K(14466560K)] 15576067K->477868K(15894016K), 0.0339799 secs] [Times: user=0.82 sys=0.00, real=0.04 secs] 
2021-03-30T19:18:18.125+0200: 333.574: [GC (Allocation Failure) [PSYoungGen: 14466331K->73851K(13791744K)] 14868652K->476172K(15219200K), 0.0550858 secs] [Times: user=1.44 sys=0.04, real=0.06 secs] 
2021-03-30T19:18:37.744+0200: 353.192: [GC (Allocation Failure) [PSYoungGen: 13791355K->72427K(13150208K)] 14193676K->474756K(14577664K), 0.0396905 secs] [Times: user=1.30 sys=0.01, real=0.04 secs] 
2021-03-30T19:18:55.146+0200: 370.595: [GC (Allocation Failure) [PSYoungGen: 13149931K->72059K(12541440K)] 13552260K->474396K(13968896K), 0.0343513 secs] [Times: user=0.67 sys=0.07, real=0.04 secs] 
2021-03-30T19:19:13.187+0200: 388.636: [GC (Allocation Failure) [PSYoungGen: 12541307K->73826K(11965952K)] 12943644K->476171K(13393408K), 0.0455202 secs] [Times: user=1.51 sys=0.00, real=0.04 secs] 
2021-03-30T19:19:28.178+0200: 403.626: [GC (Allocation Failure) [PSYoungGen: 11965538K->73904K(11417088K)] 12367883K->476249K(12844544K), 0.0424009 secs] [Times: user=1.07 sys=0.08, real=0.05 secs] 
2021-03-30T19:19:43.757+0200: 419.205: [GC (Allocation Failure) [PSYoungGen: 11416752K->72845K(10894336K)] 11819097K->478918K(12321792K), 0.0371560 secs] [Times: user=1.03 sys=0.05, real=0.04 secs] 
2021-03-30T19:19:59.982+0200: 435.431: [GC (Allocation Failure) [PSYoungGen: 10893965K->69933K(10395648K)] 11300038K->478570K(11823104K), 0.0369868 secs] [Times: user=0.78 sys=0.04, real=0.04 secs] 
2021-03-30T19:20:13.200+0200: 448.649: [GC (Allocation Failure) [PSYoungGen: 10395437K->64923K(9919488K)] 10804074K->475472K(11346944K), 0.0447259 secs] [Times: user=1.23 sys=0.00, real=0.04 secs] 
2021-03-30T19:20:27.313+0200: 462.761: [GC (Allocation Failure) [PSYoungGen: 9919387K->69613K(9476096K)] 10329936K->481698K(10903552K), 0.0537228 secs] [Times: user=1.47 sys=0.04, real=0.05 secs] 
2021-03-30T19:20:40.791+0200: 476.239: [GC (Allocation Failure) [PSYoungGen: 9476077K->68498K(9049600K)] 9888162K->481895K(10477056K), 0.0358916 secs] [Times: user=1.00 sys=0.01, real=0.03 secs] 
2021-03-30T19:20:52.324+0200: 487.773: [GC (Allocation Failure) [PSYoungGen: 9049490K->63972K(8640512K)] 9462887K->478689K(10067968K), 0.0462953 secs] [Times: user=1.20 sys=0.04, real=0.05 secs] 
2021-03-30T19:21:04.411+0200: 499.859: [GC (Allocation Failure) [PSYoungGen: 8640484K->67581K(8259584K)] 9055201K->484366K(9687040K), 0.0492614 secs] [Times: user=1.45 sys=0.00, real=0.05 secs] 
2021-03-30T19:21:15.690+0200: 511.138: [GC (Allocation Failure) [PSYoungGen: 8259581K->62530K(7889408K)] 8676366K->481219K(9316864K), 0.0380558 secs] [Times: user=1.17 sys=0.01, real=0.04 secs] 
2021-03-30T19:21:27.184+0200: 522.633: [GC (Allocation Failure) [PSYoungGen: 7888962K->60388K(7539200K)] 8307651K->483549K(8966656K), 0.0342448 secs] [Times: user=0.99 sys=0.01, real=0.03 secs] 
2021-03-30T19:21:36.203+0200: 531.652: [GC (Allocation Failure) [PSYoungGen: 7538354K->60507K(7209472K)] 7961514K->485332K(8636928K), 0.0485422 secs] [Times: user=1.44 sys=0.05, real=0.05 secs] 
2021-03-30T19:21:46.691+0200: 542.139: [GC (Allocation Failure) [PSYoungGen: 7209051K->61412K(6896128K)] 7633876K->488949K(8323584K), 0.0292994 secs] [Times: user=0.74 sys=0.00, real=0.03 secs] 
2021-03-30T19:21:57.117+0200: 552.566: [GC (Allocation Failure) [PSYoungGen: 6896100K->61202K(6597632K)] 7323637K->490331K(8025088K), 0.0460766 secs] [Times: user=1.39 sys=0.04, real=0.05 secs] 
2021-03-30T19:22:04.561+0200: 560.010: [GC (Allocation Failure) [PSYoungGen: 6597394K->53751K(6305792K)] 7026523K->499999K(7733248K), 0.0343709 secs] [Times: user=1.05 sys=0.00, real=0.03 secs] 
2021-03-30T19:22:13.930+0200: 569.378: [GC (Allocation Failure) [PSYoungGen: 6305783K->43442K(6025728K)] 6752031K->491067K(7453184K), 0.0188008 secs] [Times: user=0.35 sys=0.08, real=0.02 secs] 
2021-03-30T19:22:22.223+0200: 577.672: [GC (Allocation Failure) [PSYoungGen: 6025650K->48676K(5774848K)] 6473275K->496301K(7202304K), 0.0216689 secs] [Times: user=0.57 sys=0.00, real=0.02 secs] 
2021-03-30T19:22:30.361+0200: 585.809: [GC (Allocation Failure) [PSYoungGen: 5774372K->46555K(5528064K)] 6221997K->494948K(6955520K), 0.0189716 secs] [Times: user=0.37 sys=0.04, real=0.02 secs] 
2021-03-30T19:22:38.393+0200: 593.842: [GC (Allocation Failure) [PSYoungGen: 5528027K->48539K(5297664K)] 5976420K->497564K(6725120K), 0.0255056 secs] [Times: user=0.62 sys=0.02, real=0.02 secs] 
2021-03-30T19:22:44.605+0200: 600.053: [GC (Allocation Failure) [PSYoungGen: 5297563K->49997K(5078528K)] 5746588K->499742K(6505984K), 0.0200061 secs] [Times: user=0.40 sys=0.06, real=0.02 secs] 
2021-03-30T19:22:51.944+0200: 607.393: [GC (Allocation Failure) [PSYoungGen: 5078349K->47442K(4866048K)] 5528094K->497963K(6293504K), 0.0211437 secs] [Times: user=0.42 sys=0.02, real=0.02 secs] 
2021-03-30T19:22:59.166+0200: 614.614: [GC (Allocation Failure) [PSYoungGen: 4865874K->51524K(4670464K)] 5316395K->502709K(6097920K), 0.0339903 secs] [Times: user=1.10 sys=0.06, real=0.04 secs] 
2021-03-30T19:23:04.429+0200: 619.878: [GC (Allocation Failure) [PSYoungGen: 4670276K->53636K(4482048K)] 5121461K->505485K(5909504K), 0.0240081 secs] [Times: user=0.72 sys=0.03, real=0.02 secs] 
2021-03-30T19:23:10.460+0200: 625.908: [GC (Allocation Failure) [PSYoungGen: 4481924K->52692K(4299776K)] 4933773K->505261K(5727232K), 0.0436684 secs] [Times: user=1.21 sys=0.03, real=0.04 secs] 
2021-03-30T19:23:18.472+0200: 633.920: [GC (Allocation Failure) [PSYoungGen: 4299732K->54619K(4129792K)] 4752301K->507892K(5557248K), 0.0278062 secs] [Times: user=0.98 sys=0.00, real=0.03 secs] 
2021-03-30T19:23:22.681+0200: 638.129: [GC (Allocation Failure) [PSYoungGen: 4129627K->56045K(3967488K)] 4582900K->509958K(5394944K), 0.0277205 secs] [Times: user=0.76 sys=0.06, real=0.03 secs] 
2021-03-30T19:23:29.171+0200: 644.619: [GC (Allocation Failure) [PSYoungGen: 3967213K->46052K(3801088K)] 4421126K->508909K(5228544K), 0.0289687 secs] [Times: user=0.96 sys=0.00, real=0.03 secs] 
2021-03-30T19:23:33.392+0200: 648.841: [GC (Allocation Failure) [PSYoungGen: 3801060K->45197K(3652096K)] 4263917K->508958K(5079552K), 0.0296082 secs] [Times: user=0.91 sys=0.05, real=0.03 secs] 
2021-03-30T19:23:37.915+0200: 653.364: [GC (Allocation Failure) [PSYoungGen: 3651725K->46980K(3512320K)] 4115486K->510741K(4939776K), 0.0383110 secs] [Times: user=1.20 sys=0.01, real=0.04 secs] 
2021-03-30T19:23:42.706+0200: 658.155: [GC (Allocation Failure) [PSYoungGen: 3512196K->58964K(3389952K)] 3975957K->523221K(4817408K), 0.0287690 secs] [Times: user=0.65 sys=0.04, real=0.03 secs] 
2021-03-30T19:23:47.923+0200: 663.372: [GC (Allocation Failure) [PSYoungGen: 3389524K->41460K(3243520K)] 3853781K->515189K(4670976K), 0.0364160 secs] [Times: user=1.08 sys=0.01, real=0.04 secs] 
2021-03-30T19:23:52.379+0200: 667.827: [GC (Allocation Failure) [PSYoungGen: 3243508K->44116K(3124224K)] 3717237K->518637K(4551680K), 0.0244664 secs] [Times: user=0.56 sys=0.04, real=0.03 secs] 
2021-03-30T19:23:57.836+0200: 673.284: [GC (Allocation Failure) [PSYoungGen: 3123796K->38614K(3001856K)] 3598317K->513135K(4429312K), 0.0230148 secs] [Times: user=0.62 sys=0.01, real=0.02 secs] 
2021-03-30T19:24:01.675+0200: 677.123: [GC (Allocation Failure) [PSYoungGen: 3001558K->39364K(2891264K)] 3476079K->515413K(4318720K), 0.0153187 secs] [Times: user=0.35 sys=0.00, real=0.02 secs] 
2021-03-30T19:24:04.836+0200: 680.284: [GC (Allocation Failure) [PSYoungGen: 2891204K->40516K(2786816K)] 3367253K->517845K(4214272K), 0.0146323 secs] [Times: user=0.28 sys=0.05, real=0.02 secs] 
2021-03-30T19:24:08.849+0200: 684.297: [GC (Allocation Failure) [PSYoungGen: 2786372K->38340K(2683392K)] 3263701K->516405K(4110848K), 0.0365844 secs] [Times: user=0.91 sys=0.03, real=0.03 secs] 
2021-03-30T19:24:12.167+0200: 687.615: [GC (Allocation Failure) [PSYoungGen: 2683332K->36411K(2585600K)] 3161397K->515372K(4013056K), 0.0290267 secs] [Times: user=0.86 sys=0.00, real=0.03 secs] 
2021-03-30T19:24:16.494+0200: 691.942: [GC (Allocation Failure) [PSYoungGen: 2585147K->41268K(2498560K)] 3064108K->520925K(3926016K), 0.0307222 secs] [Times: user=0.75 sys=0.02, real=0.03 secs] 
2021-03-30T19:24:18.642+0200: 694.091: [GC (Allocation Failure) [PSYoungGen: 2498356K->46758K(2416640K)] 2978013K->526999K(3844096K), 0.0172761 secs] [Times: user=0.44 sys=0.01, real=0.02 secs] 
2021-03-30T19:24:22.321+0200: 697.769: [GC (Allocation Failure) [PSYoungGen: 2416294K->42532K(2329088K)] 2896535K->523509K(3756544K), 0.0206525 secs] [Times: user=0.44 sys=0.00, real=0.02 secs] 
2021-03-30T19:24:24.449+0200: 699.897: [GC (Allocation Failure) [PSYoungGen: 2328612K->46573K(2252800K)] 2809589K->532830K(3680256K), 0.0149301 secs] [Times: user=0.43 sys=0.01, real=0.01 secs] 
2021-03-30T19:24:27.873+0200: 703.322: [GC (Allocation Failure) [PSYoungGen: 2252781K->34381K(2164736K)] 2739038K->522682K(3592192K), 0.0177548 secs] [Times: user=0.50 sys=0.00, real=0.02 secs] 
2021-03-30T19:24:31.245+0200: 706.694: [GC (Allocation Failure) [PSYoungGen: 2163203K->36507K(2094080K)] 2651503K->524808K(3521536K), 0.0222379 secs] [Times: user=0.50 sys=0.00, real=0.03 secs] 
2021-03-30T19:24:33.554+0200: 709.002: [GC (Allocation Failure) [PSYoungGen: 2093723K->37780K(2025472K)] 2582024K->526800K(3452928K), 0.0147316 secs] [Times: user=0.36 sys=0.00, real=0.02 secs] 
2021-03-30T19:24:36.723+0200: 712.172: [GC (Allocation Failure) [PSYoungGen: 2025364K->38797K(1960448K)] 2514384K->528378K(3387904K), 0.0221938 secs] [Times: user=0.66 sys=0.00, real=0.02 secs] 
2021-03-30T19:24:40.111+0200: 715.559: [GC (Allocation Failure) [PSYoungGen: 1960333K->39364K(1897472K)] 2449914K->530184K(3324928K), 0.0207241 secs] [Times: user=0.57 sys=0.00, real=0.02 secs] 
2021-03-30T19:24:42.676+0200: 718.124: [GC (Allocation Failure) [PSYoungGen: 1897412K->38957K(1837056K)] 2388232K->531997K(3264512K), 0.0162089 secs] [Times: user=0.47 sys=0.00, real=0.02 secs] 
2021-03-30T19:24:44.664+0200: 720.112: [GC (Allocation Failure) [PSYoungGen: 1836589K->37133K(1777152K)] 2329629K->533354K(3204608K), 0.0225197 secs] [Times: user=0.57 sys=0.01, real=0.02 secs] 
2021-03-30T19:24:46.398+0200: 721.846: [GC (Allocation Failure) [PSYoungGen: 1776909K->35885K(1889792K)] 2273130K->534606K(3317248K), 0.0253578 secs] [Times: user=0.66 sys=0.00, real=0.03 secs] 
2021-03-30T19:24:48.495+0200: 723.943: [GC (Allocation Failure) [PSYoungGen: 1889325K->34957K(1828352K)] 2388046K->535795K(3255808K), 0.0166769 secs] [Times: user=0.45 sys=0.00, real=0.02 secs] 
2021-03-30T19:24:51.059+0200: 726.507: [GC (Allocation Failure) [PSYoungGen: 1827981K->34756K(1769984K)] 2328819K->536690K(3197440K), 0.0199418 secs] [Times: user=0.55 sys=0.00, real=0.02 secs] 
2021-03-30T19:24:53.594+0200: 729.043: [GC (Allocation Failure) [PSYoungGen: 1769924K->44301K(1724416K)] 2271858K->547394K(3151872K), 0.0222998 secs] [Times: user=0.55 sys=0.01, real=0.02 secs] 
2021-03-30T19:24:56.076+0200: 731.524: [GC (Allocation Failure) [PSYoungGen: 1723968K->36109K(1663488K)] 2227060K->541446K(3090944K), 0.0155707 secs] [Times: user=0.47 sys=0.00, real=0.02 secs] 
2021-03-30T19:24:58.118+0200: 733.567: [GC (Allocation Failure) [PSYoungGen: 1663245K->35341K(1768448K)] 2168582K->541963K(3195904K), 0.0263492 secs] [Times: user=0.74 sys=0.00, real=0.03 secs] 
2021-03-30T19:25:01.222+0200: 736.671: [GC (Allocation Failure) [PSYoungGen: 1767949K->36365K(1714176K)] 2274571K->545639K(3141632K), 0.0238776 secs] [Times: user=0.61 sys=0.01, real=0.02 secs] 
2021-03-30T19:25:04.371+0200: 739.819: [GC (Allocation Failure) [PSYoungGen: 1713677K->36590K(1661440K)] 2222951K->547496K(3088896K), 0.0162740 secs] [Times: user=0.38 sys=0.01, real=0.02 secs] 
2021-03-30T19:25:06.884+0200: 742.332: [GC (Allocation Failure) [PSYoungGen: 1661166K->35318K(1609728K)] 2172072K->548953K(3037184K), 0.0193005 secs] [Times: user=0.63 sys=0.00, real=0.02 secs] 
2021-03-30T19:25:08.750+0200: 744.199: [GC (Allocation Failure) [PSYoungGen: 1609718K->34710K(1561088K)] 2123353K->550868K(2988544K), 0.0155730 secs] [Times: user=0.42 sys=0.01, real=0.01 secs] 
2021-03-30T19:25:11.110+0200: 746.558: [GC (Allocation Failure) [PSYoungGen: 1560982K->34157K(1514496K)] 2077140K->552100K(2941952K), 0.0230628 secs] [Times: user=0.58 sys=0.00, real=0.02 secs] 
2021-03-30T19:25:12.058+0200: 747.506: [GC (Allocation Failure) [PSYoungGen: 1514349K->31364K(1616384K)] 2032292K->552639K(3043840K), 0.0164767 secs] [Times: user=0.40 sys=0.01, real=0.02 secs] 
2021-03-30T19:25:15.207+0200: 750.655: [GC (Allocation Failure) [PSYoungGen: 1616004K->32310K(1719808K)] 2137279K->556153K(3147264K), 0.0168024 secs] [Times: user=0.47 sys=0.00, real=0.02 secs] 
2021-03-30T19:25:16.475+0200: 751.924: [GC (Allocation Failure) [PSYoungGen: 1719350K->30806K(1851904K)] 2243193K->557242K(3279360K), 0.0294268 secs] [Times: user=0.80 sys=0.02, real=0.03 secs] 
2021-03-30T19:25:18.505+0200: 753.953: [GC (Allocation Failure) [PSYoungGen: 1851478K->37357K(1993728K)] 2377914K->565609K(3421184K), 0.0152434 secs] [Times: user=0.45 sys=0.01, real=0.02 secs] 
2021-03-30T19:25:21.898+0200: 757.346: [GC (Allocation Failure) [PSYoungGen: 1993709K->31693K(2126336K)] 2521961K->561761K(3553792K), 0.0274152 secs] [Times: user=0.80 sys=0.01, real=0.03 secs] 
2021-03-30T19:25:24.672+0200: 760.120: [GC (Allocation Failure) [PSYoungGen: 2126285K->30717K(2264576K)] 2656353K->567257K(3692032K), 0.0181389 secs] [Times: user=0.47 sys=0.00, real=0.02 secs] 
2021-03-30T19:25:28.057+0200: 763.506: [GC (Allocation Failure) [PSYoungGen: 2264573K->27008K(2183680K)] 2801113K->567759K(3611136K), 0.0197059 secs] [Times: user=0.48 sys=0.00, real=0.02 secs] 
2021-03-30T19:25:30.839+0200: 766.287: [GC (Allocation Failure) [PSYoungGen: 2183552K->31917K(2115072K)] 2724303K->572669K(3542528K), 0.0119286 secs] [Times: user=0.33 sys=0.00, real=0.02 secs] 
2021-03-30T19:25:35.683+0200: 771.131: [GC (Allocation Failure) [PSYoungGen: 2114733K->40324K(2052608K)] 2655485K->583981K(3480064K), 0.0153749 secs] [Times: user=0.43 sys=0.01, real=0.01 secs] 
2021-03-30T19:25:37.560+0200: 773.008: [GC (Allocation Failure) [PSYoungGen: 2052484K->23021K(1967616K)] 2596141K->576486K(3395072K), 0.0233457 secs] [Times: user=0.70 sys=0.01, real=0.02 secs] 
2021-03-30T19:25:40.510+0200: 775.958: [GC (Allocation Failure) [PSYoungGen: 1967597K->24557K(1904640K)] 2521062K->581286K(3332096K), 0.0183455 secs] [Times: user=0.47 sys=0.00, real=0.02 secs] 
2021-03-30T19:25:42.479+0200: 777.927: [GC (Allocation Failure) [PSYoungGen: 1904621K->25741K(1844736K)] 2461350K->582470K(3272192K), 0.0140225 secs] [Times: user=0.33 sys=0.01, real=0.02 secs] 
2021-03-30T19:25:44.613+0200: 780.061: [GC (Allocation Failure) [PSYoungGen: 1844365K->26989K(1786880K)] 2401094K->584655K(3214336K), 0.0103256 secs] [Times: user=0.23 sys=0.00, real=0.01 secs] 
2021-03-30T19:25:46.559+0200: 782.007: [GC (Allocation Failure) [PSYoungGen: 1786733K->26445K(1730048K)] 2344399K->585651K(3157504K), 0.0218353 secs] [Times: user=0.56 sys=0.00, real=0.03 secs] 
2021-03-30T19:25:48.498+0200: 783.947: [GC (Allocation Failure) [PSYoungGen: 1729869K->27789K(1677824K)] 2289075K->588119K(3105280K), 0.0159171 secs] [Times: user=0.38 sys=0.01, real=0.02 secs] 
2021-03-30T19:25:50.432+0200: 785.880: [GC (Allocation Failure) [PSYoungGen: 1677453K->28429K(1785344K)] 2237783K->589502K(3212800K), 0.0259088 secs] [Times: user=0.72 sys=0.00, real=0.02 secs] 
2021-03-30T19:25:54.136+0200: 789.585: [GC (Allocation Failure) [PSYoungGen: 1785101K->29101K(1729536K)] 2346174K->591910K(3156992K), 0.0116677 secs] [Times: user=0.27 sys=0.00, real=0.02 secs] 
2021-03-30T19:25:56.830+0200: 792.278: [GC (Allocation Failure) [PSYoungGen: 1729453K->31437K(1678336K)] 2292262K->595414K(3105792K), 0.0137620 secs] [Times: user=0.37 sys=0.00, real=0.01 secs] 
2021-03-30T19:25:59.195+0200: 794.643: [GC (Allocation Failure) [PSYoungGen: 1673955K->31038K(1626624K)] 2237932K->596171K(3054080K), 0.0257681 secs] [Times: user=0.72 sys=0.00, real=0.03 secs] 
2021-03-30T19:26:01.840+0200: 797.288: [GC (Allocation Failure) [PSYoungGen: 1626430K->24566K(1570816K)] 2191563K->597696K(2998272K), 0.0140962 secs] [Times: user=0.40 sys=0.00, real=0.01 secs] 
2021-03-30T19:26:03.975+0200: 799.424: [GC (Allocation Failure) [PSYoungGen: 1570806K->33181K(1532416K)] 2143936K->609620K(2959872K), 0.0171682 secs] [Times: user=0.42 sys=0.01, real=0.02 secs] 
2021-03-30T19:26:05.931+0200: 801.379: [GC (Allocation Failure) [PSYoungGen: 1532317K->25549K(1479680K)] 2108756K->601988K(2907136K), 0.0178434 secs] [Times: user=0.48 sys=0.01, real=0.02 secs] 
2021-03-30T19:26:06.960+0200: 802.408: [GC (Allocation Failure) [PSYoungGen: 1479629K->27757K(1439232K)] 2056068K->605688K(2866688K), 0.0094218 secs] [Times: user=0.17 sys=0.01, real=0.01 secs] 
2021-03-30T19:26:09.206+0200: 804.654: [GC (Allocation Failure) [PSYoungGen: 1435253K->26215K(1396224K)] 2013183K->606173K(2823680K), 0.0106530 secs] [Times: user=0.24 sys=0.00, real=0.01 secs] 
2021-03-30T19:26:10.940+0200: 806.389: [GC (Allocation Failure) [PSYoungGen: 1395815K->25508K(1355776K)] 1975773K->607587K(2783232K), 0.0107687 secs] [Times: user=0.20 sys=0.00, real=0.01 secs] 
2021-03-30T19:26:12.432+0200: 807.880: [GC (Allocation Failure) [PSYoungGen: 1355684K->24877K(1317376K)] 1937763K->609451K(2744832K), 0.0154912 secs] [Times: user=0.40 sys=0.01, real=0.01 secs] 
2021-03-30T19:26:14.349+0200: 809.798: [GC (Allocation Failure) [PSYoungGen: 1317165K->25110K(1281536K)] 1901739K->611013K(2708992K), 0.0182930 secs] [Times: user=0.43 sys=0.00, real=0.02 secs] 
2021-03-30T19:26:16.107+0200: 811.555: [GC (Allocation Failure) [PSYoungGen: 1281046K->25069K(1369088K)] 1866949K->612304K(2796544K), 0.0288652 secs] [Times: user=0.84 sys=0.00, real=0.03 secs] 
2021-03-30T19:26:18.104+0200: 813.552: [GC (Allocation Failure) [PSYoungGen: 1369069K->25718K(1331712K)] 1956304K->614286K(2759168K), 0.0113843 secs] [Times: user=0.30 sys=0.00, real=0.01 secs] 
2021-03-30T19:26:20.136+0200: 815.584: [GC (Allocation Failure) [PSYoungGen: 1331318K->26294K(1295360K)] 1919886K->616094K(2722816K), 0.0137092 secs] [Times: user=0.34 sys=0.00, real=0.02 secs] 
2021-03-30T19:26:22.277+0200: 817.725: [GC (Allocation Failure) [PSYoungGen: 1295030K->27242K(1379328K)] 1884830K->618389K(2806784K), 0.0255306 secs] [Times: user=0.82 sys=0.00, real=0.03 secs] 
2021-03-30T19:26:24.289+0200: 819.737: [GC (Allocation Failure) [PSYoungGen: 1375012K->21984K(1466880K)] 1966158K->619883K(2894336K), 0.0241151 secs] [Times: user=0.69 sys=0.01, real=0.02 secs] 
2021-03-30T19:26:26.590+0200: 822.039: [GC (Allocation Failure) [PSYoungGen: 1466848K->21814K(1564160K)] 2064747K->622827K(2991616K), 0.0198663 secs] [Times: user=0.50 sys=0.00, real=0.02 secs] 
2021-03-30T19:26:28.469+0200: 823.918: [GC (Allocation Failure) [PSYoungGen: 1563958K->23606K(1519104K)] 2164971K->624619K(2946560K), 0.0111970 secs] [Times: user=0.27 sys=0.00, real=0.01 secs] 
2021-03-30T19:26:30.602+0200: 826.050: [GC (Allocation Failure) [PSYoungGen: 1518646K->23629K(1474048K)] 2119659K->626880K(2901504K), 0.0168261 secs] [Times: user=0.42 sys=0.00, real=0.01 secs] 
2021-03-30T19:26:31.655+0200: 827.103: [GC (Allocation Failure) [PSYoungGen: 1473613K->22404K(1572352K)] 2076864K->626875K(2999808K), 0.0154418 secs] [Times: user=0.46 sys=0.00, real=0.02 secs] 
2021-03-30T19:26:35.189+0200: 830.637: [GC (Allocation Failure) [PSYoungGen: 1572228K->24141K(1527296K)] 2176699K->630636K(2954752K), 0.0169377 secs] [Times: user=0.46 sys=0.02, real=0.01 secs] 
2021-03-30T19:26:36.792+0200: 832.240: [GC (Allocation Failure) [PSYoungGen: 1524747K->23886K(1481728K)] 2131241K->631317K(2909184K), 0.0117486 secs] [Times: user=0.32 sys=0.00, real=0.01 secs] 
2021-03-30T19:26:39.030+0200: 834.478: [GC (Allocation Failure) [PSYoungGen: 1481550K->24637K(1439232K)] 2088981K->633356K(2866688K), 0.0113557 secs] [Times: user=0.22 sys=0.00, real=0.01 secs] 
2021-03-30T19:26:40.568+0200: 836.017: [GC (Allocation Failure) [PSYoungGen: 1438781K->20982K(1528832K)] 2047500K->634373K(2956288K), 0.0231055 secs] [Times: user=0.64 sys=0.00, real=0.02 secs] 
2021-03-30T19:26:42.360+0200: 837.808: [GC (Allocation Failure) [PSYoungGen: 1528822K->21504K(1649152K)] 2142213K->637350K(3076608K), 0.0396470 secs] [Times: user=1.17 sys=0.00, real=0.04 secs] 
2021-03-30T19:26:44.501+0200: 839.949: [GC (Allocation Failure) [PSYoungGen: 1649152K->23168K(1772544K)] 2264998K->639014K(3200000K), 0.0158805 secs] [Times: user=0.40 sys=0.01, real=0.01 secs] 
2021-03-30T19:26:46.781+0200: 842.230: [GC (Allocation Failure) [PSYoungGen: 1772160K->25142K(1897472K)] 2388006K->642270K(3324928K), 0.0169141 secs] [Times: user=0.41 sys=0.01, real=0.01 secs] 
2021-03-30T19:26:50.034+0200: 845.483: [GC (Allocation Failure) [PSYoungGen: 1897014K->16886K(1827840K)] 2514142K->644502K(3255296K), 0.0160579 secs] [Times: user=0.38 sys=0.00, real=0.02 secs] 
2021-03-30T19:26:52.829+0200: 848.278: [GC (Allocation Failure) [PSYoungGen: 1827830K->29197K(1782272K)] 2455446K->658750K(3209728K), 0.0156888 secs] [Times: user=0.37 sys=0.01, real=0.01 secs] 
2021-03-30T19:26:56.060+0200: 851.508: [GC (Allocation Failure) [PSYoungGen: 1781773K->18429K(1715200K)] 2411326K->651726K(3142656K), 0.0275215 secs] [Times: user=0.78 sys=0.00, real=0.03 secs] 
2021-03-30T19:26:57.806+0200: 853.255: [GC (Allocation Failure) [PSYoungGen: 1711345K->20455K(1663488K)] 2344642K->655528K(3090944K), 0.0089322 secs] [Times: user=0.18 sys=0.01, real=0.01 secs] 
2021-03-30T19:26:59.882+0200: 855.330: [GC (Allocation Failure) [PSYoungGen: 1663463K->24039K(1615872K)] 2298536K->659111K(3043328K), 0.0218673 secs] [Times: user=0.58 sys=0.00, real=0.02 secs] 
2021-03-30T19:27:02.048+0200: 857.496: [GC (Allocation Failure) [PSYoungGen: 1615847K->23741K(1566720K)] 2250919K->659823K(2994176K), 0.0142673 secs] [Times: user=0.34 sys=0.00, real=0.01 secs] 
2021-03-30T19:27:04.102+0200: 859.550: [GC (Allocation Failure) [PSYoungGen: 1566397K->16877K(1512448K)] 2202479K->661081K(2939904K), 0.0114503 secs] [Times: user=0.27 sys=0.00, real=0.01 secs] 
2021-03-30T19:27:06.311+0200: 861.759: [GC (Allocation Failure) [PSYoungGen: 1512429K->20598K(1471488K)] 2156633K->666609K(2898944K), 0.0101746 secs] [Times: user=0.18 sys=0.01, real=0.01 secs] 
2021-03-30T19:27:07.898+0200: 863.346: [GC (Allocation Failure) [PSYoungGen: 1471094K->19168K(1426944K)] 2117105K->665178K(2854400K), 0.0154896 secs] [Times: user=0.40 sys=0.00, real=0.02 secs] 
2021-03-30T19:27:10.202+0200: 865.650: [GC (Allocation Failure) [PSYoungGen: 1426656K->22983K(1389056K)] 2072666K->669978K(2816512K), 0.0165316 secs] [Times: user=0.40 sys=0.00, real=0.01 secs] 
2021-03-30T19:27:11.761+0200: 867.210: [GC (Allocation Failure) [PSYoungGen: 1388999K->21261K(1348096K)] 2035994K->669109K(2775552K), 0.0143219 secs] [Times: user=0.32 sys=0.00, real=0.01 secs] 
2021-03-30T19:27:14.498+0200: 869.946: [GC (Allocation Failure) [PSYoungGen: 1347853K->24919K(1313792K)] 1995701K->673710K(2741248K), 0.0204700 secs] [Times: user=0.52 sys=0.01, real=0.02 secs] 
2021-03-30T19:27:16.076+0200: 871.524: [GC (Allocation Failure) [PSYoungGen: 1313623K->15344K(1267712K)] 1962414K->673808K(2695168K), 0.0098659 secs] [Times: user=0.23 sys=0.01, real=0.01 secs] 
2021-03-30T19:27:18.771+0200: 874.219: [GC (Allocation Failure) [PSYoungGen: 1267696K->20861K(1238528K)] 1926160K->681266K(2665984K), 0.0148753 secs] [Times: user=0.44 sys=0.00, real=0.01 secs] 
2021-03-30T19:27:20.186+0200: 875.634: [GC (Allocation Failure) [PSYoungGen: 1238397K->23510K(1207808K)] 1898802K->683915K(2635264K), 0.0088604 secs] [Times: user=0.18 sys=0.00, real=0.01 secs] 
2021-03-30T19:27:21.060+0200: 876.508: [GC (Allocation Failure) [PSYoungGen: 1207766K->28566K(1180672K)] 1868171K->690680K(2608128K), 0.0147648 secs] [Times: user=0.35 sys=0.00, real=0.01 secs] 
2021-03-30T19:27:22.487+0200: 877.936: [GC (Allocation Failure) [PSYoungGen: 1180566K->7670K(1237504K)] 1842680K->683604K(2664960K), 0.0164735 secs] [Times: user=0.44 sys=0.03, real=0.01 secs] 
2021-03-30T19:27:24.129+0200: 879.578: [GC (Allocation Failure) [PSYoungGen: 1237494K->10726K(1339392K)] 1913428K->688833K(2766848K), 0.0361209 secs] [Times: user=1.06 sys=0.00, real=0.03 secs] 
2021-03-30T19:27:26.083+0200: 881.531: [GC (Allocation Failure) [PSYoungGen: 1339366K->10582K(1435648K)] 2017473K->688688K(2863104K), 0.0098838 secs] [Times: user=0.21 sys=0.01, real=0.01 secs] 
2021-03-30T19:27:28.364+0200: 883.813: [GC (Allocation Failure) [PSYoungGen: 1435478K->13366K(1543168K)] 2113584K->692405K(2970624K), 0.0270493 secs] [Times: user=0.74 sys=0.00, real=0.03 secs] 
2021-03-30T19:27:29.881+0200: 885.329: [GC (Allocation Failure) [PSYoungGen: 1542710K->22150K(1658368K)] 2221749K->701769K(3085824K), 0.0116780 secs] [Times: user=0.28 sys=0.00, real=0.01 secs] 
2021-03-30T19:27:32.038+0200: 887.487: [GC (Allocation Failure) [PSYoungGen: 1657990K->22532K(1769984K)] 2337609K->702710K(3197440K), 0.0192830 secs] [Times: user=0.49 sys=0.00, real=0.02 secs] 
2021-03-30T19:27:35.561+0200: 891.009: [GC (Allocation Failure) [PSYoungGen: 1769476K->17389K(1708544K)] 2449654K->698108K(3136000K), 0.0119426 secs] [Times: user=0.28 sys=0.00, real=0.01 secs] 
2021-03-30T19:27:38.012+0200: 893.460: [GC (Allocation Failure) [PSYoungGen: 1708525K->21085K(1659392K)] 2389244K->702084K(3086848K), 0.0126993 secs] [Times: user=0.26 sys=0.01, real=0.01 secs] 
2021-03-30T19:27:40.096+0200: 895.545: [GC (Allocation Failure) [PSYoungGen: 1658973K->22477K(1609216K)] 2339972K->704032K(3036672K), 0.0160965 secs] [Times: user=0.42 sys=0.00, real=0.02 secs] 
2021-03-30T19:27:42.076+0200: 897.525: [GC (Allocation Failure) [PSYoungGen: 1609165K->21526K(1560064K)] 2290720K->703392K(2987520K), 0.0166950 secs] [Times: user=0.42 sys=0.01, real=0.02 secs] 
2021-03-30T19:27:43.977+0200: 899.426: [GC (Allocation Failure) [PSYoungGen: 1559574K->17382K(1508864K)] 2241440K->705192K(2936320K), 0.0134544 secs] [Times: user=0.29 sys=0.00, real=0.02 secs] 
2021-03-30T19:27:45.872+0200: 901.321: [GC (Allocation Failure) [PSYoungGen: 1508838K->19094K(1466368K)] 2196648K->708254K(2893824K), 0.0089573 secs] [Times: user=0.19 sys=0.00, real=0.01 secs] 
2021-03-30T19:27:47.668+0200: 903.117: [GC (Allocation Failure) [PSYoungGen: 1466006K->20486K(1424896K)] 2155166K->709646K(2852352K), 0.0200527 secs] [Times: user=0.53 sys=0.01, real=0.02 secs] 
2021-03-30T19:27:49.787+0200: 905.235: [GC (Allocation Failure) [PSYoungGen: 1424390K->24806K(1388032K)] 2113550K->714466K(2815488K), 0.0173147 secs] [Times: user=0.44 sys=0.01, real=0.02 secs] 
2021-03-30T19:27:50.636+0200: 906.084: [GC (Allocation Failure) [PSYoungGen: 1387750K->11764K(1467392K)] 2077410K->712740K(2894848K), 0.0129962 secs] [Times: user=0.30 sys=0.03, real=0.02 secs] 
2021-03-30T19:27:52.684+0200: 908.133: [GC (Allocation Failure) [PSYoungGen: 1467380K->13981K(1570304K)] 2168356K->716514K(2997760K), 0.0215731 secs] [Times: user=0.59 sys=0.00, real=0.02 secs] 
2021-03-30T19:27:56.076+0200: 911.525: [GC (Allocation Failure) [PSYoungGen: 1569949K->18381K(1526784K)] 2272482K->720914K(2954240K), 0.0129122 secs] [Times: user=0.29 sys=0.01, real=0.02 secs] 
2021-03-30T19:27:58.189+0200: 913.637: [GC (Allocation Failure) [PSYoungGen: 1526733K->16925K(1480192K)] 2229266K->719986K(2907648K), 0.0101972 secs] [Times: user=0.23 sys=0.00, real=0.01 secs] 
2021-03-30T19:28:00.479+0200: 915.927: [GC (Allocation Failure) [PSYoungGen: 1479709K->20221K(1439744K)] 2182770K->724307K(2867200K), 0.0110221 secs] [Times: user=0.23 sys=0.01, real=0.02 secs] 
2021-03-30T19:28:02.220+0200: 917.668: [GC (Allocation Failure) [PSYoungGen: 1439485K->21232K(1399296K)] 2143571K->725849K(2826752K), 0.0106641 secs] [Times: user=0.21 sys=0.01, real=0.01 secs] 
2021-03-30T19:28:04.337+0200: 919.786: [GC (Allocation Failure) [PSYoungGen: 1399024K->14838K(1352704K)] 2103641K->727463K(2780160K), 0.0114808 secs] [Times: user=0.26 sys=0.00, real=0.02 secs] 
2021-03-30T19:28:06.166+0200: 921.614: [GC (Allocation Failure) [PSYoungGen: 1352694K->16854K(1316352K)] 2065319K->731648K(2743808K), 0.0210469 secs] [Times: user=0.58 sys=0.00, real=0.03 secs] 
2021-03-30T19:28:08.060+0200: 923.508: [GC (Allocation Failure) [PSYoungGen: 1316310K->19927K(1282560K)] 2031104K->734720K(2710016K), 0.0075589 secs] [Times: user=0.14 sys=0.01, real=0.01 secs] 
2021-03-30T19:28:08.468+0200: 923.917: [GC (Allocation Failure) [PSYoungGen: 1282519K->17174K(1380864K)] 1997312K->733224K(2808320K), 0.0131277 secs] [Times: user=0.34 sys=0.01, real=0.01 secs] 
2021-03-30T19:28:11.315+0200: 926.763: [GC (Allocation Failure) [PSYoungGen: 1378901K->17381K(1484800K)] 2094950K->734894K(2912256K), 0.0255588 secs] [Times: user=0.73 sys=0.00, real=0.03 secs] 
2021-03-30T19:28:13.434+0200: 928.882: [GC (Allocation Failure) [PSYoungGen: 1484203K->18788K(1591808K)] 2201717K->737673K(3019264K), 0.0158962 secs] [Times: user=0.36 sys=0.01, real=0.02 secs] 
2021-03-30T19:28:15.626+0200: 931.075: [GC (Allocation Failure) [PSYoungGen: 1591652K->17389K(1704960K)] 2310537K->740559K(3132416K), 0.0248781 secs] [Times: user=0.64 sys=0.01, real=0.03 secs] 
2021-03-30T19:28:18.230+0200: 933.678: [GC (Allocation Failure) [PSYoungGen: 1704941K->22822K(1832448K)] 2428111K->747076K(3259904K), 0.0266727 secs] [Times: user=0.81 sys=0.01, real=0.02 secs] 
2021-03-30T19:28:20.323+0200: 935.772: [GC (Allocation Failure) [PSYoungGen: 1832230K->12262K(1940480K)] 2556484K->747799K(3367936K), 0.0105689 secs] [Times: user=0.26 sys=0.01, real=0.01 secs] 
2021-03-30T19:28:22.718+0200: 938.166: [GC (Allocation Failure) [PSYoungGen: 1940454K->16790K(1881600K)] 2675991K->754159K(3309056K), 0.0141973 secs] [Times: user=0.39 sys=0.00, real=0.02 secs] 
2021-03-30T19:28:26.067+0200: 941.515: [GC (Allocation Failure) [PSYoungGen: 1881494K->25568K(1829376K)] 2618863K->764932K(3256832K), 0.0122244 secs] [Times: user=0.29 sys=0.00, real=0.01 secs] 
2021-03-30T19:28:28.126+0200: 943.575: [GC (Allocation Failure) [PSYoungGen: 1829344K->17830K(1763328K)] 2568708K->759027K(3190784K), 0.0150039 secs] [Times: user=0.36 sys=0.02, real=0.02 secs] 
2021-03-30T19:28:30.513+0200: 945.962: [GC (Allocation Failure) [PSYoungGen: 1763238K->15357K(1704960K)] 2504435K->763894K(3132416K), 0.0099204 secs] [Times: user=0.20 sys=0.00, real=0.01 secs] 
2021-03-30T19:28:33.331+0200: 948.779: [GC (Allocation Failure) [PSYoungGen: 1704957K->18100K(1654784K)] 2453494K->768645K(3082240K), 0.0115398 secs] [Times: user=0.29 sys=0.00, real=0.01 secs] 
2021-03-30T19:28:35.365+0200: 950.814: [GC (Allocation Failure) [PSYoungGen: 1654452K->19652K(1605632K)] 2404997K->770197K(3033088K), 0.0081237 secs] [Times: user=0.19 sys=0.00, real=0.01 secs] 
2021-03-30T19:28:37.853+0200: 953.301: [GC (Allocation Failure) [PSYoungGen: 1605316K->22580K(1560064K)] 2355861K->774237K(2987520K), 0.0168113 secs] [Times: user=0.42 sys=0.01, real=0.02 secs] 
2021-03-30T19:28:40.215+0200: 955.664: [GC (Allocation Failure) [PSYoungGen: 1559604K->13821K(1504256K)] 2311261K->776333K(2931712K), 0.0146720 secs] [Times: user=0.37 sys=0.01, real=0.02 secs] 
2021-03-30T19:28:42.091+0200: 957.540: [GC (Allocation Failure) [PSYoungGen: 1504253K->16868K(1462784K)] 2266765K->779900K(2890240K), 0.0147456 secs] [Times: user=0.37 sys=0.00, real=0.01 secs] 
2021-03-30T19:28:44.251+0200: 959.700: [GC (Allocation Failure) [PSYoungGen: 1462756K->21140K(1424384K)] 2225788K->784172K(2851840K), 0.0102668 secs] [Times: user=0.22 sys=0.00, real=0.01 secs] 
2021-03-30T19:28:46.199+0200: 961.647: [GC (Allocation Failure) [PSYoungGen: 1424020K->19501K(1381888K)] 2187052K->783128K(2809344K), 0.0115738 secs] [Times: user=0.24 sys=0.00, real=0.02 secs] 
2021-03-30T19:28:48.308+0200: 963.757: [GC (Allocation Failure) [PSYoungGen: 1381421K->15357K(1337856K)] 2145048K->794670K(2765312K), 0.0170672 secs] [Times: user=0.39 sys=0.04, real=0.01 secs] 
2021-03-30T19:28:48.903+0200: 964.352: [GC (Allocation Failure) [PSYoungGen: 1337853K->18045K(1303040K)] 2117166K->799488K(2730496K), 0.0099813 secs] [Times: user=0.18 sys=0.02, real=0.01 secs] 
2021-03-30T19:28:51.088+0200: 966.536: [GC (Allocation Failure) [PSYoungGen: 1302653K->21335K(1269760K)] 2084096K->802777K(2697216K), 0.0073045 secs] [Times: user=0.12 sys=0.00, real=0.00 secs] 
2021-03-30T19:28:53.056+0200: 968.504: [GC (Allocation Failure) [PSYoungGen: 1269591K->21341K(1234944K)] 2051033K->803806K(2662400K), 0.0087208 secs] [Times: user=0.16 sys=0.01, real=0.01 secs] 
2021-03-30T19:28:54.893+0200: 970.341: [GC (Allocation Failure) [PSYoungGen: 1234781K->16886K(1197056K)] 2017246K->804812K(2624512K), 0.0079065 secs] [Times: user=0.16 sys=0.00, real=0.01 secs] 
2021-03-30T19:28:56.300+0200: 971.749: [GC (Allocation Failure) [PSYoungGen: 1197046K->18484K(1167360K)] 1984972K->809051K(2594816K), 0.0082236 secs] [Times: user=0.16 sys=0.00, real=0.01 secs] 
2021-03-30T19:28:58.104+0200: 973.552: [GC (Allocation Failure) [PSYoungGen: 1166900K->20260K(1138176K)] 1957467K->810827K(2565632K), 0.0129967 secs] [Times: user=0.33 sys=0.01, real=0.01 secs] 
2021-03-30T19:29:00.102+0200: 975.551: [GC (Allocation Failure) [PSYoungGen: 1137956K->21421K(1109504K)] 1928523K->813235K(2536960K), 0.0229268 secs] [Times: user=0.56 sys=0.00, real=0.02 secs] 
2021-03-30T19:29:00.478+0200: 975.927: [GC (Allocation Failure) [PSYoungGen: 1109421K->13815K(1205760K)] 1901235K->811958K(2633216K), 0.0171144 secs] [Times: user=0.48 sys=0.00, real=0.02 secs] 
2021-03-30T19:29:03.013+0200: 978.461: [GC (Allocation Failure) [PSYoungGen: 1205751K->17111K(1312768K)] 2003894K->816806K(2740224K), 0.0161859 secs] [Times: user=0.32 sys=0.00, real=0.02 secs] 
2021-03-30T19:29:04.678+0200: 980.126: [GC (Allocation Failure) [PSYoungGen: 1312471K->19088K(1419264K)] 2112166K->818783K(2846720K), 0.0128962 secs] [Times: user=0.32 sys=0.00, real=0.02 secs] 
2021-03-30T19:29:06.459+0200: 981.907: [GC (Allocation Failure) [PSYoungGen: 1418896K->19360K(1539584K)] 2218591K->820237K(2967040K), 0.0337345 secs] [Times: user=0.95 sys=0.01, real=0.04 secs] 
2021-03-30T19:29:08.176+0200: 983.624: [GC (Allocation Failure) [PSYoungGen: 1539488K->14823K(1658880K)] 2340365K->822551K(3086336K), 0.0152674 secs] [Times: user=0.38 sys=0.02, real=0.02 secs] 
2021-03-30T19:29:10.234+0200: 985.683: [GC (Allocation Failure) [PSYoungGen: 1658855K->18590K(1786368K)] 2466583K->827918K(3213824K), 0.0134229 secs] [Times: user=0.31 sys=0.01, real=0.02 secs] 
2021-03-30T19:29:13.405+0200: 988.854: [GC (Allocation Failure) [PSYoungGen: 1786014K->18932K(1906176K)] 2595342K->829423K(3333632K), 0.0152469 secs] [Times: user=0.35 sys=0.00, real=0.02 secs] 
2021-03-30T19:29:16.559+0200: 992.007: [GC (Allocation Failure) [PSYoungGen: 1906164K->21463K(1846784K)] 2716655K->833655K(3274240K), 0.0227352 secs] [Times: user=0.58 sys=0.01, real=0.03 secs] 
2021-03-30T19:29:18.755+0200: 994.203: [GC (Allocation Failure) [PSYoungGen: 1846743K->11248K(1958400K)] 2658935K->834753K(3385856K), 0.0234130 secs] [Times: user=0.61 sys=0.01, real=0.02 secs] 
2021-03-30T19:29:22.062+0200: 997.510: [GC (Allocation Failure) [PSYoungGen: 1958384K->17319K(1900032K)] 2781889K->842724K(3327488K), 0.0184104 secs] [Times: user=0.47 sys=0.00, real=0.02 secs] 
2021-03-30T19:29:24.122+0200: 999.570: [GC (Allocation Failure) [PSYoungGen: 1899943K->16342K(1837568K)] 2725348K->841748K(3265024K), 0.0142072 secs] [Times: user=0.39 sys=0.00, real=0.01 secs] 
2021-03-30T19:29:26.463+0200: 1001.911: [GC (Allocation Failure) [PSYoungGen: 1837526K->19286K(1781760K)] 2662932K->845720K(3209216K), 0.0163861 secs] [Times: user=0.40 sys=0.00, real=0.02 secs] 
2021-03-30T19:29:28.461+0200: 1003.909: [GC (Allocation Failure) [PSYoungGen: 1781590K->16864K(1722880K)] 2608024K->846929K(3150336K), 0.0160294 secs] [Times: user=0.39 sys=0.01, real=0.01 secs] 
2021-03-30T19:29:30.736+0200: 1006.184: [GC (Allocation Failure) [PSYoungGen: 1722848K->18685K(1671168K)] 2552913K->850403K(3098624K), 0.0239791 secs] [Times: user=0.64 sys=0.00, real=0.03 secs] 
2021-03-30T19:29:32.841+0200: 1008.289: [GC (Allocation Failure) [PSYoungGen: 1670909K->14838K(1615360K)] 2502627K->860115K(3042816K), 0.0182091 secs] [Times: user=0.47 sys=0.00, real=0.01 secs] 
2021-03-30T19:29:36.054+0200: 1011.503: [GC (Allocation Failure) [PSYoungGen: 1615350K->18909K(1570304K)] 2460627K->865295K(2997760K), 0.0108068 secs] [Times: user=0.23 sys=0.01, real=0.01 secs] 
2021-03-30T19:29:38.210+0200: 1013.659: [GC (Allocation Failure) [PSYoungGen: 1570269K->22006K(1526272K)] 2416655K->868936K(2953728K), 0.0181952 secs] [Times: user=0.45 sys=0.01, real=0.02 secs] 
2021-03-30T19:29:40.148+0200: 1015.596: [GC (Allocation Failure) [PSYoungGen: 1526262K->22733K(1482240K)] 2373192K->870831K(2909696K), 0.0148270 secs] [Times: user=0.35 sys=0.00, real=0.01 secs] 
2021-03-30T19:29:42.670+0200: 1018.119: [GC (Allocation Failure) [PSYoungGen: 1481933K->9725K(1425408K)] 2330031K->872379K(2852864K), 0.0209918 secs] [Times: user=0.60 sys=0.00, real=0.02 secs] 
2021-03-30T19:29:44.285+0200: 1019.733: [GC (Allocation Failure) [PSYoungGen: 1425405K->14198K(1388544K)] 2288059K->877924K(2816000K), 0.0085750 secs] [Times: user=0.20 sys=0.00, real=0.01 secs] 
2021-03-30T19:29:46.222+0200: 1021.670: [GC (Allocation Failure) [PSYoungGen: 1388406K->16176K(1350656K)] 2252132K->879901K(2778112K), 0.0176753 secs] [Times: user=0.48 sys=0.00, real=0.02 secs] 
2021-03-30T19:29:48.067+0200: 1023.515: [GC (Allocation Failure) [PSYoungGen: 1350448K->17335K(1313280K)] 2214173K->881695K(2740736K), 0.0131073 secs] [Times: user=0.33 sys=0.00, real=0.02 secs] 
2021-03-30T19:29:49.920+0200: 1025.369: [GC (Allocation Failure) [PSYoungGen: 1313207K->23302K(1282560K)] 2177567K->888675K(2710016K), 0.0152046 secs] [Times: user=0.45 sys=0.01, real=0.01 secs] 
2021-03-30T19:29:50.484+0200: 1025.933: [GC (Allocation Failure) [PSYoungGen: 1282310K->17197K(1397760K)] 2147683K->883427K(2825216K), 0.0279614 secs] [Times: user=0.85 sys=0.00, real=0.03 secs] 
2021-03-30T19:29:52.424+0200: 1027.873: [GC (Allocation Failure) [PSYoungGen: 1397549K->16880K(1516032K)] 2263779K->884837K(2943488K), 0.0078358 secs] [Times: user=0.17 sys=0.01, real=0.01 secs] 
2021-03-30T19:29:55.653+0200: 1031.101: [GC (Allocation Failure) [PSYoungGen: 1516016K->20326K(1632256K)] 2383973K->889324K(3059712K), 0.0097099 secs] [Times: user=0.23 sys=0.00, real=0.01 secs] 
2021-03-30T19:29:57.790+0200: 1033.239: [GC (Allocation Failure) [PSYoungGen: 1632102K->18400K(1741824K)] 2501100K->889509K(3169280K), 0.0128196 secs] [Times: user=0.33 sys=0.00, real=0.01 secs] 
2021-03-30T19:30:00.320+0200: 1035.768: [GC (Allocation Failure) [PSYoungGen: 1741792K->19990K(1689088K)] 2612901K->892247K(3116544K), 0.0107974 secs] [Times: user=0.26 sys=0.00, real=0.01 secs] 
2021-03-30T19:30:02.483+0200: 1037.932: [GC (Allocation Failure) [PSYoungGen: 1688598K->14822K(1793536K)] 2560855K->895780K(3220992K), 0.0251414 secs] [Times: user=0.64 sys=0.02, real=0.03 secs] 
2021-03-30T19:30:04.597+0200: 1040.046: [GC (Allocation Failure) [PSYoungGen: 1793510K->16662K(1738752K)] 2674468K->899824K(3166208K), 0.0111088 secs] [Times: user=0.24 sys=0.01, real=0.02 secs] 
2021-03-30T19:30:07.170+0200: 1042.618: [GC (Allocation Failure) [PSYoungGen: 1738518K->20039K(1687552K)] 2621680K->903200K(3115008K), 0.0134870 secs] [Times: user=0.35 sys=0.01, real=0.01 secs] 
2021-03-30T19:30:08.970+0200: 1044.419: [GC (Allocation Failure) [PSYoungGen: 1687111K->26103K(1640960K)] 2570272K->912713K(3068416K), 0.0180402 secs] [Times: user=0.47 sys=0.00, real=0.02 secs] 
2021-03-30T19:30:11.112+0200: 1046.561: [GC (Allocation Failure) [PSYoungGen: 1640951K->6116K(1729536K)] 2527561K->907293K(3156992K), 0.0299852 secs] [Times: user=0.88 sys=0.01, real=0.03 secs] 
2021-03-30T19:30:14.258+0200: 1049.707: [GC (Allocation Failure) [PSYoungGen: 1729508K->15607K(1684480K)] 2630685K->917843K(3111936K), 0.0212953 secs] [Times: user=0.51 sys=0.00, real=0.03 secs] 
2021-03-30T19:30:16.394+0200: 1051.842: [GC (Allocation Failure) [PSYoungGen: 1684215K->13376K(1630208K)] 2586451K->915612K(3057664K), 0.0128526 secs] [Times: user=0.29 sys=0.00, real=0.01 secs] 
2021-03-30T19:30:19.483+0200: 1054.931: [GC (Allocation Failure) [PSYoungGen: 1629760K->14662K(1581056K)] 2531996K->916899K(3008512K), 0.0181261 secs] [Times: user=0.45 sys=0.01, real=0.02 secs] 
2021-03-30T19:30:21.378+0200: 1056.826: [GC (Allocation Failure) [PSYoungGen: 1580870K->16173K(1689088K)] 2483107K->918790K(3116544K), 0.0309728 secs] [Times: user=0.88 sys=0.00, real=0.04 secs] 
2021-03-30T19:30:24.103+0200: 1059.551: [GC (Allocation Failure) [PSYoungGen: 1688877K->20135K(1640960K)] 2591494K->923175K(3068416K), 0.0189019 secs] [Times: user=0.48 sys=0.01, real=0.02 secs] 
2021-03-30T19:30:26.154+0200: 1061.602: [GC (Allocation Failure) [PSYoungGen: 1640615K->18422K(1588736K)] 2543655K->921954K(3016192K), 0.0104715 secs] [Times: user=0.21 sys=0.01, real=0.01 secs] 
2021-03-30T19:30:28.255+0200: 1063.703: [GC (Allocation Failure) [PSYoungGen: 1588726K->22646K(1545216K)] 2492258K->926766K(2972672K), 0.0174624 secs] [Times: user=0.44 sys=0.01, real=0.02 secs] 
2021-03-30T19:30:29.773+0200: 1065.221: [GC (Allocation Failure) [PSYoungGen: 1544822K->13302K(1489408K)] 2448942K->934160K(2916864K), 0.0172401 secs] [Times: user=0.36 sys=0.00, real=0.02 secs] 
2021-03-30T19:30:30.745+0200: 1066.193: [GC (Allocation Failure) [PSYoungGen: 1489398K->17428K(1594880K)] 2410256K->939162K(3022336K), 0.0125330 secs] [Times: user=0.32 sys=0.00, real=0.01 secs] 
2021-03-30T19:30:34.221+0200: 1069.670: [GC (Allocation Failure) [PSYoungGen: 1594388K->21206K(1550336K)] 2516122K->942940K(2977792K), 0.0187616 secs] [Times: user=0.52 sys=0.00, real=0.02 secs] 
2021-03-30T19:30:36.164+0200: 1071.613: [GC (Allocation Failure) [PSYoungGen: 1550038K->21014K(1504256K)] 2471772K->943736K(2931712K), 0.0100088 secs] [Times: user=0.23 sys=0.00, real=0.01 secs] 
2021-03-30T19:30:38.230+0200: 1073.678: [GC (Allocation Failure) [PSYoungGen: 1503766K->16877K(1455104K)] 2426488K->943279K(2882560K), 0.0080370 secs] [Times: user=0.19 sys=0.00, real=0.00 secs] 
2021-03-30T19:30:40.440+0200: 1075.888: [GC (Allocation Failure) [PSYoungGen: 1455085K->21085K(1417216K)] 2381487K->948231K(2844672K), 0.0173508 secs] [Times: user=0.45 sys=0.01, real=0.01 secs] 
2021-03-30T19:30:42.405+0200: 1077.853: [GC (Allocation Failure) [PSYoungGen: 1415951K->19447K(1374208K)] 2343097K->949325K(2801664K), 0.0074056 secs] [Times: user=0.16 sys=0.00, real=0.01 secs] 
2021-03-30T19:30:44.302+0200: 1079.750: [GC (Allocation Failure) [PSYoungGen: 1374199K->20390K(1336320K)] 2304077K->953178K(2763776K), 0.0128321 secs] [Times: user=0.27 sys=0.00, real=0.01 secs] 
2021-03-30T19:30:46.195+0200: 1081.644: [GC (Allocation Failure) [PSYoungGen: 1336230K->15862K(1294336K)] 2269018K->952392K(2721792K), 0.0127078 secs] [Times: user=0.32 sys=0.02, real=0.02 secs] 
2021-03-30T19:30:48.038+0200: 1083.487: [GC (Allocation Failure) [PSYoungGen: 1294326K->18374K(1261056K)] 2230856K->956737K(2688512K), 0.0159156 secs] [Times: user=0.38 sys=0.00, real=0.02 secs] 
2021-03-30T19:30:48.775+0200: 1084.223: [GC (Allocation Failure) [PSYoungGen: 1260998K->18978K(1353216K)] 2199361K->957341K(2780672K), 0.0169197 secs] [Times: user=0.45 sys=0.01, real=0.02 secs] 
2021-03-30T19:30:50.500+0200: 1085.948: [GC (Allocation Failure) [PSYoungGen: 1352738K->20493K(1443328K)] 2291101K->959820K(2870784K), 0.0088221 secs] [Times: user=0.18 sys=0.01, real=0.01 secs] 
2021-03-30T19:30:52.831+0200: 1088.280: [GC (Allocation Failure) [PSYoungGen: 1442829K->12260K(1392640K)] 2382156K->960684K(2820096K), 0.0091842 secs] [Times: user=0.22 sys=0.01, real=0.01 secs] 
2021-03-30T19:30:55.488+0200: 1090.937: [GC (Allocation Failure) [PSYoungGen: 1392612K->18942K(1359360K)] 2341036K->969062K(2786816K), 0.0108352 secs] [Times: user=0.29 sys=0.00, real=0.00 secs] 
2021-03-30T19:30:57.437+0200: 1092.885: [GC (Allocation Failure) [PSYoungGen: 1359358K->16557K(1318912K)] 2309478K->966678K(2746368K), 0.0102766 secs] [Times: user=0.23 sys=0.00, real=0.01 secs] 
2021-03-30T19:30:59.324+0200: 1094.773: [GC (Allocation Failure) [PSYoungGen: 1318573K->18109K(1283584K)] 2268694K->968792K(2711040K), 0.0153142 secs] [Times: user=0.41 sys=0.01, real=0.02 secs] 
2021-03-30T19:31:00.832+0200: 1096.280: [GC (Allocation Failure) [PSYoungGen: 1283261K->16352K(1366528K)] 2233944K->970136K(2793984K), 0.0263409 secs] [Times: user=0.73 sys=0.00, real=0.02 secs] 
2021-03-30T19:31:03.029+0200: 1098.477: [GC (Allocation Failure) [PSYoungGen: 1366496K->17264K(1328640K)] 2320280K->973352K(2756096K), 0.0101059 secs] [Times: user=0.24 sys=0.00, real=0.00 secs] 
2021-03-30T19:31:04.789+0200: 1100.237: [GC (Allocation Failure) [PSYoungGen: 1328496K->15846K(1289728K)] 2284584K->974771K(2717184K), 0.0138490 secs] [Times: user=0.39 sys=0.00, real=0.01 secs] 
2021-03-30T19:31:06.497+0200: 1101.946: [GC (Allocation Failure) [PSYoungGen: 1289702K->18071K(1379840K)] 2248627K->978739K(2807296K), 0.0259739 secs] [Times: user=0.76 sys=0.00, real=0.03 secs] 
2021-03-30T19:31:08.182+0200: 1103.630: [GC (Allocation Failure) [PSYoungGen: 1379479K->14311K(1468416K)] 2340147K->979840K(2895872K), 0.0155560 secs] [Times: user=0.41 sys=0.00, real=0.01 secs] 
2021-03-30T19:31:09.610+0200: 1105.058: [GC (Allocation Failure) [PSYoungGen: 1468391K->14175K(1566208K)] 2433920K->981459K(2993664K), 0.0133073 secs] [Times: user=0.36 sys=0.00, real=0.01 secs] 
2021-03-30T19:31:11.674+0200: 1107.122: [GC (Allocation Failure) [PSYoungGen: 1566047K->17652K(1522688K)] 2533331K->984936K(2950144K), 0.0086619 secs] [Times: user=0.17 sys=0.00, real=0.01 secs] 
2021-03-30T19:31:16.183+0200: 1111.631: [GC (Allocation Failure) [PSYoungGen: 1522420K->22893K(1482752K)] 2489704K->990697K(2910208K), 0.0170643 secs] [Times: user=0.40 sys=0.01, real=0.02 secs] 
2021-03-30T19:31:17.895+0200: 1113.344: [GC (Allocation Failure) [PSYoungGen: 1478737K->6653K(1422848K)] 2446541K->988935K(2850304K), 0.0176857 secs] [Times: user=0.48 sys=0.01, real=0.02 secs] 
2021-03-30T19:31:19.340+0200: 1114.789: [GC (Allocation Failure) [PSYoungGen: 1422845K->15705K(1390592K)] 2405127K->998811K(2818048K), 0.0184089 secs] [Times: user=0.46 sys=0.00, real=0.01 secs] 
2021-03-30T19:31:21.022+0200: 1116.470: [GC (Allocation Failure) [PSYoungGen: 1390425K->17490K(1352704K)] 2373531K->1000595K(2780160K), 0.0101467 secs] [Times: user=0.20 sys=0.00, real=0.01 secs] 
2021-03-30T19:31:22.505+0200: 1117.953: [GC (Allocation Failure) [PSYoungGen: 1352274K->19386K(1443328K)] 2335379K->1003355K(2870784K), 0.0195507 secs] [Times: user=0.53 sys=0.00, real=0.02 secs] 
2021-03-30T19:31:24.372+0200: 1119.820: [GC (Allocation Failure) [PSYoungGen: 1443258K->12262K(1394176K)] 2427227K->1003880K(2821632K), 0.0129534 secs] [Times: user=0.28 sys=0.02, real=0.01 secs] 
2021-03-30T19:31:26.481+0200: 1121.929: [GC (Allocation Failure) [PSYoungGen: 1394150K->15703K(1357824K)] 2385768K->1008212K(2785280K), 0.0109367 secs] [Times: user=0.25 sys=0.01, real=0.01 secs] 
2021-03-30T19:31:27.905+0200: 1123.353: [GC (Allocation Failure) [PSYoungGen: 1357655K->16327K(1319936K)] 2350164K->1008836K(2747392K), 0.0164954 secs] [Times: user=0.40 sys=0.00, real=0.02 secs] 
2021-03-30T19:31:29.675+0200: 1125.123: [GC (Allocation Failure) [PSYoungGen: 1319879K->24055K(1423872K)] 2312388K->1020221K(2851328K), 0.0317891 secs] [Times: user=1.01 sys=0.00, real=0.03 secs] 
2021-03-30T19:31:30.577+0200: 1126.025: [GC (Allocation Failure) [PSYoungGen: 1423863K->8173K(1535488K)] 2420029K->1013799K(2962944K), 0.0264442 secs] [Times: user=0.92 sys=0.00, real=0.03 secs] 
2021-03-30T19:31:32.426+0200: 1127.874: [GC (Allocation Failure) [PSYoungGen: 1535469K->11709K(1665024K)] 2541095K->1018395K(3092480K), 0.0108597 secs] [Times: user=0.26 sys=0.00, real=0.01 secs] 
2021-03-30T19:31:35.641+0200: 1131.089: [GC (Allocation Failure) [PSYoungGen: 1664957K->14134K(1788416K)] 2671643K->1020820K(3215872K), 0.0129516 secs] [Times: user=0.37 sys=0.02, real=0.01 secs] 
2021-03-30T19:31:38.083+0200: 1133.532: [GC (Allocation Failure) [PSYoungGen: 1788214K->17438K(1918976K)] 2794900K->1024123K(3346432K), 0.0236216 secs] [Times: user=0.69 sys=0.00, real=0.02 secs] 
2021-03-30T19:31:40.548+0200: 1135.996: [GC (Allocation Failure) [PSYoungGen: 1918494K->18221K(1857024K)] 2925179K->1025291K(3284480K), 0.0136188 secs] [Times: user=0.35 sys=0.01, real=0.01 secs] 
2021-03-30T19:31:44.408+0200: 1139.856: [GC (Allocation Failure) [PSYoungGen: 1856813K->22013K(1800704K)] 2863883K->1029778K(3228160K), 0.0306313 secs] [Times: user=0.87 sys=0.00, real=0.02 secs] 
2021-03-30T19:31:46.064+0200: 1141.512: [GC (Allocation Failure) [PSYoungGen: 1800701K->11238K(1921024K)] 2808466K->1028076K(3348480K), 0.0282324 secs] [Times: user=0.82 sys=0.01, real=0.03 secs] 
2021-03-30T19:31:48.774+0200: 1144.222: [GC (Allocation Failure) [PSYoungGen: 1920998K->16246K(2053120K)] 2937836K->1034599K(3480576K), 0.0126954 secs] [Times: user=0.29 sys=0.00, real=0.01 secs] 
2021-03-30T19:31:50.559+0200: 1146.008: [GC (Allocation Failure) [PSYoungGen: 2051242K->16597K(2207232K)] 3069595K->1034949K(3634688K), 0.0311975 secs] [Times: user=0.82 sys=0.00, real=0.03 secs] 
2021-03-30T19:31:54.424+0200: 1149.873: [GC (Allocation Failure) [PSYoungGen: 2206933K->20148K(2356224K)] 3225285K->1039013K(3783680K), 0.0131344 secs] [Times: user=0.34 sys=0.01, real=0.01 secs] 
2021-03-30T19:31:58.077+0200: 1153.525: [GC (Allocation Failure) [PSYoungGen: 2355892K->14324K(2268160K)] 3374757K->1050022K(3695616K), 0.0166693 secs] [Times: user=0.40 sys=0.02, real=0.02 secs] 
2021-03-30T19:32:00.467+0200: 1155.916: [GC (Allocation Failure) [PSYoungGen: 2268148K->18701K(2194432K)] 3303846K->1055547K(3621888K), 0.0292500 secs] [Times: user=0.86 sys=0.01, real=0.02 secs] 
2021-03-30T19:32:04.133+0200: 1159.582: [GC (Allocation Failure) [PSYoungGen: 2194189K->22957K(2123776K)] 3231035K->1059803K(3551232K), 0.0162601 secs] [Times: user=0.46 sys=0.00, real=0.02 secs] 
2021-03-30T19:32:06.510+0200: 1161.959: [GC (Allocation Failure) [PSYoungGen: 2123693K->23981K(2053632K)] 3160539K->1061243K(3481088K), 0.0085197 secs] [Times: user=0.17 sys=0.00, real=0.00 secs] 
2021-03-30T19:32:08.804+0200: 1164.253: [GC (Allocation Failure) [PSYoungGen: 2053549K->11773K(1973248K)] 3090811K->1062399K(3400704K), 0.0211055 secs] [Times: user=0.58 sys=0.01, real=0.02 secs] 
2021-03-30T19:32:12.834+0200: 1168.282: [GC (Allocation Failure) [PSYoungGen: 1973245K->16669K(1913344K)] 3023871K->1068717K(3340800K), 0.0224208 secs] [Times: user=0.61 sys=0.00, real=0.02 secs] 
2021-03-30T19:32:15.930+0200: 1171.378: [GC (Allocation Failure) [PSYoungGen: 1913117K->18742K(1852928K)] 2965165K->1070790K(3280384K), 0.0166211 secs] [Times: user=0.44 sys=0.00, real=0.01 secs] 
2021-03-30T19:32:17.628+0200: 1173.076: [GC (Allocation Failure) [PSYoungGen: 1852726K->19846K(1794560K)] 2904774K->1072718K(3222016K), 0.0147056 secs] [Times: user=0.36 sys=0.00, real=0.01 secs] 
2021-03-30T19:32:20.144+0200: 1175.592: [GC (Allocation Failure) [PSYoungGen: 1794438K->20989K(1738752K)] 2847310K->1076026K(3166208K), 0.0100894 secs] [Times: user=0.22 sys=0.00, real=0.01 secs] 
2021-03-30T19:32:21.990+0200: 1177.439: [GC (Allocation Failure) [PSYoungGen: 1738749K->19958K(1683456K)] 2793786K->1076819K(3110912K), 0.0096479 secs] [Times: user=0.24 sys=0.02, real=0.01 secs] 
2021-03-30T19:32:24.234+0200: 1179.683: [GC (Allocation Failure) [PSYoungGen: 1683446K->17901K(1629184K)] 2740307K->1078866K(3056640K), 0.0152759 secs] [Times: user=0.39 sys=0.01, real=0.02 secs] 
2021-03-30T19:32:26.332+0200: 1181.781: [GC (Allocation Failure) [PSYoungGen: 1629165K->22253K(1584128K)] 2690130K->1084430K(3011584K), 0.0081331 secs] [Times: user=0.15 sys=0.00, real=0.01 secs] 
2021-03-30T19:32:28.183+0200: 1183.631: [GC (Allocation Failure) [PSYoungGen: 1583853K->16381K(1530368K)] 2646030K->1084975K(2957824K), 0.0092899 secs] [Times: user=0.22 sys=0.01, real=0.01 secs] 
2021-03-30T19:32:29.749+0200: 1185.197: [GC (Allocation Failure) [PSYoungGen: 1530365K->17798K(1486336K)] 2598959K->1087943K(2913792K), 0.0166760 secs] [Times: user=0.41 sys=0.01, real=0.01 secs] 
2021-03-30T19:32:30.455+0200: 1185.904: [GC (Allocation Failure) [PSYoungGen: 1486214K->19389K(1593856K)] 2556359K->1089534K(3021312K), 0.0160833 secs] [Times: user=0.44 sys=0.00, real=0.02 secs] 
2021-03-30T19:32:33.015+0200: 1188.464: [GC (Allocation Failure) [PSYoungGen: 1593789K->20598K(1702400K)] 2663934K->1092189K(3129856K), 0.0180220 secs] [Times: user=0.44 sys=0.01, real=0.02 secs] 
2021-03-30T19:32:35.507+0200: 1190.955: [GC (Allocation Failure) [PSYoungGen: 1702006K->15357K(1644032K)] 2773597K->1092668K(3071488K), 0.0144307 secs] [Times: user=0.37 sys=0.01, real=0.02 secs] 
2021-03-30T19:32:38.101+0200: 1193.550: [GC (Allocation Failure) [PSYoungGen: 1644029K->19431K(1597440K)] 2721340K->1098222K(3024896K), 0.0092212 secs] [Times: user=0.17 sys=0.00, real=0.01 secs] 
2021-03-30T19:32:40.124+0200: 1195.573: [GC (Allocation Failure) [PSYoungGen: 1597415K->18934K(1548288K)] 2676206K->1098862K(2975744K), 0.0085884 secs] [Times: user=0.17 sys=0.02, real=0.01 secs] 
2021-03-30T19:32:42.180+0200: 1197.628: [GC (Allocation Failure) [PSYoungGen: 1547910K->18647K(1501696K)] 2627837K->1101900K(2929152K), 0.0125376 secs] [Times: user=0.29 sys=0.01, real=0.01 secs] 
2021-03-30T19:32:44.186+0200: 1199.635: [GC (Allocation Failure) [PSYoungGen: 1501399K->13808K(1452032K)] 2584652K->1103739K(2879488K), 0.0184365 secs] [Times: user=0.48 sys=0.01, real=0.02 secs] 
2021-03-30T19:32:46.189+0200: 1201.637: [GC (Allocation Failure) [PSYoungGen: 1452016K->16311K(1412096K)] 2541947K->1108431K(2839552K), 0.0111647 secs] [Times: user=0.25 sys=0.01, real=0.01 secs] 
2021-03-30T19:32:47.076+0200: 1202.524: [GC (Allocation Failure) [PSYoungGen: 1412023K->16982K(1372160K)] 2504143K->1109103K(2799616K), 0.0113759 secs] [Times: user=0.28 sys=0.00, real=0.02 secs] 
2021-03-30T19:32:48.559+0200: 1204.007: [GC (Allocation Failure) [PSYoungGen: 1371734K->17600K(1333760K)] 2463855K->1111198K(2761216K), 0.0153355 secs] [Times: user=0.39 sys=0.00, real=0.02 secs] 
2021-03-30T19:32:50.551+0200: 1206.000: [GC (Allocation Failure) [PSYoungGen: 1333440K->15348K(1293824K)] 2427038K->1111502K(2721280K), 0.0208005 secs] [Times: user=0.53 sys=0.01, real=0.02 secs] 
2021-03-30T19:32:52.145+0200: 1207.594: [GC (Allocation Failure) [PSYoungGen: 1293812K->16327K(1259008K)] 2389966K->1113861K(2686464K), 0.0097393 secs] [Times: user=0.20 sys=0.00, real=0.01 secs] 
2021-03-30T19:32:54.072+0200: 1209.520: [GC (Allocation Failure) [PSYoungGen: 1258951K->16893K(1225216K)] 2356485K->1114428K(2652672K), 0.0127843 secs] [Times: user=0.31 sys=0.01, real=0.01 secs] 
2021-03-30T19:32:56.204+0200: 1211.652: [GC (Allocation Failure) [PSYoungGen: 1225213K->19741K(1195008K)] 2322748K->1118449K(2622464K), 0.0137948 secs] [Times: user=0.32 sys=0.01, real=0.01 secs] 
2021-03-30T19:32:57.927+0200: 1213.375: [GC (Allocation Failure) [PSYoungGen: 1194781K->12797K(1156096K)] 2293489K->1117461K(2583552K), 0.0255103 secs] [Times: user=0.77 sys=0.01, real=0.03 secs] 
2021-03-30T19:33:00.012+0200: 1215.460: [GC (Allocation Failure) [PSYoungGen: 1156093K->14438K(1127424K)] 2260757K->1120565K(2554880K), 0.0130836 secs] [Times: user=0.30 sys=0.01, real=0.01 secs] 
2021-03-30T19:33:00.921+0200: 1216.369: [GC (Allocation Failure) [PSYoungGen: 1127014K->15702K(1205248K)] 2233141K->1121829K(2632704K), 0.0130005 secs] [Times: user=0.32 sys=0.00, real=0.01 secs] 
2021-03-30T19:33:02.317+0200: 1217.766: [GC (Allocation Failure) [PSYoungGen: 1203356K->17511K(1175040K)] 2309483K->1124462K(2602496K), 0.0094619 secs] [Times: user=0.17 sys=0.00, real=0.01 secs] 
2021-03-30T19:33:03.330+0200: 1218.778: [GC (Allocation Failure) [PSYoungGen: 1174631K->14838K(1257984K)] 2281582K->1123882K(2685440K), 0.0174725 secs] [Times: user=0.40 sys=0.00, real=0.01 secs] 
2021-03-30T19:33:04.415+0200: 1219.863: [GC (Allocation Failure) [PSYoungGen: 1257974K->15446K(1372672K)] 2367018K->1125670K(2800128K), 0.0331926 secs] [Times: user=1.11 sys=0.00, real=0.04 secs] 
2021-03-30T19:33:06.204+0200: 1221.652: [GC (Allocation Failure) [PSYoungGen: 1372246K->15862K(1492480K)] 2482470K->1127286K(2919936K), 0.0214381 secs] [Times: user=0.55 sys=0.00, real=0.02 secs] 
2021-03-30T19:33:08.111+0200: 1223.559: [GC (Allocation Failure) [PSYoungGen: 1492470K->16566K(1614336K)] 2603894K->1130330K(3041792K), 0.0144378 secs] [Times: user=0.40 sys=0.01, real=0.01 secs] 
2021-03-30T19:33:11.419+0200: 1226.867: [GC (Allocation Failure) [PSYoungGen: 1612651K->12782K(1735168K)] 2726415K->1131446K(3162624K), 0.0305185 secs] [Times: user=0.90 sys=0.00, real=0.04 secs] 
2021-03-30T19:33:13.672+0200: 1229.121: [GC (Allocation Failure) [PSYoungGen: 1735150K->15741K(1861632K)] 2853814K->1135270K(3289088K), 0.0133042 secs] [Times: user=0.36 sys=0.01, real=0.01 secs] 
2021-03-30T19:33:16.659+0200: 1232.107: [GC (Allocation Failure) [PSYoungGen: 1857787K->15870K(1801728K)] 2977315K->1138874K(3229184K), 0.0155421 secs] [Times: user=0.36 sys=0.00, real=0.02 secs] 
2021-03-30T19:33:18.462+0200: 1233.911: [GC (Allocation Failure) [PSYoungGen: 1801726K->17015K(1745920K)] 2924730K->1141542K(3173376K), 0.0081822 secs] [Times: user=0.15 sys=0.00, real=0.01 secs] 
2021-03-30T19:33:20.773+0200: 1236.222: [GC (Allocation Failure) [PSYoungGen: 1744532K->11254K(1684992K)] 2869060K->1143075K(3112448K), 0.0092898 secs] [Times: user=0.22 sys=0.00, real=0.01 secs] 
2021-03-30T19:33:23.450+0200: 1238.898: [GC (Allocation Failure) [PSYoungGen: 1684982K->20087K(1641472K)] 2816803K->1153468K(3068928K), 0.0118458 secs] [Times: user=0.32 sys=0.00, real=0.01 secs] 
2021-03-30T19:33:24.495+0200: 1239.944: [GC (Allocation Failure) [PSYoungGen: 1641079K->12768K(1749504K)] 2774460K->1154277K(3176960K), 0.0240444 secs] [Times: user=0.60 sys=0.00, real=0.03 secs] 
2021-03-30T19:33:27.873+0200: 1243.321: [GC (Allocation Failure) [PSYoungGen: 1749472K->17046K(1698816K)] 2890981K->1159644K(3126272K), 0.0128979 secs] [Times: user=0.31 sys=0.00, real=0.01 secs] 
2021-03-30T19:33:30.035+0200: 1245.483: [GC (Allocation Failure) [PSYoungGen: 1698454K->16374K(1645056K)] 2841052K->1163644K(3072512K), 0.0109135 secs] [Times: user=0.22 sys=0.01, real=0.01 secs] 
2021-03-30T19:33:31.198+0200: 1246.646: [GC (Allocation Failure) [PSYoungGen: 1645046K->23524K(1601536K)] 2792316K->1175725K(3028992K), 0.0085290 secs] [Times: user=0.15 sys=0.02, real=0.01 secs] 
2021-03-30T19:33:34.094+0200: 1249.542: [GC (Allocation Failure) [PSYoungGen: 1601508K->7677K(1537024K)] 2753709K->1176422K(2964480K), 0.0164131 secs] [Times: user=0.39 sys=0.01, real=0.02 secs] 
2021-03-30T19:33:36.175+0200: 1251.623: [GC (Allocation Failure) [PSYoungGen: 1537021K->10854K(1494016K)] 2705766K->1180643K(2921472K), 0.0165866 secs] [Times: user=0.41 sys=0.01, real=0.02 secs] 
2021-03-30T19:33:38.404+0200: 1253.852: [GC (Allocation Failure) [PSYoungGen: 1493606K->15821K(1454080K)] 2663395K->1185609K(2881536K), 0.0119589 secs] [Times: user=0.28 sys=0.01, real=0.01 secs] 
2021-03-30T19:33:40.247+0200: 1255.696: [GC (Allocation Failure) [PSYoungGen: 1454029K->16468K(1412608K)] 2623817K->1186256K(2840064K), 0.0169930 secs] [Times: user=0.42 sys=0.00, real=0.01 secs] 
2021-03-30T19:33:42.408+0200: 1257.857: [GC (Allocation Failure) [PSYoungGen: 1412180K->18029K(1373184K)] 2581968K->1187818K(2800640K), 0.0283951 secs] [Times: user=0.77 sys=0.00, real=0.02 secs] 
2021-03-30T19:33:44.602+0200: 1260.050: [GC (Allocation Failure) [PSYoungGen: 1372781K->19734K(1335808K)] 2542570K->1190324K(2763264K), 0.0242586 secs] [Times: user=0.68 sys=0.00, real=0.02 secs] 
2021-03-30T19:33:46.079+0200: 1261.528: [GC (Allocation Failure) [PSYoungGen: 1335574K->15335K(1293824K)] 2506164K->1191328K(2721280K), 0.0097311 secs] [Times: user=0.20 sys=0.01, real=0.01 secs] 
2021-03-30T19:33:47.955+0200: 1263.403: [GC (Allocation Failure) [PSYoungGen: 1293799K->15783K(1258496K)] 2469792K->1193033K(2685952K), 0.0100252 secs] [Times: user=0.20 sys=0.01, real=0.01 secs] 
2021-03-30T19:33:48.593+0200: 1264.042: [GC (Allocation Failure) [PSYoungGen: 1258407K->18560K(1379328K)] 2435657K->1195810K(2806784K), 0.0290761 secs] [Times: user=0.82 sys=0.00, real=0.03 secs] 
2021-03-30T19:33:50.973+0200: 1266.422: [GC (Allocation Failure) [PSYoungGen: 1378944K->19540K(1499648K)] 2556194K->1197274K(2927104K), 0.0192505 secs] [Times: user=0.40 sys=0.00, real=0.02 secs] 
2021-03-30T19:33:53.005+0200: 1268.453: [GC (Allocation Failure) [PSYoungGen: 1499220K->12784K(1610752K)] 2676954K->1198824K(3038208K), 0.0126923 secs] [Times: user=0.31 sys=0.00, real=0.01 secs] 
2021-03-30T19:33:54.853+0200: 1270.302: [GC (Allocation Failure) [PSYoungGen: 1610736K->15645K(1732608K)] 2796776K->1202786K(3160064K), 0.0128947 secs] [Times: user=0.28 sys=0.00, real=0.01 secs] 
2021-03-30T19:33:58.033+0200: 1273.481: [GC (Allocation Failure) [PSYoungGen: 1732381K->23021K(1685504K)] 2919522K->1214615K(3112960K), 0.0130433 secs] [Times: user=0.31 sys=0.00, real=0.01 secs] 
2021-03-30T19:33:59.969+0200: 1275.417: [GC (Allocation Failure) [PSYoungGen: 1685485K->18368K(1628672K)] 2877079K->1211499K(3056128K), 0.0152967 secs] [Times: user=0.37 sys=0.00, real=0.01 secs] 
2021-03-30T19:34:02.493+0200: 1277.941: [GC (Allocation Failure) [PSYoungGen: 1628608K->15350K(1575936K)] 2821739K->1215267K(3003392K), 0.0127375 secs] [Times: user=0.30 sys=0.00, real=0.01 secs] 
2021-03-30T19:34:05.442+0200: 1280.890: [GC (Allocation Failure) [PSYoungGen: 1575926K->17494K(1530880K)] 2775843K->1220126K(2958336K), 0.0233389 secs] [Times: user=0.65 sys=0.00, real=0.02 secs] 
2021-03-30T19:34:07.462+0200: 1282.911: [GC (Allocation Failure) [PSYoungGen: 1530454K->19558K(1487360K)] 2733086K->1222190K(2914816K), 0.0173383 secs] [Times: user=0.47 sys=0.00, real=0.02 secs] 
2021-03-30T19:34:09.669+0200: 1285.117: [GC (Allocation Failure) [PSYoungGen: 1486950K->24119K(1448448K)] 2689582K->1228027K(2875904K), 0.0109316 secs] [Times: user=0.20 sys=0.00, real=0.01 secs] 
2021-03-30T19:34:11.122+0200: 1286.570: [GC (Allocation Failure) [PSYoungGen: 1447991K->9213K(1391104K)] 2651899K->1230438K(2818560K), 0.0133014 secs] [Times: user=0.34 sys=0.00, real=0.01 secs] 
2021-03-30T19:34:12.766+0200: 1288.214: [GC (Allocation Failure) [PSYoungGen: 1391101K->15396K(1357824K)] 2612326K->1237990K(2785280K), 0.0116251 secs] [Times: user=0.27 sys=0.00, real=0.01 secs] 
2021-03-30T19:34:15.451+0200: 1290.900: [GC (Allocation Failure) [PSYoungGen: 1357348K->18148K(1321984K)] 2579942K->1240742K(2749440K), 0.0195275 secs] [Times: user=0.44 sys=0.00, real=0.02 secs] 
2021-03-30T19:34:16.838+0200: 1292.286: [GC (Allocation Failure) [PSYoungGen: 1321700K->27494K(1294336K)] 2544294K->1250768K(2721792K), 0.0196711 secs] [Times: user=0.42 sys=0.00, real=0.02 secs] 
2021-03-30T19:34:18.383+0200: 1293.831: [GC (Allocation Failure) [PSYoungGen: 1294182K->11764K(1364992K)] 2517456K->1244145K(2792448K), 0.0186756 secs] [Times: user=0.53 sys=0.02, real=0.02 secs] 
2021-03-30T19:34:20.079+0200: 1295.528: [GC (Allocation Failure) [PSYoungGen: 1364980K->15181K(1329664K)] 2597361K->1248569K(2757120K), 0.0113065 secs] [Times: user=0.28 sys=0.01, real=0.01 secs] 
2021-03-30T19:34:21.762+0200: 1297.211: [GC (Allocation Failure) [PSYoungGen: 1329485K->15133K(1421824K)] 2562873K->1248521K(2849280K), 0.0239232 secs] [Times: user=0.76 sys=0.00, real=0.02 secs] 
2021-03-30T19:34:22.832+0200: 1298.281: [GC (Allocation Failure) [PSYoungGen: 1421597K->17901K(1527808K)] 2654985K->1252109K(2955264K), 0.0146121 secs] [Times: user=0.35 sys=0.01, real=0.01 secs] 
2021-03-30T19:34:25.960+0200: 1301.408: [GC (Allocation Failure) [PSYoungGen: 1527789K->18653K(1483264K)] 2761997K->1253805K(2910720K), 0.0150143 secs] [Times: user=0.32 sys=0.00, real=0.01 secs] 
2021-03-30T19:34:26.696+0200: 1302.145: [GC (Allocation Failure) [PSYoungGen: 1482973K->18333K(1587712K)] 2718125K->1254528K(3015168K), 0.0107878 secs] [Times: user=0.25 sys=0.00, real=0.01 secs] 
2021-03-30T19:34:28.605+0200: 1304.054: [GC (Allocation Failure) [PSYoungGen: 1587613K->19437K(1701376K)] 2823808K->1256460K(3128832K), 0.0205755 secs] [Times: user=0.65 sys=0.00, real=0.02 secs] 
2021-03-30T19:34:32.078+0200: 1307.526: [GC (Allocation Failure) [PSYoungGen: 1701357K->20027K(1649664K)] 2938380K->1258498K(3077120K), 0.0152283 secs] [Times: user=0.38 sys=0.01, real=0.02 secs] 
2021-03-30T19:34:35.821+0200: 1311.269: [GC (Allocation Failure) [PSYoungGen: 1649211K->14820K(1593344K)] 2887682K->1262904K(3020800K), 0.0169093 secs] [Times: user=0.38 sys=0.01, real=0.01 secs] 
2021-03-30T19:34:37.821+0200: 1313.269: [GC (Allocation Failure) [PSYoungGen: 1593316K->18084K(1548288K)] 2841400K->1267220K(2975744K), 0.0090319 secs] [Times: user=0.22 sys=0.00, real=0.01 secs] 
2021-03-30T19:34:39.535+0200: 1314.984: [GC (Allocation Failure) [PSYoungGen: 1547940K->19805K(1503232K)] 2797076K->1268941K(2930688K), 0.0123974 secs] [Times: user=0.27 sys=0.00, real=0.02 secs] 
2021-03-30T19:34:41.529+0200: 1316.977: [GC (Allocation Failure) [PSYoungGen: 1503069K->21069K(1460224K)] 2752205K->1270849K(2887680K), 0.0171840 secs] [Times: user=0.40 sys=0.01, real=0.01 secs] 
2021-03-30T19:34:43.087+0200: 1318.535: [GC (Allocation Failure) [PSYoungGen: 1459789K->12288K(1408512K)] 2709569K->1271821K(2835968K), 0.0131206 secs] [Times: user=0.31 sys=0.00, real=0.02 secs] 
2021-03-30T19:34:44.603+0200: 1320.051: [GC (Allocation Failure) [PSYoungGen: 1408512K->15840K(1371136K)] 2668045K->1277025K(2798592K), 0.0097223 secs] [Times: user=0.21 sys=0.00, real=0.01 secs] 
2021-03-30T19:34:46.233+0200: 1321.682: [GC (Allocation Failure) [PSYoungGen: 1371104K->18230K(1334784K)] 2632289K->1279416K(2762240K), 0.0135948 secs] [Times: user=0.35 sys=0.00, real=0.01 secs] 
2021-03-30T19:34:48.085+0200: 1323.533: [GC (Allocation Failure) [PSYoungGen: 1334582K->16592K(1295872K)] 2595768K->1279011K(2723328K), 0.0218025 secs] [Times: user=0.64 sys=0.00, real=0.02 secs] 
2021-03-30T19:34:50.102+0200: 1325.550: [GC (Allocation Failure) [PSYoungGen: 1295568K->17382K(1260544K)] 2557987K->1292081K(2688000K), 0.0124300 secs] [Times: user=0.30 sys=0.00, real=0.01 secs] 
2021-03-30T19:34:50.874+0200: 1326.323: [GC (Allocation Failure) [PSYoungGen: 1260518K->16342K(1346048K)] 2535217K->1291921K(2773504K), 0.0131791 secs] [Times: user=0.30 sys=0.00, real=0.02 secs] 
2021-03-30T19:34:52.431+0200: 1327.880: [GC (Allocation Failure) [PSYoungGen: 1346006K->18477K(1448448K)] 2621585K->1294056K(2875904K), 0.0236458 secs] [Times: user=0.62 sys=0.00, real=0.02 secs] 
2021-03-30T19:34:55.512+0200: 1330.960: [GC (Allocation Failure) [PSYoungGen: 1447981K->22039K(1548288K)] 2723560K->1298226K(2975744K), 0.0136041 secs] [Times: user=0.33 sys=0.01, real=0.01 secs] 
2021-03-30T19:34:57.765+0200: 1333.214: [GC (Allocation Failure) [PSYoungGen: 1547799K->16372K(1496064K)] 2823986K->1298020K(2923520K), 0.0096880 secs] [Times: user=0.24 sys=0.00, real=0.01 secs] 
2021-03-30T19:35:00.219+0200: 1335.668: [GC (Allocation Failure) [PSYoungGen: 1496052K->19709K(1455616K)] 2777700K->1303100K(2883072K), 0.0114196 secs] [Times: user=0.24 sys=0.00, real=0.01 secs] 
2021-03-30T19:35:02.115+0200: 1337.563: [GC (Allocation Failure) [PSYoungGen: 1455357K->18765K(1412096K)] 2738748K->1302156K(2839552K), 0.0139557 secs] [Times: user=0.35 sys=0.02, real=0.02 secs] 
2021-03-30T19:35:04.207+0200: 1339.655: [GC (Allocation Failure) [PSYoungGen: 1411917K->21974K(1374720K)] 2695308K->1306991K(2802176K), 0.0301329 secs] [Times: user=0.88 sys=0.00, real=0.03 secs] 
2021-03-30T19:35:05.243+0200: 1340.692: [GC (Allocation Failure) [PSYoungGen: 1374678K->13821K(1464832K)] 2659695K->1307189K(2892288K), 0.0161601 secs] [Times: user=0.38 sys=0.02, real=0.02 secs] 
2021-03-30T19:35:08.335+0200: 1343.784: [GC (Allocation Failure) [PSYoungGen: 1464829K->27117K(1435136K)] 2758197K->1322209K(2862592K), 0.0080552 secs] [Times: user=0.17 sys=0.00, real=0.01 secs] 
2021-03-30T19:35:08.826+0200: 1344.274: [GC (Allocation Failure) [PSYoungGen: 1435117K->13805K(1523200K)] 2730209K->1313037K(2950656K), 0.0080622 secs] [Times: user=0.14 sys=0.00, real=0.01 secs] 
2021-03-30T19:35:11.284+0200: 1346.733: [GC (Allocation Failure) [PSYoungGen: 1523181K->16756K(1480704K)] 2822413K->1317160K(2908160K), 0.0143968 secs] [Times: user=0.43 sys=0.00, real=0.01 secs] 
2021-03-30T19:35:13.404+0200: 1348.852: [GC (Allocation Failure) [PSYoungGen: 1480564K->18356K(1438720K)] 2780968K->1318760K(2866176K), 0.0083151 secs] [Times: user=0.17 sys=0.00, real=0.01 secs] 
2021-03-30T19:35:15.595+0200: 1351.043: [GC (Allocation Failure) [PSYoungGen: 1438644K->21492K(1399808K)] 2739048K->1321896K(2827264K), 0.0166562 secs] [Times: user=0.41 sys=0.01, real=0.02 secs] 
2021-03-30T19:35:17.036+0200: 1352.485: [GC (Allocation Failure) [PSYoungGen: 1399796K->17908K(1356288K)] 2700200K->1322440K(2783744K), 0.0125311 secs] [Times: user=0.32 sys=0.01, real=0.02 secs] 
2021-03-30T19:35:18.861+0200: 1354.309: [GC (Allocation Failure) [PSYoungGen: 1356276K->28151K(1328128K)] 2660808K->1335879K(2755584K), 0.0112040 secs] [Times: user=0.25 sys=0.00, real=0.01 secs] 
2021-03-30T19:35:20.657+0200: 1356.106: [GC (Allocation Failure) [PSYoungGen: 1328119K->10720K(1273856K)] 2635847K->1331034K(2701312K), 0.0262904 secs] [Times: user=0.85 sys=0.00, real=0.03 secs] 
2021-03-30T19:35:22.400+0200: 1357.848: [GC (Allocation Failure) [PSYoungGen: 1273824K->13712K(1241600K)] 2594138K->1336042K(2669056K), 0.0072400 secs] [Times: user=0.14 sys=0.01, real=0.01 secs] 
2021-03-30T19:35:24.517+0200: 1359.965: [GC (Allocation Failure) [PSYoungGen: 1241488K->15520K(1209856K)] 2563818K->1337850K(2637312K), 0.0114086 secs] [Times: user=0.31 sys=0.00, real=0.02 secs] 
2021-03-30T19:35:26.271+0200: 1361.720: [GC (Allocation Failure) [PSYoungGen: 1209504K->17303K(1178624K)] 2531834K->1339633K(2606080K), 0.0189914 secs] [Times: user=0.50 sys=0.00, real=0.02 secs] 
2021-03-30T19:35:28.250+0200: 1363.698: [GC (Allocation Failure) [PSYoungGen: 1178519K->19014K(1149440K)] 2500849K->1341345K(2576896K), 0.0179555 secs] [Times: user=0.47 sys=0.00, real=0.02 secs] 
2021-03-30T19:35:28.571+0200: 1364.019: [GC (Allocation Failure) [PSYoungGen: 1148998K->18199K(1257984K)] 2471329K->1340857K(2685440K), 0.0152908 secs] [Times: user=0.39 sys=0.00, real=0.01 secs] 
2021-03-30T19:35:30.364+0200: 1365.812: [GC (Allocation Failure) [PSYoungGen: 1257751K->19757K(1367552K)] 2580409K->1343868K(2795008K), 0.0087995 secs] [Times: user=0.18 sys=0.00, real=0.01 secs] 
2021-03-30T19:35:32.184+0200: 1367.632: [GC (Allocation Failure) [PSYoungGen: 1367341K->20301K(1479680K)] 2691452K->1344954K(2907136K), 0.0179037 secs] [Times: user=0.45 sys=0.02, real=0.02 secs] 
2021-03-30T19:35:34.168+0200: 1369.617: [GC (Allocation Failure) [PSYoungGen: 1479501K->17383K(1596416K)] 2804154K->1346195K(3023872K), 0.0252483 secs] [Times: user=0.68 sys=0.02, real=0.02 secs] 
2021-03-30T19:35:36.323+0200: 1371.772: [GC (Allocation Failure) [PSYoungGen: 1596391K->18743K(1712640K)] 2925203K->1348895K(3140096K), 0.0079657 secs] [Times: user=0.17 sys=0.00, real=0.01 secs] 
2021-03-30T19:35:38.473+0200: 1373.921: [GC (Allocation Failure) [PSYoungGen: 1712439K->19447K(1659904K)] 3042591K->1350943K(3087360K), 0.0096784 secs] [Times: user=0.23 sys=0.00, real=0.01 secs] 
2021-03-30T19:35:41.385+0200: 1376.834: [GC (Allocation Failure) [PSYoungGen: 1659895K->21639K(1611264K)] 2991391K->1354735K(3038720K), 0.0124913 secs] [Times: user=0.33 sys=0.01, real=0.01 secs] 
2021-03-30T19:35:43.535+0200: 1378.983: [GC (Allocation Failure) [PSYoungGen: 1610887K->12272K(1552896K)] 2943983K->1354913K(2980352K), 0.0133881 secs] [Times: user=0.34 sys=0.02, real=0.02 secs] 
2021-03-30T19:35:45.552+0200: 1381.001: [GC (Allocation Failure) [PSYoungGen: 1552880K->13456K(1507840K)] 2895521K->1357993K(2935296K), 0.0076951 secs] [Times: user=0.14 sys=0.00, real=0.01 secs] 
2021-03-30T19:35:47.765+0200: 1383.213: [GC (Allocation Failure) [PSYoungGen: 1507472K->24480K(1473536K)] 2852009K->1369017K(2900992K), 0.0205421 secs] [Times: user=0.47 sys=0.00, real=0.02 secs] 
2021-03-30T19:35:48.714+0200: 1384.162: [GC (Allocation Failure) [PSYoungGen: 1473440K->15830K(1421824K)] 2817977K->1361332K(2849280K), 0.0096752 secs] [Times: user=0.16 sys=0.00, real=0.01 secs] 
2021-03-30T19:35:50.053+0200: 1385.502: [GC (Allocation Failure) [PSYoungGen: 1421782K->15204K(1380352K)] 2767284K->1362126K(2807808K), 0.0130778 secs] [Times: user=0.39 sys=0.00, real=0.01 secs] 
2021-03-30T19:35:52.440+0200: 1387.888: [GC (Allocation Failure) [PSYoungGen: 1380196K->18061K(1344000K)] 2727118K->1365919K(2771456K), 0.0094155 secs] [Times: user=0.17 sys=0.01, real=0.01 secs] 
2021-03-30T19:35:54.443+0200: 1389.892: [GC (Allocation Failure) [PSYoungGen: 1343629K->17997K(1306112K)] 2691487K->1366555K(2733568K), 0.0141593 secs] [Times: user=0.38 sys=0.00, real=0.01 secs] 
2021-03-30T19:35:56.694+0200: 1392.142: [GC (Allocation Failure) [PSYoungGen: 1305677K->19350K(1270784K)] 2654235K->1368700K(2698240K), 0.0222981 secs] [Times: user=0.63 sys=0.01, real=0.02 secs] 
2021-03-30T19:35:58.477+0200: 1393.925: [GC (Allocation Failure) [PSYoungGen: 1270678K->16886K(1233408K)] 2620028K->1370292K(2660864K), 0.0105777 secs] [Times: user=0.27 sys=0.00, real=0.02 secs] 
2021-03-30T19:36:00.325+0200: 1395.774: [GC (Allocation Failure) [PSYoungGen: 1233398K->17590K(1201152K)] 2586804K->1372884K(2628608K), 0.0141651 secs] [Times: user=0.33 sys=0.00, real=0.02 secs] 
2021-03-30T19:36:02.124+0200: 1397.572: [GC (Allocation Failure) [PSYoungGen: 1199527K->17911K(1168896K)] 2554820K->1374300K(2596352K), 0.0139464 secs] [Times: user=0.42 sys=0.01, real=0.01 secs] 
2021-03-30T19:36:04.006+0200: 1399.454: [GC (Allocation Failure) [PSYoungGen: 1168887K->17750K(1138176K)] 2525276K->1375676K(2565632K), 0.0074248 secs] [Times: user=0.14 sys=0.01, real=0.01 secs] 
2021-03-30T19:36:05.348+0200: 1400.796: [GC (Allocation Failure) [PSYoungGen: 1138006K->14838K(1105408K)] 2495932K->1378981K(2532864K), 0.0143605 secs] [Times: user=0.36 sys=0.01, real=0.01 secs] 
2021-03-30T19:36:06.613+0200: 1402.061: [GC (Allocation Failure) [PSYoungGen: 1105398K->17815K(1079808K)] 2469541K->1383421K(2507264K), 0.0153169 secs] [Times: user=0.39 sys=0.00, real=0.02 secs] 
2021-03-30T19:36:08.257+0200: 1403.706: [GC (Allocation Failure) [PSYoungGen: 1079703K->17911K(1052672K)] 2445309K->1385037K(2480128K), 0.0178943 secs] [Times: user=0.48 sys=0.00, real=0.02 secs] 
2021-03-30T19:36:08.619+0200: 1404.068: [GC (Allocation Failure) [PSYoungGen: 1052663K->16390K(1143808K)] 2419789K->1385205K(2571264K), 0.0122141 secs] [Times: user=0.27 sys=0.01, real=0.01 secs] 
2021-03-30T19:36:10.468+0200: 1405.916: [GC (Allocation Failure) [PSYoungGen: 1143302K->14845K(1236480K)] 2512117K->1388307K(2663936K), 0.0177022 secs] [Times: user=0.50 sys=0.00, real=0.01 secs] 
2021-03-30T19:36:12.314+0200: 1407.763: [GC (Allocation Failure) [PSYoungGen: 1236477K->17956K(1335808K)] 2609939K->1392666K(2763264K), 0.0142231 secs] [Times: user=0.36 sys=0.00, real=0.02 secs] 
2021-03-30T19:36:14.088+0200: 1409.537: [GC (Allocation Failure) [PSYoungGen: 1335332K->15357K(1425920K)] 2710042K->1391872K(2853376K), 0.0085561 secs] [Times: user=0.18 sys=0.01, real=0.00 secs] 
2021-03-30T19:36:16.173+0200: 1411.622: [GC (Allocation Failure) [PSYoungGen: 1425917K->16845K(1385984K)] 2802432K->1395407K(2813440K), 0.0106239 secs] [Times: user=0.24 sys=0.00, real=0.01 secs] 
2021-03-30T19:36:18.150+0200: 1413.598: [GC (Allocation Failure) [PSYoungGen: 1385933K->15350K(1345024K)] 2764495K->1398372K(2772480K), 0.0122085 secs] [Times: user=0.31 sys=0.00, real=0.01 secs] 
2021-03-30T19:36:20.436+0200: 1415.884: [GC (Allocation Failure) [PSYoungGen: 1345014K->18087K(1310208K)] 2728036K->1402816K(2737664K), 0.0130118 secs] [Times: user=0.34 sys=0.00, real=0.02 secs] 
2021-03-30T19:36:22.224+0200: 1417.673: [GC (Allocation Failure) [PSYoungGen: 1309863K->13798K(1269248K)] 2694592K->1404174K(2696704K), 0.0096888 secs] [Times: user=0.18 sys=0.03, real=0.01 secs] 
2021-03-30T19:36:24.029+0200: 1419.477: [GC (Allocation Failure) [PSYoungGen: 1269222K->14413K(1235456K)] 2659598K->1406778K(2662912K), 0.0133885 secs] [Times: user=0.39 sys=0.00, real=0.01 secs] 
2021-03-30T19:36:25.916+0200: 1421.364: [GC (Allocation Failure) [PSYoungGen: 1235021K->17543K(1204736K)] 2627386K->1409907K(2632192K), 0.0084513 secs] [Times: user=0.17 sys=0.01, real=0.01 secs] 
2021-03-30T19:36:26.524+0200: 1421.972: [GC (Allocation Failure) [PSYoungGen: 1204359K->17590K(1172480K)] 2596723K->1411131K(2599936K), 0.0096487 secs] [Times: user=0.21 sys=0.01, real=0.01 secs] 
2021-03-30T19:36:28.456+0200: 1423.905: [GC (Allocation Failure) [PSYoungGen: 1172150K->10749K(1134592K)] 2565691K->1412611K(2562048K), 0.0219298 secs] [Times: user=0.60 sys=0.00, real=0.02 secs] 
2021-03-30T19:36:30.029+0200: 1425.477: [GC (Allocation Failure) [PSYoungGen: 1134589K->19357K(1113600K)] 2536451K->1423753K(2541056K), 0.0153687 secs] [Times: user=0.39 sys=0.00, real=0.01 secs] 
2021-03-30T19:36:31.458+0200: 1426.906: [GC (Allocation Failure) [PSYoungGen: 1113501K->13748K(1079296K)] 2517897K->1418144K(2506752K), 0.0138816 secs] [Times: user=0.37 sys=0.00, real=0.02 secs] 
2021-03-30T19:36:33.359+0200: 1428.808: [GC (Allocation Failure) [PSYoungGen: 1079220K->14964K(1154048K)] 2483616K->1420216K(2581504K), 0.0211945 secs] [Times: user=0.61 sys=0.01, real=0.03 secs] 
2021-03-30T19:36:35.220+0200: 1430.668: [GC (Allocation Failure) [PSYoungGen: 1153652K->16805K(1125376K)] 2558904K->1422304K(2552832K), 0.0088827 secs] [Times: user=0.21 sys=0.00, real=0.01 secs] 
2021-03-30T19:36:36.587+0200: 1432.035: [GC (Allocation Failure) [PSYoungGen: 1125285K->17086K(1096704K)] 2530784K->1423765K(2524160K), 0.0164042 secs] [Times: user=0.42 sys=0.00, real=0.02 secs] 
2021-03-30T19:36:38.357+0200: 1433.806: [GC (Allocation Failure) [PSYoungGen: 1096382K->11238K(1062400K)] 2503061K->1425343K(2489856K), 0.0155830 secs] [Times: user=0.42 sys=0.00, real=0.02 secs] 
2021-03-30T19:36:40.061+0200: 1435.509: [GC (Allocation Failure) [PSYoungGen: 1062374K->14736K(1038848K)] 2476479K->1430104K(2466304K), 0.0124729 secs] [Times: user=0.30 sys=0.00, real=0.01 secs] 
2021-03-30T19:36:40.536+0200: 1435.984: [GC (Allocation Failure) [PSYoungGen: 1038736K->18407K(1121280K)] 2454104K->1437307K(2548736K), 0.0100128 secs] [Times: user=0.16 sys=0.12, real=0.01 secs] 
2021-03-30T19:36:42.444+0200: 1437.892: [GC (Allocation Failure) [PSYoungGen: 1121255K->15959K(1205248K)] 2540155K->1436592K(2632704K), 0.0249191 secs] [Times: user=0.68 sys=0.00, real=0.03 secs] 
2021-03-30T19:36:42.469+0200: 1437.917: [Full GC (Ergonomics) [PSYoungGen: 15959K->0K(1205248K)] [ParOldGen: 1420633K->433543K(1740800K)] 1436592K->433543K(2946048K), [Metaspace: 61279K->61279K(63488K)], 0.1653646 secs] [Times: user=2.04 sys=0.71, real=0.16 secs] 
2021-03-30T19:36:43.727+0200: 1439.175: [GC (Allocation Failure) [PSYoungGen: 1188864K->2304K(1303552K)] 1622407K->435847K(3044352K), 0.0184920 secs] [Times: user=0.50 sys=0.01, real=0.02 secs] 
2021-03-30T19:36:44.654+0200: 1440.102: [GC (Allocation Failure) [PSYoungGen: 1303296K->9600K(1440256K)] 1736839K->443143K(3181056K), 0.0170803 secs] [Times: user=0.50 sys=0.00, real=0.02 secs] 
2021-03-30T19:36:45.431+0200: 1440.879: [GC (Allocation Failure) [PSYoungGen: 1440128K->7216K(1605632K)] 1873671K->440759K(3346432K), 0.0302126 secs] [Times: user=0.94 sys=0.01, real=0.03 secs] 
2021-03-30T19:36:46.660+0200: 1442.108: [GC (Allocation Failure) [PSYoungGen: 1604027K->7504K(1776128K)] 2037570K->441047K(3516928K), 0.0058883 secs] [Times: user=0.09 sys=0.00, real=0.00 secs] 
2021-03-30T19:36:48.116+0200: 1443.564: [GC (Allocation Failure) [PSYoungGen: 1775952K->8432K(1946624K)] 2209495K->441975K(3687424K), 0.0062587 secs] [Times: user=0.12 sys=0.00, real=0.01 secs] 
2021-03-30T19:36:49.640+0200: 1445.088: [GC (Allocation Failure) [PSYoungGen: 1946352K->11536K(2118656K)] 2379895K->445079K(3859456K), 0.0076076 secs] [Times: user=0.17 sys=0.00, real=0.01 secs] 
2021-03-30T19:36:52.254+0200: 1447.702: [GC (Allocation Failure) [PSYoungGen: 2118416K->13757K(2287104K)] 2551959K->447300K(4027904K), 0.0113298 secs] [Times: user=0.24 sys=0.00, real=0.01 secs] 
2021-03-30T19:36:55.642+0200: 1451.090: [GC (Allocation Failure) [PSYoungGen: 2287037K->24039K(2456576K)] 2720580K->457614K(4197376K), 0.0100992 secs] [Times: user=0.23 sys=0.00, real=0.01 secs] 
2021-03-30T19:36:58.496+0200: 1453.945: [GC (Allocation Failure) [PSYoungGen: 2456551K->10726K(2601984K)] 2890126K->451942K(4342784K), 0.0129483 secs] [Times: user=0.32 sys=0.00, real=0.02 secs] 
2021-03-30T19:37:02.411+0200: 1457.859: [GC (Allocation Failure) [PSYoungGen: 2601958K->17046K(2760192K)] 3043174K->458262K(4500992K), 0.0114736 secs] [Times: user=0.28 sys=0.00, real=0.01 secs] 
2021-03-30T19:37:06.177+0200: 1461.626: [GC (Allocation Failure) [PSYoungGen: 2759830K->18486K(2913792K)] 3201046K->459702K(4654592K), 0.0159812 secs] [Times: user=0.40 sys=0.00, real=0.02 secs] 
2021-03-30T19:37:10.253+0200: 1465.701: [GC (Allocation Failure) [PSYoungGen: 2913334K->26182K(3077120K)] 3354550K->467398K(4817920K), 0.0188038 secs] [Times: user=0.42 sys=0.00, real=0.02 secs] 
2021-03-30T19:37:14.294+0200: 1469.742: [GC (Allocation Failure) [PSYoungGen: 3076678K->9204K(3233280K)] 3517894K->467528K(4974080K), 0.0277106 secs] [Times: user=0.87 sys=0.00, real=0.03 secs] 
2021-03-30T19:37:18.483+0200: 1473.932: [GC (Allocation Failure) [PSYoungGen: 3233268K->18637K(3402240K)] 3691592K->476961K(5143040K), 0.0076054 secs] [Times: user=0.13 sys=0.00, real=0.01 secs] 
2021-03-30T19:37:24.209+0200: 1479.658: [GC (Allocation Failure) [PSYoungGen: 3401933K->24116K(3552256K)] 3860257K->482440K(5293056K), 0.0083341 secs] [Times: user=0.17 sys=0.01, real=0.00 secs] 
2021-03-30T19:37:28.664+0200: 1484.113: [GC (Allocation Failure) [PSYoungGen: 3551796K->26724K(3712512K)] 4010120K->485368K(5453312K), 0.0221834 secs] [Times: user=0.55 sys=0.00, real=0.02 secs] 
2021-03-30T19:37:33.015+0200: 1488.463: [GC (Allocation Failure) [PSYoungGen: 3712100K->13307K(3856384K)] 4170744K->488185K(5597184K), 0.0137276 secs] [Times: user=0.36 sys=0.01, real=0.02 secs] 
2021-03-30T19:37:38.219+0200: 1493.667: [GC (Allocation Failure) [PSYoungGen: 3856379K->21531K(4025856K)] 4331257K->497121K(5766656K), 0.0183434 secs] [Times: user=0.54 sys=0.00, real=0.02 secs] 
2021-03-30T19:37:44.392+0200: 1499.840: [GC (Allocation Failure) [PSYoungGen: 4025371K->27595K(4191232K)] 4500961K->503185K(5932032K), 0.0180104 secs] [Times: user=0.44 sys=0.01, real=0.02 secs] 
2021-03-30T19:37:49.356+0200: 1504.804: [GC (Allocation Failure) [PSYoungGen: 4191179K->31906K(4353024K)] 4666769K->507784K(6093824K), 0.0137948 secs] [Times: user=0.28 sys=0.02, real=0.02 secs] 
2021-03-30T19:37:56.026+0200: 1511.474: [GC (Allocation Failure) [PSYoungGen: 4352674K->14304K(4488192K)] 4828552K->511381K(6228992K), 0.0152147 secs] [Times: user=0.40 sys=0.00, real=0.02 secs] 
2021-03-30T19:38:02.627+0200: 1518.076: [GC (Allocation Failure) [PSYoungGen: 4488160K->23378K(4655616K)] 4985237K->522467K(6396416K), 0.0204843 secs] [Times: user=0.52 sys=0.00, real=0.02 secs] 
2021-03-30T19:38:08.292+0200: 1523.741: [GC (Allocation Failure) [PSYoungGen: 4655442K->27602K(4827648K)] 5154531K->526691K(6568448K), 0.0195078 secs] [Times: user=0.47 sys=0.00, real=0.02 secs] 
2021-03-30T19:38:16.259+0200: 1531.708: [GC (Allocation Failure) [PSYoungGen: 4827602K->33984K(5018624K)] 5326691K->534273K(6759424K), 0.0328367 secs] [Times: user=0.86 sys=0.00, real=0.03 secs] 
2021-03-30T19:38:22.657+0200: 1538.106: [GC (Allocation Failure) [PSYoungGen: 5018304K->19424K(5182464K)] 5518593K->537747K(6923264K), 0.0145860 secs] [Times: user=0.43 sys=0.00, real=0.02 secs] 
2021-03-30T19:38:31.951+0200: 1547.399: [GC (Allocation Failure) [PSYoungGen: 5182432K->30658K(5350912K)] 5700755K->550186K(7091712K), 0.0089923 secs] [Times: user=0.18 sys=0.01, real=0.01 secs] 
2021-03-30T19:38:38.472+0200: 1553.921: [GC (Allocation Failure) [PSYoungGen: 5350850K->41456K(5513216K)] 5870378K->563760K(7254016K), 0.0117416 secs] [Times: user=0.29 sys=0.00, real=0.01 secs] 
2021-03-30T19:38:44.401+0200: 1559.850: [GC (Allocation Failure) [PSYoungGen: 5513200K->38813K(5671424K)] 6035504K->563197K(7412224K), 0.0173425 secs] [Times: user=0.48 sys=0.00, real=0.01 secs] 
2021-03-30T19:38:51.552+0200: 1567.001: [GC (Allocation Failure) [PSYoungGen: 5671325K->20455K(5812224K)] 6195709K->575607K(7553024K), 0.0143971 secs] [Times: user=0.42 sys=0.00, real=0.01 secs] 
2021-03-30T19:38:59.961+0200: 1575.409: [GC (Allocation Failure) [PSYoungGen: 5812199K->32498K(5971968K)] 6367351K->588683K(7712768K), 0.0112100 secs] [Times: user=0.26 sys=0.00, real=0.01 secs] 
2021-03-30T19:39:08.263+0200: 1583.712: [GC (Allocation Failure) [PSYoungGen: 5971698K->40880K(6136832K)] 6527883K->597064K(7877632K), 0.0205019 secs] [Times: user=0.51 sys=0.00, real=0.02 secs] 
2021-03-30T19:39:17.123+0200: 1592.572: [GC (Allocation Failure) [PSYoungGen: 6136752K->45195K(6298112K)] 6692936K->602659K(8038912K), 0.0179655 secs] [Times: user=0.41 sys=0.01, real=0.02 secs] 
2021-03-30T19:39:25.879+0200: 1601.327: [GC (Allocation Failure) [PSYoungGen: 6297739K->26594K(6443520K)] 6855203K->611071K(8184320K), 0.0201297 secs] [Times: user=0.56 sys=0.00, real=0.02 secs] 
2021-03-30T19:39:34.237+0200: 1609.686: [GC (Allocation Failure) [PSYoungGen: 6443490K->39385K(6609920K)] 7027967K->624720K(8350720K), 0.0114882 secs] [Times: user=0.22 sys=0.00, real=0.02 secs] 
2021-03-30T19:39:42.708+0200: 1618.156: [GC (Allocation Failure) [PSYoungGen: 6609881K->53321K(6776832K)] 7195216K->638656K(8517632K), 0.0144736 secs] [Times: user=0.33 sys=0.00, real=0.01 secs] 
2021-03-30T19:39:51.965+0200: 1627.413: [GC (Allocation Failure) [PSYoungGen: 6776393K->50304K(6927360K)] 7361728K->636758K(8668160K), 0.0173675 secs] [Times: user=0.31 sys=0.00, real=0.02 secs] 
2021-03-30T19:40:02.319+0200: 1637.767: [GC (Allocation Failure) [PSYoungGen: 6926976K->28153K(7096832K)] 7513430K->650721K(8837632K), 0.0384162 secs] [Times: user=1.22 sys=0.00, real=0.04 secs] 
2021-03-30T19:40:11.661+0200: 1647.110: [GC (Allocation Failure) [PSYoungGen: 7096825K->37730K(7289344K)] 7719393K->663046K(9030144K), 0.0148154 secs] [Times: user=0.31 sys=0.00, real=0.01 secs] 
2021-03-30T19:40:22.156+0200: 1657.605: [GC (Allocation Failure) [PSYoungGen: 7289186K->48521K(7513600K)] 7914502K->673837K(9254400K), 0.0371037 secs] [Times: user=1.01 sys=0.00, real=0.04 secs] 
2021-03-30T19:40:31.814+0200: 1667.262: [GC (Allocation Failure) [PSYoungGen: 7513481K->52583K(7750656K)] 8138797K->679297K(9491456K), 0.0312906 secs] [Times: user=0.84 sys=0.00, real=0.03 secs] 
2021-03-30T19:40:42.444+0200: 1677.893: [GC (Allocation Failure) [PSYoungGen: 7750503K->41440K(7964672K)] 8377217K->689924K(9705472K), 0.0197518 secs] [Times: user=0.56 sys=0.00, real=0.02 secs] 
2021-03-30T19:40:53.394+0200: 1688.843: [GC (Allocation Failure) [PSYoungGen: 7964640K->53719K(8201216K)] 8613124K->704138K(9942016K), 0.0234987 secs] [Times: user=0.57 sys=0.00, real=0.02 secs] 
2021-03-30T19:41:04.833+0200: 1700.282: [GC (Allocation Failure) [PSYoungGen: 8201175K->58873K(8422912K)] 8851594K->713288K(10163712K), 0.0189857 secs] [Times: user=0.49 sys=0.00, real=0.02 secs] 
2021-03-30T19:41:16.873+0200: 1712.322: [GC (Allocation Failure) [PSYoungGen: 8422905K->67488K(8647680K)] 9077320K->725442K(10388480K), 0.0245151 secs] [Times: user=0.68 sys=0.00, real=0.02 secs] 
2021-03-30T19:41:28.450+0200: 1723.899: [GC (Allocation Failure) [PSYoungGen: 8647584K->34793K(8830464K)] 9305538K->734630K(10571264K), 0.0209600 secs] [Times: user=0.54 sys=0.00, real=0.02 secs] 
2021-03-30T19:41:41.019+0200: 1736.467: [GC (Allocation Failure) [PSYoungGen: 8830441K->51056K(9051648K)] 9530278K->753465K(10792448K), 0.0181104 secs] [Times: user=0.37 sys=0.00, real=0.02 secs] 
2021-03-30T19:41:53.989+0200: 1749.438: [GC (Allocation Failure) [PSYoungGen: 9051504K->58402K(9257984K)] 9753913K->760811K(10998784K), 0.0193436 secs] [Times: user=0.49 sys=0.01, real=0.02 secs] 
2021-03-30T19:42:06.074+0200: 1761.523: [GC (Allocation Failure) [PSYoungGen: 9257506K->65314K(9478144K)] 9959915K->769602K(11218944K), 0.0277050 secs] [Times: user=0.72 sys=0.01, real=0.03 secs] 
2021-03-30T19:42:18.907+0200: 1774.355: [GC (Allocation Failure) [PSYoungGen: 9477922K->48107K(9683968K)] 10182210K->780837K(11424768K), 0.0261832 secs] [Times: user=0.85 sys=0.01, real=0.03 secs] 
2021-03-30T19:42:33.098+0200: 1788.546: [GC (Allocation Failure) [PSYoungGen: 9683947K->63664K(9922560K)] 10416677K->799257K(11663360K), 0.0254044 secs] [Times: user=0.57 sys=0.00, real=0.03 secs] 
2021-03-30T19:42:46.012+0200: 1801.460: [GC (Allocation Failure) [PSYoungGen: 9922224K->70816K(10144256K)] 10657817K->806409K(11885056K), 0.0176712 secs] [Times: user=0.42 sys=0.00, real=0.02 secs] 
2021-03-30T19:42:46.440+0200: 1801.888: [GC (System.gc()) [PSYoungGen: 1071351K->64905K(10138112K)] 1806944K->803475K(11878912K), 0.0203679 secs] [Times: user=0.63 sys=0.00, real=0.02 secs] 
2021-03-30T19:42:46.461+0200: 1801.909: [Full GC (System.gc()) [PSYoungGen: 64905K->0K(10138112K)] [ParOldGen: 738569K->413913K(1740800K)] 803475K->413913K(11878912K), [Metaspace: 61303K->61303K(63488K)], 0.1848032 secs] [Times: user=3.91 sys=0.03, real=0.18 secs] 
2021-03-30T19:42:59.159+0200: 1814.607: [GC (Allocation Failure) [PSYoungGen: 10073088K->18678K(10294784K)] 10487001K->432592K(12035584K), 0.0155658 secs] [Times: user=0.34 sys=0.00, real=0.02 secs] 
2021-03-30T19:43:12.205+0200: 1827.654: [GC (Allocation Failure) [PSYoungGen: 10294518K->30902K(10507776K)] 10708432K->444816K(12248576K), 0.0183999 secs] [Times: user=0.42 sys=0.00, real=0.02 secs] 
2021-03-30T19:43:26.432+0200: 1841.880: [GC (Allocation Failure) [PSYoungGen: 10507446K->42765K(10722816K)] 10921360K->456679K(12463616K), 0.0226454 secs] [Times: user=0.51 sys=0.00, real=0.02 secs] 
2021-03-30T19:43:41.961+0200: 1857.409: [GC (Allocation Failure) [PSYoungGen: 10722573K->51748K(10951680K)] 11136487K->465662K(12692480K), 0.0310466 secs] [Times: user=0.73 sys=0.01, real=0.03 secs] 
2021-03-30T19:43:56.548+0200: 1871.996: [GC (Allocation Failure) [PSYoungGen: 10951204K->58002K(11225088K)] 11365118K->471916K(12965888K), 0.0448581 secs] [Times: user=1.36 sys=0.01, real=0.04 secs] 
2021-03-30T19:44:12.069+0200: 1887.517: [GC (Allocation Failure) [PSYoungGen: 11224722K->70155K(11534848K)] 11638636K->484069K(13275648K), 0.0445954 secs] [Times: user=1.52 sys=0.00, real=0.04 secs] 
2021-03-30T19:44:28.137+0200: 1903.585: [GC (Allocation Failure) [PSYoungGen: 11534347K->46582K(11835392K)] 11948261K->479394K(13576192K), 0.0448574 secs] [Times: user=1.70 sys=0.00, real=0.05 secs] 
2021-03-30T19:44:44.344+0200: 1919.792: [GC (Allocation Failure) [PSYoungGen: 11835382K->68933K(12186624K)] 12268194K->501744K(13927424K), 0.0360701 secs] [Times: user=1.20 sys=0.00, real=0.04 secs] 
2021-03-30T19:45:02.249+0200: 1937.697: [GC (Allocation Failure) [PSYoungGen: 12186437K->68091K(12503040K)] 12619248K->508799K(14243840K), 0.0295443 secs] [Times: user=0.67 sys=0.01, real=0.02 secs] 
2021-03-30T19:45:19.126+0200: 1954.575: [GC (Allocation Failure) [PSYoungGen: 12503035K->91696K(12849664K)] 12943743K->532404K(14590464K), 0.0363233 secs] [Times: user=0.98 sys=0.01, real=0.04 secs] 
2021-03-30T19:45:36.369+0200: 1971.817: [GC (Allocation Failure) [PSYoungGen: 12849200K->32750K(13126656K)] 13289908K->530783K(14867456K), 0.0386453 secs] [Times: user=1.44 sys=0.00, real=0.04 secs] 
2021-03-30T19:45:55.736+0200: 1991.184: [GC (Allocation Failure) [PSYoungGen: 13126638K->56850K(13243904K)] 13624671K->554884K(14984704K), 0.0226895 secs] [Times: user=0.53 sys=0.00, real=0.02 secs] 
2021-03-30T19:46:13.813+0200: 2009.261: [GC (Allocation Failure) [PSYoungGen: 13189650K->70341K(13514240K)] 13687684K->568374K(15255040K), 0.0257938 secs] [Times: user=0.46 sys=0.12, real=0.02 secs] 
2021-03-30T19:46:30.970+0200: 2026.418: [GC (Allocation Failure) [PSYoungGen: 13476549K->79024K(13512192K)] 13974582K->577058K(15252992K), 0.0386726 secs] [Times: user=1.13 sys=0.13, real=0.04 secs] 
2021-03-30T19:46:50.189+0200: 2045.638: [GC (Allocation Failure) [PSYoungGen: 13485232K->95509K(13823488K)] 13983266K->593542K(15564288K), 0.0706057 secs] [Times: user=2.00 sys=0.04, real=0.07 secs] 
2021-03-30T19:47:08.570+0200: 2064.018: [GC (Allocation Failure) [PSYoungGen: 13811989K->87934K(13830656K)] 14310022K->587955K(15571456K), 0.0376616 secs] [Times: user=0.93 sys=0.02, real=0.04 secs] 
2021-03-30T19:47:27.863+0200: 2083.311: [GC (Allocation Failure) [PSYoungGen: 13804414K->87326K(14204928K)] 14304435K->588883K(15945728K), 0.0407971 secs] [Times: user=1.20 sys=0.08, real=0.04 secs] 
2021-03-30T19:47:46.642+0200: 2102.091: [GC (Allocation Failure) [PSYoungGen: 14178078K->101893K(14209024K)] 14679635K->604506K(15949824K), 0.0423293 secs] [Times: user=0.95 sys=0.12, real=0.04 secs] 
2021-03-30T19:48:06.503+0200: 2121.952: [GC (Allocation Failure) [PSYoungGen: 14192645K->94679K(14597632K)] 14695258K->598507K(16338432K), 0.0427873 secs] [Times: user=1.03 sys=0.10, real=0.04 secs] 
2021-03-30T19:48:26.462+0200: 2141.911: [GC (Allocation Failure) [PSYoungGen: 14567895K->94101K(14599680K)] 15071723K->599353K(16340480K), 0.0446917 secs] [Times: user=1.18 sys=0.12, real=0.05 secs] 
2021-03-30T19:48:46.584+0200: 2162.033: [GC (Allocation Failure) [PSYoungGen: 14567317K->91237K(14973952K)] 15072569K->599528K(16714752K), 0.0393125 secs] [Times: user=1.09 sys=0.08, real=0.04 secs] 
2021-03-30T19:49:07.703+0200: 2183.152: [GC (Allocation Failure) [PSYoungGen: 14947941K->98032K(14984192K)] 15456232K->610232K(16724992K), 0.0446887 secs] [Times: user=1.14 sys=0.12, real=0.05 secs] 
2021-03-30T19:49:28.449+0200: 2203.898: [GC (Allocation Failure) [PSYoungGen: 14954736K->89122K(15364608K)] 15466936K->603506K(17105408K), 0.0419069 secs] [Times: user=1.09 sys=0.06, real=0.04 secs] 
2021-03-30T19:49:48.321+0200: 2223.769: [GC (Allocation Failure) [PSYoungGen: 15329787K->79531K(15371264K)] 15844170K->599308K(17112064K), 0.0475010 secs] [Times: user=1.45 sys=0.06, real=0.05 secs] 
2021-03-30T19:50:08.761+0200: 2244.209: [GC (Allocation Failure) [PSYoungGen: 15323307K->75611K(15729152K)] 15843084K->598695K(17469952K), 0.0342766 secs] [Times: user=0.68 sys=0.07, real=0.03 secs] 
2021-03-30T19:50:30.441+0200: 2265.890: [GC (Allocation Failure) [PSYoungGen: 15707483K->71837K(15752192K)] 16230567K->600621K(17492992K), 0.0422790 secs] [Times: user=1.23 sys=0.04, real=0.04 secs] 
2021-03-30T19:50:52.225+0200: 2287.674: [GC (Allocation Failure) [PSYoungGen: 15703709K->71922K(16144896K)] 16232493K->603730K(17885696K), 0.0469010 secs] [Times: user=1.24 sys=0.06, real=0.05 secs] 
2021-03-30T19:51:13.947+0200: 2309.396: [GC (Allocation Failure) [PSYoungGen: 16098546K->69810K(16142848K)] 16630354K->603346K(17883648K), 0.0393007 secs] [Times: user=1.13 sys=0.03, real=0.03 secs] 
2021-03-30T19:51:36.292+0200: 2331.741: [GC (Allocation Failure) [PSYoungGen: 16096434K->71218K(16499712K)] 16629970K->605906K(18240512K), 0.0356563 secs] [Times: user=0.81 sys=0.05, real=0.04 secs] 
2021-03-30T19:51:59.982+0200: 2355.430: [GC (Allocation Failure) [PSYoungGen: 16477746K->72379K(16518656K)] 17012434K->608147K(18259456K), 0.0427565 secs] [Times: user=1.21 sys=0.01, real=0.04 secs] 
2021-03-30T19:52:22.167+0200: 2377.616: [GC (Allocation Failure) [PSYoungGen: 16478907K->74404K(16901632K)] 17014675K->611244K(18642432K), 0.0433278 secs] [Times: user=1.19 sys=0.04, real=0.04 secs] 
2021-03-30T19:52:44.795+0200: 2400.243: [GC (Allocation Failure) [PSYoungGen: 16867492K->79979K(16900096K)] 17404332K->617779K(18640896K), 0.0430194 secs] [Times: user=1.15 sys=0.04, real=0.04 secs] 
2021-03-30T19:53:08.589+0200: 2424.038: [GC (Allocation Failure) [PSYoungGen: 16873067K->71131K(17284096K)] 17410867K->609827K(19024896K), 0.0426849 secs] [Times: user=1.22 sys=0.07, real=0.04 secs] 
2021-03-30T19:53:32.054+0200: 2447.502: [GC (Allocation Failure) [PSYoungGen: 17257435K->67410K(17289728K)] 17796131K->607074K(19030528K), 0.0499176 secs] [Times: user=1.53 sys=0.16, real=0.05 secs] 
2021-03-30T19:53:54.822+0200: 2470.270: [GC (Allocation Failure) [PSYoungGen: 17253714K->70610K(17681408K)] 17793378K->611234K(19422208K), 0.0395267 secs] [Times: user=1.04 sys=0.11, real=0.04 secs] 
2021-03-30T19:54:20.070+0200: 2495.518: [GC (Allocation Failure) [PSYoungGen: 17661906K->76530K(17692160K)] 18202530K->618090K(19432960K), 0.0588303 secs] [Times: user=1.87 sys=0.12, real=0.06 secs] 
2021-03-30T19:54:44.671+0200: 2520.119: [GC (Allocation Failure) [PSYoungGen: 17667826K->76562K(18106368K)] 18209386K->619098K(19847168K), 0.0448738 secs] [Times: user=1.27 sys=0.03, real=0.04 secs] 
2021-03-30T19:55:08.238+0200: 2543.687: [GC (Allocation Failure) [PSYoungGen: 18095890K->72018K(18116096K)] 18638426K->615458K(19856896K), 0.0514455 secs] [Times: user=1.33 sys=0.01, real=0.06 secs] 
2021-03-30T19:55:32.107+0200: 2567.556: [GC (Allocation Failure) [PSYoungGen: 18091346K->68937K(18537984K)] 18634786K->613345K(20278784K), 0.0418754 secs] [Times: user=1.17 sys=0.03, real=0.04 secs] 
2021-03-30T19:55:58.641+0200: 2594.089: [GC (Allocation Failure) [PSYoungGen: 18525513K->76434K(18550784K)] 19069921K->621818K(20291584K), 0.0420979 secs] [Times: user=1.11 sys=0.05, real=0.04 secs] 
2021-03-30T19:56:22.258+0200: 2617.707: [GC (Allocation Failure) [PSYoungGen: 18533010K->76091K(18980352K)] 19078394K->622491K(20721152K), 0.0555775 secs] [Times: user=1.59 sys=0.07, real=0.06 secs] 
2021-03-30T19:56:48.617+0200: 2644.065: [GC (Allocation Failure) [PSYoungGen: 18963259K->73415K(18978816K)] 19509659K->620806K(20719616K), 0.0439295 secs] [Times: user=1.28 sys=0.06, real=0.05 secs] 
2021-03-30T19:57:14.036+0200: 2669.485: [GC (Allocation Failure) [PSYoungGen: 18960583K->81001K(19424768K)] 19507974K->629369K(21165568K), 0.0539611 secs] [Times: user=1.53 sys=0.08, real=0.06 secs] 
2021-03-30T19:57:40.501+0200: 2695.950: [GC (Allocation Failure) [PSYoungGen: 19415657K->76882K(19425792K)] 19964025K->626298K(21166592K), 0.0466161 secs] [Times: user=1.22 sys=0.07, real=0.05 secs] 
2021-03-30T19:58:06.046+0200: 2721.494: [GC (Allocation Failure) [PSYoungGen: 19411538K->75730K(19872256K)] 19960954K->626178K(21613056K), 0.0462863 secs] [Times: user=1.37 sys=0.16, real=0.05 secs] 
2021-03-30T19:58:33.784+0200: 2749.232: [GC (Allocation Failure) [PSYoungGen: 19866066K->81888K(19878912K)] 20416514K->633344K(21619712K), 0.0463350 secs] [Times: user=1.12 sys=0.06, real=0.05 secs] 
2021-03-30T19:59:00.399+0200: 2775.847: [GC (Allocation Failure) [PSYoungGen: 19872224K->77138K(20335616K)] 20423680K->629610K(22076416K), 0.0581665 secs] [Times: user=1.83 sys=0.05, real=0.06 secs] 
2021-03-30T19:59:28.219+0200: 2803.668: [GC (Allocation Failure) [PSYoungGen: 20323154K->73618K(20334592K)] 20875626K->627202K(22075392K), 0.0464584 secs] [Times: user=1.27 sys=0.04, real=0.04 secs] 
2021-03-30T19:59:56.559+0200: 2832.008: [GC (Allocation Failure) [PSYoungGen: 20319634K->77019K(20768768K)] 20873218K->631691K(22509568K), 0.0397461 secs] [Times: user=0.98 sys=0.04, real=0.04 secs] 
2021-03-30T20:00:24.991+0200: 2860.439: [GC (Allocation Failure) [PSYoungGen: 20768475K->80722K(20795392K)] 21323147K->636458K(22536192K), 0.0575570 secs] [Times: user=1.46 sys=0.00, real=0.06 secs] 
2021-03-30T20:00:52.584+0200: 2888.032: [GC (Allocation Failure) [PSYoungGen: 20789074K->74976K(21251584K)] 21344810K->631824K(22992384K), 0.0508600 secs] [Times: user=1.49 sys=0.04, real=0.05 secs] 
2021-03-30T20:01:22.749+0200: 2918.197: [GC (Allocation Failure) [PSYoungGen: 21238496K->79954K(21250560K)] 21795344K->637938K(22991360K), 0.0569661 secs] [Times: user=1.37 sys=0.03, real=0.05 secs] 
2021-03-30T20:01:50.642+0200: 2946.091: [GC (Allocation Failure) [PSYoungGen: 21243474K->76914K(21717504K)] 21801458K->635970K(23458304K), 0.0457901 secs] [Times: user=1.35 sys=0.13, real=0.05 secs] 
2021-03-30T20:02:20.353+0200: 2975.802: [GC (Allocation Failure) [PSYoungGen: 21717106K->79826K(21728768K)] 22276162K->640002K(23469568K), 0.0472707 secs] [Times: user=1.27 sys=0.06, real=0.05 secs] 
2021-03-30T20:02:50.617+0200: 3006.065: [GC (Allocation Failure) [PSYoungGen: 21722066K->76505K(22183936K)] 22282242K->637825K(23924736K), 0.0474212 secs] [Times: user=1.33 sys=0.03, real=0.05 secs] 
2021-03-30T20:03:21.207+0200: 3036.656: [GC (Allocation Failure) [PSYoungGen: 22183641K->82082K(22192640K)] 22744961K->644498K(23933440K), 0.0477886 secs] [Times: user=1.25 sys=0.09, real=0.04 secs] 
2021-03-30T20:03:51.399+0200: 3066.847: [GC (Allocation Failure) [PSYoungGen: 22189218K->75561K(22651392K)] 22751634K->639121K(24392192K), 0.0483769 secs] [Times: user=1.18 sys=0.06, real=0.06 secs] 
2021-03-30T20:04:22.596+0200: 3098.044: [GC (Allocation Failure) [PSYoungGen: 22645033K->82082K(22655488K)] 23208593K->646818K(24396288K), 0.0454674 secs] [Times: user=1.18 sys=0.02, real=0.05 secs] 
2021-03-30T20:04:53.884+0200: 3129.333: [GC (Allocation Failure) [PSYoungGen: 22651554K->86249K(23088640K)] 23216290K->652169K(24829440K), 0.0369807 secs] [Times: user=0.74 sys=0.04, real=0.04 secs] 
2021-03-30T20:05:24.466+0200: 3159.914: [GC (Allocation Failure) [PSYoungGen: 23088361K->81922K(23113216K)] 23654281K->648946K(24854016K), 0.0546945 secs] [Times: user=1.71 sys=0.08, real=0.06 secs] 
2021-03-30T20:05:56.659+0200: 3192.108: [GC (Allocation Failure) [PSYoungGen: 23106050K->85624K(23550464K)] 23673074K->653823K(25291264K), 0.0530462 secs] [Times: user=1.59 sys=0.05, real=0.06 secs] 
2021-03-30T20:06:28.260+0200: 3223.709: [GC (Allocation Failure) [PSYoungGen: 23546488K->83084K(23552000K)] 24114687K->652499K(25292800K), 0.0526466 secs] [Times: user=1.47 sys=0.09, real=0.05 secs] 
2021-03-30T20:07:00.544+0200: 3255.992: [GC (Allocation Failure) [PSYoungGen: 23543948K->82491K(24030720K)] 24113363K->653131K(25771520K), 0.0514298 secs] [Times: user=1.57 sys=0.05, real=0.05 secs] 
2021-03-30T20:07:32.688+0200: 3288.136: [GC (Allocation Failure) [PSYoungGen: 24022587K->79520K(24031232K)] 24593227K->651472K(25772032K), 0.0569318 secs] [Times: user=1.55 sys=0.02, real=0.05 secs] 
2021-03-30T20:08:06.352+0200: 3321.800: [GC (Allocation Failure) [PSYoungGen: 24019616K->86466K(24529408K)] 24591568K->659682K(26270208K), 0.0643540 secs] [Times: user=2.08 sys=0.06, real=0.06 secs] 
2021-03-30T20:08:40.813+0200: 3356.262: [GC (Allocation Failure) [PSYoungGen: 24525762K->84994K(24530432K)] 25098978K->659450K(26271232K), 0.0533019 secs] [Times: user=1.47 sys=0.07, real=0.05 secs] 
2021-03-30T20:09:12.931+0200: 3388.380: [GC (Allocation Failure) [PSYoungGen: 24524290K->80340K(25037312K)] 25098746K->656116K(26778112K), 0.0509212 secs] [Times: user=1.50 sys=0.12, real=0.05 secs] 
2021-03-30T20:09:46.356+0200: 3421.804: [GC (Allocation Failure) [PSYoungGen: 25032148K->84187K(25042944K)] 25607924K->661211K(26783744K), 0.0382578 secs] [Times: user=0.78 sys=0.05, real=0.04 secs] 
2021-03-30T20:10:20.754+0200: 3456.202: [GC (Allocation Failure) [PSYoungGen: 25035995K->87648K(25527296K)] 25613019K->666152K(27268096K), 0.0555136 secs] [Times: user=1.39 sys=0.06, real=0.06 secs] 
2021-03-30T20:10:55.623+0200: 3491.071: [GC (Allocation Failure) [PSYoungGen: 25523808K->82690K(25528832K)] 26102312K->662489K(27269632K), 0.0578563 secs] [Times: user=1.60 sys=0.08, real=0.06 secs] 
2021-03-30T20:11:29.974+0200: 3525.422: [GC (Allocation Failure) [PSYoungGen: 25516114K->79758K(26025984K)] 26095913K->660885K(27766784K), 0.0510121 secs] [Times: user=1.29 sys=0.06, real=0.05 secs] 
2021-03-30T20:12:06.191+0200: 3561.639: [GC (Allocation Failure) [PSYoungGen: 26020750K->88393K(26032128K)] 26601877K->670841K(27772928K), 0.0501072 secs] [Times: user=1.21 sys=0.11, real=0.05 secs] 
2021-03-30T20:12:42.128+0200: 3597.576: [GC (Allocation Failure) [PSYoungGen: 26029385K->88601K(26533888K)] 26611833K->672369K(28274688K), 0.0571143 secs] [Times: user=1.52 sys=0.06, real=0.05 secs] 
2021-03-30T20:12:46.440+0200: 3601.889: [GC (System.gc()) [PSYoungGen: 4354314K->71812K(26534912K)] 4938081K->656932K(28275712K), 0.0362345 secs] [Times: user=1.31 sys=0.01, real=0.03 secs] 
2021-03-30T20:12:46.476+0200: 3601.925: [Full GC (System.gc()) [PSYoungGen: 71812K->0K(26534912K)] [ParOldGen: 585119K->390963K(1740800K)] 656932K->390963K(28275712K), [Metaspace: 61368K->61368K(63488K)], 0.1773403 secs] [Times: user=4.59 sys=0.08, real=0.18 secs] 
2021-03-30T20:13:23.291+0200: 3638.739: [GC (Allocation Failure) [PSYoungGen: 26441216K->48148K(26539008K)] 26832179K->439112K(28279808K), 0.0254579 secs] [Times: user=0.43 sys=0.00, real=0.02 secs] 
2021-03-30T20:13:58.720+0200: 3674.169: [GC (Allocation Failure) [PSYoungGen: 26492436K->67897K(26543616K)] 26883400K->458861K(28284416K), 0.0515842 secs] [Times: user=1.33 sys=0.01, real=0.05 secs] 
2021-03-30T20:14:35.477+0200: 3710.926: [GC (Allocation Failure) [PSYoungGen: 26512185K->73314K(27008512K)] 26903149K->464278K(28749312K), 0.0523599 secs] [Times: user=1.47 sys=0.05, real=0.06 secs] 
2021-03-30T20:15:11.689+0200: 3747.137: [GC (Allocation Failure) [PSYoungGen: 26982498K->81282K(27006976K)] 27373462K->472246K(28747776K), 0.0404629 secs] [Times: user=0.79 sys=0.06, real=0.04 secs] 
2021-03-30T20:15:48.569+0200: 3784.017: [GC (Allocation Failure) [PSYoungGen: 26990466K->83979K(27444736K)] 27381430K->474943K(29185536K), 0.0437344 secs] [Times: user=0.85 sys=0.06, real=0.04 secs] 
2021-03-30T20:16:26.574+0200: 3822.023: [GC (Allocation Failure) [PSYoungGen: 27440139K->81570K(27453952K)] 27831103K->472534K(29194752K), 0.0486680 secs] [Times: user=1.13 sys=0.03, real=0.05 secs] 
2021-03-30T20:17:04.546+0200: 3859.994: [GC (Allocation Failure) [PSYoungGen: 27437730K->83296K(27884544K)] 27828694K->474260K(29625344K), 0.0430883 secs] [Times: user=0.99 sys=0.04, real=0.05 secs] 
2021-03-30T20:17:44.554+0200: 3900.002: [GC (Allocation Failure) [PSYoungGen: 27882336K->87705K(27895808K)] 28273300K->478669K(29636608K), 0.0418605 secs] [Times: user=0.85 sys=0.05, real=0.04 secs] 
2021-03-30T20:18:22.202+0200: 3937.651: [GC (Allocation Failure) [PSYoungGen: 27886745K->87097K(28329472K)] 28277709K->478061K(30070272K), 0.0588887 secs] [Times: user=1.37 sys=0.05, real=0.06 secs] 
2021-03-30T20:19:00.550+0200: 3975.999: [GC (Allocation Failure) [PSYoungGen: 28318265K->86585K(28330496K)] 28709229K->477549K(30071296K), 0.0440912 secs] [Times: user=1.01 sys=0.04, real=0.04 secs] 
2021-03-30T20:19:38.701+0200: 4014.150: [GC (Allocation Failure) [PSYoungGen: 28317753K->97561K(28784640K)] 28708717K->488525K(30525440K), 0.0446910 secs] [Times: user=1.11 sys=0.14, real=0.04 secs] 
2021-03-30T20:20:18.349+0200: 4053.798: [GC (Allocation Failure) [PSYoungGen: 28782361K->88793K(28788736K)] 29173325K->479757K(30529536K), 0.0495769 secs] [Times: user=1.09 sys=0.06, real=0.04 secs] 
2021-03-30T20:20:58.430+0200: 4093.878: [GC (Allocation Failure) [PSYoungGen: 28773593K->88656K(29223936K)] 29164557K->479620K(30964736K), 0.0429883 secs] [Times: user=1.00 sys=0.06, real=0.04 secs] 
2021-03-30T20:21:38.430+0200: 4133.879: [GC (Allocation Failure) [PSYoungGen: 29221968K->93913K(29237248K)] 29612932K->484877K(30978048K), 0.0513997 secs] [Times: user=1.36 sys=0.12, real=0.05 secs] 
2021-03-30T20:22:18.134+0200: 4173.583: [GC (Allocation Failure) [PSYoungGen: 29227225K->93378K(29700608K)] 29618189K->484342K(31441408K), 0.0522355 secs] [Times: user=1.47 sys=0.07, real=0.05 secs] 
2021-03-30T20:22:58.398+0200: 4213.847: [GC (Allocation Failure) [PSYoungGen: 29688514K->91282K(29701632K)] 30079478K->487346K(31442432K), 0.0529297 secs] [Times: user=1.27 sys=0.08, real=0.06 secs] 
2021-03-30T20:23:38.242+0200: 4253.690: [GC (Allocation Failure) [PSYoungGen: 29686418K->89385K(30150144K)] 30082482K->487913K(31890944K), 0.0410820 secs] [Times: user=0.86 sys=0.04, real=0.04 secs] 
2021-03-30T20:24:21.308+0200: 4296.756: [GC (Allocation Failure) [PSYoungGen: 30149929K->90793K(30170624K)] 30548457K->491001K(31911424K), 0.0439532 secs] [Times: user=0.83 sys=0.05, real=0.04 secs] 
2021-03-30T20:25:00.138+0200: 4335.586: [GC (Allocation Failure) [PSYoungGen: 30155433K->95360K(30620672K)] 30555641K->497128K(32361472K), 0.0460155 secs] [Times: user=1.02 sys=0.09, real=0.05 secs] 
2021-03-30T20:25:40.916+0200: 4376.365: [GC (Allocation Failure) [PSYoungGen: 30610560K->89545K(30621696K)] 31012328K->492841K(32362496K), 0.0464837 secs] [Times: user=1.14 sys=0.18, real=0.05 secs] 
2021-03-30T20:26:22.250+0200: 4417.699: [GC (Allocation Failure) [PSYoungGen: 30604745K->93225K(31075328K)] 31008041K->498113K(32816128K), 0.0458524 secs] [Times: user=1.20 sys=0.05, real=0.04 secs] 
2021-03-30T20:27:04.266+0200: 4459.715: [GC (Allocation Failure) [PSYoungGen: 31067177K->93545K(31079424K)] 31472065K->499945K(32820224K), 0.0418466 secs] [Times: user=0.81 sys=0.03, real=0.05 secs] 
2021-03-30T20:27:46.885+0200: 4502.334: [GC (Allocation Failure) [PSYoungGen: 31067497K->93705K(31531008K)] 31473897K->501713K(33271808K), 0.0590533 secs] [Times: user=1.39 sys=0.06, real=0.06 secs] 
2021-03-30T20:28:28.407+0200: 4543.856: [GC (Allocation Failure) [PSYoungGen: 31518729K->89545K(31531008K)] 31926737K->499065K(33271808K), 0.0638182 secs] [Times: user=1.45 sys=0.06, real=0.06 secs] 
2021-03-30T20:29:12.152+0200: 4587.601: [GC (Allocation Failure) [PSYoungGen: 31514569K->86647K(32046592K)] 31924089K->497727K(33787392K), 0.0554368 secs] [Times: user=1.44 sys=0.02, real=0.06 secs] 
2021-03-30T20:29:57.434+0200: 4632.882: [GC (Allocation Failure) [PSYoungGen: 32030327K->94313K(32047104K)] 32441407K->506945K(33787904K), 0.0430452 secs] [Times: user=0.75 sys=0.06, real=0.04 secs] 
2021-03-30T20:30:39.944+0200: 4675.392: [GC (Allocation Failure) [PSYoungGen: 32037993K->93353K(32521216K)] 32450625K->507585K(34262016K), 0.0448263 secs] [Times: user=0.98 sys=0.05, real=0.05 secs] 
2021-03-30T20:31:24.431+0200: 4719.879: [GC (Allocation Failure) [PSYoungGen: 32520873K->96416K(32533504K)] 32935105K->512312K(34274304K), 0.0437402 secs] [Times: user=0.86 sys=0.05, real=0.04 secs] 
2021-03-30T20:32:07.905+0200: 4763.353: [GC (Allocation Failure) [PSYoungGen: 32525984K->95456K(33006080K)] 32941880K->512984K(34746880K), 0.0491676 secs] [Times: user=1.19 sys=0.06, real=0.05 secs] 
2021-03-30T20:32:50.828+0200: 4806.276: [GC (Allocation Failure) [PSYoungGen: 32996576K->89138K(33006080K)] 33414104K->508298K(34746880K), 0.0470206 secs] [Times: user=1.02 sys=0.10, real=0.04 secs] 
2021-03-30T20:33:36.391+0200: 4851.839: [GC (Allocation Failure) [PSYoungGen: 32990258K->93161K(33463808K)] 33409418K->513937K(35204608K), 0.0455099 secs] [Times: user=1.08 sys=0.05, real=0.04 secs] 
2021-03-30T20:34:22.664+0200: 4898.112: [GC (Allocation Failure) [PSYoungGen: 33463785K->94770K(33475072K)] 33884561K->517170K(35215872K), 0.0445657 secs] [Times: user=0.82 sys=0.09, real=0.05 secs] 
2021-03-30T20:35:06.846+0200: 4942.294: [GC (Allocation Failure) [PSYoungGen: 33466418K->103929K(33933824K)] 33888818K->529057K(35674624K), 0.0468544 secs] [Times: user=1.06 sys=0.05, real=0.05 secs] 
2021-03-30T20:35:51.717+0200: 4987.165: [GC (Allocation Failure) [PSYoungGen: 33933817K->87918K(33937920K)] 34358945K->516110K(35678720K), 0.0746488 secs] [Times: user=1.98 sys=0.07, real=0.08 secs] 
2021-03-30T20:36:35.719+0200: 5031.168: [GC (Allocation Failure) [PSYoungGen: 33917806K->92672K(34471936K)] 34345998K->520864K(36212736K), 0.0550344 secs] [Times: user=1.46 sys=0.11, real=0.05 secs] 
2021-03-30T20:37:20.324+0200: 5075.773: [GC (Allocation Failure) [PSYoungGen: 34457088K->94176K(34470400K)] 34885280K->524064K(36211200K), 0.0611354 secs] [Times: user=1.55 sys=0.13, real=0.06 secs] 
2021-03-30T20:38:04.230+0200: 5119.679: [GC (Allocation Failure) [PSYoungGen: 34458592K->94080K(35004928K)] 34888480K->525648K(36745728K), 0.0482767 secs] [Times: user=1.00 sys=0.05, real=0.04 secs] 
2021-03-30T20:38:51.704+0200: 5167.153: [GC (Allocation Failure) [PSYoungGen: 35004800K->96112K(35021312K)] 35436368K->529352K(36762112K), 0.0512824 secs] [Times: user=1.18 sys=0.16, real=0.05 secs] 
2021-03-30T20:39:36.584+0200: 5212.032: [GC (Allocation Failure) [PSYoungGen: 35012976K->102905K(35540992K)] 35446216K->537857K(37281792K), 0.0449738 secs] [Times: user=0.95 sys=0.18, real=0.05 secs] 
2021-03-30T20:40:24.765+0200: 5260.214: [GC (Allocation Failure) [PSYoungGen: 35540985K->98793K(35550720K)] 35975937K->535473K(37291520K), 0.0514617 secs] [Times: user=1.20 sys=0.11, real=0.05 secs] 
2021-03-30T20:41:12.885+0200: 5308.333: [GC (Allocation Failure) [PSYoungGen: 35542505K->93719K(36067328K)] 35979185K->532167K(37808128K), 0.0524167 secs] [Times: user=1.29 sys=0.15, real=0.05 secs] 
2021-03-30T20:42:02.699+0200: 5358.148: [GC (Allocation Failure) [PSYoungGen: 36053527K->98450K(36066304K)] 36491975K->538618K(37807104K), 0.0510581 secs] [Times: user=1.13 sys=0.15, real=0.05 secs] 
2021-03-30T20:42:46.440+0200: 5401.889: [GC (System.gc()) [PSYoungGen: 33323367K->96352K(36580864K)] 33763535K->538320K(38321664K), 0.0469832 secs] [Times: user=1.13 sys=0.04, real=0.05 secs] 
2021-03-30T20:42:46.487+0200: 5401.936: [Full GC (System.gc()) [PSYoungGen: 96352K->0K(36580864K)] [ParOldGen: 441967K->394662K(1740800K)] 538320K->394662K(38321664K), [Metaspace: 61428K->61428K(63488K)], 0.1662799 secs] [Times: user=4.59 sys=0.12, real=0.16 secs] 
2021-03-30T20:43:35.797+0200: 5451.245: [GC (Allocation Failure) [PSYoungGen: 36475392K->62969K(36581376K)] 36870054K->457631K(38322176K), 0.0572252 secs] [Times: user=1.35 sys=0.05, real=0.06 secs] 
2021-03-30T20:44:26.283+0200: 5501.732: [GC (Allocation Failure) [PSYoungGen: 36538361K->83472K(37116928K)] 36933023K->478134K(38857728K), 0.0586331 secs] [Times: user=1.29 sys=0.04, real=0.06 secs] 
2021-03-30T20:45:16.725+0200: 5552.173: [GC (Allocation Failure) [PSYoungGen: 37089808K->83063K(37116416K)] 37484470K->477725K(38857216K), 0.0450729 secs] [Times: user=0.71 sys=0.04, real=0.05 secs] 
2021-03-30T20:46:08.375+0200: 5603.823: [GC (Allocation Failure) [PSYoungGen: 37089399K->85097K(37635584K)] 37484061K->479759K(39376384K), 0.0565398 secs] [Times: user=1.23 sys=0.05, real=0.06 secs] 
2021-03-30T20:46:58.553+0200: 5654.001: [GC (Allocation Failure) [PSYoungGen: 37611113K->87680K(37634560K)] 38005775K->482342K(39375360K), 0.0687132 secs] [Times: user=1.69 sys=0.03, real=0.07 secs] 
2021-03-30T20:47:48.772+0200: 5704.220: [GC (Allocation Failure) [PSYoungGen: 37613696K->87616K(38158848K)] 38008358K->482278K(39899648K), 0.0489649 secs] [Times: user=1.16 sys=0.12, real=0.05 secs] 
2021-03-30T20:48:40.272+0200: 5755.720: [GC (Allocation Failure) [PSYoungGen: 38158400K->93378K(38179328K)] 38553062K->488040K(39920128K), 0.0554161 secs] [Times: user=1.42 sys=0.04, real=0.06 secs] 
2021-03-30T20:49:31.703+0200: 5807.151: [GC (Allocation Failure) [PSYoungGen: 38167234K->90962K(38694912K)] 38561896K->485624K(40435712K), 0.0476836 secs] [Times: user=0.87 sys=0.07, real=0.05 secs] 
2021-03-30T20:50:22.262+0200: 5857.711: [GC (Allocation Failure) [PSYoungGen: 38694738K->95120K(38711808K)] 39089400K->489782K(40452608K), 0.0556098 secs] [Times: user=1.25 sys=0.01, real=0.05 secs] 
2021-03-30T20:51:16.497+0200: 5911.945: [GC (Allocation Failure) [PSYoungGen: 38702480K->99486K(39227392K)] 39097142K->494148K(40968192K), 0.0475795 secs] [Times: user=0.86 sys=0.06, real=0.05 secs] 
2021-03-30T20:52:08.618+0200: 5964.067: [GC (Allocation Failure) [PSYoungGen: 39227038K->98610K(39243264K)] 39621700K->493272K(40984064K), 0.0441675 secs] [Times: user=0.70 sys=0.06, real=0.05 secs] 
2021-03-30T20:53:02.508+0200: 6017.956: [GC (Allocation Failure) [PSYoungGen: 39234866K->105497K(39737344K)] 39629528K->500159K(41478144K), 0.0531261 secs] [Times: user=1.18 sys=0.07, real=0.05 secs] 
2021-03-30T20:53:56.828+0200: 6072.277: [GC (Allocation Failure) [PSYoungGen: 39734809K->104096K(39740928K)] 40129471K->498758K(41481728K), 0.0582395 secs] [Times: user=1.27 sys=0.12, real=0.05 secs] 
2021-03-30T20:54:50.097+0200: 6125.545: [GC (Allocation Failure) [PSYoungGen: 39733408K->107129K(40264192K)] 40128070K->501791K(42004992K), 0.0514510 secs] [Times: user=1.05 sys=0.08, real=0.06 secs] 
2021-03-30T20:55:45.790+0200: 6181.238: [GC (Allocation Failure) [PSYoungGen: 40257657K->113561K(40266752K)] 40652319K->508223K(42007552K), 0.0605670 secs] [Times: user=1.55 sys=0.11, real=0.06 secs] 
2021-03-30T20:56:41.344+0200: 6236.792: [GC (Allocation Failure) [PSYoungGen: 40264089K->107319K(40808960K)] 40658751K->508825K(42549760K), 0.0666251 secs] [Times: user=1.45 sys=0.03, real=0.07 secs] 
2021-03-30T20:57:36.563+0200: 6292.011: [GC (Allocation Failure) [PSYoungGen: 40795447K->104055K(40810496K)] 41196953K->508193K(42551296K), 0.0532437 secs] [Times: user=1.12 sys=0.09, real=0.05 secs] 
2021-03-30T20:58:32.021+0200: 6347.470: [GC (Allocation Failure) [PSYoungGen: 40792183K->110864K(41365504K)] 41196321K->517170K(43106304K), 0.0700262 secs] [Times: user=1.75 sys=0.08, real=0.07 secs] 
2021-03-30T20:59:28.579+0200: 6404.028: [GC (Allocation Failure) [PSYoungGen: 41354512K->103273K(41367552K)] 41760818K->511723K(43108352K), 0.0564454 secs] [Times: user=1.29 sys=0.15, real=0.05 secs] 
2021-03-30T21:00:26.018+0200: 6461.466: [GC (Allocation Failure) [PSYoungGen: 41346921K->115833K(41928704K)] 41755371K->526371K(43669504K), 0.0552709 secs] [Times: user=1.00 sys=0.13, real=0.06 secs] 
2021-03-30T21:01:22.807+0200: 6518.255: [GC (Allocation Failure) [PSYoungGen: 41927801K->109568K(41938432K)] 42338339K->522162K(43679232K), 0.0577915 secs] [Times: user=1.31 sys=0.15, real=0.06 secs] 
2021-03-30T21:02:20.443+0200: 6575.891: [GC (Allocation Failure) [PSYoungGen: 41921536K->107794K(42469376K)] 42334130K->522548K(44210176K), 0.0491786 secs] [Times: user=1.00 sys=0.09, real=0.05 secs] 
2021-03-30T21:03:19.728+0200: 6635.176: [GC (Allocation Failure) [PSYoungGen: 42469138K->109198K(42492928K)] 42883892K->526024K(44233728K), 0.0556901 secs] [Times: user=0.97 sys=0.07, real=0.05 secs] 
2021-03-30T21:04:15.860+0200: 6691.308: [GC (Allocation Failure) [PSYoungGen: 42476174K->104960K(43036160K)] 42893000K->523890K(44776960K), 0.0527898 secs] [Times: user=1.11 sys=0.07, real=0.05 secs] 
2021-03-30T21:05:14.014+0200: 6749.462: [GC (Allocation Failure) [PSYoungGen: 43016704K->107289K(43036160K)] 43435634K->528379K(44776960K), 0.0514931 secs] [Times: user=1.02 sys=0.14, real=0.05 secs] 
2021-03-30T21:06:13.357+0200: 6808.805: [GC (Allocation Failure) [PSYoungGen: 43019033K->105568K(43568128K)] 43440123K->528866K(45308928K), 0.0550789 secs] [Times: user=1.24 sys=0.09, real=0.06 secs] 
2021-03-30T21:07:12.981+0200: 6868.429: [GC (Allocation Failure) [PSYoungGen: 43555424K->115783K(43571712K)] 43978722K->541321K(45312512K), 0.0518604 secs] [Times: user=1.11 sys=0.08, real=0.05 secs] 
2021-03-30T21:08:11.796+0200: 6927.245: [GC (Allocation Failure) [PSYoungGen: 43565639K->107191K(44109312K)] 43991177K->534945K(45850112K), 0.0566435 secs] [Times: user=1.14 sys=0.06, real=0.06 secs] 
2021-03-30T21:09:11.400+0200: 6986.849: [GC (Allocation Failure) [PSYoungGen: 44092087K->104974K(44108288K)] 44519841K->535024K(45849088K), 0.0501171 secs] [Times: user=0.87 sys=0.07, real=0.05 secs] 
2021-03-30T21:10:10.809+0200: 7046.258: [GC (Allocation Failure) [PSYoungGen: 44089870K->106862K(44612608K)] 44519920K->539144K(46353408K), 0.0484058 secs] [Times: user=0.77 sys=0.05, real=0.04 secs] 
2021-03-30T21:11:10.253+0200: 7105.701: [GC (Allocation Failure) [PSYoungGen: 44612462K->107530K(44626432K)] 45044744K->542060K(46367232K), 0.0512332 secs] [Times: user=1.08 sys=0.12, real=0.05 secs] 
2021-03-30T21:12:12.004+0200: 7167.453: [GC (Allocation Failure) [PSYoungGen: 44613642K->108496K(45144576K)] 45048172K->545322K(46885376K), 0.0533093 secs] [Times: user=1.17 sys=0.15, real=0.05 secs] 
2021-03-30T21:12:46.440+0200: 7201.889: [GC (System.gc()) [PSYoungGen: 25689599K->102521K(45129728K)] 26126425K->541611K(46870528K), 0.0473713 secs] [Times: user=1.21 sys=0.18, real=0.05 secs] 
2021-03-30T21:12:46.488+0200: 7201.936: [Full GC (System.gc()) [PSYoungGen: 102521K->0K(45129728K)] [ParOldGen: 439090K->392650K(1740800K)] 541611K->392650K(46870528K), [Metaspace: 61433K->61433K(63488K)], 0.1343808 secs] [Times: user=3.29 sys=0.09, real=0.13 secs] 
