Java HotSpot(TM) 64-Bit Server VM (25.131-b11) for linux-amd64 JRE (1.8.0_131-b11), built on Mar 15 2017 01:23:40 by "java_re" with gcc 4.3.0 20080428 (Red Hat 4.3.0-8)
Memory: 4k page, physical 196649792k(194424360k free), swap 3905532k(3905532k free)
CommandLine flags: -XX:InitialHeapSize=2147483648 -XX:MaxHeapSize=187272527872 -XX:+PrintGC -XX:+PrintGCDateStamps -XX:+PrintGCDetails -XX:+PrintGCTimeStamps -XX:+UseParallelGC 
2021-03-30T19:12:47.612+0200: 1.262: [GC (Metadata GC Threshold) [PSYoungGen: 404765K->37720K(611840K)] 404765K->37808K(2010112K), 0.0243699 secs] [Times: user=0.43 sys=0.02, real=0.02 secs] 
2021-03-30T19:12:47.636+0200: 1.286: [Full GC (Metadata GC Threshold) [PSYoungGen: 37720K->0K(611840K)] [ParOldGen: 88K->36131K(882688K)] 37808K->36131K(1494528K), [Metaspace: 20779K->20779K(22528K)], 0.0381174 secs] [Times: user=0.77 sys=0.00, real=0.04 secs] 
2021-03-30T19:12:49.464+0200: 3.114: [GC (Metadata GC Threshold) [PSYoungGen: 438253K->82421K(792064K)] 474385K->118561K(1674752K), 0.0244413 secs] [Times: user=0.61 sys=0.04, real=0.02 secs] 
2021-03-30T19:12:49.488+0200: 3.138: [Full GC (Metadata GC Threshold) [PSYoungGen: 82421K->0K(792064K)] [ParOldGen: 36139K->105376K(1462272K)] 118561K->105376K(2254336K), [Metaspace: 34813K->34668K(36864K)], 0.0353008 secs] [Times: user=0.41 sys=0.10, real=0.04 secs] 
2021-03-30T19:12:51.216+0200: 4.866: [GC (Allocation Failure) [PSYoungGen: 709632K->72482K(1047552K)] 815008K->177867K(2509824K), 0.0219521 secs] [Times: user=0.55 sys=0.04, real=0.02 secs] 
2021-03-30T19:12:51.638+0200: 5.288: [GC (Allocation Failure) [PSYoungGen: 1047330K->31203K(1061888K)] 1152715K->271882K(2524160K), 0.0342227 secs] [Times: user=0.84 sys=0.35, real=0.04 secs] 
2021-03-30T19:12:54.515+0200: 8.165: [GC (Allocation Failure) [PSYoungGen: 1061859K->87012K(1117696K)] 1302538K->365941K(2579968K), 0.0176003 secs] [Times: user=0.47 sys=0.14, real=0.02 secs] 
2021-03-30T19:12:56.456+0200: 10.106: [GC (Allocation Failure) [PSYoungGen: 1117668K->178668K(1666560K)] 1396597K->500956K(3128832K), 0.0549507 secs] [Times: user=0.82 sys=0.84, real=0.06 secs] 
2021-03-30T19:13:00.004+0200: 13.654: [GC (Allocation Failure) [PSYoungGen: 1666540K->236019K(1723904K)] 1988828K->716033K(3186176K), 0.0620379 secs] [Times: user=0.52 sys=1.75, real=0.06 secs] 
2021-03-30T19:13:02.170+0200: 15.820: [GC (Allocation Failure) [PSYoungGen: 1723891K->358383K(2458624K)] 2203905K->956517K(3920896K), 0.0475433 secs] [Times: user=0.20 sys=1.63, real=0.05 secs] 
2021-03-30T19:13:04.590+0200: 18.240: [GC (Allocation Failure) [PSYoungGen: 2458607K->474099K(2574336K)] 3056741K->1285645K(4036608K), 0.0668179 secs] [Times: user=0.26 sys=2.47, real=0.06 secs] 
2021-03-30T19:13:06.729+0200: 20.379: [GC (Allocation Failure) [PSYoungGen: 2574323K->596529K(3282944K)] 3385869K->1619844K(4745216K), 0.0723565 secs] [Times: user=0.42 sys=2.56, real=0.07 secs] 
2021-03-30T19:13:10.335+0200: 23.985: [GC (Allocation Failure) [PSYoungGen: 3236913K->539127K(3372032K)] 4260228K->2073218K(4913664K), 0.0850097 secs] [Times: user=0.77 sys=2.18, real=0.08 secs] 
2021-03-30T19:13:10.420+0200: 24.070: [Full GC (Ergonomics) [PSYoungGen: 539127K->447409K(3372032K)] [ParOldGen: 1534091K->1541224K(3636224K)] 2073218K->1988633K(7008256K), [Metaspace: 40164K->39745K(43008K)], 0.2102073 secs] [Times: user=5.05 sys=1.45, real=0.22 secs] 
2021-03-30T19:13:14.395+0200: 28.045: [GC (Allocation Failure) [PSYoungGen: 3087793K->511811K(4214272K)] 4629017K->2500113K(7850496K), 0.0805456 secs] [Times: user=0.69 sys=1.66, real=0.08 secs] 
2021-03-30T19:13:18.167+0200: 31.817: [GC (Allocation Failure) [PSYoungGen: 3944259K->385351K(4241920K)] 5932561K->2817425K(7878144K), 0.0663832 secs] [Times: user=0.48 sys=2.04, real=0.07 secs] 
2021-03-30T19:13:22.081+0200: 35.731: [GC (Allocation Failure) [PSYoungGen: 3817799K->445530K(5259776K)] 6249873K->3206078K(8896000K), 0.0684138 secs] [Times: user=0.77 sys=1.83, real=0.07 secs] 
2021-03-30T19:13:26.928+0200: 40.578: [GC (Allocation Failure) [PSYoungGen: 4959322K->559669K(5292544K)] 7719870K->3708586K(8928768K), 0.0752784 secs] [Times: user=0.54 sys=2.48, real=0.08 secs] 
2021-03-30T19:13:27.003+0200: 40.653: [Full GC (Ergonomics) [PSYoungGen: 559669K->942K(5292544K)] [ParOldGen: 3148917K->3636198K(6505984K)] 3708586K->3637140K(11798528K), [Metaspace: 50849K->50127K(53248K)], 0.6830608 secs] [Times: user=22.84 sys=2.98, real=0.68 secs] 
2021-03-30T19:13:32.381+0200: 46.031: [GC (Allocation Failure) [PSYoungGen: 4514734K->615463K(6392832K)] 8150932K->4252094K(12898816K), 0.0824142 secs] [Times: user=0.99 sys=2.35, real=0.09 secs] 
2021-03-30T19:13:39.179+0200: 52.829: [GC (Allocation Failure) [PSYoungGen: 6300711K->861686K(6546944K)] 9937342K->4964093K(13052928K), 0.1695134 secs] [Times: user=0.65 sys=6.33, real=0.17 secs] 
2021-03-30T19:13:45.507+0200: 59.157: [GC (Allocation Failure) [PSYoungGen: 6546934K->879707K(7794176K)] 10649341K->5737366K(14300160K), 0.1404003 secs] [Times: user=1.11 sys=4.69, real=0.14 secs] 
2021-03-30T19:13:52.231+0200: 65.881: [GC (Allocation Failure) [PSYoungGen: 7513179K->1239008K(7872512K)] 12370838K->6686058K(14378496K), 0.1731418 secs] [Times: user=1.42 sys=5.73, real=0.17 secs] 
2021-03-30T19:13:59.829+0200: 73.479: [GC (Allocation Failure) [PSYoungGen: 7872480K->785090K(9447424K)] 13319530K->7321007K(15990272K), 0.1714647 secs] [Times: user=1.14 sys=5.80, real=0.17 secs] 
2021-03-30T19:14:00.000+0200: 73.650: [Full GC (Ergonomics) [PSYoungGen: 785090K->0K(9447424K)] [ParOldGen: 6535917K->5105733K(8925696K)] 7321007K->5105733K(18373120K), [Metaspace: 50535K->50535K(53248K)], 0.3846055 secs] [Times: user=8.35 sys=3.28, real=0.39 secs] 
2021-03-30T19:14:08.034+0200: 81.684: [GC (Allocation Failure) [PSYoungGen: 7894016K->902486K(9492480K)] 12999749K->6008220K(18418176K), 0.0412376 secs] [Times: user=1.28 sys=0.17, real=0.04 secs] 
2021-03-30T19:14:16.541+0200: 90.191: [GC (Allocation Failure) [PSYoungGen: 8796502K->1592312K(10562048K)] 13902236K->7026456K(19487744K), 0.1829846 secs] [Times: user=1.30 sys=6.13, real=0.19 secs] 
2021-03-30T19:14:26.871+0200: 100.522: [GC (Allocation Failure) [PSYoungGen: 10562040K->1956851K(10926592K)] 15996184K->8600192K(19852288K), 0.1896146 secs] [Times: user=2.68 sys=4.14, real=0.18 secs] 
2021-03-30T19:14:37.469+0200: 111.119: [GC (Allocation Failure) [PSYoungGen: 10926579K->1142790K(13241856K)] 17569920K->9525483K(22167552K), 0.2656602 secs] [Times: user=1.93 sys=9.25, real=0.27 secs] 
2021-03-30T19:14:37.735+0200: 111.385: [Full GC (Ergonomics) [PSYoungGen: 1142790K->0K(13241856K)] [ParOldGen: 8382693K->5600791K(10492928K)] 9525483K->5600791K(23734784K), [Metaspace: 50810K->50810K(53248K)], 0.4149644 secs] [Times: user=9.70 sys=1.67, real=0.42 secs] 
2021-03-30T19:14:49.823+0200: 123.473: [GC (Allocation Failure) [PSYoungGen: 10717184K->939368K(13298176K)] 16317975K->6540160K(23791104K), 0.0403389 secs] [Times: user=1.18 sys=0.00, real=0.04 secs] 
2021-03-30T19:15:22.299+0200: 155.949: [GC (Allocation Failure) [PSYoungGen: 11656552K->1723918K(14514688K)] 17257344K->7324718K(25007616K), 0.1999982 secs] [Times: user=1.61 sys=6.08, real=0.20 secs] 
2021-03-30T19:15:59.559+0200: 193.209: [GC (Allocation Failure) [PSYoungGen: 13789710K->1467164K(14625280K)] 19390510K->7067972K(25118208K), 0.1317280 secs] [Times: user=1.80 sys=3.28, real=0.14 secs] 
2021-03-30T19:16:29.055+0200: 222.705: [GC (Allocation Failure) [PSYoungGen: 13532956K->1731204K(15843328K)] 19133764K->7332020K(26336256K), 0.1633998 secs] [Times: user=1.93 sys=4.50, real=0.16 secs] 
2021-03-30T19:16:56.407+0200: 250.057: [GC (Allocation Failure) [PSYoungGen: 15029380K->2159092K(15919104K)] 20630196K->7759908K(26412032K), 0.1000159 secs] [Times: user=3.14 sys=0.64, real=0.10 secs] 
2021-03-30T19:17:12.289+0200: 265.939: [GC (Allocation Failure) [PSYoungGen: 15457268K->2831331K(16649728K)] 21058084K->9184166K(27142656K), 0.3373217 secs] [Times: user=3.74 sys=10.37, real=0.34 secs] 
2021-03-30T19:17:23.614+0200: 277.264: [GC (Allocation Failure) [PSYoungGen: 16649699K->3522033K(17340416K)] 23002534K->10990241K(27833344K), 0.1653743 secs] [Times: user=6.51 sys=0.02, real=0.16 secs] 
2021-03-30T19:17:33.332+0200: 286.982: [GC (Allocation Failure) [PSYoungGen: 17340401K->4472309K(18737152K)] 24808609K->13231333K(29230080K), 0.5591962 secs] [Times: user=4.36 sys=18.96, real=0.56 secs] 
2021-03-30T19:17:33.891+0200: 287.541: [Full GC (Ergonomics) [PSYoungGen: 4472309K->0K(18737152K)] [ParOldGen: 8759024K->6815484K(12290560K)] 13231333K->6815484K(31027712K), [Metaspace: 51179K->51179K(53248K)], 0.5531564 secs] [Times: user=11.57 sys=2.87, real=0.55 secs] 
2021-03-30T19:17:44.248+0200: 297.898: [GC (Allocation Failure) [PSYoungGen: 14264832K->2101498K(19924992K)] 21080316K->8916983K(32215552K), 0.0816612 secs] [Times: user=2.52 sys=0.00, real=0.09 secs] 
2021-03-30T19:17:53.546+0200: 307.196: [GC (Allocation Failure) [PSYoungGen: 16366330K->4607547K(21047808K)] 23181815K->11423031K(33338368K), 0.2911197 secs] [Times: user=3.89 sys=7.60, real=0.29 secs] 
2021-03-30T19:18:03.783+0200: 317.433: [GC (GCLocker Initiated GC) [PSYoungGen: 20315195K->2834995K(21619200K)] 27130689K->13699160K(33909760K), 0.4389392 secs] [Times: user=6.13 sys=12.23, real=0.43 secs] 
2021-03-30T19:18:04.222+0200: 317.872: [Full GC (Ergonomics) [PSYoungGen: 2834995K->0K(21619200K)] [ParOldGen: 10864164K->10245890K(17234432K)] 13699160K->10245890K(38853632K), [Metaspace: 51193K->51193K(53248K)], 0.6440572 secs] [Times: user=14.35 sys=3.13, real=0.65 secs] 
2021-03-30T19:18:14.933+0200: 328.584: [GC (Allocation Failure) [PSYoungGen: 15707648K->2432015K(22819840K)] 25953549K->12677917K(40054272K), 0.1022509 secs] [Times: user=2.73 sys=0.37, real=0.10 secs] 
2021-03-30T19:18:51.603+0200: 365.253: [GC (Allocation Failure) [PSYoungGen: 20424207K->1887286K(23387648K)] 30670109K->13930750K(40622080K), 0.2437722 secs] [Times: user=3.45 sys=5.53, real=0.24 secs] 
2021-03-30T19:19:19.776+0200: 393.426: [GC (Allocation Failure) [PSYoungGen: 19879478K->2151011K(24843776K)] 31922942K->15484295K(42078208K), 0.2653028 secs] [Times: user=3.33 sys=7.61, real=0.26 secs] 
2021-03-30T19:19:47.040+0200: 420.690: [GC (Allocation Failure) [PSYoungGen: 22396003K->2925712K(25222144K)] 35729287K->17587964K(42456576K), 0.2486384 secs] [Times: user=3.45 sys=6.72, real=0.25 secs] 
2021-03-30T19:19:47.289+0200: 420.939: [Full GC (Ergonomics) [PSYoungGen: 2925712K->0K(25222144K)] [ParOldGen: 14662251K->4301401K(11783680K)] 17587964K->4301401K(37005824K), [Metaspace: 51203K->51203K(53248K)], 0.6347920 secs] [Times: user=8.60 sys=1.88, real=0.64 secs] 
2021-03-30T19:20:10.445+0200: 444.095: [GC (Allocation Failure) [PSYoungGen: 20244992K->2917212K(27618816K)] 24546393K->7218614K(39402496K), 0.3174213 secs] [Times: user=1.47 sys=11.37, real=0.32 secs] 
2021-03-30T19:20:35.422+0200: 469.072: [GC (Allocation Failure) [PSYoungGen: 25622364K->4838908K(27544064K)] 29923766K->10706995K(39327744K), 0.2260242 secs] [Times: user=9.00 sys=0.01, real=0.22 secs] 
2021-03-30T19:21:08.243+0200: 501.893: [GC (Allocation Failure) [PSYoungGen: 27544060K->2413256K(30566912K)] 33412147K->10233012K(42350592K), 0.3149535 secs] [Times: user=2.97 sys=10.02, real=0.31 secs] 
2021-03-30T19:21:42.465+0200: 536.115: [GC (Allocation Failure) [PSYoungGen: 27482312K->3971827K(30884352K)] 35302068K->11791583K(42668032K), 0.1455772 secs] [Times: user=5.61 sys=0.02, real=0.15 secs] 
2021-03-30T19:22:15.232+0200: 568.882: [GC (GCLocker Initiated GC) [PSYoungGen: 29040883K->4675161K(33033728K)] 36861166K->12495452K(44817408K), 0.5526778 secs] [Times: user=3.64 sys=19.54, real=0.55 secs] 
2021-03-30T19:22:50.480+0200: 604.130: [GC (Allocation Failure) [PSYoungGen: 31773273K->4779800K(33371648K)] 39593630K->12600157K(45155328K), 0.2518111 secs] [Times: user=5.52 sys=2.28, real=0.26 secs] 
2021-03-30T19:23:30.709+0200: 644.359: [GC (Allocation Failure) [PSYoungGen: 31877912K->4356597K(36227584K)] 39698269K->12176954K(48011264K), 0.3830699 secs] [Times: user=3.47 sys=12.38, real=0.39 secs] 
2021-03-30T19:24:06.247+0200: 679.897: [GC (Allocation Failure) [PSYoungGen: 34014197K->5407675K(36293632K)] 41834554K->13228032K(48077312K), 0.1776978 secs] [Times: user=6.77 sys=0.00, real=0.18 secs] 
2021-03-30T19:24:39.047+0200: 712.697: [GC (Allocation Failure) [PSYoungGen: 35065275K->6135937K(38730752K)] 42885632K->13956294K(50514432K), 0.5615419 secs] [Times: user=3.90 sys=19.58, real=0.56 secs] 
2021-03-30T19:25:05.090+0200: 738.740: [GC (Allocation Failure) [PSYoungGen: 37811329K->7647733K(39323136K)] 45631686K->16755802K(51106816K), 0.2683205 secs] [Times: user=10.38 sys=0.01, real=0.26 secs] 
2021-03-30T19:25:05.359+0200: 739.009: [Full GC (Ergonomics) [PSYoungGen: 7647733K->0K(39323136K)] [ParOldGen: 9108069K->8039108K(15825408K)] 16755802K->8039108K(55148544K), [Metaspace: 51242K->51242K(53248K)], 0.6385634 secs] [Times: user=12.61 sys=4.71, real=0.64 secs] 
2021-03-30T19:25:39.992+0200: 773.642: [GC (Allocation Failure) [PSYoungGen: 31675392K->3973206K(43783680K)] 39714500K->12012314K(59609088K), 0.3917735 secs] [Times: user=4.09 sys=6.08, real=0.39 secs] 
2021-03-30T19:26:38.632+0200: 832.282: [GC (Allocation Failure) [PSYoungGen: 39020118K->3684126K(43783168K)] 47059226K->11723235K(59608576K), 0.1581267 secs] [Times: user=4.80 sys=0.00, real=0.15 secs] 
2021-03-30T19:27:52.158+0200: 905.808: [GC (Allocation Failure) [PSYoungGen: 38731038K->3804085K(45718016K)] 46770147K->11843202K(61543424K), 0.3757598 secs] [Times: user=3.35 sys=12.05, real=0.38 secs] 
2021-03-30T19:28:44.479+0200: 958.129: [GC (Allocation Failure) [PSYoungGen: 41995189K->5177130K(46257664K)] 50034306K->13216246K(62083072K), 0.1798666 secs] [Times: user=6.32 sys=0.01, real=0.18 secs] 
2021-03-30T19:29:31.863+0200: 1005.513: [GC (Allocation Failure) [PSYoungGen: 43368234K->5669091K(49227776K)] 51407350K->13708208K(65053184K), 0.5240865 secs] [Times: user=4.59 sys=17.12, real=0.52 secs] 
2021-03-30T19:30:16.843+0200: 1050.493: [GC (Allocation Failure) [PSYoungGen: 46858979K->7423908K(49357824K)] 54898096K->15463025K(65183232K), 0.2553367 secs] [Times: user=10.27 sys=0.00, real=0.25 secs] 
2021-03-30T19:30:53.527+0200: 1087.177: [GC (Allocation Failure) [PSYoungGen: 48613796K->8897527K(49541632K)] 56652913K->17314106K(65367040K), 0.7548809 secs] [Times: user=7.23 sys=24.58, real=0.76 secs] 
2021-03-30T19:31:30.860+0200: 1124.510: [GC (Allocation Failure) [PSYoungGen: 49541623K->9078582K(49722880K)] 57958202K->17495161K(65548288K), 0.2886721 secs] [Times: user=11.81 sys=0.00, real=0.29 secs] 
2021-03-30T19:32:04.218+0200: 1157.868: [GC (Allocation Failure) [PSYoungGen: 49722678K->11098620K(46813184K)] 58139257K->19612339K(62638592K), 0.3376914 secs] [Times: user=13.75 sys=0.00, real=0.34 secs] 
2021-03-30T19:32:50.245+0200: 1203.895: [GC (Allocation Failure) [PSYoungGen: 46813180K->6990552K(48337920K)] 55326899K->15504270K(64163328K), 0.2079998 secs] [Times: user=8.21 sys=0.05, real=0.21 secs] 
2021-03-30T19:33:40.744+0200: 1254.394: [GC (Allocation Failure) [PSYoungGen: 42705112K->6591023K(47057408K)] 51218830K->15104742K(62882816K), 0.2512469 secs] [Times: user=8.48 sys=0.04, real=0.25 secs] 
2021-03-30T19:34:36.784+0200: 1310.434: [GC (Allocation Failure) [PSYoungGen: 42640943K->4698484K(47865344K)] 51154662K->13212203K(63690752K), 0.1526217 secs] [Times: user=5.88 sys=0.01, real=0.15 secs] 
2021-03-30T19:35:24.024+0200: 1357.674: [GC (Allocation Failure) [PSYoungGen: 40748404K->6246063K(47875584K)] 49262123K->14759782K(63700992K), 0.1993124 secs] [Times: user=7.97 sys=0.00, real=0.20 secs] 
2021-03-30T19:36:05.656+0200: 1399.306: [GC (Allocation Failure) [PSYoungGen: 43864751K->8055732K(48654848K)] 52378470K->16569451K(64480256K), 0.2501877 secs] [Times: user=9.79 sys=0.01, real=0.25 secs] 
2021-03-30T19:37:08.673+0200: 1462.323: [GC (Allocation Failure) [PSYoungGen: 45674420K->2876650K(49520128K)] 54188139K->11390368K(65345536K), 0.1093844 secs] [Times: user=3.82 sys=0.00, real=0.11 secs] 
2021-03-30T19:38:12.059+0200: 1525.709: [GC (Allocation Failure) [PSYoungGen: 41136874K->3352974K(41613312K)] 49650592K->12893501K(57438720K), 0.1674136 secs] [Times: user=6.31 sys=0.12, real=0.17 secs] 
2021-03-30T19:39:05.008+0200: 1578.658: [GC (Allocation Failure) [PSYoungGen: 41613198K->4288954K(49921536K)] 51153725K->14122138K(65746944K), 0.1777646 secs] [Times: user=7.02 sys=0.01, real=0.18 secs] 
2021-03-30T19:39:49.191+0200: 1622.841: [GC (Allocation Failure) [PSYoungGen: 42952634K->6278387K(44942336K)] 52785818K->16114795K(60767744K), 0.1982105 secs] [Times: user=7.95 sys=0.01, real=0.19 secs] 
2021-03-30T19:40:24.809+0200: 1658.459: [GC (Allocation Failure) [PSYoungGen: 44942067K->8052333K(49038848K)] 54778475K->17889229K(64864256K), 0.2454135 secs] [Times: user=9.47 sys=0.02, real=0.25 secs] 
2021-03-30T19:40:52.775+0200: 1686.425: [GC (Allocation Failure) [PSYoungGen: 46421101K->8178897K(49428480K)] 56257997K->18016193K(65253888K), 0.2491572 secs] [Times: user=9.38 sys=0.00, real=0.25 secs] 
2021-03-30T19:41:20.865+0200: 1714.515: [GC (Allocation Failure) [PSYoungGen: 46547665K->8655608K(48741888K)] 56384961K->18493408K(64567296K), 0.2649814 secs] [Times: user=10.62 sys=0.00, real=0.27 secs] 
2021-03-30T19:41:47.132+0200: 1740.782: [GC (Allocation Failure) [PSYoungGen: 46005496K->8887589K(46237696K)] 55843296K->18725773K(62063104K), 0.2729259 secs] [Times: user=10.99 sys=0.01, real=0.27 secs] 
2021-03-30T19:42:52.002+0200: 1805.652: [GC (Allocation Failure) [PSYoungGen: 46237477K->2118490K(48351744K)] 56075661K->11957122K(64177152K), 0.1071002 secs] [Times: user=3.72 sys=0.00, real=0.10 secs] 
2021-03-30T19:43:46.216+0200: 1859.866: [GC (Allocation Failure) [PSYoungGen: 38275418K->3972189K(40129536K)] 48114050K->13811318K(55954944K), 0.1558511 secs] [Times: user=6.09 sys=0.00, real=0.16 secs] 
2021-03-30T19:44:24.005+0200: 1897.655: [GC (Allocation Failure) [PSYoungGen: 40129117K->6388193K(48973824K)] 49968246K->16227818K(64799232K), 0.2250117 secs] [Times: user=9.01 sys=0.00, real=0.23 secs] 
2021-03-30T19:44:55.075+0200: 1928.725: [GC (Allocation Failure) [PSYoungGen: 43210209K->9017166K(48516096K)] 53049834K->18857230K(64341504K), 0.2695584 secs] [Times: user=11.08 sys=0.00, real=0.27 secs] 
2021-03-30T19:45:28.755+0200: 1962.406: [GC (Allocation Failure) [PSYoungGen: 45839182K->8572608K(48222208K)] 55679246K->18413160K(64047616K), 0.2600558 secs] [Times: user=10.68 sys=0.00, real=0.26 secs] 
2021-03-30T19:46:01.028+0200: 1994.678: [GC (Allocation Failure) [PSYoungGen: 44551360K->8720230K(44699136K)] 54391912K->18561231K(60524544K), 0.2685131 secs] [Times: user=11.04 sys=0.00, real=0.27 secs] 
2021-03-30T19:46:54.454+0200: 2048.104: [GC (Allocation Failure) [PSYoungGen: 44698982K->2635800K(48050688K)] 54539983K->12477480K(63876096K), 0.1181499 secs] [Times: user=4.32 sys=0.00, real=0.12 secs] 
2021-03-30T19:47:53.958+0200: 2107.608: [GC (Allocation Failure) [PSYoungGen: 37978648K->2983957K(48152064K)] 47820328K->12827046K(63977472K), 0.1224038 secs] [Times: user=4.60 sys=0.01, real=0.12 secs] 
2021-03-30T19:48:45.568+0200: 2159.218: [GC (Allocation Failure) [PSYoungGen: 38326805K->3241033K(47718400K)] 48169894K->13084681K(63543808K), 0.1390604 secs] [Times: user=5.17 sys=0.13, real=0.14 secs] 
2021-03-30T19:49:38.186+0200: 2211.836: [GC (Allocation Failure) [PSYoungGen: 38662217K->3415799K(47946752K)] 48505865K->13259912K(63772160K), 0.1333959 secs] [Times: user=5.10 sys=0.00, real=0.13 secs] 
2021-03-30T19:50:21.094+0200: 2254.744: [GC (Allocation Failure) [PSYoungGen: 38836983K->5086289K(47283200K)] 48681096K->14930817K(63108608K), 0.1821119 secs] [Times: user=7.01 sys=0.09, real=0.18 secs] 
2021-03-30T19:51:04.002+0200: 2297.652: [GC (Allocation Failure) [PSYoungGen: 41284689K->6318495K(47829504K)] 51129217K->16163439K(63654912K), 0.1937713 secs] [Times: user=7.66 sys=0.00, real=0.20 secs] 
2021-03-30T19:51:40.519+0200: 2334.169: [GC (Allocation Failure) [PSYoungGen: 42516895K->7209534K(49191936K)] 52361839K->17054911K(65017344K), 0.2247571 secs] [Times: user=9.34 sys=0.00, real=0.23 secs] 
2021-03-30T19:52:09.077+0200: 2362.727: [GC (Allocation Failure) [PSYoungGen: 45205054K->8482547K(46478336K)] 55050431K->18328387K(62303744K), 0.2563357 secs] [Times: user=10.33 sys=0.00, real=0.26 secs] 
2021-03-30T19:52:37.450+0200: 2391.100: [GC (Allocation Failure) [PSYoungGen: 46478067K->9165674K(47941632K)] 56323907K->19011947K(63767040K), 0.2809425 secs] [Times: user=11.36 sys=0.00, real=0.29 secs] 
2021-03-30T19:53:05.048+0200: 2418.698: [GC (Allocation Failure) [PSYoungGen: 45272426K->8769015K(44875776K)] 55118699K->18615896K(60701184K), 0.2667762 secs] [Times: user=10.76 sys=0.00, real=0.27 secs] 
2021-03-30T19:53:55.219+0200: 2468.869: [GC (Allocation Failure) [PSYoungGen: 44875767K->3032562K(48253952K)] 54722648K->12879971K(64079360K), 0.1228035 secs] [Times: user=4.66 sys=0.00, real=0.13 secs] 
2021-03-30T19:54:39.280+0200: 2512.930: [GC (Allocation Failure) [PSYoungGen: 38558706K->4860844K(40387072K)] 48406115K->14708934K(56212480K), 0.1885387 secs] [Times: user=6.77 sys=0.00, real=0.19 secs] 
2021-03-30T19:55:18.766+0200: 2552.416: [GC (Allocation Failure) [PSYoungGen: 40386988K->5840255K(48393728K)] 50235078K->15689400K(64219136K), 0.2207805 secs] [Times: user=8.92 sys=0.01, real=0.22 secs] 
2021-03-30T19:55:55.294+0200: 2588.944: [GC (Allocation Failure) [PSYoungGen: 41950591K->6857411K(47809536K)] 51799736K->16707327K(63634944K), 0.2289333 secs] [Times: user=9.33 sys=0.00, real=0.23 secs] 
2021-03-30T19:56:23.404+0200: 2617.054: [GC (Allocation Failure) [PSYoungGen: 42967747K->9387522K(47737344K)] 52817663K->19238030K(63562752K), 0.2945275 secs] [Times: user=11.95 sys=0.01, real=0.29 secs] 
2021-03-30T19:56:47.599+0200: 2641.249: [GC (Allocation Failure) [PSYoungGen: 45689346K->10990374K(47292416K)] 55539854K->20841354K(63117824K), 0.3263620 secs] [Times: user=13.20 sys=0.00, real=0.33 secs] 
2021-03-30T19:58:10.780+0200: 2724.430: [GC (Allocation Failure) [PSYoungGen: 47292198K->2454294K(47486976K)] 57143178K->12305786K(63312384K), 0.1083805 secs] [Times: user=3.90 sys=0.12, real=0.11 secs] 
2021-03-30T19:59:02.098+0200: 2775.748: [GC (Allocation Failure) [PSYoungGen: 36714774K->3946848K(38207488K)] 46566266K->13798844K(54032896K), 0.1267867 secs] [Times: user=4.62 sys=0.00, real=0.13 secs] 
2021-03-30T19:59:40.506+0200: 2814.156: [GC (Allocation Failure) [PSYoungGen: 38207328K->6009888K(48127488K)] 48059324K->15994873K(63952896K), 0.2000853 secs] [Times: user=7.05 sys=0.08, real=0.20 secs] 
2021-03-30T20:00:07.203+0200: 2840.853: [GC (Allocation Failure) [PSYoungGen: 41049120K->8530762K(47472640K)] 51034105K->18516171K(63298048K), 0.2447226 secs] [Times: user=9.71 sys=0.00, real=0.24 secs] 
2021-03-30T20:00:33.807+0200: 2867.457: [GC (Allocation Failure) [PSYoungGen: 43569994K->8599707K(47924736K)] 53555403K->18585484K(63750144K), 0.2779487 secs] [Times: user=9.72 sys=0.01, real=0.28 secs] 
2021-03-30T20:01:26.114+0200: 2919.764: [GC (Allocation Failure) [PSYoungGen: 43848347K->2680076K(37928960K)] 53834124K->12666285K(53754368K), 0.1197977 secs] [Times: user=4.53 sys=0.00, real=0.12 secs] 
2021-03-30T20:02:14.647+0200: 2968.298: [GC (Allocation Failure) [PSYoungGen: 37928716K->3208295K(48203776K)] 47914925K->13194928K(64029184K), 0.1522564 secs] [Times: user=5.95 sys=0.00, real=0.15 secs] 
2021-03-30T20:03:09.605+0200: 3023.255: [GC (Allocation Failure) [PSYoungGen: 38504039K->3606860K(38902784K)] 48490672K->13593941K(54728192K), 0.1362818 secs] [Times: user=5.21 sys=0.00, real=0.13 secs] 
2021-03-30T20:04:04.689+0200: 3078.340: [GC (Allocation Failure) [PSYoungGen: 38902604K->3315176K(44143104K)] 48889685K->13302697K(59968512K), 0.1709320 secs] [Times: user=4.97 sys=0.04, real=0.17 secs] 
2021-03-30T20:04:48.038+0200: 3121.688: [GC (Allocation Failure) [PSYoungGen: 37068264K->4295257K(36581888K)] 47055785K->14283250K(52407296K), 0.2206886 secs] [Times: user=5.62 sys=0.08, real=0.22 secs] 
2021-03-30T20:05:27.646+0200: 3161.297: [GC (Allocation Failure) [PSYoungGen: 36581465K->5066333K(40046080K)] 46569458K->15054798K(55871488K), 0.2738837 secs] [Times: user=7.43 sys=0.33, real=0.27 secs] 
2021-03-30T20:05:59.095+0200: 3192.745: [GC (Allocation Failure) [PSYoungGen: 35957853K->7044522K(42030080K)] 45946318K->17033355K(57855488K), 0.2143436 secs] [Times: user=8.30 sys=0.06, real=0.21 secs] 
2021-03-30T20:06:23.157+0200: 3216.808: [GC (Allocation Failure) [PSYoungGen: 37936042K->8731417K(43377664K)] 47924875K->18720594K(59203072K), 0.2826414 secs] [Times: user=11.62 sys=0.00, real=0.28 secs] 
2021-03-30T20:06:43.987+0200: 3237.637: [GC (Allocation Failure) [PSYoungGen: 40914713K->10955649K(44005376K)] 50903890K->20945234K(59830784K), 0.3249979 secs] [Times: user=13.22 sys=0.00, real=0.33 secs] 
2021-03-30T20:07:05.510+0200: 3259.160: [GC (Allocation Failure) [PSYoungGen: 43138945K->11604455K(45295104K)] 53128530K->21594448K(61120512K), 0.9092464 secs] [Times: user=8.78 sys=29.54, real=0.90 secs] 
2021-03-30T20:07:35.890+0200: 3289.540: [GC (Allocation Failure) [PSYoungGen: 43776999K->8151591K(46566912K)] 53766992K->18142368K(62392320K), 0.2359327 secs] [Times: user=9.08 sys=0.16, real=0.23 secs] 
2021-03-30T20:08:03.155+0200: 3316.805: [GC (Allocation Failure) [PSYoungGen: 40324135K->6235922K(45121536K)] 50314912K->16227299K(60946944K), 0.2047527 secs] [Times: user=7.81 sys=0.00, real=0.20 secs] 
2021-03-30T20:08:56.475+0200: 3370.125: [GC (Allocation Failure) [PSYoungGen: 38683410K->2303467K(45981696K)] 48674787K->12295525K(61807104K), 0.1152953 secs] [Times: user=3.62 sys=0.01, real=0.12 secs] 
2021-03-30T20:09:46.931+0200: 3420.581: [GC (Allocation Failure) [PSYoungGen: 34750955K->3107855K(47245312K)] 44743013K->13100360K(63070720K), 0.1437323 secs] [Times: user=5.26 sys=0.01, real=0.14 secs] 
2021-03-30T20:10:35.088+0200: 3468.738: [GC (Allocation Failure) [PSYoungGen: 36879375K->4210484K(37982208K)] 46871880K->14202989K(53807616K), 0.1474027 secs] [Times: user=5.50 sys=0.01, real=0.15 secs] 
2021-03-30T20:11:16.269+0200: 3509.919: [GC (Allocation Failure) [PSYoungGen: 37982004K->5363419K(47693312K)] 47974509K->15355924K(63518720K), 0.1779987 secs] [Times: user=7.07 sys=0.01, real=0.18 secs] 
2021-03-30T20:11:50.258+0200: 3543.908: [GC (Allocation Failure) [PSYoungGen: 39967451K->7073858K(47072768K)] 49959956K->17066363K(62898176K), 0.2085547 secs] [Times: user=8.36 sys=0.06, real=0.21 secs] 
2021-03-30T20:12:24.796+0200: 3578.446: [GC (Allocation Failure) [PSYoungGen: 41677890K->7297311K(47800320K)] 51670395K->17290216K(63625728K), 0.2201069 secs] [Times: user=8.93 sys=0.00, real=0.22 secs] 
2021-03-30T20:12:54.970+0200: 3608.620: [GC (Allocation Failure) [PSYoungGen: 42843423K->8751321K(47657472K)] 52836328K->18744634K(63482880K), 0.2542353 secs] [Times: user=10.46 sys=0.06, real=0.25 secs] 
2021-03-30T20:13:22.810+0200: 3636.460: [GC (Allocation Failure) [PSYoungGen: 44297433K->9955142K(47053312K)] 54290746K->19948911K(62878720K), 0.2911380 secs] [Times: user=11.76 sys=0.13, real=0.29 secs] 
2021-03-30T20:14:14.231+0200: 3687.881: [GC (Allocation Failure) [PSYoungGen: 44522822K->3575160K(47764480K)] 54516591K->13569321K(63589888K), 0.1570391 secs] [Times: user=5.35 sys=0.00, real=0.15 secs] 
2021-03-30T20:15:08.601+0200: 3742.251: [GC (Allocation Failure) [PSYoungGen: 38142840K->3825307K(47208448K)] 48137001K->13819780K(63033856K), 0.1554741 secs] [Times: user=5.86 sys=0.03, real=0.16 secs] 
2021-03-30T20:15:53.373+0200: 3787.023: [GC (Allocation Failure) [PSYoungGen: 38500507K->4893484K(38056960K)] 48494980K->14888309K(53882368K), 0.2083976 secs] [Times: user=6.36 sys=0.05, real=0.20 secs] 
2021-03-30T20:16:28.779+0200: 3822.429: [GC (Allocation Failure) [PSYoungGen: 38056748K->7501830K(42508288K)] 48051573K->17496991K(58333696K), 0.2982756 secs] [Times: user=9.03 sys=0.05, real=0.30 secs] 
2021-03-30T20:16:58.284+0200: 3851.934: [GC (Allocation Failure) [PSYoungGen: 39227398K->7680438K(44041216K)] 49222559K->17675943K(59866624K), 0.2283769 secs] [Times: user=8.05 sys=0.00, real=0.23 secs] 
2021-03-30T20:17:26.383+0200: 3880.033: [GC (Allocation Failure) [PSYoungGen: 39406006K->8709209K(46014464K)] 49401511K->18705162K(61839872K), 0.2651452 secs] [Times: user=10.82 sys=0.13, real=0.26 secs] 
2021-03-30T20:17:55.210+0200: 3908.860: [GC (Allocation Failure) [PSYoungGen: 42467929K->9631898K(46301184K)] 52463882K->19628267K(62126592K), 0.2803704 secs] [Times: user=11.57 sys=0.00, real=0.28 secs] 
2021-03-30T20:18:24.418+0200: 3938.068: [GC (Allocation Failure) [PSYoungGen: 43390618K->9101982K(47476736K)] 53386987K->19098831K(63302144K), 0.3136432 secs] [Times: user=10.18 sys=2.73, real=0.32 secs] 
2021-03-30T20:19:08.007+0200: 3981.658: [GC (Allocation Failure) [PSYoungGen: 43500702K->5602138K(40001024K)] 53497551K->15599483K(55826432K), 0.1733596 secs] [Times: user=6.86 sys=0.13, real=0.17 secs] 
2021-03-30T20:19:41.024+0200: 4014.674: [GC (Allocation Failure) [PSYoungGen: 40000858K->6978353K(48105984K)] 49998203K->16976154K(63931392K), 0.2267057 secs] [Times: user=9.13 sys=0.04, real=0.23 secs] 
2021-03-30T20:20:17.193+0200: 4050.843: [GC (Allocation Failure) [PSYoungGen: 42166577K->6938790K(42127360K)] 52164378K->16937343K(57952768K), 0.2197753 secs] [Times: user=8.98 sys=0.10, real=0.22 secs] 
2021-03-30T20:20:53.942+0200: 4087.592: [GC (Allocation Failure) [PSYoungGen: 42127014K->6365131K(47892992K)] 52125567K->16384361K(63718400K), 0.2103753 secs] [Times: user=8.47 sys=0.05, real=0.21 secs] 
2021-03-30T20:21:33.164+0200: 4126.814: [GC (Allocation Failure) [PSYoungGen: 42462155K->6486099K(47507968K)] 52481385K->16650035K(63333376K), 0.2038775 secs] [Times: user=8.17 sys=0.00, real=0.20 secs] 
2021-03-30T20:22:44.316+0200: 4197.966: [GC (Allocation Failure) [PSYoungGen: 42583123K->2152559K(43066880K)] 52747059K->12557394K(58892288K), 0.1076478 secs] [Times: user=3.82 sys=0.00, real=0.11 secs] 
2021-03-30T20:23:50.293+0200: 4263.943: [GC (Allocation Failure) [PSYoungGen: 36667503K->2570313K(35581440K)] 47072338K->13059171K(51406848K), 0.1485823 secs] [Times: user=3.85 sys=0.06, real=0.14 secs] 
2021-03-30T20:24:41.625+0200: 4315.275: [GC (Allocation Failure) [PSYoungGen: 35581001K->2973072K(41624064K)] 46069859K->13467923K(57449472K), 0.1813185 secs] [Times: user=4.98 sys=0.05, real=0.18 secs] 
2021-03-30T20:25:19.145+0200: 4352.795: [GC (Allocation Failure) [PSYoungGen: 34553744K->5995470K(36216320K)] 45048595K->16490809K(52041728K), 0.2495288 secs] [Times: user=6.88 sys=0.08, real=0.25 secs] 
2021-03-30T20:25:46.104+0200: 4379.754: [GC (Allocation Failure) [PSYoungGen: 36216270K->8596891K(39736832K)] 46711609K->19092654K(55562240K), 0.2704636 secs] [Times: user=10.15 sys=0.11, real=0.27 secs] 
2021-03-30T20:26:21.959+0200: 4415.609: [GC (Allocation Failure) [PSYoungGen: 37524379K->7078456K(34776064K)] 48020142K->17574579K(50601472K), 0.2620225 secs] [Times: user=7.87 sys=0.11, real=0.26 secs] 
2021-03-30T20:26:56.876+0200: 4450.526: [GC (Allocation Failure) [PSYoungGen: 34775608K->5172552K(36032512K)] 45271731K->15669027K(51857920K), 0.2207703 secs] [Times: user=6.33 sys=0.06, real=0.22 secs] 
2021-03-30T20:28:03.458+0200: 4517.108: [GC (Allocation Failure) [PSYoungGen: 31699784K->1478817K(26893312K)] 42196259K->11975604K(42718720K), 0.0927619 secs] [Times: user=2.46 sys=0.02, real=0.10 secs] 
2021-03-30T20:28:43.159+0200: 4556.809: [GC (Allocation Failure) [PSYoungGen: 26892961K->3348913K(34217984K)] 37389748K->13846068K(50043392K), 0.1610366 secs] [Times: user=4.07 sys=0.05, real=0.16 secs] 
2021-03-30T20:29:09.029+0200: 4582.679: [GC (Allocation Failure) [PSYoungGen: 27704241K->6098867K(29446656K)] 38201396K->16596390K(45272064K), 0.2486336 secs] [Times: user=8.04 sys=0.07, real=0.25 secs] 
2021-03-30T20:29:30.234+0200: 4603.884: [GC (Allocation Failure) [PSYoungGen: 29446579K->7092692K(32404992K)] 39944102K->17590599K(48230400K), 0.2532033 secs] [Times: user=9.17 sys=0.11, real=0.25 secs] 
2021-03-30T20:29:52.291+0200: 4625.941: [GC (Allocation Failure) [PSYoungGen: 29481940K->7637314K(33285632K)] 39979847K->18135605K(49111040K), 0.2424285 secs] [Times: user=9.96 sys=0.00, real=0.24 secs] 
2021-03-30T20:30:13.616+0200: 4647.266: [GC (Allocation Failure) [PSYoungGen: 30026562K->7590864K(35227648K)] 40524853K->18089555K(51053056K), 0.2399941 secs] [Times: user=9.81 sys=0.01, real=0.24 secs] 
2021-03-30T20:30:36.237+0200: 4669.887: [GC (Allocation Failure) [PSYoungGen: 31695312K->7934598K(35358720K)] 42194003K->18433641K(51184128K), 0.2616839 secs] [Times: user=10.78 sys=0.01, real=0.26 secs] 
2021-03-30T20:30:56.789+0200: 4690.439: [GC (Allocation Failure) [PSYoungGen: 32039046K->8053317K(37623296K)] 42538089K->18552736K(53448704K), 0.3874776 secs] [Times: user=8.82 sys=7.10, real=0.39 secs] 
2021-03-30T20:31:18.745+0200: 4712.395: [GC (Allocation Failure) [PSYoungGen: 34225221K->9330038K(37791744K)] 44724640K->19829961K(53617152K), 0.2834442 secs] [Times: user=11.60 sys=0.00, real=0.28 secs] 
2021-03-30T20:31:39.513+0200: 4733.163: [GC (Allocation Failure) [PSYoungGen: 35501942K->9425514K(40661504K)] 46001865K->19926197K(56486912K), 0.6992800 secs] [Times: user=7.98 sys=21.46, real=0.70 secs] 
2021-03-30T20:32:42.853+0200: 4796.504: [GC (Allocation Failure) [PSYoungGen: 37893738K->1885709K(41132032K)] 48394421K->12386824K(56957440K), 0.0964087 secs] [Times: user=2.73 sys=0.02, real=0.10 secs] 
2021-03-30T20:34:22.894+0200: 4896.544: [GC (Allocation Failure) [PSYoungGen: 30353933K->1707821K(44123648K)] 40855048K->12209496K(59949056K), 0.0826023 secs] [Times: user=2.53 sys=0.01, real=0.08 secs] 
2021-03-30T20:35:02.881+0200: 4936.531: [GC (Allocation Failure) [PSYoungGen: 32960301K->5004519K(44352000K)] 43461976K->15506634K(60177408K), 0.1533103 secs] [Times: user=5.16 sys=0.06, real=0.16 secs] 
2021-03-30T20:35:28.004+0200: 4961.654: [GC (Allocation Failure) [PSYoungGen: 36256999K->8067632K(46443008K)] 46759114K->18569747K(62268416K), 0.5778281 secs] [Times: user=6.11 sys=17.92, real=0.57 secs] 
2021-03-30T20:35:53.998+0200: 4987.648: [GC (Allocation Failure) [PSYoungGen: 41963568K->10178683K(46590976K)] 52465683K->20681206K(62416384K), 0.2822699 secs] [Times: user=11.53 sys=0.01, real=0.28 secs] 
2021-03-30T20:36:51.484+0200: 5045.134: [GC (Allocation Failure) [PSYoungGen: 44074619K->1664106K(47182336K)] 54577142K->12166893K(63007744K), 0.1133396 secs] [Times: user=4.28 sys=0.00, real=0.11 secs] 
2021-03-30T20:37:23.170+0200: 5076.820: [GC (Allocation Failure) [PSYoungGen: 35296874K->5619846K(39252992K)] 45799661K->16122633K(55078400K), 0.1962120 secs] [Times: user=7.99 sys=0.00, real=0.19 secs] 
2021-03-30T20:38:27.110+0200: 5140.760: [GC (Allocation Failure) [PSYoungGen: 39252614K->2324874K(43401728K)] 49755401K->12827661K(59227136K), 0.0997886 secs] [Times: user=3.73 sys=0.00, real=0.09 secs] 
2021-03-30T20:39:20.735+0200: 5194.385: [GC (Allocation Failure) [PSYoungGen: 34496906K->3765970K(34549248K)] 44999693K->14268757K(50374656K), 0.1194924 secs] [Times: user=4.43 sys=0.01, real=0.12 secs] 
2021-03-30T20:39:56.961+0200: 5230.611: [GC (Allocation Failure) [PSYoungGen: 34548946K->5739581K(39437312K)] 45051733K->16242368K(55262720K), 0.2341385 secs] [Times: user=7.49 sys=0.19, real=0.24 secs] 
2021-03-30T20:40:23.662+0200: 5257.312: [GC (Allocation Failure) [PSYoungGen: 35201597K->5618772K(33824768K)] 45704384K->16121759K(49650176K), 0.2705202 secs] [Times: user=7.37 sys=0.08, real=0.27 secs] 
2021-03-30T20:41:46.325+0200: 5339.976: [GC (Allocation Failure) [PSYoungGen: 33824340K->1135388K(37424640K)] 44327327K->11638551K(53250048K), 0.1138137 secs] [Times: user=2.36 sys=0.03, real=0.11 secs] 
2021-03-30T20:42:44.434+0200: 5398.084: [GC (Allocation Failure) [PSYoungGen: 28145948K->2123625K(27997696K)] 38649111K->12627036K(43823104K), 0.1560291 secs] [Times: user=3.68 sys=0.07, real=0.16 secs] 
2021-03-30T20:43:18.473+0200: 5432.123: [GC (Allocation Failure) [PSYoungGen: 27997545K->4388499K(33828352K)] 38500956K->14892246K(49653760K), 0.2363874 secs] [Times: user=5.97 sys=0.10, real=0.23 secs] 
2021-03-30T20:43:49.023+0200: 5462.673: [GC (Allocation Failure) [PSYoungGen: 29181075K->4950322K(28714496K)] 39684822K->15454381K(44539904K), 0.2432553 secs] [Times: user=6.71 sys=0.08, real=0.24 secs] 
2021-03-30T20:44:11.352+0200: 5485.002: [GC (Allocation Failure) [PSYoungGen: 28714290K->6983282K(32578048K)] 39218349K->17487845K(48403456K), 0.2084498 secs] [Times: user=8.02 sys=0.01, real=0.20 secs] 
2021-03-30T20:44:32.872+0200: 5506.522: [GC (Allocation Failure) [PSYoungGen: 29768306K->8245406K(30099456K)] 40272869K->18750553K(45924864K), 0.2500937 secs] [Times: user=10.36 sys=0.04, real=0.25 secs] 
2021-03-30T20:44:47.805+0200: 5521.455: [GC (Allocation Failure) [PSYoungGen: 30099102K->9538962K(32017408K)] 40604249K->20044501K(47842816K), 0.2757154 secs] [Times: user=11.15 sys=0.01, real=0.27 secs] 
2021-03-30T20:45:03.184+0200: 5536.834: [GC (Allocation Failure) [PSYoungGen: 30406034K->9573025K(33004032K)] 40911573K->20078804K(48829440K), 0.2857480 secs] [Times: user=11.76 sys=0.01, real=0.29 secs] 
2021-03-30T20:45:17.377+0200: 5551.027: [GC (Allocation Failure) [PSYoungGen: 30440097K->10363041K(35111936K)] 40945876K->20869332K(50937344K), 0.5305805 secs] [Times: user=9.97 sys=12.25, real=0.53 secs] 
2021-03-30T20:45:32.287+0200: 5565.937: [GC (Allocation Failure) [PSYoungGen: 32551585K->10533792K(36007424K)] 43057876K->21040683K(51832832K), 0.3032078 secs] [Times: user=12.38 sys=0.00, real=0.31 secs] 
2021-03-30T20:45:47.413+0200: 5581.063: [GC (Allocation Failure) [PSYoungGen: 32722336K->11324666K(38734336K)] 43229227K->21832101K(54559744K), 0.7840869 secs] [Times: user=9.43 sys=21.28, real=0.78 secs] 
2021-03-30T20:46:20.125+0200: 5613.775: [GC (Allocation Failure) [PSYoungGen: 35486458K->5562114K(39597056K)] 45993893K->16070541K(55422464K), 0.1830385 secs] [Times: user=7.26 sys=0.09, real=0.18 secs] 
2021-03-30T20:46:52.402+0200: 5646.052: [GC (Allocation Failure) [PSYoungGen: 29723906K->3777081K(41426432K)] 40232333K->14288444K(57251840K), 0.1220739 secs] [Times: user=4.83 sys=0.00, real=0.12 secs] 
2021-03-30T20:47:32.957+0200: 5686.607: [GC (Allocation Failure) [PSYoungGen: 30915129K->4134480K(41877504K)] 41426492K->14646195K(57702912K), 0.1474198 secs] [Times: user=5.72 sys=0.02, real=0.15 secs] 
2021-03-30T20:48:31.505+0200: 5745.155: [GC (Allocation Failure) [PSYoungGen: 31272528K->2106634K(43884544K)] 41784243K->12618589K(59709952K), 0.0956184 secs] [Times: user=3.42 sys=0.01, real=0.09 secs] 
2021-03-30T20:49:22.231+0200: 5795.881: [GC (Allocation Failure) [PSYoungGen: 31963914K->3243687K(44243968K)] 42475869K->13755802K(60069376K), 0.1448058 secs] [Times: user=5.60 sys=0.00, real=0.14 secs] 
2021-03-30T20:49:56.684+0200: 5830.334: [GC (Allocation Failure) [PSYoungGen: 33100967K->5978211K(45012992K)] 43613082K->16490327K(60838400K), 0.3213168 secs] [Times: user=5.86 sys=6.92, real=0.32 secs] 
2021-03-30T20:50:34.026+0200: 5867.676: [GC (Allocation Failure) [PSYoungGen: 38501987K->6773533K(45805056K)] 49014103K->17285648K(61630464K), 0.1909306 secs] [Times: user=7.63 sys=0.00, real=0.19 secs] 
2021-03-30T20:51:07.048+0200: 5900.698: [GC (Allocation Failure) [PSYoungGen: 39297309K->6695423K(46458368K)] 49809424K->17207538K(62283776K), 0.4038288 secs] [Times: user=6.20 sys=10.56, real=0.41 secs] 
2021-03-30T20:51:46.452+0200: 5940.102: [GC (Allocation Failure) [PSYoungGen: 41496063K->6339474K(47264256K)] 52008178K->16851589K(63089664K), 0.1928330 secs] [Times: user=7.76 sys=0.06, real=0.19 secs] 
2021-03-30T20:52:21.735+0200: 5975.385: [GC (Allocation Failure) [PSYoungGen: 41140114K->6734458K(47546368K)] 51652229K->17246573K(63371776K), 0.2794504 secs] [Times: user=7.78 sys=3.84, real=0.28 secs] 
2021-03-30T20:53:17.206+0200: 6030.856: [GC (Allocation Failure) [PSYoungGen: 43294842K->3030455K(37985792K)] 53806957K->13542570K(53811200K), 0.1312504 secs] [Times: user=4.86 sys=0.00, real=0.13 secs] 
2021-03-30T20:54:07.371+0200: 6081.021: [GC (Allocation Failure) [PSYoungGen: 37985719K->3631924K(43069952K)] 48497834K->14144040K(58895360K), 0.1387150 secs] [Times: user=5.27 sys=0.00, real=0.14 secs] 
2021-03-30T20:54:48.830+0200: 6122.480: [GC (Allocation Failure) [PSYoungGen: 37061428K->4186794K(36165632K)] 47573544K->14699006K(51991040K), 0.1980057 secs] [Times: user=5.53 sys=0.05, real=0.19 secs] 
2021-03-30T20:55:25.293+0200: 6158.943: [GC (Allocation Failure) [PSYoungGen: 36165290K->5661225K(39290880K)] 46677502K->16173637K(55116288K), 0.2542633 secs] [Times: user=7.01 sys=0.08, real=0.25 secs] 
2021-03-30T20:55:53.521+0200: 6187.171: [GC (Allocation Failure) [PSYoungGen: 36259881K->7536079K(36823040K)] 46772293K->18048674K(52648448K), 0.2440748 secs] [Times: user=8.36 sys=0.04, real=0.25 secs] 
2021-03-30T20:56:14.068+0200: 6207.718: [GC (Allocation Failure) [PSYoungGen: 36822991K->8907538K(38846976K)] 47335586K->19420454K(54672384K), 0.2531486 secs] [Times: user=10.29 sys=0.01, real=0.25 secs] 
2021-03-30T20:56:34.070+0200: 6227.720: [GC (Allocation Failure) [PSYoungGen: 36946706K->9530143K(39528448K)] 47459622K->20043322K(55353856K), 0.2773436 secs] [Times: user=11.17 sys=0.01, real=0.28 secs] 
2021-03-30T20:56:52.995+0200: 6246.645: [GC (Allocation Failure) [PSYoungGen: 37569311K->8863889K(42505216K)] 48082490K->19377276K(58330624K), 0.3270885 secs] [Times: user=9.54 sys=3.74, real=0.33 secs] 
2021-03-30T20:57:41.322+0200: 6294.972: [GC (Allocation Failure) [PSYoungGen: 39123089K->2494310K(42844672K)] 49636476K->13008081K(58670080K), 0.1081543 secs] [Times: user=3.86 sys=0.00, real=0.11 secs] 
2021-03-30T20:58:35.643+0200: 6349.294: [GC (Allocation Failure) [PSYoungGen: 32753510K->2644012K(37520896K)] 43267281K->13158135K(53346304K), 0.1081860 secs] [Times: user=4.04 sys=0.00, real=0.11 secs] 
2021-03-30T20:59:18.648+0200: 6392.298: [GC (Allocation Failure) [PSYoungGen: 31607852K->3987870K(31719936K)] 42121975K->14502265K(47545344K), 0.1444529 secs] [Times: user=5.68 sys=0.00, real=0.15 secs] 
2021-03-30T20:59:50.236+0200: 6423.886: [GC (Allocation Failure) [PSYoungGen: 31719838K->5829013K(36468736K)] 42234233K->16343713K(52294144K), 0.2652106 secs] [Times: user=7.88 sys=0.25, real=0.26 secs] 
2021-03-30T21:00:19.606+0200: 6453.256: [GC (Allocation Failure) [PSYoungGen: 32389013K->5930610K(31376384K)] 42903713K->16445670K(47201792K), 0.2721634 secs] [Times: user=8.24 sys=0.07, real=0.27 secs] 
2021-03-30T21:00:45.168+0200: 6478.819: [GC (Allocation Failure) [PSYoungGen: 31375986K->6489412K(33988096K)] 41891046K->17004816K(49813504K), 0.2683870 secs] [Times: user=8.38 sys=0.08, real=0.27 secs] 
2021-03-30T21:01:07.933+0200: 6501.583: [GC (Allocation Failure) [PSYoungGen: 30874436K->8034400K(35303424K)] 41389840K->18550091K(51128832K), 0.2414528 secs] [Times: user=9.62 sys=0.02, real=0.24 secs] 
2021-03-30T21:01:25.818+0200: 6519.468: [GC (Allocation Failure) [PSYoungGen: 32419424K->8898065K(37129216K)] 42935115K->19414149K(52954624K), 0.2876960 secs] [Times: user=10.14 sys=1.71, real=0.29 secs] 
2021-03-30T21:01:44.690+0200: 6538.340: [GC (Allocation Failure) [PSYoungGen: 34787857K->9567932K(37677056K)] 45303941K->20084447K(53502464K), 0.2735340 secs] [Times: user=11.04 sys=0.01, real=0.27 secs] 
2021-03-30T21:02:26.734+0200: 6580.384: [GC (Allocation Failure) [PSYoungGen: 35457724K->3402466K(40375808K)] 45974239K->13919309K(56201216K), 0.1236144 secs] [Times: user=4.42 sys=0.05, real=0.12 secs] 
2021-03-30T21:03:27.248+0200: 6640.898: [GC (Allocation Failure) [PSYoungGen: 31660770K->2409736K(29470720K)] 42177613K->12926827K(45296128K), 0.1033744 secs] [Times: user=3.18 sys=0.00, real=0.11 secs] 
2021-03-30T21:04:07.690+0200: 6681.340: [GC (Allocation Failure) [PSYoungGen: 29470472K->3524886K(36745728K)] 39987563K->14042226K(52571136K), 0.1306955 secs] [Times: user=4.90 sys=0.00, real=0.12 secs] 
2021-03-30T21:04:40.979+0200: 6714.629: [GC (Allocation Failure) [PSYoungGen: 29446422K->4512717K(29350912K)] 39963762K->15030225K(45176320K), 0.1525094 secs] [Times: user=6.10 sys=0.00, real=0.16 secs] 
2021-03-30T21:05:09.137+0200: 6742.787: [GC (Allocation Failure) [PSYoungGen: 29350861K->5420568K(33337856K)] 39868369K->15938292K(49163264K), 0.1875868 secs] [Times: user=6.73 sys=0.03, real=0.19 secs] 
2021-03-30T21:05:31.960+0200: 6765.610: [GC (Allocation Failure) [PSYoungGen: 29228056K->6293553K(29120512K)] 39745780K->16811580K(44945920K), 0.2510024 secs] [Times: user=7.83 sys=0.06, real=0.26 secs] 
2021-03-30T21:05:57.023+0200: 6790.673: [GC (Allocation Failure) [PSYoungGen: 29120049K->6423355K(31380480K)] 39638076K->16941718K(47205888K), 0.2379118 secs] [Times: user=7.41 sys=0.05, real=0.23 secs] 
2021-03-30T21:06:18.862+0200: 6812.512: [GC (Allocation Failure) [PSYoungGen: 28316475K->6589995K(27595264K)] 38834838K->17108695K(43420672K), 0.2471420 secs] [Times: user=8.51 sys=0.04, real=0.25 secs] 
2021-03-30T21:06:40.170+0200: 6833.820: [GC (Allocation Failure) [PSYoungGen: 27594795K->7156680K(31450624K)] 38113495K->17675636K(47276032K), 0.2230522 secs] [Times: user=9.15 sys=0.00, real=0.22 secs] 
2021-03-30T21:07:01.205+0200: 6854.855: [GC (Allocation Failure) [PSYoungGen: 28124104K->6973422K(31488000K)] 38643060K->17492698K(47313408K), 0.2226834 secs] [Times: user=9.19 sys=0.00, real=0.22 secs] 
2021-03-30T21:07:22.412+0200: 6876.062: [GC (Allocation Failure) [PSYoungGen: 27940846K->7441715K(33230848K)] 38460122K->17961191K(49056256K), 0.2189866 secs] [Times: user=9.00 sys=0.00, real=0.22 secs] 
2021-03-30T21:07:44.521+0200: 6898.171: [GC (Allocation Failure) [PSYoungGen: 30223667K->7469536K(33311744K)] 40743143K->17989276K(49137152K), 0.2365748 secs] [Times: user=9.64 sys=0.00, real=0.24 secs] 
2021-03-30T21:08:05.230+0200: 6918.880: [GC (Allocation Failure) [PSYoungGen: 30251488K->7873895K(35357184K)] 40771228K->18393859K(51182592K), 0.3559628 secs] [Times: user=8.54 sys=6.34, real=0.35 secs] 
2021-03-30T21:08:24.931+0200: 6938.581: [GC (Allocation Failure) [PSYoungGen: 32656231K->8432027K(35511808K)] 43176195K->18952247K(51337216K), 0.2599520 secs] [Times: user=10.47 sys=0.22, real=0.26 secs] 
2021-03-30T21:08:45.479+0200: 6959.129: [GC (Allocation Failure) [PSYoungGen: 33214363K->9164162K(37938688K)] 43734583K->19684741K(53764096K), 0.6358799 secs] [Times: user=7.44 sys=19.30, real=0.64 secs] 
2021-03-30T21:10:08.304+0200: 7041.954: [GC (Allocation Failure) [PSYoungGen: 36069762K->572856K(38429184K)] 46590341K->11093988K(54254592K), 0.0770366 secs] [Times: user=2.47 sys=0.00, real=0.07 secs] 
2021-03-30T21:11:40.711+0200: 7134.361: [GC (Allocation Failure) [PSYoungGen: 27478456K->783417K(41617920K)] 37999588K->11305005K(57443328K), 0.1084040 secs] [Times: user=3.61 sys=0.00, real=0.10 secs] 
2021-03-30T21:12:55.512+0200: 7209.162: [GC (Allocation Failure) [PSYoungGen: 30262841K->7930230K(41964544K)] 40784429K->18452058K(57789952K), 0.2479403 secs] [Times: user=9.70 sys=0.00, real=0.24 secs] 
2021-03-30T21:13:07.322+0200: 7220.972: [GC (Allocation Failure) [PSYoungGen: 37409654K->12625376K(36002816K)] 47931482K->34937472K(58325504K), 2.8177720 secs] [Times: user=12.79 sys=80.37, real=2.81 secs] 
2021-03-30T21:13:10.140+0200: 7223.790: [Full GC (Ergonomics) [PSYoungGen: 12625376K->1035217K(36002816K)] [ParOldGen: 22312095K->22322594K(31905280K)] 34937472K->23357812K(67908096K), [Metaspace: 51580K->51580K(53248K)], 2.4256499 secs] [Times: user=47.36 sys=10.49, real=2.43 secs] 
Heap
 PSYoungGen      total 36002816K, used 6021592K [0x00007f5e6c380000, 0x00007f6cf5000000, 0x00007f6cf5000000)
  eden space 23377408K, 21% used [0x00007f5e6c380000,0x00007f5f9c901be0,0x00007f63ff100000)
  from space 12625408K, 8% used [0x00007f6912200000,0x00007f69514f4588,0x00007f6c14b80000)
  to   space 18791936K, 0% used [0x00007f63ff100000,0x00007f63ff100000,0x00007f687a080000)
 ParOldGen       total 31905280K, used 22322594K [0x00007f415aa00000, 0x00007f48f5f80000, 0x00007f5e6c380000)
  object space 31905280K, 69% used [0x00007f415aa00000,0x00007f46ad168b90,0x00007f48f5f80000)
 Metaspace       used 51658K, capacity 52401K, committed 53504K, reserved 55296K
