Java HotSpot(TM) 64-Bit Server VM (25.131-b11) for linux-amd64 JRE (1.8.0_131-b11), built on Mar 15 2017 01:23:40 by "java_re" with gcc 4.3.0 20080428 (Red Hat 4.3.0-8)
Memory: 4k page, physical 196649796k(194412436k free), swap 3905532k(3905532k free)
CommandLine flags: -XX:InitialHeapSize=2147483648 -XX:MaxHeapSize=187272527872 -XX:+PrintGC -XX:+PrintGCDateStamps -XX:+PrintGCDetails -XX:+PrintGCTimeStamps -XX:+UseParallelGC 
2021-03-30T19:12:47.639+0200: 1.293: [GC (Metadata GC Threshold) [PSYoungGen: 404765K->37539K(611840K)] 404765K->37627K(2010112K), 0.0255313 secs] [Times: user=0.56 sys=0.00, real=0.02 secs] 
2021-03-30T19:12:47.665+0200: 1.318: [Full GC (Metadata GC Threshold) [PSYoungGen: 37539K->0K(611840K)] [ParOldGen: 88K->36131K(819712K)] 37627K->36131K(1431552K), [Metaspace: 20780K->20780K(22528K)], 0.0243472 secs] [Times: user=0.35 sys=0.01, real=0.03 secs] 
2021-03-30T19:12:49.454+0200: 3.107: [GC (Metadata GC Threshold) [PSYoungGen: 429033K->82296K(851968K)] 465164K->118435K(1671680K), 0.0236656 secs] [Times: user=0.55 sys=0.05, real=0.02 secs] 
2021-03-30T19:12:49.478+0200: 3.131: [Full GC (Metadata GC Threshold) [PSYoungGen: 82296K->0K(851968K)] [ParOldGen: 36139K->105251K(1316352K)] 118435K->105251K(2168320K), [Metaspace: 34783K->34622K(36864K)], 0.0369831 secs] [Times: user=0.42 sys=0.11, real=0.04 secs] 
2021-03-30T19:12:51.216+0200: 4.869: [GC (Allocation Failure) [PSYoungGen: 769536K->72843K(1132032K)] 874787K->194487K(2448384K), 0.0582927 secs] [Times: user=1.75 sys=0.04, real=0.06 secs] 
2021-03-30T19:12:51.638+0200: 5.291: [GC (Allocation Failure) [PSYoungGen: 1117835K->87035K(1263616K)] 1239479K->289698K(2579968K), 0.0194244 secs] [Times: user=0.25 sys=0.34, real=0.02 secs] 
2021-03-30T19:12:54.169+0200: 7.822: [GC (Allocation Failure) [PSYoungGen: 1263611K->87027K(1263616K)] 1466274K->439194K(2579968K), 0.0592877 secs] [Times: user=1.74 sys=0.12, real=0.06 secs] 
2021-03-30T19:12:56.399+0200: 10.052: [GC (Allocation Failure) [PSYoungGen: 1263603K->201628K(2093568K)] 1615770K->553803K(3409920K), 0.0383204 secs] [Times: user=0.80 sys=0.41, real=0.04 secs] 
2021-03-30T19:13:00.129+0200: 13.782: [GC (Allocation Failure) [PSYoungGen: 2039708K->280049K(2118144K)] 2391883K->754492K(3434496K), 0.0432419 secs] [Times: user=0.22 sys=1.22, real=0.04 secs] 
2021-03-30T19:13:02.465+0200: 16.118: [GC (Allocation Failure) [PSYoungGen: 2118129K->394734K(3041280K)] 2592572K->1069632K(4357632K), 0.0656891 secs] [Times: user=0.29 sys=2.11, real=0.07 secs] 
2021-03-30T19:13:05.339+0200: 18.993: [GC (Allocation Failure) [PSYoungGen: 3041262K->553456K(3200000K)] 3716160K->1412964K(4516352K), 0.0888555 secs] [Times: user=0.41 sys=2.98, real=0.09 secs] 
2021-03-30T19:13:08.823+0200: 22.476: [GC (Allocation Failure) [PSYoungGen: 3199984K->725490K(4036608K)] 4059492K->1883814K(5352960K), 0.0969890 secs] [Times: user=0.50 sys=3.22, real=0.10 secs] 
2021-03-30T19:13:08.920+0200: 22.573: [Full GC (Ergonomics) [PSYoungGen: 725490K->466776K(4036608K)] [ParOldGen: 1158323K->1316224K(3122176K)] 1883814K->1783000K(7158784K), [Metaspace: 39829K->39631K(40960K)], 0.1936557 secs] [Times: user=4.22 sys=1.10, real=0.20 secs] 
2021-03-30T19:13:12.867+0200: 26.520: [GC (Allocation Failure) [PSYoungGen: 3777880K->581594K(4268032K)] 5094104K->2364690K(7390208K), 0.0875026 secs] [Times: user=0.66 sys=2.59, real=0.09 secs] 
2021-03-30T19:13:17.393+0200: 31.046: [GC (Allocation Failure) [PSYoungGen: 3892698K->493657K(5462016K)] 5675794K->2793568K(8584192K), 0.1119709 secs] [Times: user=1.13 sys=3.10, real=0.11 secs] 
2021-03-30T19:13:22.102+0200: 35.755: [GC (Allocation Failure) [PSYoungGen: 5007449K->512060K(5477888K)] 7307360K->3248177K(8600064K), 0.0802208 secs] [Times: user=0.70 sys=2.47, real=0.08 secs] 
2021-03-30T19:13:22.182+0200: 35.835: [Full GC (Ergonomics) [PSYoungGen: 512060K->25259K(5477888K)] [ParOldGen: 2736117K->3122005K(5616640K)] 3248177K->3147264K(11094528K), [Metaspace: 51039K->50141K(53248K)], 0.3640902 secs] [Times: user=9.93 sys=2.26, real=0.37 secs] 
2021-03-30T19:13:28.690+0200: 42.343: [GC (Allocation Failure) [PSYoungGen: 4539051K->769494K(6857216K)] 7661056K->3916097K(12473856K), 0.0863837 secs] [Times: user=0.50 sys=2.52, real=0.09 secs] 
2021-03-30T19:13:36.001+0200: 49.654: [GC (Allocation Failure) [PSYoungGen: 6690262K->768550K(6955008K)] 9836865K->4587645K(12571648K), 0.1293175 secs] [Times: user=0.74 sys=4.47, real=0.13 secs] 
2021-03-30T19:13:43.358+0200: 57.011: [GC (Allocation Failure) [PSYoungGen: 6689318K->839493K(8758272K)] 10508413K->5340791K(14374912K), 0.1466246 secs] [Times: user=0.92 sys=5.15, real=0.14 secs] 
2021-03-30T19:13:54.125+0200: 67.779: [GC (Allocation Failure) [PSYoungGen: 8500549K->1170914K(8832000K)] 13001847K->6498357K(14448640K), 0.1802947 secs] [Times: user=1.08 sys=5.93, real=0.18 secs] 
2021-03-30T19:13:54.306+0200: 67.959: [Full GC (Ergonomics) [PSYoungGen: 1170914K->0K(8832000K)] [ParOldGen: 5327443K->4815592K(8058368K)] 6498357K->4815592K(16890368K), [Metaspace: 50501K->50501K(53248K)], 0.3322799 secs] [Times: user=7.10 sys=3.22, real=0.33 secs] 
2021-03-30T19:14:03.513+0200: 77.166: [GC (Allocation Failure) [PSYoungGen: 7661056K->877494K(10826240K)] 12476648K->5693087K(18884608K), 0.0992137 secs] [Times: user=0.44 sys=3.49, real=0.10 secs] 
2021-03-30T19:14:14.882+0200: 88.535: [GC (Allocation Failure) [PSYoungGen: 10080694K->1241475K(10841088K)] 14896287K->6824602K(18899456K), 0.1222993 secs] [Times: user=1.54 sys=3.40, real=0.12 secs] 
2021-03-30T19:14:27.061+0200: 100.714: [GC (Allocation Failure) [PSYoungGen: 10444675K->1630042K(12487168K)] 16027802K->8302806K(20545536K), 0.2049900 secs] [Times: user=1.20 sys=6.52, real=0.21 secs] 
2021-03-30T19:14:43.224+0200: 116.877: [GC (Allocation Failure) [PSYoungGen: 12366682K->1434952K(12717056K)] 19039446K->9537057K(20832256K), 0.2342849 secs] [Times: user=1.70 sys=7.73, real=0.24 secs] 
2021-03-30T19:14:43.458+0200: 117.112: [Full GC (Ergonomics) [PSYoungGen: 1434952K->0K(12717056K)] [ParOldGen: 8102105K->4722498K(8966656K)] 9537057K->4722498K(21683712K), [Metaspace: 50873K->50873K(53248K)], 0.3805527 secs] [Times: user=8.37 sys=3.26, real=0.38 secs] 
2021-03-30T19:14:56.400+0200: 130.053: [GC (Allocation Failure) [PSYoungGen: 10736640K->1352109K(14835712K)] 15459138K->6074616K(23802368K), 0.1631404 secs] [Times: user=0.93 sys=5.70, real=0.16 secs] 
2021-03-30T19:15:21.475+0200: 155.128: [GC (Allocation Failure) [PSYoungGen: 14097325K->1735945K(14888448K)] 18819832K->7643918K(23855104K), 0.1147246 secs] [Times: user=3.87 sys=0.62, real=0.11 secs] 
2021-03-30T19:15:38.193+0200: 171.846: [GC (Allocation Failure) [PSYoungGen: 14481161K->2319350K(16726016K)] 20389134K->9075322K(25692672K), 0.4065218 secs] [Times: user=3.37 sys=7.39, real=0.41 secs] 
2021-03-30T19:15:54.110+0200: 187.764: [GC (Allocation Failure) [PSYoungGen: 16726006K->2056072K(17392640K)] 23481978K->10869607K(26359296K), 0.2071077 secs] [Times: user=3.66 sys=4.82, real=0.21 secs] 
2021-03-30T19:15:54.318+0200: 187.971: [Full GC (Ergonomics) [PSYoungGen: 2056072K->0K(17392640K)] [ParOldGen: 8813535K->4841764K(10034688K)] 10869607K->4841764K(27427328K), [Metaspace: 51162K->51162K(55296K)], 0.4416157 secs] [Times: user=8.74 sys=1.48, real=0.44 secs] 
2021-03-30T19:16:10.875+0200: 204.528: [GC (Allocation Failure) [PSYoungGen: 14406656K->1741124K(19719168K)] 19248420K->6582888K(29753856K), 0.1771710 secs] [Times: user=1.04 sys=5.32, real=0.17 secs] 
2021-03-30T19:16:29.023+0200: 222.676: [GC (Allocation Failure) [PSYoungGen: 18343748K->3033137K(19698176K)] 23185512K->9414665K(29732864K), 0.1775719 secs] [Times: user=4.25 sys=2.58, real=0.18 secs] 
2021-03-30T19:16:56.473+0200: 250.126: [GC (Allocation Failure) [PSYoungGen: 19635761K->2053939K(22467584K)] 26017289K->10845369K(32502272K), 0.2473826 secs] [Times: user=2.43 sys=7.86, real=0.25 secs] 
2021-03-30T19:16:56.721+0200: 250.374: [Full GC (Ergonomics) [PSYoungGen: 2053939K->0K(22467584K)] [ParOldGen: 8791430K->4644610K(10859008K)] 10845369K->4644610K(33326592K), [Metaspace: 51175K->51175K(55296K)], 0.3508101 secs] [Times: user=7.23 sys=1.15, real=0.35 secs] 
2021-03-30T19:17:48.616+0200: 302.269: [GC (Allocation Failure) [PSYoungGen: 19026944K->1148585K(22564352K)] 23671554K->5793195K(33423360K), 0.0691080 secs] [Times: user=2.26 sys=0.00, real=0.06 secs] 
2021-03-30T19:18:31.136+0200: 344.789: [GC (Allocation Failure) [PSYoungGen: 20175529K->2262989K(24935936K)] 24820139K->6907599K(35794944K), 0.2476423 secs] [Times: user=2.06 sys=8.02, real=0.24 secs] 
2021-03-30T19:19:04.528+0200: 378.181: [GC (Allocation Failure) [PSYoungGen: 23784909K->3495934K(25017856K)] 28429519K->8989875K(35876864K), 0.2492348 secs] [Times: user=4.92 sys=4.93, real=0.25 secs] 
2021-03-30T19:19:34.701+0200: 408.355: [GC (Allocation Failure) [PSYoungGen: 25017854K->4320755K(27793920K)] 30511795K->10267537K(38652928K), 0.5017627 secs] [Times: user=2.70 sys=18.38, real=0.50 secs] 
2021-03-30T19:20:00.259+0200: 433.912: [GC (Allocation Failure) [PSYoungGen: 27793907K->4209574K(28620800K)] 33740689K->11923574K(39479808K), 0.2223016 secs] [Times: user=7.24 sys=2.02, real=0.22 secs] 
2021-03-30T19:20:22.404+0200: 456.057: [GC (Allocation Failure) [PSYoungGen: 27682726K->3917709K(31641088K)] 35396726K->14862238K(42593280K), 0.4976216 secs] [Times: user=4.00 sys=16.29, real=0.50 secs] 
2021-03-30T19:20:22.901+0200: 456.555: [Full GC (Ergonomics) [PSYoungGen: 3917709K->0K(31641088K)] [ParOldGen: 10944528K->7009033K(14099968K)] 14862238K->7009033K(45741056K), [Metaspace: 51205K->51205K(55296K)], 0.4967088 secs] [Times: user=10.47 sys=4.97, real=0.50 secs] 
2021-03-30T19:20:44.560+0200: 478.213: [GC (Allocation Failure) [PSYoungGen: 26036224K->4127587K(31889408K)] 33045257K->11136620K(45989376K), 0.2079748 secs] [Times: user=3.97 sys=3.76, real=0.21 secs] 
2021-03-30T19:21:18.839+0200: 512.492: [GC (Allocation Failure) [PSYoungGen: 30163811K->3025671K(35394048K)] 37172844K->11690871K(49494016K), 0.3526537 secs] [Times: user=2.11 sys=11.91, real=0.35 secs] 
2021-03-30T19:21:56.919+0200: 550.572: [GC (Allocation Failure) [PSYoungGen: 32800007K->4342624K(35670016K)] 41465207K->13950706K(49769984K), 0.1714294 secs] [Times: user=6.57 sys=0.00, real=0.17 secs] 
2021-03-30T19:22:32.956+0200: 586.609: [GC (Allocation Failure) [PSYoungGen: 34116960K->4008602K(39831552K)] 43725042K->14739375K(53931520K), 0.4654423 secs] [Times: user=3.31 sys=16.14, real=0.46 secs] 
2021-03-30T19:23:13.920+0200: 627.573: [GC (Allocation Failure) [PSYoungGen: 37662362K->4957025K(39918592K)] 48393135K->16568737K(54018560K), 0.2576956 secs] [Times: user=6.23 sys=3.07, real=0.26 secs] 
2021-03-30T19:23:14.178+0200: 627.831: [Full GC (Ergonomics) [PSYoungGen: 4957025K->0K(39918592K)] [ParOldGen: 11611711K->5504820K(12432896K)] 16568737K->5504820K(52351488K), [Metaspace: 51244K->51244K(55296K)], 0.5005873 secs] [Times: user=10.00 sys=1.73, real=0.50 secs] 
2021-03-30T19:23:50.217+0200: 663.871: [GC (Allocation Failure) [PSYoungGen: 33653760K->4953245K(44426752K)] 39158580K->10458065K(56859648K), 0.5362062 secs] [Times: user=2.70 sys=18.82, real=0.54 secs] 
2021-03-30T19:24:44.213+0200: 717.866: [GC (Allocation Failure) [PSYoungGen: 42716317K->2954287K(44731392K)] 48221137K->9189176K(57164288K), 0.2331296 secs] [Times: user=5.33 sys=3.78, real=0.24 secs] 
2021-03-30T19:25:43.235+0200: 776.888: [GC (Allocation Failure) [PSYoungGen: 40717359K->3690670K(48380416K)] 46952248K->10139868K(60813312K), 0.3783207 secs] [Times: user=3.85 sys=10.88, real=0.38 secs] 
2021-03-30T19:26:30.229+0200: 823.882: [GC (Allocation Failure) [PSYoungGen: 45952686K->6427357K(48740352K)] 52401884K->13001035K(61173248K), 0.2948750 secs] [Times: user=8.18 sys=3.65, real=0.29 secs] 
2021-03-30T19:27:26.841+0200: 880.495: [GC (Allocation Failure) [PSYoungGen: 48689373K->2700067K(53859328K)] 55263051K->9430998K(66292224K), 0.3092449 secs] [Times: user=2.53 sys=5.45, real=0.31 secs] 
2021-03-30T19:28:35.485+0200: 949.138: [GC (Allocation Failure) [PSYoungGen: 49258787K->3714372K(50273280K)] 55989718K->10488156K(62706176K), 0.1682018 secs] [Times: user=6.01 sys=0.00, real=0.17 secs] 
2021-03-30T19:29:36.663+0200: 1010.316: [GC (Allocation Failure) [PSYoungGen: 50273092K->3973411K(53539328K)] 57046876K->10747195K(65972224K), 0.2646190 secs] [Times: user=5.14 sys=4.62, real=0.27 secs] 
2021-03-30T19:30:30.509+0200: 1064.162: [GC (Allocation Failure) [PSYoungGen: 50710819K->6333078K(53360640K)] 57484603K->13106862K(65793536K), 0.2334539 secs] [Times: user=7.97 sys=1.30, real=0.23 secs] 
2021-03-30T19:31:14.106+0200: 1107.759: [GC (Allocation Failure) [PSYoungGen: 53070486K->7325160K(51075072K)] 59844270K->15057396K(63507968K), 0.5653424 secs] [Times: user=7.62 sys=15.46, real=0.56 secs] 
2021-03-30T19:31:51.218+0200: 1144.872: [GC (Allocation Failure) [PSYoungGen: 51075048K->8573118K(52323328K)] 58807284K->16306863K(64756224K), 0.2702552 secs] [Times: user=10.90 sys=0.09, real=0.27 secs] 
2021-03-30T19:33:41.875+0200: 1255.528: [GC (GCLocker Initiated GC) [PSYoungGen: 52323006K->385221K(49615872K)] 60058158K->8120885K(62048768K), 0.0677370 secs] [Times: user=1.47 sys=0.00, real=0.06 secs] 
2021-03-30T19:35:52.258+0200: 1385.911: [GC (Allocation Failure) [PSYoungGen: 41363141K->1317028K(50969600K)] 49098806K->9052694K(63402496K), 0.1085840 secs] [Times: user=2.95 sys=0.05, real=0.11 secs] 
2021-03-30T19:36:49.136+0200: 1442.789: [GC (Allocation Failure) [PSYoungGen: 42294948K->4403537K(50013184K)] 50030614K->12139203K(62446080K), 0.2204283 secs] [Times: user=6.32 sys=1.32, real=0.22 secs] 
2021-03-30T19:37:32.745+0200: 1486.398: [GC (Allocation Failure) [PSYoungGen: 45437777K->6014648K(50519552K)] 53173443K->13750314K(62952448K), 0.2100194 secs] [Times: user=8.34 sys=0.00, real=0.21 secs] 
2021-03-30T19:38:00.943+0200: 1514.596: [GC (Allocation Failure) [PSYoungGen: 47048888K->9666541K(47970816K)] 54784554K->17945028K(60403712K), 0.4095803 secs] [Times: user=12.52 sys=4.24, real=0.41 secs] 
2021-03-30T19:38:24.488+0200: 1538.141: [GC (Allocation Failure) [PSYoungGen: 47970797K->11328511K(49632768K)] 56249284K->21691400K(62065664K), 0.4142916 secs] [Times: user=17.20 sys=0.00, real=0.41 secs] 
2021-03-30T19:38:24.902+0200: 1538.555: [Full GC (Ergonomics) [PSYoungGen: 11328511K->130130K(49632768K)] [ParOldGen: 10362888K->12432537K(19237888K)] 21691400K->12562668K(68870656K), [Metaspace: 51266K->51266K(55296K)], 0.8690554 secs] [Times: user=17.06 sys=7.53, real=0.87 secs] 
2021-03-30T19:38:53.297+0200: 1566.950: [GC (Allocation Failure) [PSYoungGen: 38434386K->6770315K(45433344K)] 50866924K->19202853K(64671232K), 0.2587261 secs] [Times: user=8.92 sys=0.00, real=0.26 secs] 
2021-03-30T19:39:13.179+0200: 1586.832: [GC (Allocation Failure) [PSYoungGen: 40875147K->13359906K(47464960K)] 53307685K->25792444K(66702848K), 0.4016661 secs] [Times: user=16.61 sys=0.00, real=0.40 secs] 
2021-03-30T19:39:47.092+0200: 1620.745: [GC (Allocation Failure) [PSYoungGen: 47464738K->10708631K(42252800K)] 59897276K->23271299K(61490688K), 0.3607062 secs] [Times: user=14.62 sys=0.28, real=0.36 secs] 
2021-03-30T19:40:27.037+0200: 1660.690: [GC (Allocation Failure) [PSYoungGen: 39465111K->4386584K(44858880K)] 52027779K->19316179K(64096768K), 0.4422560 secs] [Times: user=6.24 sys=6.26, real=0.44 secs] 
2021-03-30T19:41:15.335+0200: 1708.988: [GC (Allocation Failure) [PSYoungGen: 33143064K->2896496K(43906560K)] 48072659K->18111686K(63144448K), 0.2421392 secs] [Times: user=3.54 sys=0.44, real=0.24 secs] 
2021-03-30T19:42:02.820+0200: 1756.473: [GC (Allocation Failure) [PSYoungGen: 32124016K->2939124K(44618240K)] 47339206K->18290638K(63856128K), 0.1407240 secs] [Times: user=4.95 sys=0.12, real=0.14 secs] 
2021-03-30T19:42:44.593+0200: 1798.247: [GC (Allocation Failure) [PSYoungGen: 32166644K->3636950K(44234752K)] 47518158K->19220007K(63472640K), 0.1624824 secs] [Times: user=5.41 sys=0.51, real=0.16 secs] 
2021-03-30T19:43:17.081+0200: 1830.735: [GC (Allocation Failure) [PSYoungGen: 34143958K->4872971K(45066240K)] 49727015K->21800703K(64304128K), 0.2667210 secs] [Times: user=5.99 sys=4.95, real=0.27 secs] 
2021-03-30T19:43:42.892+0200: 1856.545: [GC (Allocation Failure) [PSYoungGen: 35379979K->5457353K(44741632K)] 52307711K->24887565K(64172544K), 0.5055005 secs] [Times: user=7.60 sys=11.18, real=0.51 secs] 
2021-03-30T19:43:43.397+0200: 1857.051: [Full GC (Ergonomics) [PSYoungGen: 5457353K->0K(44741632K)] [ParOldGen: 19430212K->7679572K(15442432K)] 24887565K->7679572K(60184064K), [Metaspace: 51320K->51320K(55296K)], 0.9078905 secs] [Times: user=14.18 sys=3.71, real=0.91 secs] 
2021-03-30T19:44:05.163+0200: 1878.816: [GC (Allocation Failure) [PSYoungGen: 32571392K->5501473K(45623296K)] 40250964K->13181046K(61065728K), 0.1707484 secs] [Times: user=6.67 sys=0.00, real=0.18 secs] 
2021-03-30T19:44:48.651+0200: 1922.304: [GC (Allocation Failure) [PSYoungGen: 38072865K->3969493K(46969856K)] 45752438K->13473104K(62412288K), 0.1949424 secs] [Times: user=7.69 sys=0.00, real=0.20 secs] 
2021-03-30T19:45:38.769+0200: 1972.422: [GC (Allocation Failure) [PSYoungGen: 39541205K->3252444K(47523328K)] 49044816K->13408054K(62965760K), 0.1504413 secs] [Times: user=5.42 sys=0.01, real=0.15 secs] 
2021-03-30T19:46:32.189+0200: 2025.842: [GC (Allocation Failure) [PSYoungGen: 38824156K->3376455K(48089088K)] 48979766K->13722453K(63531520K), 0.1518285 secs] [Times: user=5.55 sys=0.00, real=0.15 secs] 
2021-03-30T19:47:24.120+0200: 2077.773: [GC (Allocation Failure) [PSYoungGen: 40705863K->3889555K(39570944K)] 51051861K->14424298K(55013376K), 0.1966345 secs] [Times: user=6.32 sys=0.04, real=0.20 secs] 
2021-03-30T19:48:06.422+0200: 2120.076: [GC (Allocation Failure) [PSYoungGen: 39570835K->4610013K(42391040K)] 50105578K->15546665K(57833472K), 0.2637693 secs] [Times: user=6.98 sys=0.29, real=0.27 secs] 
2021-03-30T19:48:46.867+0200: 2160.520: [GC (Allocation Failure) [PSYoungGen: 38724573K->4461873K(37086720K)] 49661225K->15849869K(52529152K), 0.2471689 secs] [Times: user=6.55 sys=0.08, real=0.25 secs] 
2021-03-30T19:49:26.999+0200: 2200.653: [GC (Allocation Failure) [PSYoungGen: 37086513K->4448405K(38837248K)] 48474509K->16249975K(54279680K), 0.2351209 secs] [Times: user=6.54 sys=0.07, real=0.24 secs] 
2021-03-30T19:50:02.233+0200: 2235.886: [GC (Allocation Failure) [PSYoungGen: 35656341K->4920572K(34781696K)] 47457911K->17655724K(50224128K), 0.2493794 secs] [Times: user=6.95 sys=0.08, real=0.25 secs] 
2021-03-30T19:50:22.990+0200: 2256.643: [GC (Allocation Failure) [PSYoungGen: 34781436K->5073611K(39243264K)] 47516588K->21060255K(55247360K), 0.3016914 secs] [Times: user=8.39 sys=0.99, real=0.30 secs] 
2021-03-30T19:50:23.292+0200: 2256.945: [Full GC (Ergonomics) [PSYoungGen: 5073611K->0K(39243264K)] [ParOldGen: 15986643K->7863636K(16113664K)] 21060255K->7863636K(55356928K), [Metaspace: 51329K->51329K(55296K)], 0.4892289 secs] [Times: user=10.80 sys=0.00, real=0.49 secs] 
2021-03-30T19:50:43.825+0200: 2277.478: [GC (Allocation Failure) [PSYoungGen: 30193664K->4904624K(38910464K)] 38057300K->12768261K(55024128K), 0.1605938 secs] [Times: user=6.36 sys=0.00, real=0.16 secs] 
2021-03-30T19:51:02.916+0200: 2296.569: [GC (Allocation Failure) [PSYoungGen: 35098288K->4966190K(42437120K)] 42961925K->17117217K(58550784K), 0.2791180 secs] [Times: user=11.20 sys=0.00, real=0.28 secs] 
2021-03-30T19:51:03.195+0200: 2296.848: [Full GC (Ergonomics) [PSYoungGen: 4966190K->0K(42437120K)] [ParOldGen: 12151026K->9868959K(19607040K)] 17117217K->9868959K(62044160K), [Metaspace: 51329K->51329K(55296K)], 0.5542422 secs] [Times: user=13.20 sys=0.00, real=0.55 secs] 
2021-03-30T19:51:46.710+0200: 2340.363: [GC (Allocation Failure) [PSYoungGen: 34412032K->4235606K(42449920K)] 44280991K->14104565K(62056960K), 0.1547130 secs] [Times: user=5.91 sys=0.01, real=0.15 secs] 
2021-03-30T19:52:33.871+0200: 2387.524: [GC (Allocation Failure) [PSYoungGen: 38647638K->3967565K(45609984K)] 48516597K->14671695K(65217024K), 0.3313420 secs] [Times: user=4.97 sys=8.60, real=0.33 secs] 
2021-03-30T19:53:22.551+0200: 2436.204: [GC (Allocation Failure) [PSYoungGen: 42103373K->5089583K(45806592K)] 52807503K->16006820K(65413632K), 0.1798152 secs] [Times: user=6.91 sys=0.11, real=0.18 secs] 
2021-03-30T19:53:47.106+0200: 2460.759: [GC (Allocation Failure) [PSYoungGen: 43225391K->7081679K(48927744K)] 54142628K->20830046K(68534784K), 0.7774662 secs] [Times: user=4.78 sys=27.64, real=0.77 secs] 
2021-03-30T19:54:32.131+0200: 2505.784: [GC (Allocation Failure) [PSYoungGen: 48498383K->5475727K(49511424K)] 62246750K->20119753K(69118464K), 0.2186718 secs] [Times: user=8.70 sys=0.00, real=0.22 secs] 
2021-03-30T19:55:22.840+0200: 2556.493: [GC (GCLocker Initiated GC) [PSYoungGen: 46892431K->5527250K(52509696K)] 61536463K->20706584K(72116736K), 0.4637635 secs] [Times: user=5.63 sys=6.38, real=0.46 secs] 
2021-03-30T19:56:28.069+0200: 2621.722: [GC (Allocation Failure) [PSYoungGen: 50430674K->3538346K(52753920K)] 65610009K->18746878K(72360960K), 0.1499685 secs] [Times: user=5.50 sys=0.01, real=0.15 secs] 
2021-03-30T19:57:54.999+0200: 2708.652: [GC (Allocation Failure) [PSYoungGen: 48441770K->2526156K(52884480K)] 63650302K->17767869K(72491520K), 0.1447970 secs] [Times: user=5.20 sys=0.00, real=0.14 secs] 
2021-03-30T19:58:40.089+0200: 2753.742: [GC (Allocation Failure) [PSYoungGen: 47572428K->7432888K(52479488K)] 62814141K->22875178K(72086528K), 0.2555857 secs] [Times: user=10.01 sys=0.02, real=0.25 secs] 
2021-03-30T19:59:24.805+0200: 2798.458: [GC (Allocation Failure) [PSYoungGen: 52479160K->6880460K(51473920K)] 67921450K->22493838K(71080960K), 0.3384916 secs] [Times: user=8.67 sys=3.96, real=0.34 secs] 
2021-03-30T20:00:22.725+0200: 2856.378: [GC (Allocation Failure) [PSYoungGen: 49872588K->4367326K(51976704K)] 65485966K->20030643K(71583744K), 0.1852948 secs] [Times: user=6.64 sys=0.01, real=0.19 secs] 
2021-03-30T20:01:08.381+0200: 2902.034: [GC (Allocation Failure) [PSYoungGen: 47359454K->7296760K(51315200K)] 63022771K->23152027K(70922240K), 0.2683313 secs] [Times: user=10.09 sys=0.80, real=0.27 secs] 
2021-03-30T20:01:53.491+0200: 2947.144: [GC (Allocation Failure) [PSYoungGen: 49875192K->6490510K(49069056K)] 65730459K->22477420K(68676096K), 0.2185686 secs] [Times: user=8.81 sys=0.00, real=0.22 secs] 
2021-03-30T20:02:48.793+0200: 3002.446: [GC (Allocation Failure) [PSYoungGen: 49068942K->4588194K(51959808K)] 65055852K->20575105K(71566848K), 0.1586268 secs] [Times: user=6.22 sys=0.00, real=0.16 secs] 
2021-03-30T20:03:42.165+0200: 3055.818: [GC (Allocation Failure) [PSYoungGen: 47305890K->5088250K(47805952K)] 63292801K->21075161K(67412992K), 0.1827549 secs] [Times: user=7.04 sys=0.00, real=0.19 secs] 
2021-03-30T20:04:30.219+0200: 3103.873: [GC (Allocation Failure) [PSYoungGen: 47805946K->6016796K(51470848K)] 63792857K->22003706K(71077888K), 0.2182962 secs] [Times: user=8.56 sys=0.05, real=0.22 secs] 
2021-03-30T20:05:13.653+0200: 3147.306: [GC (Allocation Failure) [PSYoungGen: 48810268K->6925952K(51395072K)] 64797178K->22912863K(71002112K), 0.2432606 secs] [Times: user=9.89 sys=0.00, real=0.25 secs] 
2021-03-30T20:06:09.748+0200: 3203.401: [GC (Allocation Failure) [PSYoungGen: 49719424K->3827520K(52151296K)] 65706335K->19814430K(71758336K), 0.1689510 secs] [Times: user=6.56 sys=0.00, real=0.17 secs] 
2021-03-30T20:07:12.481+0200: 3266.134: [GC (Allocation Failure) [PSYoungGen: 47127872K->3537040K(46837760K)] 63114782K->19523950K(66444800K), 0.1530841 secs] [Times: user=5.73 sys=0.00, real=0.16 secs] 
2021-03-30T20:08:06.800+0200: 3320.453: [GC (Allocation Failure) [PSYoungGen: 46837392K->5616811K(52276224K)] 62824302K->21603722K(71883264K), 0.1941239 secs] [Times: user=7.39 sys=0.00, real=0.20 secs] 
2021-03-30T20:09:07.060+0200: 3380.714: [GC (Allocation Failure) [PSYoungGen: 49116331K->3185248K(44765184K)] 65103242K->19172159K(64372224K), 0.1837031 secs] [Times: user=5.51 sys=0.03, real=0.18 secs] 
2021-03-30T20:10:06.450+0200: 3440.103: [GC (Allocation Failure) [PSYoungGen: 44764768K->4036692K(46139904K)] 60751679K->20023603K(65746944K), 0.2294309 secs] [Times: user=5.58 sys=0.07, real=0.23 secs] 
2021-03-30T20:10:51.105+0200: 3484.758: [GC (Allocation Failure) [PSYoungGen: 43790932K->5998403K(44017152K)] 59777843K->21985314K(63624192K), 0.2545585 secs] [Times: user=8.16 sys=0.05, real=0.26 secs] 
2021-03-30T20:11:28.912+0200: 3522.566: [GC (Allocation Failure) [PSYoungGen: 44016963K->7390797K(45938176K)] 60003874K->23377708K(65545216K), 0.2456498 secs] [Times: user=9.90 sys=0.00, real=0.25 secs] 
2021-03-30T20:12:01.427+0200: 3555.080: [GC (Allocation Failure) [PSYoungGen: 44878413K->8981496K(46469120K)] 60865324K->25405137K(66076160K), 0.3374477 secs] [Times: user=11.35 sys=2.36, real=0.33 secs] 
2021-03-30T20:12:53.796+0200: 3607.449: [GC (Allocation Failure) [PSYoungGen: 46469112K->3257541K(50849280K)] 62892753K->19681829K(70456320K), 0.1441617 secs] [Times: user=5.52 sys=0.00, real=0.14 secs] 
2021-03-30T20:13:50.471+0200: 3664.124: [GC (Allocation Failure) [PSYoungGen: 43961029K->4686014K(45389824K)] 60385317K->21110303K(64996864K), 0.1941984 secs] [Times: user=7.46 sys=0.01, real=0.20 secs] 
2021-03-30T20:14:40.841+0200: 3714.494: [GC (Allocation Failure) [PSYoungGen: 45389502K->5138518K(50878976K)] 61813791K->21562806K(70486016K), 0.2404015 secs] [Times: user=6.81 sys=2.72, real=0.24 secs] 
2021-03-30T20:15:30.204+0200: 3763.857: [GC (Allocation Failure) [PSYoungGen: 46244438K->5629612K(50476544K)] 62668726K->22053901K(70083584K), 0.2017930 secs] [Times: user=7.83 sys=0.00, real=0.21 secs] 
2021-03-30T20:16:09.700+0200: 3803.353: [GC (Allocation Failure) [PSYoungGen: 46735532K->7669505K(50411520K)] 63159821K->24094154K(70018560K), 0.4764663 secs] [Times: user=7.22 sys=12.54, real=0.48 secs] 
2021-03-30T20:17:01.980+0200: 3855.633: [GC (Allocation Failure) [PSYoungGen: 49006849K->5051513K(50891776K)] 65431498K->21476650K(70498816K), 0.2130379 secs] [Times: user=7.84 sys=0.11, real=0.22 secs] 
2021-03-30T20:17:49.940+0200: 3903.594: [GC (Allocation Failure) [PSYoungGen: 46388857K->5887944K(50740224K)] 62813994K->22313497K(70347264K), 0.2254662 secs] [Times: user=8.94 sys=0.01, real=0.23 secs] 
2021-03-30T20:18:36.648+0200: 3950.302: [GC (Allocation Failure) [PSYoungGen: 48042440K->5992413K(51162624K)] 64467993K->22418422K(70769664K), 0.2087253 secs] [Times: user=8.34 sys=0.00, real=0.21 secs] 
2021-03-30T20:19:20.803+0200: 3994.457: [GC (Allocation Failure) [PSYoungGen: 48146909K->6848189K(51874816K)] 64572918K->23274653K(71481856K), 0.2628805 secs] [Times: user=8.87 sys=1.78, real=0.27 secs] 
2021-03-30T20:20:02.043+0200: 4035.697: [GC (Allocation Failure) [PSYoungGen: 49904829K->8328001K(51384832K)] 66331293K->24754914K(70991872K), 0.2830320 secs] [Times: user=11.33 sys=0.00, real=0.29 secs] 
2021-03-30T20:20:41.134+0200: 4074.787: [GC (Allocation Failure) [PSYoungGen: 51384641K->8903039K(49932800K)] 67811554K->25330464K(69539840K), 0.3946056 secs] [Times: user=10.35 sys=5.58, real=0.39 secs] 
2021-03-30T20:21:31.882+0200: 4125.536: [GC (Allocation Failure) [PSYoungGen: 49259391K->4232759K(50658816K)] 65686816K->20660679K(70265856K), 0.1621310 secs] [Times: user=6.37 sys=0.00, real=0.16 secs] 
2021-03-30T20:22:40.646+0200: 4194.299: [GC (Allocation Failure) [PSYoungGen: 44589111K->3245872K(50577408K)] 61017031K->19674273K(70184448K), 0.1365499 secs] [Times: user=5.04 sys=0.00, real=0.13 secs] 
2021-03-30T20:23:44.606+0200: 4258.259: [GC (Allocation Failure) [PSYoungGen: 43571504K->3693400K(44019200K)] 59999905K->20124000K(63626240K), 0.1442720 secs] [Times: user=5.20 sys=0.00, real=0.14 secs] 
2021-03-30T20:24:35.315+0200: 4308.968: [GC (Allocation Failure) [PSYoungGen: 44019032K->5058610K(50989568K)] 60449632K->21531404K(70596608K), 0.1944896 secs] [Times: user=7.52 sys=0.04, real=0.19 secs] 
2021-03-30T20:25:09.498+0200: 4343.151: [GC (Allocation Failure) [PSYoungGen: 45823026K->8538225K(49303040K)] 62295820K->25242814K(68910080K), 0.2918446 secs] [Times: user=11.71 sys=0.16, real=0.29 secs] 
2021-03-30T20:26:18.670+0200: 4412.323: [GC (Allocation Failure) [PSYoungGen: 49302641K->2707874K(50304512K)] 66007230K->19434041K(69911552K), 0.1351960 secs] [Times: user=4.71 sys=0.02, real=0.14 secs] 
2021-03-30T20:27:04.297+0200: 4457.950: [GC (Allocation Failure) [PSYoungGen: 42481570K->6057551K(45831680K)] 59207737K->22784182K(65438720K), 0.2033898 secs] [Times: user=8.11 sys=0.01, real=0.20 secs] 
2021-03-30T20:27:59.470+0200: 4513.123: [GC (Allocation Failure) [PSYoungGen: 45831247K->5297106K(50543616K)] 62557878K->22024210K(70150656K), 0.1861289 secs] [Times: user=7.37 sys=0.00, real=0.19 secs] 
2021-03-30T20:28:41.035+0200: 4554.688: [GC (Allocation Failure) [PSYoungGen: 45556690K->6731761K(50120704K)] 62283794K->23459264K(69727744K), 0.2265007 secs] [Times: user=8.91 sys=0.00, real=0.22 secs] 
2021-03-30T20:29:29.794+0200: 4603.448: [GC (Allocation Failure) [PSYoungGen: 46991345K->5130902K(50771968K)] 63718848K->21858853K(70379008K), 0.1849261 secs] [Times: user=7.39 sys=0.00, real=0.18 secs] 
2021-03-30T20:30:21.603+0200: 4655.256: [GC (Allocation Failure) [PSYoungGen: 46275222K->5189475K(50683392K)] 63003173K->21917834K(70290432K), 0.1853926 secs] [Times: user=7.19 sys=0.00, real=0.19 secs] 
2021-03-30T20:31:10.019+0200: 4703.672: [GC (Allocation Failure) [PSYoungGen: 46333795K->5933528K(51191296K)] 63062154K->22662287K(70798336K), 0.2060670 secs] [Times: user=8.22 sys=0.00, real=0.21 secs] 
2021-03-30T20:31:58.472+0200: 4752.126: [GC (Allocation Failure) [PSYoungGen: 47959000K->5480005K(51013120K)] 64687759K->22209188K(70620160K), 0.1945923 secs] [Times: user=7.63 sys=0.01, real=0.20 secs] 
2021-03-30T20:32:51.049+0200: 4804.702: [GC (Allocation Failure) [PSYoungGen: 47505477K->4678118K(51631104K)] 64234660K->21407709K(71238144K), 0.1805025 secs] [Times: user=7.17 sys=0.00, real=0.18 secs] 
2021-03-30T20:34:14.007+0200: 4887.660: [GC (Allocation Failure) [PSYoungGen: 47637478K->2421348K(43487744K)] 64367069K->19151316K(63094784K), 0.1711894 secs] [Times: user=3.93 sys=0.14, real=0.17 secs] 
2021-03-30T20:34:50.926+0200: 4924.579: [GC (Allocation Failure) [PSYoungGen: 43487332K->7895677K(49163776K)] 60217300K->24626068K(68770816K), 0.2586576 secs] [Times: user=10.37 sys=0.00, real=0.25 secs] 
2021-03-30T20:37:04.273+0200: 5057.926: [GC (Allocation Failure) [PSYoungGen: 48317053K->551947K(39205376K)] 65047444K->17282858K(58812416K), 0.0826884 secs] [Times: user=1.80 sys=0.04, real=0.09 secs] 
2021-03-30T20:38:16.277+0200: 5129.931: [GC (Allocation Failure) [PSYoungGen: 39204875K->5452155K(44502528K)] 55935786K->22183514K(64109568K), 0.2909721 secs] [Times: user=6.52 sys=0.10, real=0.29 secs] 
2021-03-30T20:38:42.285+0200: 5155.939: [GC (Allocation Failure) [PSYoungGen: 42423675K->9521125K(46492672K)] 59155034K->28655830K(66099712K), 0.6518627 secs] [Times: user=13.08 sys=14.04, real=0.65 secs] 
2021-03-30T20:38:42.937+0200: 5156.591: [Full GC (Ergonomics) [PSYoungGen: 9521125K->0K(46492672K)] [ParOldGen: 19134704K->11181642K(18427392K)] 28655830K->11181642K(64920064K), [Metaspace: 51377K->51376K(55296K)], 0.6613232 secs] [Times: user=15.09 sys=0.01, real=0.66 secs] 
2021-03-30T20:39:12.811+0200: 5186.464: [GC (Allocation Failure) [PSYoungGen: 36971520K->5416161K(49876992K)] 48153162K->16597803K(68304384K), 0.1967071 secs] [Times: user=6.75 sys=0.01, real=0.20 secs] 
2021-03-30T20:40:58.664+0200: 5292.317: [GC (Allocation Failure) [PSYoungGen: 43667681K->2621503K(40873472K)] 54849323K->13803145K(59300864K), 0.1215708 secs] [Times: user=4.09 sys=0.01, real=0.13 secs] 
2021-03-30T20:41:59.627+0200: 5353.280: [GC (Allocation Failure) [PSYoungGen: 40873023K->4860955K(49797632K)] 52054665K->16042598K(68225024K), 0.1791408 secs] [Times: user=6.94 sys=0.00, real=0.18 secs] 
2021-03-30T20:42:41.400+0200: 5395.053: [GC (Allocation Failure) [PSYoungGen: 43593755K->7320714K(49316352K)] 54775398K->18502357K(67743744K), 0.2392618 secs] [Times: user=9.62 sys=0.00, real=0.24 secs] 
2021-03-30T20:43:05.061+0200: 5418.714: [GC (Allocation Failure) [PSYoungGen: 46053514K->10796003K(45806080K)] 57235157K->24021428K(64233472K), 0.8215729 secs] [Times: user=12.52 sys=22.21, real=0.82 secs] 
2021-03-30T20:43:25.906+0200: 5439.559: [GC (Allocation Failure) [PSYoungGen: 45806051K->12975608K(47985664K)] 59031476K->27946893K(66413056K), 0.4854580 secs] [Times: user=20.26 sys=0.00, real=0.48 secs] 
2021-03-30T20:43:55.059+0200: 5468.712: [GC (Allocation Failure) [PSYoungGen: 47985656K->10507802K(42212352K)] 62956941K->25479087K(60639744K), 0.3277327 secs] [Times: user=13.49 sys=0.00, real=0.33 secs] 
2021-03-30T20:44:32.337+0200: 5505.990: [GC (Allocation Failure) [PSYoungGen: 39744538K->5353110K(45099008K)] 54715823K->20972820K(63526400K), 0.1928131 secs] [Times: user=7.78 sys=0.13, real=0.19 secs] 
2021-03-30T20:45:10.202+0200: 5543.855: [GC (Allocation Failure) [PSYoungGen: 34589846K->5359458K(43621376K)] 50209556K->21160617K(62048768K), 0.2457568 secs] [Times: user=8.09 sys=0.07, real=0.25 secs] 
2021-03-30T20:45:51.548+0200: 5585.201: [GC (Allocation Failure) [PSYoungGen: 35082594K->4457455K(44603392K)] 50883753K->20552438K(63030784K), 0.1658697 secs] [Times: user=6.55 sys=0.14, real=0.17 secs] 
2021-03-30T20:46:53.192+0200: 5646.845: [GC (Allocation Failure) [PSYoungGen: 34180591K->1070765K(46029824K)] 50275574K->17175054K(64457216K), 0.0878533 secs] [Times: user=2.86 sys=0.01, real=0.09 secs] 
2021-03-30T20:48:56.928+0200: 5770.581: [GC (Allocation Failure) [PSYoungGen: 32563373K->1018049K(32510976K)] 48667662K->17122810K(50938368K), 0.0906139 secs] [Times: user=2.32 sys=0.01, real=0.09 secs] 
2021-03-30T20:49:56.223+0200: 5829.877: [GC (Allocation Failure) [PSYoungGen: 32510657K->3049899K(42776064K)] 48615418K->19155220K(61203456K), 0.1466796 secs] [Times: user=4.70 sys=0.02, real=0.15 secs] 
2021-03-30T20:50:26.399+0200: 5860.052: [GC (Allocation Failure) [PSYoungGen: 33226667K->6565672K(35490816K)] 49331988K->22676913K(53918208K), 0.2807221 secs] [Times: user=8.34 sys=0.06, real=0.28 secs] 
2021-03-30T20:50:50.513+0200: 5884.166: [GC (Allocation Failure) [PSYoungGen: 35490600K->8589610K(42468864K)] 51601841K->24762035K(60896256K), 0.2916982 secs] [Times: user=11.88 sys=0.18, real=0.29 secs] 
2021-03-30T20:51:12.159+0200: 5905.812: [GC (Allocation Failure) [PSYoungGen: 37217578K->4600306K(42765824K)] 53390003K->24841589K(63023616K), 0.5038077 secs] [Times: user=9.44 sys=3.89, real=0.50 secs] 
2021-03-30T20:51:12.663+0200: 5906.316: [Full GC (Ergonomics) [PSYoungGen: 4600306K->0K(42765824K)] [ParOldGen: 20241282K->8535690K(17663488K)] 24841589K->8535690K(60429312K), [Metaspace: 51383K->51383K(55296K)], 0.8110760 secs] [Times: user=13.79 sys=2.16, real=0.82 secs] 
2021-03-30T20:51:34.739+0200: 5928.392: [GC (Allocation Failure) [PSYoungGen: 28627968K->4132653K(45380096K)] 37163658K->12668343K(63043584K), 0.1450876 secs] [Times: user=5.59 sys=0.02, real=0.14 secs] 
2021-03-30T20:51:59.220+0200: 5952.873: [GC (Allocation Failure) [PSYoungGen: 36868397K->5269977K(45748224K)] 45404087K->17164272K(63411712K), 0.2577814 secs] [Times: user=10.54 sys=0.18, real=0.26 secs] 
2021-03-30T20:52:23.621+0200: 5977.274: [GC (Allocation Failure) [PSYoungGen: 38005721K->5502272K(46930944K)] 49900016K->21315674K(64594432K), 0.2988319 secs] [Times: user=12.20 sys=0.00, real=0.30 secs] 
2021-03-30T20:52:23.920+0200: 5977.573: [Full GC (Ergonomics) [PSYoungGen: 5502272K->0K(46930944K)] [ParOldGen: 15813401K->9029433K(20209152K)] 21315674K->9029433K(67140096K), [Metaspace: 51383K->51383K(55296K)], 0.6177873 secs] [Times: user=13.94 sys=0.38, real=0.62 secs] 
2021-03-30T20:52:48.614+0200: 6002.267: [GC (Allocation Failure) [PSYoungGen: 35631104K->5149409K(47276544K)] 44660537K->14178842K(67485696K), 0.1718979 secs] [Times: user=6.65 sys=0.01, real=0.17 secs] 
2021-03-30T20:53:20.056+0200: 6033.709: [GC (Allocation Failure) [PSYoungGen: 40780513K->5021582K(48556032K)] 49809946K->17253510K(68765184K), 0.2692383 secs] [Times: user=10.12 sys=0.00, real=0.26 secs] 
2021-03-30T20:54:10.137+0200: 6083.791: [GC (Allocation Failure) [PSYoungGen: 43238286K->3929735K(48835584K)] 55470214K->17035542K(69044736K), 0.1854135 secs] [Times: user=7.21 sys=0.08, real=0.18 secs] 
2021-03-30T20:54:52.919+0200: 6126.572: [GC (Allocation Failure) [PSYoungGen: 42146439K->5114958K(49370624K)] 55252246K->18468322K(69579776K), 0.1994910 secs] [Times: user=7.70 sys=0.00, real=0.20 secs] 
2021-03-30T20:55:33.743+0200: 6167.396: [GC (Allocation Failure) [PSYoungGen: 45097550K->6627722K(49866752K)] 58450914K->20600948K(70075904K), 0.2537909 secs] [Times: user=10.33 sys=0.00, real=0.26 secs] 
2021-03-30T20:56:34.032+0200: 6227.685: [GC (Allocation Failure) [PSYoungGen: 46610314K->2746696K(51034112K)] 60583540K->16889675K(71243264K), 0.1180275 secs] [Times: user=4.32 sys=0.01, real=0.12 secs] 
2021-03-30T20:57:38.685+0200: 6292.338: [GC (Allocation Failure) [PSYoungGen: 43857736K->3488628K(42841088K)] 58000715K->17660151K(63050240K), 0.1680388 secs] [Times: user=5.01 sys=0.14, real=0.17 secs] 
2021-03-30T20:58:32.117+0200: 6345.770: [GC (Allocation Failure) [PSYoungGen: 42840948K->4304355K(45016064K)] 57012471K->18603711K(65225216K), 0.1705242 secs] [Times: user=6.40 sys=0.01, real=0.17 secs] 
2021-03-30T20:59:12.079+0200: 6385.732: [GC (GCLocker Initiated GC) [PSYoungGen: 41983971K->6794881K(42884096K)] 56283492K->21094403K(63093248K), 0.2691051 secs] [Times: user=9.17 sys=0.05, real=0.27 secs] 
2021-03-30T20:59:40.658+0200: 6414.312: [GC (Allocation Failure) [PSYoungGen: 42883713K->9306037K(44604928K)] 57183246K->23653940K(64814080K), 0.3184976 secs] [Times: user=12.94 sys=0.00, real=0.32 secs] 
2021-03-30T21:00:02.086+0200: 6435.739: [GC (Allocation Failure) [PSYoungGen: 44290997K->5935732K(45708800K)] 58638900K->25154899K(65917952K), 0.5215346 secs] [Times: user=12.67 sys=9.20, real=0.52 secs] 
2021-03-30T21:00:02.608+0200: 6436.261: [Full GC (Ergonomics) [PSYoungGen: 5935732K->0K(45708800K)] [ParOldGen: 19219167K->10502781K(22402560K)] 25154899K->10502781K(68111360K), [Metaspace: 51383K->51383K(55296K)], 0.8561664 secs] [Times: user=16.14 sys=0.04, real=0.85 secs] 
2021-03-30T21:00:36.884+0200: 6470.537: [GC (Allocation Failure) [PSYoungGen: 34984960K->4832908K(49492480K)] 45487741K->15335689K(71895040K), 0.1785423 secs] [Times: user=5.94 sys=0.01, real=0.18 secs] 
2021-03-30T21:01:58.486+0200: 6552.139: [GC (GCLocker Initiated GC) [PSYoungGen: 44628620K->2124196K(49797632K)] 55131438K->14114444K(72200192K), 0.1555438 secs] [Times: user=5.62 sys=0.07, real=0.15 secs] 
2021-03-30T21:03:03.521+0200: 6617.174: [GC (Allocation Failure) [PSYoungGen: 41919908K->4063874K(50456576K)] 53910683K->16170576K(72859136K), 0.1501539 secs] [Times: user=5.69 sys=0.00, real=0.15 secs] 
2021-03-30T21:03:48.850+0200: 6662.503: [GC (Allocation Failure) [PSYoungGen: 44900482K->6444557K(50647552K)] 57007184K->18621219K(73050112K), 0.2156721 secs] [Times: user=8.61 sys=0.00, real=0.22 secs] 
2021-03-30T21:04:19.108+0200: 6692.761: [GC (Allocation Failure) [PSYoungGen: 47281165K->6604982K(50991104K)] 59457827K->20933127K(73393664K), 0.4495745 secs] [Times: user=8.22 sys=10.41, real=0.45 secs] 
2021-03-30T21:04:51.261+0200: 6724.914: [GC (Allocation Failure) [PSYoungGen: 47743670K->5930194K(47069184K)] 62071815K->23138398K(69471744K), 0.2765234 secs] [Times: user=11.17 sys=0.00, real=0.28 secs] 
2021-03-30T21:05:50.057+0200: 6783.711: [GC (Allocation Failure) [PSYoungGen: 47068882K->2797146K(50862592K)] 64277086K->20631000K(73265152K), 0.1693726 secs] [Times: user=6.42 sys=0.04, real=0.17 secs] 
2021-03-30T21:07:06.290+0200: 6859.943: [GC (Allocation Failure) [PSYoungGen: 43983450K->2648906K(42087424K)] 61817304K->20593774K(64489984K), 0.1234834 secs] [Times: user=4.38 sys=0.00, real=0.13 secs] 
2021-03-30T21:08:10.016+0200: 6923.669: [GC (Allocation Failure) [PSYoungGen: 42087242K->2914049K(45480448K)] 60032110K->20874524K(67883008K), 0.1621426 secs] [Times: user=4.72 sys=0.08, real=0.16 secs] 
2021-03-30T21:08:52.581+0200: 6966.234: [GC (Allocation Failure) [PSYoungGen: 40689921K->5455778K(41650176K)] 58650396K->23631428K(64052736K), 0.2587159 secs] [Times: user=7.52 sys=0.07, real=0.26 secs] 
2021-03-30T21:09:27.846+0200: 7001.499: [GC (Allocation Failure) [PSYoungGen: 41650082K->6167239K(42628096K)] 59825732K->25569157K(65030656K), 0.2902567 secs] [Times: user=8.72 sys=1.14, real=0.29 secs] 
2021-03-30T21:09:28.136+0200: 7001.789: [Full GC (Ergonomics) [PSYoungGen: 6167239K->0K(42628096K)] [ParOldGen: 19401917K->7084334K(17974784K)] 25569157K->7084334K(60602880K), [Metaspace: 51416K->51416K(55296K)], 0.5473415 secs] [Times: user=11.05 sys=0.07, real=0.54 secs] 
2021-03-30T21:09:59.268+0200: 7032.921: [GC (Allocation Failure) [PSYoungGen: 34689536K->6162478K(39418368K)] 41773870K->13246812K(57393152K), 0.2495855 secs] [Times: user=7.56 sys=0.14, real=0.25 secs] 
2021-03-30T21:10:26.153+0200: 7059.806: [GC (Allocation Failure) [PSYoungGen: 39417902K->5771508K(42814464K)] 46502236K->16752510K(60789248K), 0.3155193 secs] [Times: user=12.82 sys=0.01, real=0.32 secs] 
2021-03-30T21:10:48.791+0200: 7082.444: [GC (Allocation Failure) [PSYoungGen: 39188724K->5712754K(42652672K)] 50169726K->21060557K(60627456K), 0.3125323 secs] [Times: user=12.82 sys=0.00, real=0.31 secs] 
2021-03-30T21:10:49.103+0200: 7082.757: [Full GC (Ergonomics) [PSYoungGen: 5712754K->0K(42652672K)] [ParOldGen: 15347803K->9588295K(22608384K)] 21060557K->9588295K(65261056K), [Metaspace: 51416K->51416K(55296K)], 0.6467169 secs] [Times: user=14.06 sys=0.00, real=0.65 secs] 
2021-03-30T21:11:26.200+0200: 7119.853: [GC (Allocation Failure) [PSYoungGen: 33417216K->4685701K(45485568K)] 43005511K->14273997K(68093952K), 0.1818735 secs] [Times: user=5.68 sys=0.00, real=0.18 secs] 
2021-03-30T21:12:25.193+0200: 7178.846: [GC (Allocation Failure) [PSYoungGen: 42322821K->4584177K(46377984K)] 51911117K->15789569K(68986368K), 0.2065230 secs] [Times: user=7.70 sys=0.00, real=0.21 secs] 
Heap
 PSYoungGen      total 46377984K, used 30733639K [0x00007f781c380000, 0x00007f8630f00000, 0x00007f86a5000000)
  eden space 37637120K, 69% used [0x00007f781c380000,0x00007f7e58415b58,0x00007f8115680000)
  from space 8740864K, 52% used [0x00007f8115680000,0x00007f822d33c458,0x00007f832ae80000)
  to   space 8468480K, 0% used [0x00007f842c100000,0x00007f842c100000,0x00007f8630f00000)
 ParOldGen       total 22608384K, used 11205391K [0x00007f5b0aa00000, 0x00007f606e880000, 0x00007f781c380000)
  object space 22608384K, 49% used [0x00007f5b0aa00000,0x00007f5db68c3fe8,0x00007f606e880000)
 Metaspace       used 51653K, capacity 52342K, committed 53760K, reserved 55296K
