Java HotSpot(TM) 64-Bit Server VM (25.131-b11) for linux-amd64 JRE (1.8.0_131-b11), built on Mar 15 2017 01:23:40 by "java_re" with gcc 4.3.0 20080428 (Red Hat 4.3.0-8)
Memory: 4k page, physical 196649792k(194399384k free), swap 3905532k(3905532k free)
CommandLine flags: -XX:InitialHeapSize=2147483648 -XX:MaxHeapSize=187272527872 -XX:+PrintGC -XX:+PrintGCDateStamps -XX:+PrintGCDetails -XX:+PrintGCTimeStamps -XX:+UseParallelGC 
2021-03-30T19:12:47.640+0200: 1.294: [GC (Metadata GC Threshold) [PSYoungGen: 404766K->37658K(611840K)] 404766K->37746K(2010112K), 0.0242977 secs] [Times: user=0.44 sys=0.01, real=0.02 secs] 
2021-03-30T19:12:47.664+0200: 1.318: [Full GC (Metadata GC Threshold) [PSYoungGen: 37658K->0K(611840K)] [ParOldGen: 88K->36131K(893952K)] 37746K->36131K(1505792K), [Metaspace: 20779K->20779K(22528K)], 0.0416551 secs] [Times: user=0.88 sys=0.05, real=0.04 secs] 
2021-03-30T19:12:51.219+0200: 4.873: [GC (Allocation Failure) [PSYoungGen: 524800K->80652K(757248K)] 560931K->116791K(1651200K), 0.0256592 secs] [Times: user=0.70 sys=0.04, real=0.02 secs] 
2021-03-30T19:12:51.292+0200: 4.946: [GC (Allocation Failure) [PSYoungGen: 757004K->77313K(1130496K)] 793143K->113460K(2024448K), 0.0208540 secs] [Times: user=0.65 sys=0.06, real=0.02 secs] 
2021-03-30T19:12:52.500+0200: 6.154: [GC (Metadata GC Threshold) [PSYoungGen: 1120769K->87013K(1290752K)] 1156916K->224035K(2184704K), 0.0227923 secs] [Times: user=0.17 sys=0.66, real=0.02 secs] 
2021-03-30T19:12:52.523+0200: 6.177: [Full GC (Metadata GC Threshold) [PSYoungGen: 87013K->0K(1290752K)] [ParOldGen: 137021K->208839K(1331200K)] 224035K->208839K(2621952K), [Metaspace: 34430K->33910K(36864K)], 0.0765728 secs] [Times: user=1.51 sys=0.27, real=0.08 secs] 
2021-03-30T19:12:55.715+0200: 9.369: [GC (Allocation Failure) [PSYoungGen: 1203712K->87024K(1290752K)] 1412551K->458442K(2621952K), 0.0250847 secs] [Times: user=0.42 sys=0.44, real=0.03 secs] 
2021-03-30T19:12:58.147+0200: 11.801: [GC (Allocation Failure) [PSYoungGen: 1290736K->268636K(2316288K)] 1662154K->640062K(3647488K), 0.0306525 secs] [Times: user=0.38 sys=0.64, real=0.04 secs] 
2021-03-30T19:13:01.130+0200: 14.784: [GC (Allocation Failure) [PSYoungGen: 2308956K->332280K(2372608K)] 2680382K->840746K(3703808K), 0.0460276 secs] [Times: user=0.63 sys=0.81, real=0.05 secs] 
2021-03-30T19:13:04.234+0200: 17.888: [GC (Allocation Failure) [PSYoungGen: 2372600K->466919K(3632128K)] 2881066K->1249492K(4963328K), 0.0775895 secs] [Times: user=0.84 sys=1.56, real=0.08 secs] 
2021-03-30T19:13:06.719+0200: 20.372: [GC (Allocation Failure) [PSYoungGen: 3632103K->600856K(3838464K)] 4414676K->1577642K(5169664K), 0.0841639 secs] [Times: user=1.18 sys=1.36, real=0.08 secs] 
2021-03-30T19:13:12.027+0200: 25.680: [GC (Allocation Failure) [PSYoungGen: 3766040K->765425K(4781568K)] 4742826K->2270499K(6286848K), 0.1512092 secs] [Times: user=0.22 sys=4.48, real=0.16 secs] 
2021-03-30T19:13:12.178+0200: 25.832: [Full GC (Ergonomics) [PSYoungGen: 765425K->667580K(4781568K)] [ParOldGen: 1505074K->1504977K(3203072K)] 2270499K->2172557K(7984640K), [Metaspace: 47145K->46380K(49152K)], 0.2530106 secs] [Times: user=6.67 sys=1.52, real=0.25 secs] 
2021-03-30T19:13:16.581+0200: 30.235: [GC (Allocation Failure) [PSYoungGen: 4683708K->241069K(5103616K)] 6188685K->2412992K(8306688K), 0.0905138 secs] [Times: user=0.63 sys=2.52, real=0.09 secs] 
2021-03-30T19:13:24.488+0200: 38.142: [GC (Allocation Failure) [PSYoungGen: 4256874K->360773K(6204416K)] 6428797K->2736129K(9407488K), 0.0834243 secs] [Times: user=0.47 sys=1.80, real=0.08 secs] 
2021-03-30T19:13:34.548+0200: 48.202: [GC (Allocation Failure) [PSYoungGen: 5751109K->501376K(6372352K)] 8126465K->3184918K(9575424K), 0.0559783 secs] [Times: user=0.82 sys=1.30, real=0.05 secs] 
2021-03-30T19:13:34.604+0200: 48.258: [Full GC (Ergonomics) [PSYoungGen: 501376K->0K(6372352K)] [ParOldGen: 2683541K->3118955K(5294080K)] 3184918K->3118955K(11666432K), [Metaspace: 46658K->46658K(49152K)], 0.2111318 secs] [Times: user=4.15 sys=1.86, real=0.21 secs] 
2021-03-30T19:13:44.403+0200: 58.057: [GC (Allocation Failure) [PSYoungGen: 5390336K->569414K(7972352K)] 8509291K->3688370K(13266432K), 0.0677481 secs] [Times: user=0.68 sys=1.52, real=0.07 secs] 
2021-03-30T19:13:57.674+0200: 71.327: [GC (Allocation Failure) [PSYoungGen: 7592518K->716922K(7998464K)] 10711474K->4338399K(13292544K), 0.1158577 secs] [Times: user=0.81 sys=3.79, real=0.12 secs] 
2021-03-30T19:14:09.900+0200: 83.554: [GC (Allocation Failure) [PSYoungGen: 7740026K->1032688K(9824768K)] 11361503K->4805376K(15118848K), 0.1433903 secs] [Times: user=0.79 sys=4.94, real=0.14 secs] 
2021-03-30T19:14:24.428+0200: 98.082: [GC (Allocation Failure) [PSYoungGen: 9824752K->955621K(10040320K)] 13597440K->5649294K(15334400K), 0.1573314 secs] [Times: user=1.62 sys=4.45, real=0.15 secs] 
2021-03-30T19:14:24.585+0200: 98.239: [Full GC (Ergonomics) [PSYoungGen: 955621K->0K(10040320K)] [ParOldGen: 4693672K->2550051K(5313536K)] 5649294K->2550051K(15353856K), [Metaspace: 46905K->46905K(49152K)], 0.3342725 secs] [Times: user=6.10 sys=1.69, real=0.34 secs] 
2021-03-30T19:14:42.468+0200: 116.122: [GC (Allocation Failure) [PSYoungGen: 8792064K->725701K(11636224K)] 11342115K->3275761K(16949760K), 0.0896843 secs] [Times: user=0.70 sys=2.58, real=0.09 secs] 
2021-03-30T19:15:00.110+0200: 133.764: [GC (Allocation Failure) [PSYoungGen: 11060421K->1322473K(11657216K)] 13610481K->4196290K(16970752K), 0.1235107 secs] [Times: user=2.00 sys=2.95, real=0.12 secs] 
2021-03-30T19:15:11.189+0200: 144.842: [GC (Allocation Failure) [PSYoungGen: 11657193K->1644031K(12958720K)] 14531010K->5785855K(18272256K), 0.2353701 secs] [Times: user=2.71 sys=7.10, real=0.23 secs] 
2021-03-30T19:15:19.648+0200: 153.302: [GC (Allocation Failure) [PSYoungGen: 12958719K->2372578K(13687296K)] 17100543K->8168615K(19492864K), 0.2896593 secs] [Times: user=2.68 sys=5.97, real=0.29 secs] 
2021-03-30T19:15:19.938+0200: 153.592: [Full GC (Ergonomics) [PSYoungGen: 2372578K->0K(13687296K)] [ParOldGen: 5796036K->5461123K(9236480K)] 8168615K->5461123K(22923776K), [Metaspace: 47381K->47381K(51200K)], 0.4665678 secs] [Times: user=10.18 sys=2.19, real=0.46 secs] 
2021-03-30T19:15:27.050+0200: 160.704: [GC (Allocation Failure) [PSYoungGen: 11314688K->1648801K(17264640K)] 16775811K->7109924K(26501120K), 0.1844327 secs] [Times: user=0.66 sys=6.79, real=0.18 secs] 
2021-03-30T19:15:36.558+0200: 170.211: [GC (Allocation Failure) [PSYoungGen: 15532705K->2225318K(17208320K)] 20993828K->9138631K(26444800K), 0.2185406 secs] [Times: user=2.49 sys=6.01, real=0.22 secs] 
2021-03-30T19:15:56.868+0200: 190.521: [GC (Allocation Failure) [PSYoungGen: 16109222K->1369854K(20158976K)] 23022535K->10249375K(29395456K), 0.3006805 secs] [Times: user=1.93 sys=10.02, real=0.31 secs] 
2021-03-30T19:15:57.168+0200: 190.822: [Full GC (Ergonomics) [PSYoungGen: 1369854K->0K(20158976K)] [ParOldGen: 8879520K->7277198K(11964416K)] 10249375K->7277198K(32123392K), [Metaspace: 47487K->47487K(51200K)], 0.5620165 secs] [Times: user=11.46 sys=4.70, real=0.56 secs] 
2021-03-30T19:16:22.826+0200: 216.479: [GC (Allocation Failure) [PSYoungGen: 17195520K->1779371K(20463104K)] 24472718K->9056577K(32427520K), 0.0845186 secs] [Times: user=2.53 sys=0.50, real=0.09 secs] 
2021-03-30T19:16:46.061+0200: 239.715: [GC (Allocation Failure) [PSYoungGen: 18974891K->1626786K(22702592K)] 26252097K->10368157K(34667008K), 0.2180943 secs] [Times: user=2.64 sys=6.35, real=0.22 secs] 
2021-03-30T19:17:04.851+0200: 258.505: [GC (Allocation Failure) [PSYoungGen: 21424802K->3133433K(22931456K)] 30166173K->13666219K(34895872K), 0.3516071 secs] [Times: user=3.49 sys=11.01, real=0.35 secs] 
2021-03-30T19:17:05.203+0200: 258.857: [Full GC (Ergonomics) [PSYoungGen: 3133433K->0K(22931456K)] [ParOldGen: 10532785K->5165022K(10574336K)] 13666219K->5165022K(33505792K), [Metaspace: 47517K->47517K(51200K)], 0.5059541 secs] [Times: user=10.55 sys=2.11, real=0.51 secs] 
2021-03-30T19:17:34.812+0200: 288.466: [GC (Allocation Failure) [PSYoungGen: 19798016K->2797376K(27043328K)] 24963038K->7962398K(37617664K), 0.3488163 secs] [Times: user=1.11 sys=13.40, real=0.35 secs] 
2021-03-30T19:18:05.724+0200: 319.377: [GC (Allocation Failure) [PSYoungGen: 25582912K->3559364K(27173888K)] 30747934K->10551528K(37748224K), 0.3069851 secs] [Times: user=4.82 sys=7.30, real=0.31 secs] 
2021-03-30T19:19:09.977+0200: 383.631: [GC (Allocation Failure) [PSYoungGen: 26344900K->1508925K(30007296K)] 33337064K->8786361K(40581632K), 0.1836702 secs] [Times: user=1.50 sys=5.66, real=0.18 secs] 
2021-03-30T19:20:01.451+0200: 435.105: [GC (Allocation Failure) [PSYoungGen: 27487293K->2292755K(30557696K)] 34764729K->9570192K(41132032K), 0.1564785 secs] [Times: user=3.14 sys=2.60, real=0.16 secs] 
2021-03-30T19:20:42.841+0200: 476.495: [GC (Allocation Failure) [PSYoungGen: 28271123K->2937721K(33574912K)] 35548560K->10215157K(44149248K), 0.3337070 secs] [Times: user=2.94 sys=10.78, real=0.33 secs] 
2021-03-30T19:21:22.405+0200: 516.059: [GC (Allocation Failure) [PSYoungGen: 32080249K->4530673K(33673216K)] 39357685K->11884939K(44247552K), 0.3383401 secs] [Times: user=4.80 sys=8.66, real=0.34 secs] 
2021-03-30T19:21:55.645+0200: 549.299: [GC (Allocation Failure) [PSYoungGen: 33673201K->5212132K(36381696K)] 41027467K->13174322K(46956032K), 0.6371696 secs] [Times: user=3.66 sys=23.11, real=0.64 secs] 
2021-03-30T19:22:31.339+0200: 584.993: [GC (Allocation Failure) [PSYoungGen: 36381668K->5700361K(37376000K)] 44343858K->13702039K(47950336K), 0.2090145 secs] [Times: user=7.00 sys=1.29, real=0.21 secs] 
2021-03-30T19:23:06.567+0200: 620.221: [GC (Allocation Failure) [PSYoungGen: 36869897K->6083234K(40898048K)] 44871575K->14084912K(51472384K), 0.6499353 secs] [Times: user=2.98 sys=24.34, real=0.66 secs] 
2021-03-30T19:23:44.106+0200: 657.760: [GC (Allocation Failure) [PSYoungGen: 40017570K->6194294K(41640960K)] 48019248K->14196308K(52215296K), 0.2404089 secs] [Times: user=7.35 sys=2.04, real=0.24 secs] 
2021-03-30T19:24:15.479+0200: 689.133: [GC (Allocation Failure) [PSYoungGen: 40128630K->7271835K(45353472K)] 48130644K->15273849K(55927808K), 0.6863349 secs] [Times: user=4.02 sys=24.23, real=0.68 secs] 
2021-03-30T19:24:43.414+0200: 717.067: [GC (Allocation Failure) [PSYoungGen: 44292507K->9199737K(46238208K)] 52294521K->17230679K(56812544K), 0.2716363 secs] [Times: user=10.68 sys=0.10, real=0.27 secs] 
2021-03-30T19:25:37.671+0200: 771.325: [GC (Allocation Failure) [PSYoungGen: 46220409K->3390630K(50759680K)] 54251351K->11421988K(61334016K), 0.1400190 secs] [Times: user=4.23 sys=0.96, real=0.14 secs] 
2021-03-30T19:26:24.999+0200: 818.653: [GC (Allocation Failure) [PSYoungGen: 43522726K->5604603K(45736960K)] 51554084K->13635961K(56311296K), 0.1707862 secs] [Times: user=6.76 sys=0.01, real=0.17 secs] 
2021-03-30T19:27:24.465+0200: 878.119: [GC (Allocation Failure) [PSYoungGen: 45736699K->3750265K(50632704K)] 53768057K->11781623K(61207040K), 0.1560844 secs] [Times: user=4.93 sys=0.96, real=0.16 secs] 
2021-03-30T19:28:10.666+0200: 924.319: [GC (Allocation Failure) [PSYoungGen: 44310905K->6396168K(50204160K)] 52342263K->14427525K(60778496K), 0.1855499 secs] [Times: user=6.92 sys=0.06, real=0.19 secs] 
2021-03-30T19:28:55.383+0200: 969.037: [GC (Allocation Failure) [PSYoungGen: 46956808K->5733472K(51205120K)] 54988165K->13764830K(61779456K), 0.4137071 secs] [Times: user=4.65 sys=12.44, real=0.42 secs] 
2021-03-30T19:29:54.728+0200: 1028.382: [GC (Allocation Failure) [PSYoungGen: 47091808K->3634323K(44993024K)] 55123166K->11665680K(55567360K), 0.1318973 secs] [Times: user=4.40 sys=0.00, real=0.13 secs] 
2021-03-30T19:30:43.014+0200: 1076.668: [GC (Allocation Failure) [PSYoungGen: 44992659K->5780711K(50854912K)] 53024016K->13812069K(61429248K), 0.1921949 secs] [Times: user=7.66 sys=0.00, real=0.19 secs] 
2021-03-30T19:31:24.387+0200: 1118.041: [GC (Allocation Failure) [PSYoungGen: 47210727K->6709326K(50802176K)] 55242085K->14740684K(61376512K), 0.2151245 secs] [Times: user=8.64 sys=0.02, real=0.22 secs] 
2021-03-30T19:32:07.038+0200: 1160.691: [GC (Allocation Failure) [PSYoungGen: 48139342K->6936022K(50785792K)] 56170700K->14967380K(61360128K), 0.3494916 secs] [Times: user=8.42 sys=6.13, real=0.34 secs] 
2021-03-30T19:33:43.168+0200: 1256.821: [GC (Allocation Failure) [PSYoungGen: 48084950K->3198722K(42425344K)] 56116308K->11230080K(52999680K), 0.1093277 secs] [Times: user=3.74 sys=0.00, real=0.12 secs] 
2021-03-30T19:34:36.619+0200: 1310.272: [GC (Allocation Failure) [PSYoungGen: 42425090K->5999785K(45149696K)] 50456448K->14031143K(55724032K), 0.2326490 secs] [Times: user=7.33 sys=0.05, real=0.23 secs] 
2021-03-30T19:35:26.485+0200: 1360.139: [GC (Allocation Failure) [PSYoungGen: 43399337K->4751053K(40415232K)] 51430695K->12782411K(50989568K), 0.2397356 secs] [Times: user=5.80 sys=0.09, real=0.24 secs] 
2021-03-30T19:36:26.403+0200: 1420.057: [GC (Allocation Failure) [PSYoungGen: 40414925K->4510166K(40947712K)] 48446283K->12541524K(51522048K), 0.2197501 secs] [Times: user=5.41 sys=0.10, real=0.22 secs] 
2021-03-30T19:36:57.955+0200: 1451.609: [GC (Allocation Failure) [PSYoungGen: 38524374K->7296188K(39743488K)] 46555732K->15327962K(50317824K), 0.2320210 secs] [Times: user=8.55 sys=0.02, real=0.24 secs] 
2021-03-30T19:37:38.651+0200: 1492.305: [GC (Allocation Failure) [PSYoungGen: 39743164K->5357519K(38133248K)] 47774938K->13389677K(48707584K), 0.2436724 secs] [Times: user=6.66 sys=0.08, real=0.24 secs] 
2021-03-30T19:38:11.355+0200: 1525.008: [GC (Allocation Failure) [PSYoungGen: 36315087K->6092135K(35634176K)] 44347245K->14124773K(46208512K), 0.2521215 secs] [Times: user=7.35 sys=0.18, real=0.25 secs] 
2021-03-30T19:38:47.802+0200: 1561.456: [GC (Allocation Failure) [PSYoungGen: 35634023K->5408873K(35163648K)] 43666661K->13442023K(45737984K), 0.2513858 secs] [Times: user=7.61 sys=0.06, real=0.25 secs] 
2021-03-30T19:39:16.712+0200: 1590.365: [GC (GCLocker Initiated GC) [PSYoungGen: 33605225K->6578627K(33496576K)] 41638624K->14612458K(44070912K), 0.2608256 secs] [Times: user=9.30 sys=0.06, real=0.26 secs] 
2021-03-30T19:39:40.959+0200: 1614.613: [GC (GCLocker Initiated GC) [PSYoungGen: 33496515K->7405415K(35299328K)] 41530496K->15439876K(45873664K), 0.2221270 secs] [Times: user=8.97 sys=0.01, real=0.22 secs] 
2021-03-30T19:40:16.847+0200: 1650.501: [GC (Allocation Failure) [PSYoungGen: 33929575K->4938582K(30266880K)] 41964041K->12973528K(40841216K), 0.2009047 secs] [Times: user=6.41 sys=0.04, real=0.21 secs] 
2021-03-30T19:40:53.388+0200: 1687.042: [GC (Allocation Failure) [PSYoungGen: 30266710K->4062442K(31828480K)] 38301656K->12097924K(42402816K), 0.1694084 secs] [Times: user=4.96 sys=0.05, real=0.17 secs] 
2021-03-30T19:41:28.845+0200: 1722.499: [GC (Allocation Failure) [PSYoungGen: 28253930K->4022939K(27134464K)] 36289412K->12058853K(37708800K), 0.1717615 secs] [Times: user=5.15 sys=0.04, real=0.18 secs] 
2021-03-30T19:42:02.406+0200: 1756.060: [GC (Allocation Failure) [PSYoungGen: 27134107K->4022353K(29537280K)] 35170021K->12191128K(40111616K), 0.1821884 secs] [Times: user=5.18 sys=0.06, real=0.19 secs] 
2021-03-30T19:42:31.766+0200: 1785.419: [GC (Allocation Failure) [PSYoungGen: 26106449K->4492725K(25600512K)] 34275224K->12661923K(36174848K), 0.2001329 secs] [Times: user=5.28 sys=0.09, real=0.20 secs] 
2021-03-30T19:42:52.556+0200: 1806.210: [GC (Allocation Failure) [PSYoungGen: 25600437K->6362742K(27916800K)] 33769635K->14532581K(38491136K), 0.2159241 secs] [Times: user=8.09 sys=0.02, real=0.21 secs] 
2021-03-30T19:43:12.175+0200: 1825.829: [GC (Allocation Failure) [PSYoungGen: 26542198K->8079243K(28702208K)] 34712037K->16249489K(39276544K), 0.2462695 secs] [Times: user=9.77 sys=0.08, real=0.25 secs] 
2021-03-30T19:43:30.026+0200: 1843.680: [GC (Allocation Failure) [PSYoungGen: 28258699K->8378473K(30310400K)] 36428945K->16549279K(40884736K), 0.4221634 secs] [Times: user=8.32 sys=9.19, real=0.43 secs] 
2021-03-30T19:44:02.782+0200: 1876.436: [GC (Allocation Failure) [PSYoungGen: 29437033K->4413637K(31000064K)] 37607839K->12585444K(41574400K), 0.1585722 secs] [Times: user=5.87 sys=0.02, real=0.16 secs] 
2021-03-30T19:44:30.457+0200: 1904.111: [GC (Allocation Failure) [PSYoungGen: 25472197K->4630637K(32053760K)] 33644004K->12802868K(42628096K), 0.1748494 secs] [Times: user=6.97 sys=0.09, real=0.17 secs] 
2021-03-30T19:44:56.907+0200: 1930.561: [GC (Allocation Failure) [PSYoungGen: 27497069K->5583315K(32389120K)] 35669300K->13755994K(42963456K), 0.1791483 secs] [Times: user=7.23 sys=0.00, real=0.18 secs] 
2021-03-30T19:45:23.420+0200: 1957.074: [GC (Allocation Failure) [PSYoungGen: 28449747K->5634970K(33165824K)] 36622426K->13808113K(43740160K), 0.1941128 secs] [Times: user=7.05 sys=0.65, real=0.19 secs] 
2021-03-30T19:45:52.355+0200: 1986.009: [GC (GCLocker Initiated GC) [PSYoungGen: 30355866K->5434437K(33530880K)] 38529110K->13610449K(44105216K), 0.1642326 secs] [Times: user=6.58 sys=0.00, real=0.17 secs] 
2021-03-30T19:46:22.967+0200: 2016.620: [GC (Allocation Failure) [PSYoungGen: 30155333K->5090248K(34648064K)] 38331381K->13272305K(45222400K), 0.2091658 secs] [Times: user=5.57 sys=2.92, real=0.22 secs] 
2021-03-30T19:46:52.806+0200: 2046.460: [GC (Allocation Failure) [PSYoungGen: 31694792K->5827999K(31233024K)] 39876849K->14010872K(41807360K), 0.1768266 secs] [Times: user=7.20 sys=0.00, real=0.18 secs] 
2021-03-30T19:47:22.248+0200: 2075.901: [GC (Allocation Failure) [PSYoungGen: 31232927K->6379354K(31360512K)] 39415800K->14562715K(41934848K), 0.1993282 secs] [Times: user=7.97 sys=0.06, real=0.19 secs] 
2021-03-30T19:47:52.390+0200: 2106.044: [GC (Allocation Failure) [PSYoungGen: 30644058K->5323745K(28504576K)] 38827419K->13507522K(39078912K), 0.2011917 secs] [Times: user=6.36 sys=0.03, real=0.20 secs] 
2021-03-30T19:48:25.026+0200: 2138.679: [GC (Allocation Failure) [PSYoungGen: 28504545K->3491402K(29332480K)] 36688322K->11675491K(39906816K), 0.1498435 secs] [Times: user=4.81 sys=0.03, real=0.15 secs] 
2021-03-30T19:48:58.468+0200: 2172.122: [GC (Allocation Failure) [PSYoungGen: 25641546K->3438483K(24609280K)] 33825635K->11622940K(35183616K), 0.1515023 secs] [Times: user=4.73 sys=0.03, real=0.15 secs] 
2021-03-30T19:49:29.077+0200: 2202.731: [GC (Allocation Failure) [PSYoungGen: 24609171K->3424195K(27467776K)] 32793628K->11609068K(38042112K), 0.1493883 secs] [Times: user=4.55 sys=0.03, real=0.14 secs] 
2021-03-30T19:49:55.516+0200: 2229.170: [GC (Allocation Failure) [PSYoungGen: 23663555K->3931055K(23285248K)] 31848428K->12116248K(33859584K), 0.1840024 secs] [Times: user=5.87 sys=0.04, real=0.18 secs] 
2021-03-30T19:50:15.734+0200: 2249.388: [GC (GCLocker Initiated GC) [PSYoungGen: 23285167K->5348428K(25401856K)] 31470509K->13534018K(35976192K), 0.2103560 secs] [Times: user=6.01 sys=0.04, real=0.21 secs] 
2021-03-30T19:50:35.167+0200: 2268.821: [GC (Allocation Failure) [PSYoungGen: 23860812K->7067040K(24778752K)] 32046770K->15253294K(35353088K), 0.2253331 secs] [Times: user=8.44 sys=0.00, real=0.23 secs] 
2021-03-30T19:50:51.021+0200: 2284.675: [GC (Allocation Failure) [PSYoungGen: 24778656K->7278580K(25617920K)] 32964910K->15465218K(36192256K), 0.2206162 secs] [Times: user=9.09 sys=0.09, real=0.22 secs] 
2021-03-30T19:51:08.951+0200: 2302.604: [GC (Allocation Failure) [PSYoungGen: 24526836K->7604090K(26081280K)] 32713474K->15791398K(36655616K), 0.2390714 secs] [Times: user=9.86 sys=0.04, real=0.24 secs] 
2021-03-30T19:51:23.110+0200: 2316.764: [GC (Allocation Failure) [PSYoungGen: 24852346K->8487272K(27441152K)] 33039654K->16675596K(38015488K), 0.4525111 secs] [Times: user=8.84 sys=10.18, real=0.45 secs] 
2021-03-30T19:51:38.795+0200: 2332.449: [GC (Allocation Failure) [PSYoungGen: 26615144K->8726154K(28139520K)] 34803468K->16915571K(38713856K), 0.2706464 secs] [Times: user=11.15 sys=0.00, real=0.27 secs] 
2021-03-30T19:52:06.566+0200: 2360.220: [GC (Allocation Failure) [PSYoungGen: 26854026K->5451983K(29909504K)] 35043443K->13642008K(40483840K), 0.1799300 secs] [Times: user=7.26 sys=0.05, real=0.18 secs] 
2021-03-30T19:52:37.403+0200: 2391.056: [GC (Allocation Failure) [PSYoungGen: 25507023K->3749472K(30379520K)] 33697048K->11940017K(40953856K), 0.1352522 secs] [Times: user=4.81 sys=0.00, real=0.14 secs] 
2021-03-30T19:53:09.182+0200: 2422.835: [GC (Allocation Failure) [PSYoungGen: 23804512K->3365770K(31887872K)] 31995057K->11556731K(42462208K), 0.1133512 secs] [Times: user=4.43 sys=0.00, real=0.11 secs] 
2021-03-30T19:53:28.936+0200: 2442.590: [GC (GCLocker Initiated GC) [PSYoungGen: 25179530K->5958473K(32094208K)] 33370525K->14149468K(42668544K), 0.1821726 secs] [Times: user=7.38 sys=0.02, real=0.18 secs] 
2021-03-30T19:53:45.057+0200: 2458.711: [GC (Allocation Failure) [PSYoungGen: 27772233K->8808213K(32923136K)] 35963231K->16999211K(43497472K), 0.7434125 secs] [Times: user=5.63 sys=25.83, real=0.74 secs] 
2021-03-30T19:54:03.801+0200: 2477.455: [GC (Allocation Failure) [PSYoungGen: 31789333K->10665181K(33663488K)] 39980331K->18856747K(44237824K), 0.3232606 secs] [Times: user=13.13 sys=0.03, real=0.32 secs] 
2021-03-30T19:54:28.419+0200: 2502.073: [GC (Allocation Failure) [PSYoungGen: 33646301K->7861004K(37698048K)] 41837867K->16056023K(48272384K), 0.4941013 secs] [Times: user=7.34 sys=13.32, real=0.49 secs] 
2021-03-30T19:55:13.476+0200: 2547.130: [GC (Allocation Failure) [PSYoungGen: 33625356K->3041574K(37691392K)] 41820375K->11236953K(48265728K), 0.1255972 secs] [Times: user=4.27 sys=0.00, real=0.12 secs] 
2021-03-30T19:55:52.660+0200: 2586.314: [GC (Allocation Failure) [PSYoungGen: 28805926K->3542689K(39790080K)] 37001305K->11738403K(50364416K), 0.1283759 secs] [Times: user=4.94 sys=0.00, real=0.13 secs] 
2021-03-30T19:56:28.766+0200: 2622.419: [GC (Allocation Failure) [PSYoungGen: 31858849K->5140189K(40187392K)] 40054563K->13336208K(50761728K), 0.1653025 secs] [Times: user=6.58 sys=0.00, real=0.17 secs] 
2021-03-30T19:57:00.765+0200: 2654.419: [GC (Allocation Failure) [PSYoungGen: 33456349K->6008514K(41492480K)] 41652368K->14204533K(52066816K), 0.4121753 secs] [Times: user=4.92 sys=12.22, real=0.42 secs] 
2021-03-30T19:57:41.114+0200: 2694.768: [GC (Allocation Failure) [PSYoungGen: 36992706K->5088421K(41897984K)] 45188725K->13284439K(52472320K), 0.1578514 secs] [Times: user=6.10 sys=0.00, real=0.16 secs] 
2021-03-30T19:58:21.454+0200: 2735.108: [GC (Allocation Failure) [PSYoungGen: 36072613K->4978553K(43251200K)] 44268631K->13174572K(53825536K), 0.2383728 secs] [Times: user=5.43 sys=4.28, real=0.24 secs] 
2021-03-30T19:59:00.545+0200: 2774.198: [GC (Allocation Failure) [PSYoungGen: 38483833K->5437184K(37400576K)] 46679852K->13633203K(47974912K), 0.1864891 secs] [Times: user=7.48 sys=0.00, real=0.19 secs] 
2021-03-30T19:59:41.014+0200: 2814.668: [GC (Allocation Failure) [PSYoungGen: 37400320K->5061952K(38237696K)] 45596339K->13257970K(48812032K), 0.1741503 secs] [Times: user=6.74 sys=0.05, real=0.18 secs] 
2021-03-30T20:00:13.208+0200: 2846.862: [GC (Allocation Failure) [PSYoungGen: 35559744K->6852450K(35957760K)] 43755762K->15048820K(46532096K), 0.2485216 secs] [Times: user=8.59 sys=0.03, real=0.25 secs] 
2021-03-30T20:00:48.889+0200: 2882.543: [GC (Allocation Failure) [PSYoungGen: 35957602K->4807587K(35589632K)] 44153972K->13004237K(46163968K), 0.2081297 secs] [Times: user=6.07 sys=0.06, real=0.21 secs] 
2021-03-30T20:01:27.074+0200: 2920.727: [GC (Allocation Failure) [PSYoungGen: 32589219K->4037443K(30561280K)] 40785869K->12234429K(41135616K), 0.1955755 secs] [Times: user=5.68 sys=0.06, real=0.20 secs] 
2021-03-30T20:02:02.547+0200: 2956.200: [GC (Allocation Failure) [PSYoungGen: 30561091K->4165278K(33091072K)] 38758077K->12362600K(43665408K), 0.2062625 secs] [Times: user=5.84 sys=0.10, real=0.21 secs] 
2021-03-30T20:02:36.588+0200: 2990.242: [GC (Allocation Failure) [PSYoungGen: 29492894K->4347485K(28538880K)] 37690216K->12545111K(39113216K), 0.1955043 secs] [Times: user=5.32 sys=0.05, real=0.19 secs] 
2021-03-30T20:03:08.549+0200: 3022.202: [GC (Allocation Failure) [PSYoungGen: 28538461K->4560614K(30447104K)] 36736087K->12758577K(41021440K), 0.2020986 secs] [Times: user=6.10 sys=0.11, real=0.20 secs] 
2021-03-30T20:03:38.512+0200: 3052.166: [GC (Allocation Failure) [PSYoungGen: 27671270K->4525325K(26609152K)] 35869233K->12723640K(37183488K), 0.1951132 secs] [Times: user=5.97 sys=0.04, real=0.19 secs] 
2021-03-30T20:04:06.867+0200: 3080.520: [GC (Allocation Failure) [PSYoungGen: 26608909K->4611720K(28072960K)] 34807224K->12810459K(38647296K), 0.2031747 secs] [Times: user=6.24 sys=0.04, real=0.21 secs] 
2021-03-30T20:04:30.796+0200: 3104.450: [GC (Allocation Failure) [PSYoungGen: 25718920K->5280584K(25459712K)] 33917659K->13479746K(36034048K), 0.2206418 secs] [Times: user=7.12 sys=0.21, real=0.22 secs] 
2021-03-30T20:04:52.175+0200: 3125.828: [GC (Allocation Failure) [PSYoungGen: 25459528K->6248386K(26647040K)] 33658690K->14447908K(37221376K), 0.2083269 secs] [Times: user=7.77 sys=0.02, real=0.21 secs] 
2021-03-30T20:05:12.619+0200: 3146.272: [GC (Allocation Failure) [PSYoungGen: 25544642K->6281667K(24738816K)] 33744164K->14481582K(35313152K), 0.2201286 secs] [Times: user=8.20 sys=0.02, real=0.22 secs] 
2021-03-30T20:05:29.140+0200: 3162.793: [GC (Allocation Failure) [PSYoungGen: 24738755K->7375629K(26183680K)] 32938670K->15575919K(36758016K), 0.2157764 secs] [Times: user=8.54 sys=0.02, real=0.22 secs] 
2021-03-30T20:05:41.241+0200: 3174.895: [GC (Allocation Failure) [PSYoungGen: 25359117K->8351617K(26657280K)] 33559407K->16552356K(37231616K), 0.2632761 secs] [Times: user=10.84 sys=0.00, real=0.26 secs] 
2021-03-30T20:05:53.923+0200: 3187.577: [GC (Allocation Failure) [PSYoungGen: 26335105K->9404921K(28083712K)] 34535844K->17952156K(38658048K), 0.6019945 secs] [Times: user=8.06 sys=16.45, real=0.60 secs] 
2021-03-30T20:06:10.057+0200: 3203.711: [GC (Allocation Failure) [PSYoungGen: 28083705K->9212800K(29184000K)] 36630940K->17760563K(39758336K), 0.2877952 secs] [Times: user=11.85 sys=0.02, real=0.28 secs] 
2021-03-30T20:06:46.168+0200: 3239.822: [GC (Allocation Failure) [PSYoungGen: 27891584K->3353277K(31915008K)] 36439347K->11901624K(42489344K), 0.1191942 secs] [Times: user=4.66 sys=0.00, real=0.12 secs] 
2021-03-30T20:07:24.463+0200: 3278.117: [GC (Allocation Failure) [PSYoungGen: 24155837K->2643613K(32058368K)] 32704184K->11192464K(42632704K), 0.1176183 secs] [Times: user=4.33 sys=0.06, real=0.12 secs] 
2021-03-30T20:07:50.402+0200: 3304.056: [GC (Allocation Failure) [PSYoungGen: 23446173K->4566660K(33366016K)] 31995024K->13115743K(43940352K), 0.1801519 secs] [Times: user=6.12 sys=1.20, real=0.18 secs] 
2021-03-30T20:08:12.813+0200: 3326.466: [GC (Allocation Failure) [PSYoungGen: 27377796K->5996891K(33825792K)] 35926879K->14546206K(44400128K), 0.1833779 secs] [Times: user=7.13 sys=0.00, real=0.19 secs] 
2021-03-30T20:08:37.412+0200: 3351.065: [GC (Allocation Failure) [PSYoungGen: 28808027K->7246645K(35451904K)] 37357342K->15795960K(46026240K), 0.5523329 secs] [Times: user=5.50 sys=17.84, real=0.55 secs] 
2021-03-30T20:09:01.271+0200: 3374.925: [GC (Allocation Failure) [PSYoungGen: 32107317K->7370648K(35525632K)] 40656632K->15920362K(46099968K), 0.2282299 secs] [Times: user=7.44 sys=0.00, real=0.23 secs] 
2021-03-30T20:09:46.736+0200: 3420.389: [GC (Allocation Failure) [PSYoungGen: 32231320K->2449579K(37857792K)] 40781034K->10999550K(48432128K), 0.1181108 secs] [Times: user=3.55 sys=0.00, real=0.12 secs] 
2021-03-30T20:10:30.116+0200: 3463.770: [GC (Allocation Failure) [PSYoungGen: 29570731K->3401440K(29297664K)] 38120702K->11951411K(39872000K), 0.1287091 secs] [Times: user=4.55 sys=0.18, real=0.12 secs] 
2021-03-30T20:11:03.983+0200: 3497.637: [GC (Allocation Failure) [PSYoungGen: 29297376K->4799597K(33470976K)] 37847347K->13349567K(44045312K), 0.1663855 secs] [Times: user=5.97 sys=0.00, real=0.17 secs] 
2021-03-30T20:11:31.826+0200: 3525.480: [GC (Allocation Failure) [PSYoungGen: 29530733K->5374663K(28999168K)] 38080703K->13924633K(39573504K), 0.1707251 secs] [Times: user=6.89 sys=0.00, real=0.18 secs] 
2021-03-30T20:11:56.602+0200: 3550.256: [GC (Allocation Failure) [PSYoungGen: 28998855K->6559763K(31332352K)] 37548825K->15110061K(41906688K), 0.2294337 secs] [Times: user=8.71 sys=0.03, real=0.23 secs] 
2021-03-30T20:12:20.611+0200: 3574.265: [GC (GCLocker Initiated GC) [PSYoungGen: 29131795K->6454547K(28026368K)] 37682168K->15005208K(38600704K), 0.2436266 secs] [Times: user=7.92 sys=0.12, real=0.24 secs] 
2021-03-30T20:12:40.827+0200: 3594.480: [GC (Allocation Failure) [PSYoungGen: 28026131K->7228270K(29789696K)] 36576794K->15779214K(40364032K), 0.2399236 secs] [Times: user=8.59 sys=0.01, real=0.24 secs] 
2021-03-30T20:13:00.004+0200: 3613.658: [GC (Allocation Failure) [PSYoungGen: 27848558K->8358814K(30552064K)] 36399502K->16910070K(41126400K), 0.2627614 secs] [Times: user=10.78 sys=0.00, real=0.26 secs] 
2021-03-30T20:13:18.166+0200: 3631.819: [GC (Allocation Failure) [PSYoungGen: 28979102K->8870379K(32343552K)] 37530358K->17421931K(42917888K), 0.3925748 secs] [Times: user=9.96 sys=6.61, real=0.40 secs] 
2021-03-30T20:13:47.149+0200: 3660.803: [GC (Allocation Failure) [PSYoungGen: 30737387K->6211277K(32952832K)] 39288939K->14763189K(43527168K), 0.2017121 secs] [Times: user=7.99 sys=0.07, real=0.20 secs] 
2021-03-30T20:14:19.195+0200: 3692.848: [GC (Allocation Failure) [PSYoungGen: 28078285K->4280757K(34080256K)] 36630197K->12832988K(44654592K), 0.1451288 secs] [Times: user=5.70 sys=0.06, real=0.15 secs] 
2021-03-30T20:14:52.591+0200: 3726.245: [GC (Allocation Failure) [PSYoungGen: 28094901K->3834661K(26587136K)] 36647132K->12387252K(37161472K), 0.1328873 secs] [Times: user=5.18 sys=0.00, real=0.13 secs] 
2021-03-30T20:15:24.793+0200: 3758.447: [GC (Allocation Failure) [PSYoungGen: 26586917K->4385654K(30790144K)] 35139508K->12938558K(41364480K), 0.1642095 secs] [Times: user=4.97 sys=0.00, real=0.17 secs] 
2021-03-30T20:15:51.661+0200: 3785.314: [GC (Allocation Failure) [PSYoungGen: 26128758K->5457340K(26241024K)] 34681662K->14010564K(36815360K), 0.2220192 secs] [Times: user=7.22 sys=0.04, real=0.22 secs] 
2021-03-30T20:16:11.174+0200: 3804.828: [GC (Allocation Failure) [PSYoungGen: 26240956K->6970776K(28926976K)] 34794180K->15524320K(39501312K), 0.2414958 secs] [Times: user=7.94 sys=0.04, real=0.25 secs] 
2021-03-30T20:16:30.806+0200: 3824.460: [GC (Allocation Failure) [PSYoungGen: 26842008K->9085263K(29782528K)] 35395552K->17639247K(40356864K), 0.2924637 secs] [Times: user=12.09 sys=0.03, real=0.30 secs] 
2021-03-30T20:16:47.152+0200: 3840.806: [GC (Allocation Failure) [PSYoungGen: 28956495K->9096753K(31738368K)] 37510479K->17651096K(42312704K), 0.4093213 secs] [Times: user=9.92 sys=7.14, real=0.41 secs] 
2021-03-30T20:17:04.805+0200: 3858.459: [GC (Allocation Failure) [PSYoungGen: 30125105K->9695678K(32373248K)] 38679448K->18261606K(42947584K), 0.2869416 secs] [Times: user=11.83 sys=0.00, real=0.29 secs] 
2021-03-30T20:17:26.900+0200: 3880.553: [GC (Allocation Failure) [PSYoungGen: 30724030K->7973755K(35351552K)] 39289958K->16971488K(45925888K), 0.4055180 secs] [Times: user=9.16 sys=7.70, real=0.40 secs] 
2021-03-30T20:17:55.070+0200: 3908.724: [GC (Allocation Failure) [PSYoungGen: 31360891K->4361526K(35362816K)] 40358624K->13526700K(45937152K), 0.1646258 secs] [Times: user=5.57 sys=0.00, real=0.16 secs] 
2021-03-30T20:18:22.884+0200: 3936.538: [GC (Allocation Failure) [PSYoungGen: 27748662K->4844000K(36917248K)] 36913836K->14013156K(47491584K), 0.1578755 secs] [Times: user=6.33 sys=0.04, real=0.16 secs] 
2021-03-30T20:18:52.076+0200: 3965.730: [GC (Allocation Failure) [PSYoungGen: 30483424K->5179034K(37314560K)] 39652580K->14351678K(47888896K), 0.1604330 secs] [Times: user=6.11 sys=0.01, real=0.16 secs] 
2021-03-30T20:19:20.812+0200: 3994.466: [GC (GCLocker Initiated GC) [PSYoungGen: 30818458K->5735441K(38587904K)] 39991206K->14908189K(49162240K), 0.3192294 secs] [Times: user=5.74 sys=7.04, real=0.32 secs] 
2021-03-30T20:19:49.783+0200: 4023.437: [GC (Allocation Failure) [PSYoungGen: 33715217K->6596195K(38946816K)] 42887968K->15768946K(49521152K), 0.2122645 secs] [Times: user=8.31 sys=0.01, real=0.21 secs] 
2021-03-30T20:20:15.258+0200: 4048.912: [GC (Allocation Failure) [PSYoungGen: 34575971K->6920916K(41134592K)] 43748722K->16093668K(51708928K), 0.4560094 secs] [Times: user=5.63 sys=11.82, real=0.45 secs] 
2021-03-30T20:20:44.809+0200: 4078.463: [GC (Allocation Failure) [PSYoungGen: 37560020K->7344121K(41054720K)] 46732772K->16517241K(51629056K), 0.2371149 secs] [Times: user=9.67 sys=0.05, real=0.23 secs] 
2021-03-30T20:21:21.996+0200: 4115.650: [GC (Allocation Failure) [PSYoungGen: 37983225K->5548410K(43261440K)] 47156345K->14721913K(53835776K), 0.3135406 secs] [Times: user=5.34 sys=5.44, real=0.31 secs] 
2021-03-30T20:22:22.107+0200: 4175.760: [GC (Allocation Failure) [PSYoungGen: 38987642K->2742373K(34642944K)] 48161145K->11916253K(45217280K), 0.1218275 secs] [Times: user=4.04 sys=0.01, real=0.13 secs] 
2021-03-30T20:23:17.502+0200: 4231.156: [GC (Allocation Failure) [PSYoungGen: 34642533K->3046966K(39485440K)] 43816413K->12221174K(50059776K), 0.1147874 secs] [Times: user=4.27 sys=0.00, real=0.12 secs] 
2021-03-30T20:24:01.748+0200: 4275.402: [GC (Allocation Failure) [PSYoungGen: 33484854K->4161635K(33209856K)] 42659062K->13336162K(43784192K), 0.1410718 secs] [Times: user=5.41 sys=0.04, real=0.14 secs] 
2021-03-30T20:24:42.238+0200: 4315.892: [GC (Allocation Failure) [PSYoungGen: 33209443K->4069898K(36210176K)] 42383970K->13244705K(46784512K), 0.1952561 secs] [Times: user=5.60 sys=0.05, real=0.19 secs] 
2021-03-30T20:25:06.617+0200: 4340.271: [GC (Allocation Failure) [PSYoungGen: 31796746K->7093284K(33565184K)] 40971553K->16268372K(44139520K), 0.2447392 secs] [Times: user=8.82 sys=0.03, real=0.24 secs] 
2021-03-30T20:25:26.832+0200: 4360.485: [GC (Allocation Failure) [PSYoungGen: 33564708K->9279457K(35460096K)] 42739796K->18454873K(46034432K), 0.2823588 secs] [Times: user=11.63 sys=0.01, real=0.28 secs] 
2021-03-30T20:26:06.743+0200: 4400.396: [GC (Allocation Failure) [PSYoungGen: 34557921K->4204860K(28349440K)] 43733337K->13380619K(38923776K), 0.1732071 secs] [Times: user=5.27 sys=0.04, real=0.18 secs] 
2021-03-30T20:26:36.790+0200: 4430.444: [GC (Allocation Failure) [PSYoungGen: 28349244K->5260699K(32014848K)] 37525003K->14436842K(42589184K), 0.2264504 secs] [Times: user=6.71 sys=0.06, real=0.23 secs] 
2021-03-30T20:27:07.559+0200: 4461.212: [GC (Allocation Failure) [PSYoungGen: 28326811K->4689205K(26730496K)] 37502954K->13865677K(37304832K), 0.2180386 secs] [Times: user=5.77 sys=0.12, real=0.22 secs] 
2021-03-30T20:27:30.621+0200: 4484.275: [GC (Allocation Failure) [PSYoungGen: 26730293K->5664520K(29372416K)] 35906765K->14841295K(39946752K), 0.2400776 secs] [Times: user=6.78 sys=0.09, real=0.24 secs] 
2021-03-30T20:28:06.147+0200: 4519.801: [GC (Allocation Failure) [PSYoungGen: 26731272K->4286010K(24427008K)] 35908047K->13463202K(35001344K), 0.1953261 secs] [Times: user=5.94 sys=0.04, real=0.20 secs] 
2021-03-30T20:28:33.326+0200: 4546.979: [GC (Allocation Failure) [PSYoungGen: 24426554K->3750402K(27695616K)] 33603746K->12947649K(38269952K), 0.1725937 secs] [Times: user=5.23 sys=0.04, real=0.18 secs] 
2021-03-30T20:28:50.116+0200: 4563.770: [GC (Allocation Failure) [PSYoungGen: 23010306K->6702013K(25124864K)] 32207553K->15907540K(35699200K), 0.2367714 secs] [Times: user=8.86 sys=0.07, real=0.23 secs] 
2021-03-30T20:29:08.557+0200: 4582.211: [GC (Allocation Failure) [PSYoungGen: 25124797K->8637411K(27179520K)] 34330324K->17843339K(37753856K), 0.2592688 secs] [Times: user=10.68 sys=0.01, real=0.26 secs] 
2021-03-30T20:29:34.714+0200: 4608.368: [GC (Allocation Failure) [PSYoungGen: 26289635K->4850959K(21745152K)] 35495563K->14057295K(32319488K), 0.1843624 secs] [Times: user=6.70 sys=0.19, real=0.19 secs] 
2021-03-30T20:30:02.222+0200: 4635.876: [GC (Allocation Failure) [PSYoungGen: 21744911K->3525834K(25321984K)] 30951247K->12732657K(35896320K), 0.1479064 secs] [Times: user=4.70 sys=0.04, real=0.15 secs] 
2021-03-30T20:30:27.178+0200: 4660.832: [GC (Allocation Failure) [PSYoungGen: 19698378K->3470401K(18957312K)] 28905201K->12677624K(29531648K), 0.1499029 secs] [Times: user=4.79 sys=0.05, real=0.15 secs] 
2021-03-30T20:30:49.982+0200: 4683.635: [GC (Allocation Failure) [PSYoungGen: 18956865K->3523195K(23689728K)] 28164088K->12730866K(34264064K), 0.1574513 secs] [Times: user=4.65 sys=0.07, real=0.16 secs] 
2021-03-30T20:31:10.305+0200: 4703.958: [GC (Allocation Failure) [PSYoungGen: 18357371K->4058122K(18272256K)] 27565042K->13266154K(28846592K), 0.1892281 secs] [Times: user=6.00 sys=0.07, real=0.19 secs] 
2021-03-30T20:31:28.292+0200: 4721.946: [GC (Allocation Failure) [PSYoungGen: 18271754K->4118246K(21835264K)] 27479786K->13326549K(32409600K), 0.1671084 secs] [Times: user=5.15 sys=0.11, real=0.17 secs] 
2021-03-30T20:31:45.181+0200: 4738.835: [GC (Allocation Failure) [PSYoungGen: 17741542K->4876628K(17938432K)] 26949845K->14085243K(28512768K), 0.2010475 secs] [Times: user=6.43 sys=0.04, real=0.20 secs] 
2021-03-30T20:31:58.992+0200: 4752.645: [GC (Allocation Failure) [PSYoungGen: 17938260K->5427422K(20306944K)] 27146875K->14636438K(30881280K), 0.2016608 secs] [Times: user=7.06 sys=0.03, real=0.20 secs] 
2021-03-30T20:32:10.810+0200: 4764.464: [GC (Allocation Failure) [PSYoungGen: 17954526K->6351413K(21023744K)] 27163542K->15560780K(31598080K), 0.2110719 secs] [Times: user=8.71 sys=0.01, real=0.21 secs] 
2021-03-30T20:32:22.713+0200: 4776.367: [GC (Allocation Failure) [PSYoungGen: 18878517K->6648700K(22162944K)] 28087884K->15858460K(32737280K), 0.1918376 secs] [Times: user=7.91 sys=0.00, real=0.19 secs] 
2021-03-30T20:32:35.786+0200: 4789.440: [GC (Allocation Failure) [PSYoungGen: 20151676K->7718937K(22382592K)] 29361436K->16928960K(32956928K), 0.2517871 secs] [Times: user=10.04 sys=0.00, real=0.26 secs] 
2021-03-30T20:32:46.986+0200: 4800.640: [GC (Allocation Failure) [PSYoungGen: 21221913K->8177952K(23788032K)] 30431936K->17388439K(34362368K), 0.4710541 secs] [Times: user=6.99 sys=12.49, real=0.48 secs] 
2021-03-30T20:32:58.448+0200: 4812.102: [GC (Allocation Failure) [PSYoungGen: 22534944K->8701166K(24387072K)] 31745431K->17911998K(34961408K), 0.2773544 secs] [Times: user=11.29 sys=0.00, real=0.27 secs] 
2021-03-30T20:33:25.438+0200: 4839.092: [GC (Allocation Failure) [PSYoungGen: 23058158K->5201718K(25993728K)] 32268990K->14412925K(36568064K), 0.1608475 secs] [Times: user=6.20 sys=0.01, real=0.16 secs] 
2021-03-30T20:34:00.495+0200: 4874.149: [GC (Allocation Failure) [PSYoungGen: 21275446K->2233381K(26446336K)] 30486653K->11444900K(37020672K), 0.0925513 secs] [Times: user=3.42 sys=0.00, real=0.10 secs] 
2021-03-30T20:34:22.711+0200: 4896.365: [GC (Allocation Failure) [PSYoungGen: 18307109K->4060026K(27636736K)] 27518628K->13271905K(38211072K), 0.1204414 secs] [Times: user=4.82 sys=0.09, real=0.12 secs] 
2021-03-30T20:34:37.893+0200: 4911.546: [GC (GCLocker Initiated GC) [PSYoungGen: 21733242K->6866067K(28005376K)] 30945298K->16078307K(38579712K), 0.2150007 secs] [Times: user=8.12 sys=0.00, real=0.22 secs] 
2021-03-30T20:34:58.007+0200: 4931.661: [GC (Allocation Failure) [PSYoungGen: 24539283K->7666428K(29548544K)] 33751528K->16878865K(40122880K), 0.7024370 secs] [Times: user=5.19 sys=19.47, real=0.71 secs] 
2021-03-30T20:35:36.850+0200: 4970.504: [GC (Allocation Failure) [PSYoungGen: 26845436K->2978407K(29840384K)] 36057873K->12191132K(40414720K), 0.1203541 secs] [Times: user=4.62 sys=0.01, real=0.12 secs] 
2021-03-30T20:36:14.467+0200: 5008.121: [GC (Allocation Failure) [PSYoungGen: 22157415K->3050713K(31283200K)] 31370140K->12263718K(41857536K), 0.0987942 secs] [Times: user=3.78 sys=0.00, real=0.10 secs] 
2021-03-30T20:37:22.707+0200: 5076.361: [GC (Allocation Failure) [PSYoungGen: 24090329K->1013401K(21128704K)] 33303334K->10226702K(31703040K), 0.0535698 secs] [Times: user=1.56 sys=0.00, real=0.06 secs] 
2021-03-30T20:37:58.723+0200: 5112.377: [GC (Allocation Failure) [PSYoungGen: 21128345K->4092680K(28180480K)] 30341646K->13305981K(38754816K), 0.1267647 secs] [Times: user=4.92 sys=0.01, real=0.13 secs] 
2021-03-30T20:38:18.114+0200: 5131.768: [GC (Allocation Failure) [PSYoungGen: 23328520K->7323112K(25722880K)] 32541821K->16536412K(36297216K), 0.2301695 secs] [Times: user=8.84 sys=0.11, real=0.23 secs] 
2021-03-30T20:38:45.269+0200: 5158.922: [GC (Allocation Failure) [PSYoungGen: 25722856K->6645133K(27560448K)] 34936156K->15858434K(38134784K), 0.2141819 secs] [Times: user=8.08 sys=0.00, real=0.21 secs] 
2021-03-30T20:39:07.467+0200: 5181.121: [GC (Allocation Failure) [PSYoungGen: 24249741K->4095106K(20943872K)] 33463042K->13308407K(31518208K), 0.1581785 secs] [Times: user=5.89 sys=0.00, real=0.16 secs] 
2021-03-30T20:39:21.117+0200: 5194.770: [GC (Allocation Failure) [PSYoungGen: 20943490K->5552900K(27546624K)] 30156791K->14766201K(38120960K), 0.1792820 secs] [Times: user=7.02 sys=0.07, real=0.18 secs] 
2021-03-30T20:39:53.134+0200: 5226.788: [GC (Allocation Failure) [PSYoungGen: 22751492K->4816023K(21278720K)] 31964793K->14029323K(31853056K), 0.2467720 secs] [Times: user=6.76 sys=0.20, real=0.25 secs] 
2021-03-30T20:40:30.949+0200: 5264.602: [GC (Allocation Failure) [PSYoungGen: 21278359K->2422180K(24638976K)] 30491659K->11635480K(35213312K), 0.1120104 secs] [Times: user=3.08 sys=0.03, real=0.11 secs] 
2021-03-30T20:40:56.235+0200: 5289.889: [GC (Allocation Failure) [PSYoungGen: 18184612K->3514206K(18610688K)] 27397912K->12727722K(29185024K), 0.1700585 secs] [Times: user=4.36 sys=0.05, real=0.17 secs] 
2021-03-30T20:41:18.159+0200: 5311.813: [GC (Allocation Failure) [PSYoungGen: 18610526K->4360371K(22336512K)] 27824042K->13574439K(32910848K), 0.1980125 secs] [Times: user=4.32 sys=0.06, real=0.20 secs] 
2021-03-30T20:41:34.574+0200: 5328.228: [GC (Allocation Failure) [PSYoungGen: 18823347K->4925615K(18786304K)] 28037415K->14141104K(29360640K), 0.2001547 secs] [Times: user=6.12 sys=0.06, real=0.20 secs] 
2021-03-30T20:41:45.057+0200: 5338.711: [GC (Allocation Failure) [PSYoungGen: 18785967K->6880888K(22023680K)] 28001456K->16097849K(32598016K), 0.1920825 secs] [Times: user=7.88 sys=0.00, real=0.19 secs] 
2021-03-30T20:41:56.400+0200: 5350.053: [GC (Allocation Failure) [PSYoungGen: 20319352K->8363033K(22445568K)] 29536313K->17674892K(33019904K), 0.2566999 secs] [Times: user=10.15 sys=0.02, real=0.26 secs] 
2021-03-30T20:42:07.126+0200: 5360.780: [GC (Allocation Failure) [PSYoungGen: 21801497K->9221104K(23709184K)] 31113356K->18533415K(34283520K), 0.5262785 secs] [Times: user=8.07 sys=14.05, real=0.53 secs] 
2021-03-30T20:42:28.469+0200: 5382.122: [GC (Allocation Failure) [PSYoungGen: 23054320K->6096575K(24715264K)] 32366631K->15409493K(35289600K), 0.1915521 secs] [Times: user=7.87 sys=0.00, real=0.19 secs] 
2021-03-30T20:42:44.765+0200: 5398.418: [GC (Allocation Failure) [PSYoungGen: 19929791K->4831206K(25188864K)] 29242709K->14144557K(35763200K), 0.1504373 secs] [Times: user=5.83 sys=0.01, real=0.15 secs] 
2021-03-30T20:42:58.975+0200: 5412.628: [GC (Allocation Failure) [PSYoungGen: 20258278K->5593782K(25614848K)] 29571629K->14907493K(36189184K), 0.1840623 secs] [Times: user=7.61 sys=0.00, real=0.19 secs] 
2021-03-30T20:43:13.209+0200: 5426.862: [GC (Allocation Failure) [PSYoungGen: 21020854K->7988211K(26427904K)] 30334565K->17302242K(37002240K), 0.3122864 secs] [Times: user=8.34 sys=4.11, real=0.31 secs] 
2021-03-30T20:43:32.099+0200: 5445.752: [GC (Allocation Failure) [PSYoungGen: 24684019K->7249109K(26896896K)] 33998050K->16563564K(37471232K), 0.2474711 secs] [Times: user=10.17 sys=0.01, real=0.24 secs] 
2021-03-30T20:43:52.414+0200: 5466.067: [GC (Allocation Failure) [PSYoungGen: 23944917K->5602124K(27975680K)] 33259372K->14916850K(38550016K), 0.1842589 secs] [Times: user=7.42 sys=0.00, real=0.19 secs] 
2021-03-30T20:44:11.932+0200: 5485.586: [GC (Allocation Failure) [PSYoungGen: 24116556K->5757580K(28434432K)] 33431282K->15072563K(39008768K), 0.1910288 secs] [Times: user=7.79 sys=0.01, real=0.19 secs] 
2021-03-30T20:44:35.535+0200: 5509.189: [GC (Allocation Failure) [PSYoungGen: 24272012K->5699377K(29353472K)] 33586995K->15014624K(39927808K), 0.3054882 secs] [Times: user=7.06 sys=2.61, real=0.31 secs] 
2021-03-30T20:45:08.575+0200: 5542.229: [GC (Allocation Failure) [PSYoungGen: 26149681K->3366723K(29681664K)] 35464928K->12682162K(40256000K), 0.1291109 secs] [Times: user=5.02 sys=0.00, real=0.13 secs] 
2021-03-30T20:45:36.775+0200: 5570.429: [GC (Allocation Failure) [PSYoungGen: 23817027K->3509076K(31373824K)] 33132466K->12824515K(41948160K), 0.1167667 secs] [Times: user=4.61 sys=0.01, real=0.12 secs] 
2021-03-30T20:46:08.087+0200: 5601.741: [GC (Allocation Failure) [PSYoungGen: 25730388K->4422983K(25661440K)] 35045827K->13738422K(36235776K), 0.1454712 secs] [Times: user=5.36 sys=0.00, real=0.15 secs] 
2021-03-30T20:46:30.006+0200: 5623.659: [GC (Allocation Failure) [PSYoungGen: 25661255K->5858530K(28111360K)] 34976694K->15173969K(38685696K), 0.2159323 secs] [Times: user=6.42 sys=2.33, real=0.22 secs] 
2021-03-30T20:46:54.967+0200: 5648.621: [GC (Allocation Failure) [PSYoungGen: 26162402K->6677583K(26093056K)] 35477841K->15993022K(36667392K), 0.2083434 secs] [Times: user=7.53 sys=0.06, real=0.21 secs] 
2021-03-30T20:47:33.019+0200: 5686.673: [GC (Allocation Failure) [PSYoungGen: 26092623K->3387013K(26792960K)] 35408062K->12702452K(37367296K), 0.1077715 secs] [Times: user=4.09 sys=0.11, real=0.10 secs] 
2021-03-30T20:48:34.821+0200: 5748.474: [GC (Allocation Failure) [PSYoungGen: 21957253K->802028K(18569216K)] 31272692K->10117467K(29143552K), 0.0587526 secs] [Times: user=1.65 sys=0.00, real=0.06 secs] 
2021-03-30T20:49:11.864+0200: 5785.518: [GC (Allocation Failure) [PSYoungGen: 18568940K->2667886K(25511936K)] 27884379K->11983325K(36086272K), 0.1003196 secs] [Times: user=3.10 sys=0.02, real=0.10 secs] 
2021-03-30T20:49:37.956+0200: 5811.610: [GC (Allocation Failure) [PSYoungGen: 19670894K->3429727K(19706368K)] 28986333K->12745166K(30280704K), 0.1647285 secs] [Times: user=4.51 sys=0.06, real=0.16 secs] 
2021-03-30T20:49:53.168+0200: 5826.821: [GC (Allocation Failure) [PSYoungGen: 19706207K->5487492K(23791104K)] 29021646K->14803131K(34365440K), 0.1852674 secs] [Times: user=6.20 sys=0.10, real=0.19 secs] 
2021-03-30T20:50:04.540+0200: 5838.194: [GC (Allocation Failure) [PSYoungGen: 21072772K->7346994K(24580096K)] 30388411K->16662769K(35154432K), 0.2281305 secs] [Times: user=8.70 sys=0.01, real=0.23 secs] 
2021-03-30T20:50:16.187+0200: 5849.840: [GC (Allocation Failure) [PSYoungGen: 22932274K->8342584K(25716224K)] 32248049K->17658591K(36290560K), 0.3416788 secs] [Times: user=8.13 sys=6.23, real=0.35 secs] 
2021-03-30T20:50:38.294+0200: 5871.947: [GC (Allocation Failure) [PSYoungGen: 24490040K->7025500K(26526720K)] 33806047K->16341859K(37101056K), 0.2298109 secs] [Times: user=9.50 sys=0.00, real=0.23 secs] 
2021-03-30T20:50:58.500+0200: 5892.154: [GC (Allocation Failure) [PSYoungGen: 23172956K->4399585K(27487232K)] 32489315K->13716320K(38061568K), 0.1363529 secs] [Times: user=5.46 sys=0.00, real=0.14 secs] 
2021-03-30T20:51:21.205+0200: 5914.859: [GC (Allocation Failure) [PSYoungGen: 22143969K->4764449K(27933184K)] 31460704K->14081352K(38507520K), 0.1656631 secs] [Times: user=6.70 sys=0.00, real=0.17 secs] 
2021-03-30T20:51:42.416+0200: 5936.070: [GC (Allocation Failure) [PSYoungGen: 22508833K->4970743K(28256768K)] 31825736K->14287646K(38831104K), 0.1572873 secs] [Times: user=6.37 sys=0.00, real=0.15 secs] 
2021-03-30T20:52:04.545+0200: 5958.199: [GC (Allocation Failure) [PSYoungGen: 24313591K->5321870K(28730880K)] 33630494K->14638773K(39305216K), 0.1842129 secs] [Times: user=7.18 sys=0.00, real=0.19 secs] 
2021-03-30T20:52:27.259+0200: 5980.913: [GC (Allocation Failure) [PSYoungGen: 24664718K->5467983K(29512192K)] 33981621K->14785134K(40086528K), 0.2319416 secs] [Times: user=6.28 sys=2.75, real=0.23 secs] 
2021-03-30T20:52:50.134+0200: 6003.787: [GC (Allocation Failure) [PSYoungGen: 26535759K->5665976K(29783552K)] 35852910K->14983415K(40357888K), 0.1948398 secs] [Times: user=7.56 sys=0.07, real=0.20 secs] 
2021-03-30T20:53:13.857+0200: 6027.511: [GC (Allocation Failure) [PSYoungGen: 26733752K->5777591K(31379968K)] 36051191K->15095181K(41954304K), 0.3281230 secs] [Times: user=6.00 sys=7.40, real=0.32 secs] 
2021-03-30T20:53:38.734+0200: 6052.388: [GC (Allocation Failure) [PSYoungGen: 28809911K->6142027K(31407616K)] 38127501K->15459890K(41981952K), 0.1925393 secs] [Times: user=7.84 sys=0.12, real=0.19 secs] 
2021-03-30T20:54:04.549+0200: 6078.203: [GC (Allocation Failure) [PSYoungGen: 29174347K->6522874K(33357824K)] 38492210K->15841129K(43932160K), 0.4201127 secs] [Times: user=5.88 sys=11.57, real=0.42 secs] 
2021-03-30T20:54:28.118+0200: 6101.772: [GC (Allocation Failure) [PSYoungGen: 31514106K->7369563K(33469440K)] 40832361K->16688098K(44043776K), 0.2198673 secs] [Times: user=7.28 sys=0.01, real=0.22 secs] 
2021-03-30T20:54:50.134+0200: 6123.787: [GC (Allocation Failure) [PSYoungGen: 32360795K->8208591K(35624960K)] 41679330K->17527406K(46199296K), 0.6077982 secs] [Times: user=5.97 sys=19.61, real=0.61 secs] 
2021-03-30T20:55:28.229+0200: 6161.883: [GC (Allocation Failure) [PSYoungGen: 34971343K->4774396K(36231680K)] 44290158K->14093507K(46806016K), 0.1678792 secs] [Times: user=6.32 sys=0.00, real=0.17 secs] 
2021-03-30T20:56:08.812+0200: 6202.466: [GC (Allocation Failure) [PSYoungGen: 31537148K->3311651K(38419456K)] 40856259K->12630978K(48993792K), 0.1285356 secs] [Times: user=4.32 sys=0.01, real=0.13 secs] 
2021-03-30T20:56:54.592+0200: 6248.246: [GC (Allocation Failure) [PSYoungGen: 32515107K->3382488K(31257600K)] 41834434K->12701815K(41831936K), 0.1215128 secs] [Times: user=4.58 sys=0.00, real=0.12 secs] 
2021-03-30T20:57:33.643+0200: 6287.297: [GC (Allocation Failure) [PSYoungGen: 31257304K->4516238K(34236928K)] 40576631K->13835877K(44811264K), 0.1479882 secs] [Times: user=5.50 sys=0.01, real=0.15 secs] 
2021-03-30T20:58:08.245+0200: 6321.899: [GC (Allocation Failure) [PSYoungGen: 31128462K->4807637K(30219776K)] 40448101K->14127483K(40794112K), 0.1943308 secs] [Times: user=5.62 sys=0.04, real=0.20 secs] 
2021-03-30T20:58:37.065+0200: 6350.719: [GC (Allocation Failure) [PSYoungGen: 30219733K->5693805K(31586304K)] 39539579K->15013852K(42160640K), 0.2238293 secs] [Times: user=7.05 sys=0.05, real=0.23 secs] 
2021-03-30T20:59:00.961+0200: 6374.615: [GC (Allocation Failure) [PSYoungGen: 29965165K->6997363K(30184448K)] 39285212K->16317698K(40758784K), 0.2197366 secs] [Times: user=8.23 sys=0.03, real=0.22 secs] 
2021-03-30T20:59:16.596+0200: 6390.250: [GC (GCLocker Initiated GC) [PSYoungGen: 30184307K->8945649K(31104512K)] 39504729K->18499917K(41678848K), 0.2752197 secs] [Times: user=11.23 sys=0.01, real=0.27 secs] 
2021-03-30T20:59:30.421+0200: 6404.075: [GC (Allocation Failure) [PSYoungGen: 31104497K->9973759K(32132608K)] 40658768K->19689306K(42706944K), 0.2988100 secs] [Times: user=12.31 sys=0.00, real=0.30 secs] 
2021-03-30T20:59:54.678+0200: 6428.332: [GC (Allocation Failure) [PSYoungGen: 32132607K->8522638K(35227136K)] 41848154K->18238521K(45801472K), 0.5629303 secs] [Times: user=8.98 sys=14.77, real=0.56 secs] 
2021-03-30T21:00:27.752+0200: 6461.405: [GC (Allocation Failure) [PSYoungGen: 32596878K->4249630K(35574784K)] 42312761K->13965864K(46149120K), 0.1611044 secs] [Times: user=6.37 sys=0.01, real=0.16 secs] 
2021-03-30T21:00:57.637+0200: 6491.291: [GC (Allocation Failure) [PSYoungGen: 28323870K->4854068K(37002752K)] 38040104K->14570534K(47577088K), 0.1591771 secs] [Times: user=6.33 sys=0.00, real=0.16 secs] 
2021-03-30T21:01:30.361+0200: 6524.015: [GC (Allocation Failure) [PSYoungGen: 31207732K->5862863K(37460992K)] 40924198K->15579329K(48035328K), 0.1771579 secs] [Times: user=6.95 sys=0.01, real=0.18 secs] 
2021-03-30T21:02:14.237+0200: 6567.890: [GC (Allocation Failure) [PSYoungGen: 32216527K->3368913K(32326144K)] 41932993K->13085379K(42900480K), 0.1186058 secs] [Times: user=3.89 sys=0.00, real=0.11 secs] 
2021-03-30T21:03:04.428+0200: 6618.082: [GC (Allocation Failure) [PSYoungGen: 28535249K->2637656K(26675712K)] 38251715K->12354123K(37250048K), 0.1017318 secs] [Times: user=3.55 sys=0.00, real=0.10 secs] 
2021-03-30T21:03:37.166+0200: 6650.820: [GC (Allocation Failure) [PSYoungGen: 26675544K->4271369K(31987200K)] 36392011K->13988163K(42561536K), 0.1665985 secs] [Times: user=5.89 sys=0.07, real=0.17 secs] 
2021-03-30T21:04:05.030+0200: 6678.684: [GC (Allocation Failure) [PSYoungGen: 27236617K->5156808K(27102208K)] 36953411K->14873874K(37676544K), 0.2467743 secs] [Times: user=6.72 sys=0.11, real=0.25 secs] 
2021-03-30T21:04:26.829+0200: 6700.482: [GC (Allocation Failure) [PSYoungGen: 27102152K->6248431K(29689856K)] 36819218K->15965729K(40264192K), 0.2455631 secs] [Times: user=8.13 sys=0.06, real=0.24 secs] 
2021-03-30T21:04:47.605+0200: 6721.258: [GC (Allocation Failure) [PSYoungGen: 27224047K->7060506K(27115008K)] 36941345K->16778100K(37689344K), 0.2388037 secs] [Times: user=8.92 sys=0.14, real=0.24 secs] 
2021-03-30T21:05:04.599+0200: 6738.253: [GC (Allocation Failure) [PSYoungGen: 27114522K->7957281K(29594624K)] 36832116K->17675092K(40168960K), 0.2491904 secs] [Times: user=9.76 sys=0.09, real=0.25 secs] 
2021-03-30T21:05:20.797+0200: 6754.451: [GC (Allocation Failure) [PSYoungGen: 27578657K->9088293K(30027264K)] 37296468K->18806927K(40601600K), 0.2812528 secs] [Times: user=11.72 sys=0.00, real=0.28 secs] 
2021-03-30T21:05:38.632+0200: 6772.286: [GC (Allocation Failure) [PSYoungGen: 28709669K->9411565K(31980544K)] 38428303K->19132188K(42554880K), 0.4768814 secs] [Times: user=9.76 sys=10.26, real=0.48 secs] 
2021-03-30T21:06:17.155+0200: 6810.809: [GC (Allocation Failure) [PSYoungGen: 30242285K->3249626K(32682496K)] 39962908K->12972269K(43256832K), 0.1185136 secs] [Times: user=4.37 sys=0.04, real=0.12 secs] 
2021-03-30T21:06:58.005+0200: 6851.659: [GC (Allocation Failure) [PSYoungGen: 24080346K->2537408K(34441728K)] 33802989K->12260355K(45016064K), 0.1107064 secs] [Times: user=3.57 sys=0.00, real=0.12 secs] 
2021-03-30T21:07:38.557+0200: 6892.211: [GC (Allocation Failure) [PSYoungGen: 25240512K->2649652K(24346112K)] 34963459K->12372599K(34920448K), 0.0974628 secs] [Times: user=3.04 sys=0.00, real=0.09 secs] 
2021-03-30T21:08:12.847+0200: 6926.501: [GC (Allocation Failure) [PSYoungGen: 24345652K->2829172K(31256576K)] 34068599K->12552456K(41830912K), 0.1019342 secs] [Times: user=3.58 sys=0.01, real=0.11 secs] 
2021-03-30T21:08:39.029+0200: 6952.683: [GC (Allocation Failure) [PSYoungGen: 23568244K->4445330K(24274944K)] 33291528K->14168877K(34849280K), 0.1411663 secs] [Times: user=5.55 sys=0.02, real=0.14 secs] 
2021-03-30T21:09:00.525+0200: 6974.179: [GC (Allocation Failure) [PSYoungGen: 24274578K->5930162K(28625408K)] 33998125K->15653926K(39199744K), 0.2489145 secs] [Times: user=7.02 sys=0.06, real=0.25 secs] 
2021-03-30T21:09:18.865+0200: 6992.519: [GC (Allocation Failure) [PSYoungGen: 24894130K->7402639K(25544192K)] 34617894K->17126698K(36118528K), 0.2464120 secs] [Times: user=9.67 sys=0.06, real=0.25 secs] 
2021-03-30T21:09:35.099+0200: 7008.753: [GC (Allocation Failure) [PSYoungGen: 25543823K->7329859K(29087744K)] 35267882K->17054238K(39662080K), 0.2095514 secs] [Times: user=8.61 sys=0.00, real=0.21 secs] 
2021-03-30T21:09:53.020+0200: 7026.674: [GC (Allocation Failure) [PSYoungGen: 25336387K->8745671K(29222400K)] 35060766K->18470306K(39796736K), 0.2721324 secs] [Times: user=11.40 sys=0.09, real=0.27 secs] 
2021-03-30T21:10:09.614+0200: 7043.268: [GC (GCLocker Initiated GC) [PSYoungGen: 26752199K->8257555K(31265280K)] 36476835K->17982503K(41839616K), 0.2576828 secs] [Times: user=10.39 sys=0.00, real=0.26 secs] 
2021-03-30T21:10:25.223+0200: 7058.877: [GC (Allocation Failure) [PSYoungGen: 27713043K->9121166K(31535104K)] 37438010K->18846381K(42109440K), 0.2841939 secs] [Times: user=11.78 sys=0.01, real=0.28 secs] 
2021-03-30T21:10:38.969+0200: 7072.623: [GC (Allocation Failure) [PSYoungGen: 28576654K->9708268K(33516032K)] 38301869K->19433771K(44090368K), 0.5951980 secs] [Times: user=8.99 sys=16.10, real=0.59 secs] 
2021-03-30T21:11:02.199+0200: 7095.853: [GC (Allocation Failure) [PSYoungGen: 30644460K->8675693K(34103808K)] 40369963K->18401484K(44678144K), 0.2786254 secs] [Times: user=11.52 sys=0.00, real=0.28 secs] 
2021-03-30T21:11:38.812+0200: 7132.466: [GC (Allocation Failure) [PSYoungGen: 29611885K->3300976K(36255744K)] 39337676K->13027223K(46830080K), 0.1309641 secs] [Times: user=4.72 sys=0.13, real=0.13 secs] 
2021-03-30T21:12:23.221+0200: 7176.875: [GC (Allocation Failure) [PSYoungGen: 26557552K->2853670K(36484096K)] 36283799K->12580389K(47058432K), 0.1150916 secs] [Times: user=4.08 sys=0.05, real=0.12 secs] 
2021-03-30T21:12:52.518+0200: 7206.172: [GC (Allocation Failure) [PSYoungGen: 26110246K->6220654K(37295616K)] 35836965K->15947589K(47869952K), 0.2963249 secs] [Times: user=6.55 sys=5.70, real=0.29 secs] 
Heap
 PSYoungGen      total 37295616K, used 14909224K [0x00007f8deb580000, 0x00007f99f8500000, 0x00007f9c74200000)
  eden space 25521664K, 34% used [0x00007f8deb580000,0x00007f8ffda6e760,0x00007f9401100000)
  from space 11773952K, 52% used [0x00007f9729b00000,0x00007f98a55dbbf8,0x00007f99f8500000)
  to   space 12511232K, 0% used [0x00007f9401100000,0x00007f9401100000,0x00007f96fcb00000)
 ParOldGen       total 10574336K, used 9726934K [0x00007f70d9c00000, 0x00007f735f280000, 0x00007f8deb580000)
  object space 10574336K, 91% used [0x00007f70d9c00000,0x00007f732b6f5b80,0x00007f735f280000)
 Metaspace       used 47885K, capacity 48534K, committed 49920K, reserved 51200K
