Java HotSpot(TM) 64-Bit Server VM (25.131-b11) for linux-amd64 JRE (1.8.0_131-b11), built on Mar 15 2017 01:23:40 by "java_re" with gcc 4.3.0 20080428 (Red Hat 4.3.0-8)
Memory: 4k page, physical 196649792k(194432248k free), swap 3905532k(3905532k free)
CommandLine flags: -XX:InitialHeapSize=2147483648 -XX:MaxHeapSize=187272527872 -XX:+PrintGC -XX:+PrintGCDateStamps -XX:+PrintGCDetails -XX:+PrintGCTimeStamps -XX:+UseParallelGC 
2021-03-30T19:12:47.607+0200: 1.263: [GC (Metadata GC Threshold) [PSYoungGen: 404766K->37629K(611840K)] 404766K->37717K(2010112K), 0.0456719 secs] [Times: user=1.07 sys=0.01, real=0.05 secs] 
2021-03-30T19:12:47.652+0200: 1.309: [Full GC (Metadata GC Threshold) [PSYoungGen: 37629K->0K(611840K)] [ParOldGen: 88K->36131K(738816K)] 37717K->36131K(1350656K), [Metaspace: 20779K->20779K(22528K)], 0.0234214 secs] [Times: user=0.30 sys=0.04, real=0.02 secs] 
2021-03-30T19:12:49.464+0200: 3.121: [GC (Metadata GC Threshold) [PSYoungGen: 461592K->82408K(924160K)] 497723K->118547K(1662976K), 0.0355563 secs] [Times: user=0.90 sys=0.05, real=0.04 secs] 
2021-03-30T19:12:49.500+0200: 3.156: [Full GC (Metadata GC Threshold) [PSYoungGen: 82408K->0K(924160K)] [ParOldGen: 36139K->105419K(1094656K)] 118547K->105419K(2018816K), [Metaspace: 34834K->34683K(36864K)], 0.0361784 secs] [Times: user=0.39 sys=0.08, real=0.03 secs] 
2021-03-30T19:12:51.232+0200: 4.889: [GC (Allocation Failure) [PSYoungGen: 841728K->87038K(1132032K)] 947147K->194030K(2226688K), 0.0170944 secs] [Times: user=0.46 sys=0.04, real=0.02 secs] 
2021-03-30T19:12:51.694+0200: 5.350: [GC (Allocation Failure) [PSYoungGen: 1132030K->87020K(1378816K)] 1239022K->291043K(2473472K), 0.0378581 secs] [Times: user=0.96 sys=0.24, real=0.04 secs] 
2021-03-30T19:12:54.500+0200: 8.156: [GC (Allocation Failure) [PSYoungGen: 1378796K->87020K(1378816K)] 1582819K->450444K(2473472K), 0.0271599 secs] [Times: user=0.67 sys=0.31, real=0.02 secs] 
2021-03-30T19:12:58.143+0200: 11.800: [GC (Allocation Failure) [PSYoungGen: 1378796K->275451K(2284544K)] 1742220K->657332K(3379200K), 0.0290002 secs] [Times: user=0.21 sys=0.71, real=0.03 secs] 
2021-03-30T19:13:00.523+0200: 14.179: [GC (Allocation Failure) [PSYoungGen: 2284539K->345571K(2354688K)] 2666420K->861297K(3449344K), 0.0565086 secs] [Times: user=0.14 sys=2.02, real=0.06 secs] 
2021-03-30T19:13:04.203+0200: 17.860: [GC (Allocation Failure) [PSYoungGen: 2354659K->481788K(3407872K)] 2870385K->1264888K(4502528K), 0.0821032 secs] [Times: user=0.27 sys=2.81, real=0.08 secs] 
2021-03-30T19:13:07.439+0200: 21.096: [GC (Allocation Failure) [PSYoungGen: 3407868K->688126K(3614208K)] 4190968K->1751064K(4708864K), 0.1052380 secs] [Times: user=0.52 sys=3.73, real=0.10 secs] 
2021-03-30T19:13:07.545+0200: 21.201: [Full GC (Ergonomics) [PSYoungGen: 688126K->560954K(3614208K)] [ParOldGen: 1062937K->1094346K(2634240K)] 1751064K->1655301K(6248448K), [Metaspace: 39917K->39591K(40960K)], 0.2278936 secs] [Times: user=5.14 sys=1.11, real=0.23 secs] 
2021-03-30T19:13:12.005+0200: 25.662: [GC (Allocation Failure) [PSYoungGen: 3487034K->925174K(4566528K)] 4581381K->2405861K(7200768K), 0.1431565 secs] [Times: user=0.49 sys=5.16, real=0.14 secs] 
2021-03-30T19:13:16.693+0200: 30.350: [GC (Allocation Failure) [PSYoungGen: 4566518K->448004K(4866560K)] 6047205K->2756871K(7500800K), 0.1163894 secs] [Times: user=0.64 sys=3.88, real=0.12 secs] 
2021-03-30T19:13:16.810+0200: 30.466: [Full GC (Ergonomics) [PSYoungGen: 448004K->19824K(4866560K)] [ParOldGen: 2308867K->2633849K(4822528K)] 2756871K->2653673K(9689088K), [Metaspace: 50682K->50150K(53248K)], 0.3683568 secs] [Times: user=11.11 sys=1.94, real=0.37 secs] 
2021-03-30T19:13:21.152+0200: 34.808: [GC (Allocation Failure) [PSYoungGen: 3661168K->460434K(5565440K)] 6295017K->3113809K(10387968K), 0.0634760 secs] [Times: user=0.37 sys=2.19, real=0.06 secs] 
2021-03-30T19:13:26.715+0200: 40.372: [GC (Allocation Failure) [PSYoungGen: 5224594K->667092K(5850112K)] 7877969K->3716958K(10672640K), 0.0723796 secs] [Times: user=0.92 sys=2.04, real=0.07 secs] 
2021-03-30T19:13:33.792+0200: 47.448: [GC (Allocation Failure) [PSYoungGen: 5431252K->785340K(7197696K)] 8481118K->4416624K(12020224K), 0.1243421 secs] [Times: user=0.84 sys=4.29, real=0.12 secs] 
2021-03-30T19:13:42.755+0200: 56.411: [GC (Allocation Failure) [PSYoungGen: 6878140K->1159138K(7251968K)] 10509424K->5370043K(12074496K), 0.1905341 secs] [Times: user=1.07 sys=6.77, real=0.19 secs] 
2021-03-30T19:13:42.945+0200: 56.602: [Full GC (Ergonomics) [PSYoungGen: 1159138K->83561K(7251968K)] [ParOldGen: 4210905K->4822112K(7508480K)] 5370043K->4905674K(14760448K), [Metaspace: 50334K->50334K(53248K)], 0.3028987 secs] [Times: user=6.01 sys=3.42, real=0.30 secs] 
2021-03-30T19:13:51.544+0200: 65.201: [GC (Allocation Failure) [PSYoungGen: 6176361K->1135369K(9292800K)] 10998474K->6041097K(16801280K), 0.1244893 secs] [Times: user=0.94 sys=3.36, real=0.13 secs] 
2021-03-30T19:14:01.860+0200: 75.517: [GC (Allocation Failure) [PSYoungGen: 8875785K->1004941K(9390080K)] 13781513K->6917529K(16898560K), 0.1651053 secs] [Times: user=1.41 sys=5.37, real=0.16 secs] 
2021-03-30T19:14:11.660+0200: 85.317: [GC (Allocation Failure) [PSYoungGen: 8745357K->1101285K(10854400K)] 14657945K->7887793K(18362880K), 0.1630058 secs] [Times: user=1.22 sys=5.55, real=0.16 secs] 
2021-03-30T19:14:11.824+0200: 85.480: [Full GC (Ergonomics) [PSYoungGen: 1101285K->0K(10854400K)] [ParOldGen: 6786508K->4752435K(8148992K)] 7887793K->4752435K(19003392K), [Metaspace: 50576K->50576K(53248K)], 0.4103546 secs] [Times: user=8.43 sys=3.13, real=0.41 secs] 
2021-03-30T19:14:24.320+0200: 97.977: [GC (Allocation Failure) [PSYoungGen: 9179648K->1724415K(10904064K)] 13932083K->6489405K(19053056K), 0.1208785 secs] [Times: user=2.35 sys=2.62, real=0.12 secs] 
2021-03-30T19:14:38.548+0200: 112.205: [GC (Allocation Failure) [PSYoungGen: 10904063K->1564096K(12721152K)] 15669053K->7855033K(20870144K), 0.2036022 secs] [Times: user=2.13 sys=5.96, real=0.21 secs] 
2021-03-30T19:14:52.799+0200: 126.456: [GC (Allocation Failure) [PSYoungGen: 12292032K->2144738K(12872704K)] 18582969K->8881686K(21021696K), 0.1639191 secs] [Times: user=2.91 sys=3.72, real=0.16 secs] 
2021-03-30T19:15:17.296+0200: 150.952: [GC (Allocation Failure) [PSYoungGen: 12872674K->1679027K(15199232K)] 19609622K->10029035K(23553536K), 0.2995069 secs] [Times: user=2.19 sys=8.40, real=0.30 secs] 
2021-03-30T19:15:17.595+0200: 151.252: [Full GC (Ergonomics) [PSYoungGen: 1679027K->0K(15199232K)] [ParOldGen: 8350008K->3408238K(7732736K)] 10029035K->3408238K(22931968K), [Metaspace: 50980K->50980K(53248K)], 0.4299581 secs] [Times: user=6.33 sys=2.33, real=0.43 secs] 
2021-03-30T19:15:38.763+0200: 172.419: [GC (Allocation Failure) [PSYoungGen: 12557824K->1938129K(15263744K)] 15966062K->5346368K(22996480K), 0.0796001 secs] [Times: user=2.15 sys=0.28, real=0.08 secs] 
2021-03-30T19:15:55.915+0200: 189.572: [GC (Allocation Failure) [PSYoungGen: 14495953K->2843644K(16677376K)] 17904192K->7406262K(24410112K), 0.3607886 secs] [Times: user=3.28 sys=11.63, real=0.36 secs] 
2021-03-30T19:16:14.178+0200: 207.835: [GC (Allocation Failure) [PSYoungGen: 16677372K->3406043K(17542144K)] 21239990K->8836216K(25274880K), 0.2037370 secs] [Times: user=4.10 sys=4.28, real=0.20 secs] 
2021-03-30T19:16:30.549+0200: 224.206: [GC (Allocation Failure) [PSYoungGen: 17239771K->4192765K(18718720K)] 22669944K->11108906K(26451456K), 0.4951103 secs] [Times: user=4.46 sys=16.38, real=0.49 secs] 
2021-03-30T19:16:31.045+0200: 224.701: [Full GC (Ergonomics) [PSYoungGen: 4192765K->0K(18718720K)] [ParOldGen: 6916141K->6015836K(10931712K)] 11108906K->6015836K(29650432K), [Metaspace: 51168K->51168K(53248K)], 0.5664722 secs] [Times: user=9.00 sys=3.07, real=0.57 secs] 
2021-03-30T19:16:54.616+0200: 248.272: [GC (Allocation Failure) [PSYoungGen: 14525952K->1716075K(19943936K)] 20541788K->7731919K(30875648K), 0.0801422 secs] [Times: user=2.38 sys=0.00, real=0.08 secs] 
2021-03-30T19:17:35.404+0200: 289.061: [GC (Allocation Failure) [PSYoungGen: 16242027K->2445329K(21079040K)] 22257871K->8461173K(32010752K), 0.1130146 secs] [Times: user=3.33 sys=0.94, real=0.12 secs] 
2021-03-30T19:18:11.285+0200: 324.941: [GC (Allocation Failure) [PSYoungGen: 18946065K->3510828K(21485056K)] 24961909K->9526672K(32416768K), 0.1406922 secs] [Times: user=4.08 sys=0.81, real=0.14 secs] 
2021-03-30T19:18:31.156+0200: 344.813: [GC (Allocation Failure) [PSYoungGen: 20011564K->5220347K(22739456K)] 26027408K->11787476K(33671168K), 0.5986266 secs] [Times: user=3.20 sys=22.02, real=0.60 secs] 
2021-03-30T19:18:55.394+0200: 369.050: [GC (Allocation Failure) [PSYoungGen: 22739451K->6153243K(23749632K)] 29306580K->13262027K(34681344K), 0.2106851 secs] [Times: user=8.51 sys=0.01, real=0.21 secs] 
2021-03-30T19:19:21.083+0200: 394.739: [GC (Allocation Failure) [PSYoungGen: 23672347K->4854489K(27013120K)] 30781131K->11993383K(37944832K), 0.4509056 secs] [Times: user=3.15 sys=15.79, real=0.45 secs] 
2021-03-30T19:19:52.328+0200: 425.985: [GC (Allocation Failure) [PSYoungGen: 24681689K->4432414K(27295744K)] 31820583K->11588660K(38227456K), 0.1532327 secs] [Times: user=6.12 sys=0.03, real=0.16 secs] 
2021-03-30T19:20:18.335+0200: 451.992: [GC (Allocation Failure) [PSYoungGen: 24259614K->5106007K(29413888K)] 31415860K->12262253K(40345600K), 0.3754205 secs] [Times: user=4.09 sys=11.05, real=0.38 secs] 
2021-03-30T19:20:44.719+0200: 478.376: [GC (Allocation Failure) [PSYoungGen: 27004759K->5986580K(29670400K)] 34161005K->13153218K(40602112K), 0.1825513 secs] [Times: user=7.27 sys=0.00, real=0.18 secs] 
2021-03-30T19:21:50.424+0200: 544.081: [GC (Allocation Failure) [PSYoungGen: 27885332K->1441284K(31864320K)] 35051970K->8607930K(42796032K), 0.0966804 secs] [Times: user=2.96 sys=0.01, real=0.10 secs] 
2021-03-30T19:23:00.606+0200: 614.263: [GC (Allocation Failure) [PSYoungGen: 25498628K->1421972K(32262656K)] 32665274K->8588618K(43194368K), 0.0833282 secs] [Times: user=2.74 sys=0.00, real=0.09 secs] 
2021-03-30T19:24:03.402+0200: 677.059: [GC (Allocation Failure) [PSYoungGen: 25479316K->1697351K(33329664K)] 32645962K->8863997K(44261376K), 0.1763652 secs] [Times: user=2.26 sys=4.46, real=0.18 secs] 
2021-03-30T19:25:02.970+0200: 736.627: [GC (Allocation Failure) [PSYoungGen: 27579463K->2468504K(33750016K)] 34746109K->9635150K(44681728K), 0.1022910 secs] [Times: user=3.41 sys=0.01, real=0.10 secs] 
2021-03-30T19:25:42.573+0200: 776.229: [GC (Allocation Failure) [PSYoungGen: 28350616K->4588129K(34969600K)] 35517262K->11754775K(45901312K), 0.4543947 secs] [Times: user=2.52 sys=16.33, real=0.45 secs] 
2021-03-30T19:26:13.121+0200: 806.778: [GC (Allocation Failure) [PSYoungGen: 32055393K->6601823K(35093504K)] 39222039K->13768469K(46025216K), 0.1942266 secs] [Times: user=7.74 sys=0.00, real=0.19 secs] 
2021-03-30T19:26:33.204+0200: 826.860: [GC (Allocation Failure) [PSYoungGen: 34069087K->8441849K(36097536K)] 41235733K->16840890K(47029248K), 0.9273811 secs] [Times: user=5.61 sys=33.43, real=0.93 secs] 
2021-03-30T19:26:54.552+0200: 848.209: [GC (GCLocker Initiated GC) [PSYoungGen: 36097529K->10220539K(37876224K)] 44496693K->19843036K(48807936K), 0.4719032 secs] [Times: user=12.47 sys=7.02, real=0.47 secs] 
2021-03-30T19:26:55.024+0200: 848.681: [Full GC (Ergonomics) [PSYoungGen: 10220539K->297776K(37876224K)] [ParOldGen: 9622497K->10931621K(15918592K)] 19843036K->11229397K(53794816K), [Metaspace: 51279K->51279K(53248K)], 0.8314636 secs] [Times: user=14.22 sys=9.77, real=0.83 secs] 
2021-03-30T19:27:13.610+0200: 867.266: [GC (Allocation Failure) [PSYoungGen: 27953456K->6819922K(43460096K)] 38885081K->17751547K(59378688K), 0.5851579 secs] [Times: user=4.97 sys=19.41, real=0.58 secs] 
2021-03-30T19:27:33.258+0200: 886.915: [GC (Allocation Failure) [PSYoungGen: 37969490K->12283879K(43433472K)] 48901115K->24471444K(59352064K), 0.5235293 secs] [Times: user=14.91 sys=6.75, real=0.52 secs] 
2021-03-30T19:28:08.641+0200: 922.298: [GC (Allocation Failure) [PSYoungGen: 43433447K->10617572K(44548096K)] 55621012K->22805137K(60466688K), 0.8639977 secs] [Times: user=6.68 sys=24.73, real=0.86 secs] 
2021-03-30T19:29:09.817+0200: 983.474: [GC (Allocation Failure) [PSYoungGen: 40471780K->4555186K(45407744K)] 52659345K->16745425K(61326336K), 0.1739559 secs] [Times: user=6.57 sys=0.00, real=0.17 secs] 
2021-03-30T19:30:10.491+0200: 1044.147: [GC (Allocation Failure) [PSYoungGen: 34409394K->4874784K(43856896K)] 46599633K->17360126K(59775488K), 0.1802586 secs] [Times: user=6.57 sys=0.38, real=0.18 secs] 
2021-03-30T19:31:12.471+0200: 1106.128: [GC (Allocation Failure) [PSYoungGen: 35332128K->3601981K(44760576K)] 47817470K->18127133K(60679168K), 0.3418314 secs] [Times: user=4.38 sys=8.96, real=0.34 secs] 
2021-03-30T19:31:12.813+0200: 1106.470: [Full GC (Ergonomics) [PSYoungGen: 3601981K->0K(44760576K)] [ParOldGen: 14525151K->3517641K(9169408K)] 18127133K->3517641K(53929984K), [Metaspace: 51285K->51285K(53248K)], 0.5137598 secs] [Times: user=5.16 sys=0.20, real=0.51 secs] 
2021-03-30T19:32:10.819+0200: 1164.476: [GC (Allocation Failure) [PSYoungGen: 30457344K->4459285K(45107200K)] 33974985K->7976926K(54276608K), 0.1393254 secs] [Times: user=4.67 sys=0.12, real=0.14 secs] 
2021-03-30T19:32:45.266+0200: 1198.922: [GC (Allocation Failure) [PSYoungGen: 37216021K->9030596K(46083584K)] 40733662K->12548238K(55252992K), 0.2676000 secs] [Times: user=10.83 sys=0.00, real=0.27 secs] 
2021-03-30T19:33:09.958+0200: 1223.615: [GC (Allocation Failure) [PSYoungGen: 41787332K->8219995K(47093760K)] 45304974K->17811708K(56700416K), 0.4928415 secs] [Times: user=16.94 sys=1.16, real=0.49 secs] 
2021-03-30T19:33:10.451+0200: 1224.108: [Full GC (Ergonomics) [PSYoungGen: 8219995K->3426647K(47093760K)] [ParOldGen: 9591713K->9606304K(17352704K)] 17811708K->13032951K(64446464K), [Metaspace: 51286K->51286K(53248K)], 0.8585408 secs] [Times: user=16.60 sys=4.15, real=0.86 secs] 
2021-03-30T19:33:56.853+0200: 1270.509: [GC (Allocation Failure) [PSYoungGen: 36721495K->4732748K(38027776K)] 46327799K->16898264K(55380480K), 0.4111584 secs] [Times: user=6.20 sys=9.23, real=0.41 secs] 
2021-03-30T19:35:00.705+0200: 1334.361: [GC (Allocation Failure) [PSYoungGen: 38027596K->2897117K(46840832K)] 50193112K->15781795K(64193536K), 0.2229912 secs] [Times: user=7.12 sys=1.70, real=0.22 secs] 
2021-03-30T19:35:51.052+0200: 1384.709: [GC (Allocation Failure) [PSYoungGen: 36406493K->5192087K(46660608K)] 49291171K->18467975K(64013312K), 0.2159167 secs] [Times: user=8.11 sys=0.50, real=0.21 secs] 
2021-03-30T19:36:18.418+0200: 1412.075: [GC (Allocation Failure) [PSYoungGen: 38701463K->6400207K(47383552K)] 51977351K->22362712K(64736256K), 0.4904258 secs] [Times: user=6.41 sys=13.86, real=0.49 secs] 
2021-03-30T19:36:18.909+0200: 1412.565: [Full GC (Ergonomics) [PSYoungGen: 6400207K->0K(47383552K)] [ParOldGen: 15962505K->8700485K(16998400K)] 22362712K->8700485K(64381952K), [Metaspace: 51286K->51286K(53248K)], 0.4800754 secs] [Times: user=11.74 sys=0.94, real=0.48 secs] 
2021-03-30T19:37:14.919+0200: 1468.576: [GC (Allocation Failure) [PSYoungGen: 34905088K->3963121K(46991360K)] 43605573K->12663607K(63989760K), 0.1469666 secs] [Times: user=5.59 sys=0.00, real=0.14 secs] 
2021-03-30T19:37:58.867+0200: 1512.524: [GC (Allocation Failure) [PSYoungGen: 38868209K->6080871K(48435712K)] 47568695K->15742159K(65434112K), 0.2311018 secs] [Times: user=9.36 sys=0.00, real=0.24 secs] 
2021-03-30T19:38:38.118+0200: 1551.774: [GC (Allocation Failure) [PSYoungGen: 42916711K->7844232K(48162304K)] 52577999K->18779127K(65160704K), 0.2796094 secs] [Times: user=11.25 sys=0.00, real=0.28 secs] 
2021-03-30T19:39:41.603+0200: 1615.260: [GC (Allocation Failure) [PSYoungGen: 44680072K->4692981K(49138688K)] 55614967K->15719586K(66137088K), 0.1799572 secs] [Times: user=6.92 sys=0.01, real=0.18 secs] 
2021-03-30T19:40:42.748+0200: 1676.405: [GC (Allocation Failure) [PSYoungGen: 42757109K->3099052K(49264640K)] 53783714K->14258855K(66263040K), 0.1469750 secs] [Times: user=5.56 sys=0.00, real=0.15 secs] 
2021-03-30T19:42:18.995+0200: 1772.652: [GC (Allocation Failure) [PSYoungGen: 41163180K->1739064K(49704960K)] 52322983K->12898866K(66703360K), 0.1176753 secs] [Times: user=3.92 sys=0.00, real=0.12 secs] 
2021-03-30T19:43:34.809+0200: 1848.466: [GC (Allocation Failure) [PSYoungGen: 40337208K->3093831K(41692160K)] 51497010K->14253633K(58690560K), 0.1416461 secs] [Times: user=4.90 sys=0.05, real=0.14 secs] 
2021-03-30T19:44:26.909+0200: 1900.565: [GC (Allocation Failure) [PSYoungGen: 41691975K->6255262K(49693696K)] 52851777K->17415064K(66692096K), 0.2147471 secs] [Times: user=8.55 sys=0.01, real=0.22 secs] 
2021-03-30T19:45:04.700+0200: 1938.356: [GC (Allocation Failure) [PSYoungGen: 45031070K->9131687K(47907840K)] 56190872K->20291489K(64906240K), 0.2908247 secs] [Times: user=11.84 sys=0.00, real=0.29 secs] 
2021-03-30T19:45:42.878+0200: 1976.534: [GC (Allocation Failure) [PSYoungGen: 47907495K->8725959K(48048128K)] 59067297K->19885761K(65046528K), 0.3692121 secs] [Times: user=10.47 sys=4.51, real=0.36 secs] 
2021-03-30T19:46:20.242+0200: 2013.898: [GC (Allocation Failure) [PSYoungGen: 45024199K->8365708K(44664320K)] 56184001K->19601057K(61662720K), 0.2601582 secs] [Times: user=10.37 sys=0.00, real=0.26 secs] 
2021-03-30T19:46:47.772+0200: 2041.429: [GC (Allocation Failure) [PSYoungGen: 44663948K->9815059K(46853120K)] 55899297K->21146517K(63851520K), 0.3496633 secs] [Times: user=12.13 sys=0.97, real=0.35 secs] 
2021-03-30T19:47:13.604+0200: 2067.260: [GC (Allocation Failure) [PSYoungGen: 44035603K->10719092K(44939776K)] 55367061K->22085497K(61938176K), 0.3341587 secs] [Times: user=13.49 sys=0.00, real=0.34 secs] 
2021-03-30T19:47:54.484+0200: 2108.141: [GC (Allocation Failure) [PSYoungGen: 44939636K->5557423K(47217152K)] 56306041K->16925655K(64215552K), 0.1843686 secs] [Times: user=7.03 sys=0.00, real=0.19 secs] 
2021-03-30T19:48:44.251+0200: 2157.907: [GC (Allocation Failure) [PSYoungGen: 38507695K->3979624K(36930048K)] 49875927K->15348473K(53928448K), 0.1611488 secs] [Times: user=6.21 sys=0.00, real=0.16 secs] 
2021-03-30T19:49:32.632+0200: 2206.288: [GC (Allocation Failure) [PSYoungGen: 36929896K->3843921K(46721536K)] 48298745K->15213186K(63719936K), 0.1424760 secs] [Times: user=5.32 sys=0.00, real=0.14 secs] 
2021-03-30T19:50:18.723+0200: 2252.379: [GC (Allocation Failure) [PSYoungGen: 37058385K->5724646K(46457344K)] 48427650K->17093911K(63455744K), 0.1877178 secs] [Times: user=7.49 sys=0.00, real=0.19 secs] 
2021-03-30T19:50:55.753+0200: 2289.410: [GC (Allocation Failure) [PSYoungGen: 38939110K->7720654K(46888448K)] 50308375K->19089918K(63886848K), 0.2249647 secs] [Times: user=9.13 sys=0.00, real=0.23 secs] 
2021-03-30T19:51:36.758+0200: 2330.415: [GC (Allocation Failure) [PSYoungGen: 41993934K->6577092K(46826496K)] 53363198K->17946356K(63824896K), 0.2025435 secs] [Times: user=8.16 sys=0.00, real=0.20 secs] 
2021-03-30T19:52:39.191+0200: 2392.847: [GC (Allocation Failure) [PSYoungGen: 40850372K->2872975K(47808512K)] 52219636K->14242240K(64806912K), 0.1175527 secs] [Times: user=4.29 sys=0.01, real=0.11 secs] 
2021-03-30T19:53:34.576+0200: 2448.233: [GC (Allocation Failure) [PSYoungGen: 38649999K->4977310K(47824384K)] 50019264K->16346574K(64822784K), 0.1738740 secs] [Times: user=6.83 sys=0.03, real=0.18 secs] 
2021-03-30T19:54:12.028+0200: 2485.684: [GC (Allocation Failure) [PSYoungGen: 40754334K->8605167K(48058368K)] 52123598K->19974431K(65056768K), 0.2753626 secs] [Times: user=10.60 sys=0.00, real=0.28 secs] 
2021-03-30T19:54:43.224+0200: 2516.880: [GC (Allocation Failure) [PSYoungGen: 45052399K->10873354K(47321088K)] 56421663K->22242618K(64319488K), 0.3248062 secs] [Times: user=13.36 sys=0.13, real=0.33 secs] 
2021-03-30T19:56:03.990+0200: 2597.646: [GC (Allocation Failure) [PSYoungGen: 47320586K->1599149K(47365120K)] 58689850K->12968918K(64363520K), 0.1112600 secs] [Times: user=3.96 sys=0.00, real=0.11 secs] 
2021-03-30T19:57:32.913+0200: 2686.570: [GC (Allocation Failure) [PSYoungGen: 35760301K->2358302K(47561216K)] 47130070K->13728071K(64559616K), 0.0953167 secs] [Times: user=3.05 sys=0.00, real=0.09 secs] 
2021-03-30T19:58:20.222+0200: 2733.878: [GC (Allocation Failure) [PSYoungGen: 36519454K->6387450K(46434816K)] 47889223K->17757219K(63433216K), 0.1942736 secs] [Times: user=7.66 sys=0.00, real=0.19 secs] 
2021-03-30T19:58:48.927+0200: 2762.583: [GC (Allocation Failure) [PSYoungGen: 40636666K->9080614K(47042048K)] 52006435K->20450382K(64040448K), 0.2847715 secs] [Times: user=11.42 sys=0.00, real=0.29 secs] 
2021-03-30T19:59:15.893+0200: 2789.549: [GC (Allocation Failure) [PSYoungGen: 43329830K->10864334K(45591552K)] 54699598K->22234103K(62589952K), 0.3630040 secs] [Times: user=12.98 sys=1.95, real=0.36 secs] 
2021-03-30T20:00:02.327+0200: 2835.983: [GC (Allocation Failure) [PSYoungGen: 43150542K->4255731K(46623744K)] 54520311K->15626275K(63622144K), 0.1528485 secs] [Times: user=5.84 sys=0.01, real=0.16 secs] 
2021-03-30T20:00:50.810+0200: 2884.466: [GC (Allocation Failure) [PSYoungGen: 36541939K->4372571K(45413376K)] 47912483K->15743547K(62411776K), 0.1483831 secs] [Times: user=5.74 sys=0.00, real=0.15 secs] 
2021-03-30T20:01:26.007+0200: 2919.664: [GC (Allocation Failure) [PSYoungGen: 37031515K->7922971K(46204928K)] 48402491K->19293947K(63203328K), 0.2580429 secs] [Times: user=10.49 sys=0.00, real=0.26 secs] 
2021-03-30T20:01:57.472+0200: 2951.129: [GC (Allocation Failure) [PSYoungGen: 40581915K->8733890K(47161344K)] 51952891K->20105226K(64159744K), 0.2862706 secs] [Times: user=11.79 sys=0.01, real=0.29 secs] 
2021-03-30T20:02:42.107+0200: 2995.764: [GC (Allocation Failure) [PSYoungGen: 42439362K->5424186K(39130112K)] 53810698K->16795914K(56128512K), 0.1989460 secs] [Times: user=7.97 sys=0.00, real=0.20 secs] 
2021-03-30T20:03:24.738+0200: 3038.395: [GC (Allocation Failure) [PSYoungGen: 39129658K->5851206K(47558656K)] 50501386K->17223430K(64557056K), 0.2084163 secs] [Times: user=8.34 sys=0.04, real=0.20 secs] 
2021-03-30T20:04:08.331+0200: 3081.988: [GC (Allocation Failure) [PSYoungGen: 40288326K->5653982K(46999040K)] 51660550K->17026206K(63997440K), 0.2044843 secs] [Times: user=8.05 sys=0.07, real=0.20 secs] 
2021-03-30T20:04:48.627+0200: 3122.284: [GC (Allocation Failure) [PSYoungGen: 40091102K->6901673K(47716864K)] 51463326K->18274369K(64715264K), 0.2183012 secs] [Times: user=8.74 sys=0.00, real=0.22 secs] 
2021-03-30T20:06:18.002+0200: 3211.658: [GC (Allocation Failure) [PSYoungGen: 42543529K->2099382K(47352832K)] 53916225K->13472487K(64351232K), 0.1020435 secs] [Times: user=3.47 sys=0.02, real=0.10 secs] 
2021-03-30T20:07:24.316+0200: 3277.972: [GC (Allocation Failure) [PSYoungGen: 37741238K->3075483K(49145856K)] 49114343K->14448979K(66144256K), 0.1268867 secs] [Times: user=4.68 sys=0.00, real=0.13 secs] 
2021-03-30T20:08:07.884+0200: 3321.540: [GC (Allocation Failure) [PSYoungGen: 40323995K->6900882K(44149760K)] 51697491K->18275035K(61148160K), 0.2277762 secs] [Times: user=8.81 sys=0.00, real=0.23 secs] 
2021-03-30T20:08:45.872+0200: 3359.528: [GC (Allocation Failure) [PSYoungGen: 44149394K->8303939K(48561664K)] 55523547K->19678699K(65560064K), 0.2804870 secs] [Times: user=10.99 sys=0.12, real=0.28 secs] 
2021-03-30T20:09:24.803+0200: 3398.459: [GC (Allocation Failure) [PSYoungGen: 45220163K->7381838K(48905216K)] 56594923K->18757103K(65903616K), 0.2363874 secs] [Times: user=9.57 sys=0.12, real=0.24 secs] 
2021-03-30T20:10:20.808+0200: 3454.464: [GC (Allocation Failure) [PSYoungGen: 44298062K->4301473K(48369152K)] 55673327K->15677193K(65367552K), 0.1584416 secs] [Times: user=5.99 sys=0.00, real=0.16 secs] 
2021-03-30T20:11:06.879+0200: 3500.535: [GC (Allocation Failure) [PSYoungGen: 41385121K->6508121K(48720896K)] 52760841K->17884249K(65719296K), 0.2200148 secs] [Times: user=8.93 sys=0.00, real=0.22 secs] 
2021-03-30T20:11:50.290+0200: 3543.946: [GC (Allocation Failure) [PSYoungGen: 43591769K->6563880K(48687616K)] 54967897K->17940480K(65686016K), 0.2416129 secs] [Times: user=9.68 sys=0.06, real=0.24 secs] 
2021-03-30T20:12:32.950+0200: 3586.607: [GC (Allocation Failure) [PSYoungGen: 44624424K->6417919K(48994816K)] 56001024K->17794999K(65993216K), 0.2249685 secs] [Times: user=9.00 sys=0.00, real=0.22 secs] 
2021-03-30T20:13:40.517+0200: 3654.173: [GC (Allocation Failure) [PSYoungGen: 44478463K->3704736K(43795968K)] 55855543K->15082248K(60794368K), 0.1878063 secs] [Times: user=5.64 sys=0.04, real=0.18 secs] 
2021-03-30T20:14:34.341+0200: 3707.997: [GC (Allocation Failure) [PSYoungGen: 40050080K->5189406K(39904768K)] 51427592K->16567326K(56903168K), 0.2653064 secs] [Times: user=7.38 sys=0.08, real=0.26 secs] 
2021-03-30T20:15:24.800+0200: 3758.456: [GC (Allocation Failure) [PSYoungGen: 39904542K->5438032K(41060352K)] 51282462K->16816376K(58058752K), 0.2476673 secs] [Times: user=6.63 sys=0.08, real=0.24 secs] 
2021-03-30T20:16:07.672+0200: 3801.328: [GC (Allocation Failure) [PSYoungGen: 38603344K->7074662K(38767104K)] 49981688K->18453326K(55765504K), 0.2741748 secs] [Times: user=9.28 sys=0.11, real=0.27 secs] 
2021-03-30T20:16:51.986+0200: 3845.642: [GC (Allocation Failure) [PSYoungGen: 38766950K->5239898K(38214656K)] 50145614K->16618923K(55213056K), 0.2612606 secs] [Times: user=7.12 sys=0.08, real=0.26 secs] 
2021-03-30T20:17:31.507+0200: 3885.163: [GC (Allocation Failure) [PSYoungGen: 35531866K->6161238K(35122176K)] 46910891K->17540718K(52120576K), 0.2639948 secs] [Times: user=8.34 sys=0.06, real=0.27 secs] 
2021-03-30T20:18:06.930+0200: 3920.586: [GC (Allocation Failure) [PSYoungGen: 35122006K->6841995K(35801088K)] 46501486K->18222107K(52799488K), 0.2746022 secs] [Times: user=9.42 sys=0.25, real=0.27 secs] 
2021-03-30T20:18:40.684+0200: 3954.341: [GC (Allocation Failure) [PSYoungGen: 34537099K->7001603K(37056000K)] 45917211K->18382203K(54054400K), 0.2428418 secs] [Times: user=9.88 sys=0.00, real=0.24 secs] 
2021-03-30T20:19:10.957+0200: 3984.613: [GC (Allocation Failure) [PSYoungGen: 34696707K->7620499K(39408640K)] 46077307K->19001516K(56407040K), 0.3252689 secs] [Times: user=9.44 sys=4.02, real=0.33 secs] 
2021-03-30T20:19:42.556+0200: 4016.213: [GC (Allocation Failure) [PSYoungGen: 37625747K->8988955K(39648256K)] 49006764K->20370380K(56646656K), 0.2849311 secs] [Times: user=11.40 sys=0.01, real=0.29 secs] 
2021-03-30T20:20:18.779+0200: 4052.436: [GC (Allocation Failure) [PSYoungGen: 38994203K->7916065K(43374592K)] 50375628K->19298226K(60372992K), 0.5932159 secs] [Times: user=6.27 sys=18.61, real=0.59 secs] 
2021-03-30T20:21:07.938+0200: 4101.594: [GC (Allocation Failure) [PSYoungGen: 40967713K->5199127K(43515392K)] 52349874K->16646614K(60513792K), 0.1845170 secs] [Times: user=7.16 sys=0.00, real=0.18 secs] 
2021-03-30T20:21:51.575+0200: 4145.231: [GC (Allocation Failure) [PSYoungGen: 38250775K->6145830K(46481408K)] 49698262K->18078031K(63479808K), 0.3877353 secs] [Times: user=7.29 sys=8.62, real=0.39 secs] 
2021-03-30T20:22:52.518+0200: 4206.175: [GC (Allocation Failure) [PSYoungGen: 42906918K->3478732K(46766592K)] 54839119K->15411669K(63764992K), 0.1373322 secs] [Times: user=5.13 sys=0.01, real=0.13 secs] 
2021-03-30T20:25:15.567+0200: 4349.224: [GC (Allocation Failure) [PSYoungGen: 40239820K->1016464K(40816128K)] 52172757K->12949737K(57814528K), 0.1135340 secs] [Times: user=3.60 sys=0.01, real=0.12 secs] 
2021-03-30T20:26:40.996+0200: 4434.653: [GC (Allocation Failure) [PSYoungGen: 36126864K->3435784K(36977152K)] 48060137K->15369056K(53975552K), 0.1466224 secs] [Times: user=5.43 sys=0.01, real=0.15 secs] 
2021-03-30T20:27:17.518+0200: 4471.174: [GC (Allocation Failure) [PSYoungGen: 36976904K->7340893K(41468928K)] 48910176K->19274166K(58467328K), 0.2333126 secs] [Times: user=9.46 sys=0.00, real=0.23 secs] 
2021-03-30T20:27:36.649+0200: 4490.306: [GC (Allocation Failure) [PSYoungGen: 39390557K->10712046K(42761728K)] 51323830K->24450649K(59760128K), 0.3933469 secs] [Times: user=14.63 sys=0.00, real=0.39 secs] 
2021-03-30T20:27:55.587+0200: 4509.244: [GC (Allocation Failure) [PSYoungGen: 42761710K->12754923K(42173952K)] 56500313K->29943002K(59372544K), 1.2864377 secs] [Times: user=12.19 sys=41.31, real=1.29 secs] 
2021-03-30T20:27:56.874+0200: 4510.531: [Full GC (Ergonomics) [PSYoungGen: 12754923K->0K(42173952K)] [ParOldGen: 17188079K->16267596K(22573568K)] 29943002K->16267596K(64747520K), [Metaspace: 51371K->51371K(53248K)], 0.9409896 secs] [Times: user=22.45 sys=4.96, real=0.94 secs] 
2021-03-30T20:28:16.718+0200: 4530.375: [GC (Allocation Failure) [PSYoungGen: 29419008K->5571894K(45190144K)] 45686604K->21839490K(67763712K), 0.1853172 secs] [Times: user=6.60 sys=0.00, real=0.18 secs] 
2021-03-30T20:28:56.869+0200: 4570.525: [GC (Allocation Failure) [PSYoungGen: 34990902K->6936062K(43084288K)] 51258498K->23203658K(65657856K), 0.2913575 secs] [Times: user=8.58 sys=0.07, real=0.29 secs] 
2021-03-30T20:29:32.972+0200: 4606.629: [GC (Allocation Failure) [PSYoungGen: 36908542K->7362311K(44413952K)] 53176138K->23629907K(66987520K), 0.2306881 secs] [Times: user=9.33 sys=0.00, real=0.23 secs] 
2021-03-30T20:30:09.740+0200: 4643.397: [GC (Allocation Failure) [PSYoungGen: 37334791K->7886207K(45104128K)] 53602387K->24153803K(67677696K), 0.2457498 secs] [Times: user=10.06 sys=0.00, real=0.24 secs] 
2021-03-30T20:31:03.209+0200: 4696.866: [GC (Allocation Failure) [PSYoungGen: 40604031K->6175905K(46131712K)] 56871627K->22443502K(68705280K), 0.2230665 secs] [Times: user=8.75 sys=0.15, real=0.22 secs] 
2021-03-30T20:31:45.360+0200: 4739.017: [GC (Allocation Failure) [PSYoungGen: 38893729K->7553898K(46261760K)] 55161326K->23821495K(68835328K), 0.2339250 secs] [Times: user=9.43 sys=0.00, real=0.23 secs] 
2021-03-30T20:32:28.396+0200: 4782.052: [GC (Allocation Failure) [PSYoungGen: 42132330K->6351444K(47127040K)] 58399927K->23605567K(69700608K), 0.2526045 secs] [Times: user=9.93 sys=0.08, real=0.25 secs] 
2021-03-30T20:33:50.042+0200: 4863.699: [GC (Allocation Failure) [PSYoungGen: 40929876K->2309710K(48213504K)] 58183999K->19949626K(70787072K), 0.1277740 secs] [Times: user=3.58 sys=1.07, real=0.13 secs] 
2021-03-30T20:34:36.758+0200: 4910.415: [GC (Allocation Failure) [PSYoungGen: 38378574K->6971785K(43040768K)] 56018490K->24614138K(65614336K), 0.2357739 secs] [Times: user=9.40 sys=0.01, real=0.23 secs] 
2021-03-30T20:35:40.809+0200: 4974.465: [GC (Allocation Failure) [PSYoungGen: 43040649K->2555659K(44859904K)] 60683002K->20198619K(67433472K), 0.1229712 secs] [Times: user=3.65 sys=0.02, real=0.13 secs] 
2021-03-30T20:36:59.226+0200: 5052.882: [GC (Allocation Failure) [PSYoungGen: 37014283K->3994482K(36922368K)] 54657243K->21638019K(59495936K), 0.2005456 secs] [Times: user=5.12 sys=0.07, real=0.20 secs] 
2021-03-30T20:37:59.700+0200: 5113.356: [GC (Allocation Failure) [PSYoungGen: 36922226K->2947684K(41810944K)] 54565763K->20591221K(64384512K), 0.1656349 secs] [Times: user=4.14 sys=0.05, real=0.16 secs] 
2021-03-30T20:39:38.745+0200: 5212.401: [GC (Allocation Failure) [PSYoungGen: 34420324K->1636762K(31726080K)] 52063861K->19280298K(54299648K), 0.1630494 secs] [Times: user=4.37 sys=0.05, real=0.16 secs] 
2021-03-30T20:40:24.659+0200: 5258.315: [GC (GCLocker Initiated GC) [PSYoungGen: 31725978K->5347136K(38111232K)] 49369517K->22990675K(60684800K), 0.2749380 secs] [Times: user=7.04 sys=0.15, real=0.27 secs] 
2021-03-30T20:40:46.902+0200: 5280.558: [GC (Allocation Failure) [PSYoungGen: 34121024K->8984614K(40070656K)] 51764565K->26628156K(62644224K), 0.2798566 secs] [Times: user=11.31 sys=0.00, real=0.28 secs] 
2021-03-30T20:41:06.946+0200: 5300.602: [GC (Allocation Failure) [PSYoungGen: 37758502K->11838105K(42227712K)] 55402044K->29482287K(64801280K), 0.7242000 secs] [Times: user=10.58 sys=19.82, real=0.73 secs] 
2021-03-30T20:41:48.387+0200: 5342.043: [GC (Allocation Failure) [PSYoungGen: 42004121K->6450907K(43872256K)] 59648303K->24095824K(66445824K), 0.2232982 secs] [Times: user=7.58 sys=0.01, real=0.23 secs] 
2021-03-30T20:42:34.585+0200: 5388.241: [GC (Allocation Failure) [PSYoungGen: 36616923K->4413715K(46147584K)] 54261840K->22059441K(68721152K), 0.1543443 secs] [Times: user=6.11 sys=0.01, real=0.16 secs] 
2021-03-30T20:43:17.360+0200: 5431.016: [GC (Allocation Failure) [PSYoungGen: 38494995K->6760650K(46755328K)] 56140721K->24406751K(69328896K), 0.2283602 secs] [Times: user=9.22 sys=0.01, real=0.22 secs] 
2021-03-30T20:43:55.979+0200: 5469.635: [GC (Allocation Failure) [PSYoungGen: 40841930K->7187408K(47627264K)] 58488031K->24880710K(70200832K), 0.2411102 secs] [Times: user=9.54 sys=0.05, real=0.24 secs] 
2021-03-30T20:44:58.144+0200: 5531.800: [GC (Allocation Failure) [PSYoungGen: 43216336K->3830405K(48053248K)] 60909638K->21569939K(70626816K), 0.1893638 secs] [Times: user=6.18 sys=0.05, real=0.19 secs] 
2021-03-30T20:45:55.405+0200: 5589.061: [GC (Allocation Failure) [PSYoungGen: 39859333K->4256622K(48215040K)] 57598867K->22203071K(70788608K), 0.1802400 secs] [Times: user=6.72 sys=0.24, real=0.18 secs] 
2021-03-30T20:46:45.051+0200: 5638.707: [GC (Allocation Failure) [PSYoungGen: 41327982K->5972679K(48655360K)] 59274431K->24024695K(71228928K), 0.2045559 secs] [Times: user=7.97 sys=0.30, real=0.20 secs] 
2021-03-30T20:48:20.801+0200: 5734.457: [GC (Allocation Failure) [PSYoungGen: 43044039K->1100274K(44227584K)] 61096055K->19154015K(66801152K), 0.0864771 secs] [Times: user=2.76 sys=0.00, real=0.08 secs] 
2021-03-30T20:49:24.807+0200: 5798.463: [GC (Allocation Failure) [PSYoungGen: 36511730K->3661978K(37495808K)] 54565471K->21715719K(60069376K), 0.1480296 secs] [Times: user=5.63 sys=0.00, real=0.15 secs] 
2021-03-30T20:50:04.645+0200: 5838.301: [GC (Allocation Failure) [PSYoungGen: 37495450K->7342341K(42285056K)] 55549191K->25396083K(64858624K), 0.2600990 secs] [Times: user=9.38 sys=0.03, real=0.26 secs] 
2021-03-30T20:50:39.273+0200: 5872.929: [GC (Allocation Failure) [PSYoungGen: 39675653K->7826114K(38733824K)] 57729395K->25879855K(61307392K), 0.2728603 secs] [Times: user=10.05 sys=0.08, real=0.27 secs] 
2021-03-30T20:51:46.798+0200: 5940.454: [GC (Allocation Failure) [PSYoungGen: 38733506K->2118266K(39779328K)] 56787247K->20172543K(62352896K), 0.1523947 secs] [Times: user=3.80 sys=0.04, real=0.15 secs] 
2021-03-30T20:52:50.063+0200: 6003.720: [GC (Allocation Failure) [PSYoungGen: 31669882K->2230403K(30493696K)] 49724159K->20284681K(53067264K), 0.1710641 secs] [Times: user=3.86 sys=0.07, real=0.17 secs] 
2021-03-30T20:53:47.987+0200: 6061.644: [GC (Allocation Failure) [PSYoungGen: 30493315K->2673814K(36779008K)] 48547593K->20728092K(59352576K), 0.2020239 secs] [Times: user=5.02 sys=0.07, real=0.21 secs] 
2021-03-30T20:54:34.529+0200: 6108.185: [GC (Allocation Failure) [PSYoungGen: 29710998K->3210478K(29082624K)] 47765276K->21264755K(51656192K), 0.2113492 secs] [Times: user=5.00 sys=0.07, real=0.22 secs] 
2021-03-30T20:55:13.662+0200: 6147.318: [GC (Allocation Failure) [PSYoungGen: 29082350K->3843250K(33511424K)] 47136627K->21897528K(56084992K), 0.2312152 secs] [Times: user=6.07 sys=0.08, real=0.23 secs] 
2021-03-30T20:55:47.053+0200: 6180.709: [GC (Allocation Failure) [PSYoungGen: 28606642K->5430821K(29140480K)] 46660920K->23485098K(51714048K), 0.2326170 secs] [Times: user=7.50 sys=0.06, real=0.23 secs] 
2021-03-30T20:56:15.613+0200: 6209.269: [GC (Allocation Failure) [PSYoungGen: 29140005K->6853417K(32353792K)] 47194282K->24907694K(54927360K), 0.2330361 secs] [Times: user=8.81 sys=0.01, real=0.23 secs] 
2021-03-30T20:56:44.939+0200: 6238.596: [GC (Allocation Failure) [PSYoungGen: 29560105K->7070775K(33079808K)] 47614382K->25125492K(55653376K), 0.2061338 secs] [Times: user=8.24 sys=0.12, real=0.20 secs] 
2021-03-30T20:57:09.698+0200: 6263.354: [GC (Allocation Failure) [PSYoungGen: 29777463K->7479561K(35374592K)] 47832180K->25534654K(57948160K), 0.2307347 secs] [Times: user=9.41 sys=0.00, real=0.22 secs] 
2021-03-30T20:57:29.884+0200: 6283.540: [GC (Allocation Failure) [PSYoungGen: 32211721K->8696628K(35708416K)] 50266814K->26752305K(58281984K), 0.2791657 secs] [Times: user=11.23 sys=0.01, real=0.28 secs] 
2021-03-30T20:57:49.761+0200: 6303.417: [GC (Allocation Failure) [PSYoungGen: 33428788K->9463478K(38665216K)] 51484465K->27519820K(61238784K), 0.7369047 secs] [Times: user=6.53 sys=24.32, real=0.74 secs] 
2021-03-30T20:58:11.211+0200: 6324.867: [GC (Allocation Failure) [PSYoungGen: 36466870K->9378930K(39474176K)] 54523212K->27435792K(62047744K), 0.2828873 secs] [Times: user=10.65 sys=0.01, real=0.28 secs] 
2021-03-30T20:58:29.971+0200: 6343.628: [GC (Allocation Failure) [PSYoungGen: 36382212K->11046409K(43049472K)] 54439074K->29103606K(65623040K), 0.8698279 secs] [Times: user=7.91 sys=28.51, real=0.87 secs] 
2021-03-30T20:58:49.459+0200: 6363.116: [GC (Allocation Failure) [PSYoungGen: 41030665K->12748540K(44110848K)] 59087862K->30806177K(66684416K), 0.3874126 secs] [Times: user=16.00 sys=0.15, real=0.38 secs] 
2021-03-30T20:59:25.831+0200: 6399.488: [GC (Allocation Failure) [PSYoungGen: 42732796K->7746746K(46073344K)] 60790433K->25821007K(68646912K), 0.2559809 secs] [Times: user=10.40 sys=0.02, real=0.25 secs] 
2021-03-30T21:00:07.424+0200: 6441.080: [GC (Allocation Failure) [PSYoungGen: 38234810K->5654122K(36142592K)] 56309071K->23750503K(58716160K), 0.2037606 secs] [Times: user=7.96 sys=0.00, real=0.20 secs] 
2021-03-30T21:00:44.220+0200: 6477.876: [GC (Allocation Failure) [PSYoungGen: 36142186K->6122321K(45460480K)] 54238567K->24287102K(68034048K), 0.2369971 secs] [Times: user=8.87 sys=0.11, real=0.23 secs] 
2021-03-30T21:01:36.672+0200: 6530.329: [GC (Allocation Failure) [PSYoungGen: 37131089K->2596934K(44939776K)] 55295870K->20863684K(67513344K), 0.1532965 secs] [Times: user=5.89 sys=0.08, real=0.15 secs] 
2021-03-30T21:02:31.617+0200: 6585.273: [GC (Allocation Failure) [PSYoungGen: 33605702K->3645497K(46818304K)] 51872452K->22161137K(69391872K), 0.1646275 secs] [Times: user=6.22 sys=0.25, real=0.17 secs] 
2021-03-30T21:03:13.607+0200: 6627.263: [GC (Allocation Failure) [PSYoungGen: 36436025K->6686703K(39477248K)] 54951665K->25665783K(62050816K), 0.2333852 secs] [Times: user=8.70 sys=0.77, real=0.24 secs] 
2021-03-30T21:03:47.355+0200: 6661.011: [GC (Allocation Failure) [PSYoungGen: 39477231K->6715985K(46866432K)] 58456311K->27765600K(69440000K), 0.4271381 secs] [Times: user=7.99 sys=9.82, real=0.43 secs] 
2021-03-30T21:04:44.789+0200: 6718.445: [GC (Allocation Failure) [PSYoungGen: 40399953K->4122309K(46297600K)] 61449568K->25722277K(68871168K), 0.1787887 secs] [Times: user=6.12 sys=0.93, real=0.18 secs] 
2021-03-30T21:04:44.967+0200: 6718.624: [Full GC (Ergonomics) [PSYoungGen: 4122309K->0K(46297600K)] [ParOldGen: 21599968K->4156340K(9876480K)] 25722277K->4156340K(56174080K), [Metaspace: 51405K->51405K(53248K)], 0.9484832 secs] [Times: user=7.90 sys=0.82, real=0.95 secs] 
2021-03-30T21:05:33.651+0200: 6767.308: [GC (Allocation Failure) [PSYoungGen: 33683968K->5017745K(47935488K)] 37840308K->9174085K(57811968K), 0.1615384 secs] [Times: user=6.36 sys=0.01, real=0.16 secs] 
2021-03-30T21:06:22.656+0200: 6816.313: [GC (Allocation Failure) [PSYoungGen: 40595089K->5117198K(39120896K)] 44751429K->10016269K(48997376K), 0.1935929 secs] [Times: user=7.67 sys=0.00, real=0.20 secs] 
2021-03-30T21:07:10.396+0200: 6864.053: [GC (Allocation Failure) [PSYoungGen: 39120654K->5691744K(41568256K)] 44019725K->10687538K(51444736K), 0.2081235 secs] [Times: user=7.49 sys=0.02, real=0.21 secs] 
2021-03-30T21:07:50.540+0200: 6904.196: [GC (Allocation Failure) [PSYoungGen: 38198624K->5422923K(36507136K)] 43194418K->11250797K(46383616K), 0.2793696 secs] [Times: user=8.24 sys=0.10, real=0.28 secs] 
2021-03-30T21:08:36.780+0200: 6950.436: [GC (Allocation Failure) [PSYoungGen: 36506955K->3676065K(38840320K)] 42334829K->9615351K(48716800K), 0.1977245 secs] [Times: user=5.18 sys=0.05, real=0.20 secs] 
2021-03-30T21:09:30.658+0200: 7004.315: [GC (Allocation Failure) [PSYoungGen: 33407393K->3043250K(31488512K)] 39346679K->9045520K(41364992K), 0.2034501 secs] [Times: user=5.53 sys=0.07, real=0.20 secs] 
2021-03-30T21:10:18.718+0200: 7052.375: [GC (Allocation Failure) [PSYoungGen: 31488434K->3338938K(36209664K)] 37490704K->9509205K(46086144K), 0.2293052 secs] [Times: user=6.40 sys=0.05, real=0.22 secs] 
2021-03-30T21:11:05.016+0200: 7098.673: [GC (Allocation Failure) [PSYoungGen: 30560954K->3970636K(30029824K)] 36731221K->10471352K(39906304K), 0.2087020 secs] [Times: user=6.06 sys=0.06, real=0.21 secs] 
2021-03-30T21:11:40.892+0200: 7134.548: [GC (Allocation Failure) [PSYoungGen: 30029388K->4332798K(33173504K)] 36530104K->11647275K(43049984K), 0.2279538 secs] [Times: user=6.72 sys=0.06, real=0.23 secs] 
2021-03-30T21:12:05.459+0200: 7159.115: [GC (Allocation Failure) [PSYoungGen: 29285118K->4935700K(28836352K)] 36599595K->14517415K(38712832K), 0.2936351 secs] [Times: user=8.99 sys=0.07, real=0.29 secs] 
2021-03-30T21:12:05.753+0200: 7159.409: [Full GC (Ergonomics) [PSYoungGen: 4935700K->0K(28836352K)] [ParOldGen: 9581715K->7010818K(13368320K)] 14517415K->7010818K(42204672K), [Metaspace: 51405K->51405K(53248K)], 0.4498283 secs] [Times: user=11.18 sys=1.30, real=0.45 secs] 
2021-03-30T21:12:24.222+0200: 7177.879: [GC (Allocation Failure) [PSYoungGen: 23900160K->4525394K(30455296K)] 30910978K->11536212K(43823616K), 0.2021367 secs] [Times: user=5.35 sys=0.06, real=0.20 secs] 
2021-03-30T21:12:39.354+0200: 7193.010: [GC (Allocation Failure) [PSYoungGen: 27423058K->4663656K(31798784K)] 34433876K->15675183K(45167104K), 0.3743513 secs] [Times: user=8.95 sys=6.55, real=0.37 secs] 
2021-03-30T21:12:39.728+0200: 7193.385: [Full GC (Ergonomics) [PSYoungGen: 4663656K->0K(31798784K)] [ParOldGen: 11011527K->11118275K(18969600K)] 15675183K->11118275K(50768384K), [Metaspace: 51405K->51405K(53248K)], 0.5825310 secs] [Times: user=13.72 sys=0.53, real=0.59 secs] 
Heap
 PSYoungGen      total 31798784K, used 19769208K [0x00007f7760380000, 0x00007f81c2e80000, 0x00007f85e9000000)
  eden space 22897664K, 86% used [0x00007f7760380000,0x00007f7c16d5e0f8,0x00007f7cd5c80000)
  from space 8901120K, 0% used [0x00007f7cd5c80000,0x00007f7cd5c80000,0x00007f7ef5100000)
  to   space 8558080K, 0% used [0x00007f7fb8900000,0x00007f7fb8900000,0x00007f81c2e80000)
 ParOldGen       total 18969600K, used 11118275K [0x00007f5a4ea00000, 0x00007f5ed4700000, 0x00007f7760380000)
  object space 18969600K, 58% used [0x00007f5a4ea00000,0x00007f5cf53b0e90,0x00007f5ed4700000)
 Metaspace       used 51686K, capacity 52436K, committed 53248K, reserved 53248K
