Java HotSpot(TM) 64-Bit Server VM (25.131-b11) for linux-amd64 JRE (1.8.0_131-b11), built on Mar 15 2017 01:23:40 by "java_re" with gcc 4.3.0 20080428 (Red Hat 4.3.0-8)
Memory: 4k page, physical 196649656k(194395328k free), swap 3905532k(3905532k free)
CommandLine flags: -XX:InitialHeapSize=2147483648 -XX:MaxHeapSize=187272527872 -XX:+PrintGC -XX:+PrintGCDateStamps -XX:+PrintGCDetails -XX:+PrintGCTimeStamps -XX:+UseParallelGC 
2021-03-30T19:12:47.604+0200: 1.262: [GC (Metadata GC Threshold) [PSYoungGen: 404765K->37604K(611840K)] 404765K->37692K(2010112K), 0.0238291 secs] [Times: user=0.39 sys=0.03, real=0.02 secs] 
2021-03-30T19:12:47.628+0200: 1.286: [Full GC (Metadata GC Threshold) [PSYoungGen: 37604K->0K(611840K)] [ParOldGen: 88K->36131K(908800K)] 37692K->36131K(1520640K), [Metaspace: 20779K->20779K(22528K)], 0.0464145 secs] [Times: user=1.00 sys=0.07, real=0.05 secs] 
2021-03-30T19:12:49.463+0200: 3.121: [GC (Metadata GC Threshold) [PSYoungGen: 437948K->82266K(774656K)] 474079K->118405K(1683456K), 0.0280611 secs] [Times: user=0.59 sys=0.03, real=0.03 secs] 
2021-03-30T19:12:49.491+0200: 3.149: [Full GC (Metadata GC Threshold) [PSYoungGen: 82266K->0K(774656K)] [ParOldGen: 36139K->105245K(1545216K)] 118405K->105245K(2319872K), [Metaspace: 34816K->34684K(36864K)], 0.0493127 secs] [Times: user=0.71 sys=0.09, real=0.04 secs] 
2021-03-30T19:12:51.212+0200: 4.870: [GC (Allocation Failure) [PSYoungGen: 692224K->87035K(1075712K)] 797469K->291510K(2620928K), 0.0656880 secs] [Times: user=1.76 sys=0.29, real=0.06 secs] 
2021-03-30T19:12:51.693+0200: 5.350: [GC (Allocation Failure) [PSYoungGen: 1075707K->30691K(1075712K)] 1280182K->306088K(2620928K), 0.0273662 secs] [Times: user=0.94 sys=0.14, real=0.02 secs] 
2021-03-30T19:12:54.516+0200: 8.174: [GC (Allocation Failure) [PSYoungGen: 1075683K->74583K(1132032K)] 1351080K->349987K(2677248K), 0.0074687 secs] [Times: user=0.23 sys=0.00, real=0.01 secs] 
2021-03-30T19:12:56.588+0200: 10.245: [GC (Allocation Failure) [PSYoungGen: 1112266K->173027K(1637888K)] 1387671K->478933K(3183104K), 0.0213072 secs] [Times: user=0.26 sys=0.48, real=0.03 secs] 
2021-03-30T19:13:00.240+0200: 13.898: [GC (Allocation Failure) [PSYoungGen: 1637859K->221179K(1686016K)] 1943765K->701285K(3231232K), 0.0458515 secs] [Times: user=0.17 sys=1.54, real=0.05 secs] 
2021-03-30T19:13:02.173+0200: 15.830: [GC (Allocation Failure) [PSYoungGen: 1686011K->347630K(2250752K)] 2166117K->962827K(3795968K), 0.0464296 secs] [Times: user=0.28 sys=1.27, real=0.04 secs] 
2021-03-30T19:13:04.547+0200: 18.205: [GC (Allocation Failure) [PSYoungGen: 2250734K->468461K(2371584K)] 2865931K->1284574K(3916800K), 0.0789800 secs] [Times: user=0.99 sys=1.71, real=0.08 secs] 
2021-03-30T19:13:06.513+0200: 20.171: [GC (Allocation Failure) [PSYoungGen: 2371565K->630754K(2870784K)] 3187678K->1587401K(4416000K), 0.0754195 secs] [Times: user=0.64 sys=1.97, real=0.07 secs] 
2021-03-30T19:13:10.098+0200: 23.755: [GC (Allocation Failure) [PSYoungGen: 2870754K->786913K(3026944K)] 3827401K->2091743K(4572160K), 0.0960164 secs] [Times: user=0.73 sys=3.12, real=0.10 secs] 
2021-03-30T19:13:10.194+0200: 23.852: [Full GC (Ergonomics) [PSYoungGen: 786913K->422536K(3026944K)] [ParOldGen: 1304830K->1544887K(3706880K)] 2091743K->1967423K(6733824K), [Metaspace: 40089K->39676K(43008K)], 0.2040192 secs] [Times: user=4.05 sys=1.73, real=0.20 secs] 
2021-03-30T19:13:12.908+0200: 26.566: [GC (Allocation Failure) [PSYoungGen: 2662536K->620552K(3894272K)] 4207423K->2348271K(7601152K), 0.0889700 secs] [Times: user=0.44 sys=2.96, real=0.09 secs] 
2021-03-30T19:13:16.528+0200: 30.186: [GC (Allocation Failure) [PSYoungGen: 3467272K->453869K(3916288K)] 5194991K->2721346K(7623168K), 0.0851515 secs] [Times: user=0.51 sys=2.98, real=0.09 secs] 
2021-03-30T19:13:19.503+0200: 33.160: [GC (Allocation Failure) [PSYoungGen: 3300589K->345798K(4659712K)] 5568066K->3004900K(8366592K), 0.0731237 secs] [Times: user=0.49 sys=2.50, real=0.07 secs] 
2021-03-30T19:13:24.465+0200: 38.123: [GC (Allocation Failure) [PSYoungGen: 4093126K->567145K(4718592K)] 6752228K->3518165K(8425472K), 0.0552028 secs] [Times: user=0.54 sys=1.64, real=0.05 secs] 
2021-03-30T19:13:29.229+0200: 42.886: [GC (Allocation Failure) [PSYoungGen: 4314473K->557563K(5776384K)] 7265493K->3995645K(9483264K), 0.0951879 secs] [Times: user=1.02 sys=2.55, real=0.10 secs] 
2021-03-30T19:13:29.324+0200: 42.982: [Full GC (Ergonomics) [PSYoungGen: 557563K->213150K(5776384K)] [ParOldGen: 3438081K->3706739K(6730240K)] 3995645K->3919889K(12506624K), [Metaspace: 50813K->50149K(53248K)], 0.5005390 secs] [Times: user=15.46 sys=2.80, real=0.50 secs] 
2021-03-30T19:13:35.053+0200: 48.711: [GC (Allocation Failure) [PSYoungGen: 5040798K->602815K(5797888K)] 8747537K->4522282K(12528128K), 0.0672447 secs] [Times: user=1.14 sys=1.50, real=0.06 secs] 
2021-03-30T19:13:40.546+0200: 54.203: [GC (Allocation Failure) [PSYoungGen: 5430463K->979431K(6450176K)] 9349930K->5091928K(13180416K), 0.1482760 secs] [Times: user=0.71 sys=5.45, real=0.15 secs] 
2021-03-30T19:13:47.050+0200: 60.707: [GC (Allocation Failure) [PSYoungGen: 6450151K->775841K(6664192K)] 10562648K->5759499K(13394432K), 0.1498010 secs] [Times: user=1.17 sys=4.92, real=0.14 secs] 
2021-03-30T19:13:54.714+0200: 68.372: [GC (Allocation Failure) [PSYoungGen: 6246561K->1220080K(7370240K)] 11230219K->6670278K(14100480K), 0.2105431 secs] [Times: user=1.03 sys=7.80, real=0.21 secs] 
2021-03-30T19:14:01.621+0200: 75.278: [GC (Allocation Failure) [PSYoungGen: 7370224K->675489K(7724032K)] 12820422K->7195658K(14454272K), 0.1578249 secs] [Times: user=1.16 sys=5.07, real=0.15 secs] 
2021-03-30T19:14:01.779+0200: 75.436: [Full GC (Ergonomics) [PSYoungGen: 675489K->0K(7724032K)] [ParOldGen: 6520168K->4787948K(8675840K)] 7195658K->4787948K(16399872K), [Metaspace: 50474K->50474K(53248K)], 0.3363705 secs] [Times: user=6.89 sys=2.99, real=0.34 secs] 
2021-03-30T19:14:08.692+0200: 82.350: [GC (Allocation Failure) [PSYoungGen: 6150144K->677473K(8692224K)] 10938092K->5465422K(17368064K), 0.0725238 secs] [Times: user=0.49 sys=2.44, real=0.07 secs] 
2021-03-30T19:14:17.848+0200: 91.506: [GC (Allocation Failure) [PSYoungGen: 8032353K->1075619K(8765440K)] 12820302K->6451836K(17441280K), 0.0588899 secs] [Times: user=1.99 sys=0.23, real=0.06 secs] 
2021-03-30T19:14:26.579+0200: 100.237: [GC (Allocation Failure) [PSYoungGen: 8430499K->1488359K(9644544K)] 13806716K->7653222K(18320384K), 0.1955416 secs] [Times: user=2.29 sys=5.93, real=0.20 secs] 
2021-03-30T19:14:36.266+0200: 109.923: [GC (Allocation Failure) [PSYoungGen: 9644519K->1027639K(10147328K)] 15809382K->8513651K(18823168K), 0.1803835 secs] [Times: user=1.84 sys=5.65, real=0.18 secs] 
2021-03-30T19:14:36.446+0200: 110.104: [Full GC (Ergonomics) [PSYoungGen: 1027639K->0K(10147328K)] [ParOldGen: 7486012K->5228527K(10052096K)] 8513651K->5228527K(20199424K), [Metaspace: 50766K->50766K(53248K)], 0.3854940 secs] [Times: user=8.58 sys=1.50, real=0.39 secs] 
2021-03-30T19:14:46.924+0200: 120.581: [GC (Allocation Failure) [PSYoungGen: 8156160K->799488K(10989568K)] 13384687K->6028024K(21041664K), 0.0688262 secs] [Times: user=0.89 sys=1.77, real=0.07 secs] 
2021-03-30T19:14:57.663+0200: 131.321: [GC (Allocation Failure) [PSYoungGen: 10065664K->1846772K(11112960K)] 15294200K->7179157K(21165056K), 0.1242497 secs] [Times: user=2.16 sys=2.56, real=0.12 secs] 
2021-03-30T19:15:17.063+0200: 150.720: [GC (Allocation Failure) [PSYoungGen: 11112948K->2148853K(12046848K)] 16445333K->8209493K(22098944K), 0.2437700 secs] [Times: user=1.47 sys=8.68, real=0.24 secs] 
2021-03-30T19:15:30.963+0200: 164.620: [GC (Allocation Failure) [PSYoungGen: 12046837K->1320730K(12632064K)] 18107477K->9279355K(22684160K), 0.1713871 secs] [Times: user=4.26 sys=2.89, real=0.17 secs] 
2021-03-30T19:15:46.014+0200: 179.672: [GC (Allocation Failure) [PSYoungGen: 11218714K->2633704K(13374976K)] 19177339K->10657548K(23427072K), 0.2419980 secs] [Times: user=2.28 sys=7.77, real=0.24 secs] 
2021-03-30T19:15:58.359+0200: 192.016: [GC (Allocation Failure) [PSYoungGen: 13374952K->1666144K(13790208K)] 21398796K->12025500K(24162304K), 0.3606442 secs] [Times: user=2.05 sys=11.49, real=0.36 secs] 
2021-03-30T19:15:58.721+0200: 192.379: [Full GC (Ergonomics) [PSYoungGen: 1666144K->0K(13790208K)] [ParOldGen: 10359355K->4751258K(11002880K)] 12025500K->4751258K(24793088K), [Metaspace: 51130K->51130K(53248K)], 0.4558273 secs] [Times: user=8.42 sys=3.48, real=0.45 secs] 
2021-03-30T19:16:10.606+0200: 204.264: [GC (Allocation Failure) [PSYoungGen: 10741248K->1292548K(15029760K)] 15492506K->6043815K(26032640K), 0.0638981 secs] [Times: user=1.64 sys=0.83, real=0.07 secs] 
2021-03-30T19:16:24.304+0200: 217.961: [GC (Allocation Failure) [PSYoungGen: 13623556K->2260843K(15180800K)] 18374823K->8162855K(26183680K), 0.1134851 secs] [Times: user=3.89 sys=0.75, real=0.11 secs] 
2021-03-30T19:16:37.872+0200: 231.529: [GC (Allocation Failure) [PSYoungGen: 14591851K->3034088K(15917568K)] 20493863K->10151405K(26920448K), 0.3936919 secs] [Times: user=3.30 sys=13.24, real=0.39 secs] 
2021-03-30T19:16:59.630+0200: 253.287: [GC (Allocation Failure) [PSYoungGen: 15917544K->1243989K(16794624K)] 23034861K->10640030K(27797504K), 0.1231776 secs] [Times: user=4.60 sys=0.00, real=0.12 secs] 
2021-03-30T19:16:59.753+0200: 253.411: [Full GC (Ergonomics) [PSYoungGen: 1243989K->0K(16794624K)] [ParOldGen: 9396041K->4833869K(12079616K)] 10640030K->4833869K(28874240K), [Metaspace: 51142K->51142K(53248K)], 0.3916911 secs] [Times: user=7.78 sys=0.45, real=0.39 secs] 
2021-03-30T19:17:45.243+0200: 298.901: [GC (Allocation Failure) [PSYoungGen: 12883456K->894296K(17903104K)] 17717325K->5728165K(29982720K), 0.0615223 secs] [Times: user=1.63 sys=0.00, real=0.06 secs] 
2021-03-30T19:18:26.523+0200: 340.181: [GC (Allocation Failure) [PSYoungGen: 15252824K->2066068K(18059264K)] 20086693K->6899937K(30138880K), 0.1048730 secs] [Times: user=2.96 sys=0.00, real=0.10 secs] 
2021-03-30T19:18:46.233+0200: 359.890: [GC (Allocation Failure) [PSYoungGen: 16424596K->3661806K(18883584K)] 21258465K->8627500K(30963200K), 0.3634536 secs] [Times: user=1.95 sys=11.85, real=0.36 secs] 
2021-03-30T19:19:05.938+0200: 379.595: [GC (Allocation Failure) [PSYoungGen: 18883534K->4254194K(19475968K)] 23849227K->10300592K(31555584K), 0.1793608 secs] [Times: user=6.47 sys=0.79, real=0.18 secs] 
2021-03-30T19:19:22.909+0200: 396.566: [GC (Allocation Failure) [PSYoungGen: 19475954K->1965970K(21768704K)] 25522352K->10855078K(33848320K), 0.2052003 secs] [Times: user=3.73 sys=4.47, real=0.20 secs] 
2021-03-30T19:19:40.637+0200: 414.295: [GC (Allocation Failure) [PSYoungGen: 18938258K->4687066K(22004224K)] 27827366K->13576174K(34083840K), 0.1490466 secs] [Times: user=5.98 sys=0.01, real=0.15 secs] 
2021-03-30T19:19:54.249+0200: 427.907: [GC (Allocation Failure) [PSYoungGen: 21659354K->5672948K(22908416K)] 30548462K->15974236K(34988032K), 0.7106667 secs] [Times: user=4.49 sys=25.59, real=0.70 secs] 
2021-03-30T19:19:54.960+0200: 428.618: [Full GC (Ergonomics) [PSYoungGen: 5672948K->0K(22908416K)] [ParOldGen: 10301288K->6814176K(14681088K)] 15974236K->6814176K(37589504K), [Metaspace: 51171K->51171K(53248K)], 0.4685545 secs] [Times: user=9.65 sys=4.46, real=0.47 secs] 
2021-03-30T19:20:07.352+0200: 441.009: [GC (Allocation Failure) [PSYoungGen: 17235456K->2301380K(24304640K)] 24049632K->9115556K(38985728K), 0.0777779 secs] [Times: user=2.94 sys=0.00, real=0.08 secs] 
2021-03-30T19:20:35.472+0200: 469.130: [GC (Allocation Failure) [PSYoungGen: 19536836K->2386353K(25350144K)] 26351012K->11204857K(40031232K), 0.1373126 secs] [Times: user=4.98 sys=0.01, real=0.14 secs] 
2021-03-30T19:21:00.505+0200: 494.163: [GC (Allocation Failure) [PSYoungGen: 21788081K->2587770K(25842176K)] 30606585K->13192330K(40523264K), 0.1757968 secs] [Times: user=5.02 sys=1.17, real=0.18 secs] 
2021-03-30T19:21:23.103+0200: 516.760: [GC (Allocation Failure) [PSYoungGen: 21989498K->2918106K(27369472K)] 32594058K->15702631K(42050560K), 0.3371878 secs] [Times: user=3.38 sys=10.64, real=0.33 secs] 
2021-03-30T19:21:23.440+0200: 517.097: [Full GC (Ergonomics) [PSYoungGen: 2918106K->0K(27369472K)] [ParOldGen: 12784524K->5239721K(14070272K)] 15702631K->5239721K(41439744K), [Metaspace: 51191K->51191K(53248K)], 0.4182492 secs] [Times: user=9.01 sys=1.77, real=0.42 secs] 
2021-03-30T19:21:49.144+0200: 542.802: [GC (Allocation Failure) [PSYoungGen: 21760512K->3024235K(27591168K)] 27000233K->8263957K(41661440K), 0.1133352 secs] [Times: user=3.92 sys=0.50, real=0.11 secs] 
2021-03-30T19:22:14.011+0200: 567.668: [GC (Allocation Failure) [PSYoungGen: 24784747K->2794869K(29526016K)] 30024469K->10426019K(43596288K), 0.3139033 secs] [Times: user=4.41 sys=8.63, real=0.31 secs] 
2021-03-30T19:22:43.789+0200: 597.446: [GC (Allocation Failure) [PSYoungGen: 27210101K->3448346K(29751808K)] 34841251K->12861556K(43822080K), 0.1713519 secs] [Times: user=6.85 sys=0.00, real=0.17 secs] 
2021-03-30T19:23:11.961+0200: 625.619: [GC (Allocation Failure) [PSYoungGen: 27863578K->3446062K(32445440K)] 37276788K->14856662K(46515712K), 0.4049870 secs] [Times: user=4.31 sys=12.78, real=0.40 secs] 
2021-03-30T19:23:12.366+0200: 626.024: [Full GC (Ergonomics) [PSYoungGen: 3446062K->0K(32445440K)] [ParOldGen: 11410599K->5471768K(15034880K)] 14856662K->5471768K(47480320K), [Metaspace: 51212K->51212K(53248K)], 0.8387585 secs] [Times: user=12.21 sys=1.64, real=0.84 secs] 
2021-03-30T19:23:44.900+0200: 658.557: [GC (Allocation Failure) [PSYoungGen: 27125760K->3781597K(32412672K)] 32597528K->9253366K(47447552K), 0.1357050 secs] [Times: user=4.38 sys=0.00, real=0.14 secs] 
2021-03-30T19:24:15.449+0200: 689.107: [GC (Allocation Failure) [PSYoungGen: 30907357K->3926690K(35329536K)] 36379126K->11534969K(50364416K), 0.4196917 secs] [Times: user=3.24 sys=13.40, real=0.41 secs] 
2021-03-30T19:25:16.434+0200: 750.092: [GC (Allocation Failure) [PSYoungGen: 33890466K->2438057K(35430912K)] 41498745K->10465707K(50465792K), 0.1079054 secs] [Times: user=3.84 sys=0.00, real=0.11 secs] 
2021-03-30T19:25:53.219+0200: 786.876: [GC (Allocation Failure) [PSYoungGen: 32401833K->4069373K(38218752K)] 40429483K->12679087K(53253632K), 0.3941812 secs] [Times: user=3.75 sys=12.56, real=0.40 secs] 
2021-03-30T19:26:27.590+0200: 821.247: [GC (Allocation Failure) [PSYoungGen: 36942845K->5397427K(38368768K)] 45552559K->15449631K(53403648K), 0.2273936 secs] [Times: user=9.08 sys=0.00, real=0.22 secs] 
2021-03-30T19:27:25.825+0200: 879.483: [GC (Allocation Failure) [PSYoungGen: 38270899K->3060794K(41717760K)] 48323103K->13537950K(56752640K), 0.3816382 secs] [Times: user=2.75 sys=12.93, real=0.38 secs] 
2021-03-30T19:28:11.409+0200: 925.066: [GC (Allocation Failure) [PSYoungGen: 39214138K->5156425K(42027520K)] 49691294K->15633582K(57062400K), 0.1787422 secs] [Times: user=6.86 sys=0.01, real=0.18 secs] 
2021-03-30T19:28:49.991+0200: 963.648: [GC (Allocation Failure) [PSYoungGen: 41309769K->6292986K(44881920K)] 51786926K->16793111K(59916800K), 0.7531683 secs] [Times: user=3.07 sys=28.56, real=0.75 secs] 
2021-03-30T19:29:27.817+0200: 1001.475: [GC (Allocation Failure) [PSYoungGen: 44881914K->6830455K(45639168K)] 55382039K->17485964K(60674048K), 0.2170976 secs] [Times: user=8.25 sys=0.17, real=0.22 secs] 
2021-03-30T19:30:30.079+0200: 1063.736: [GC (Allocation Failure) [PSYoungGen: 45419383K->1969505K(49564672K)] 56074892K->12627430K(64599552K), 0.1555261 secs] [Times: user=3.86 sys=1.77, real=0.16 secs] 
2021-03-30T19:32:45.996+0200: 1199.653: [GC (Allocation Failure) [PSYoungGen: 44091745K->1552567K(49957376K)] 54749670K->12210492K(64992256K), 0.1015258 secs] [Times: user=2.84 sys=0.00, real=0.10 secs] 
2021-03-30T19:33:32.830+0200: 1246.488: [GC (Allocation Failure) [PSYoungGen: 43674807K->5996042K(52227584K)] 54332732K->16653967K(67262464K), 0.7115928 secs] [Times: user=3.25 sys=26.60, real=0.71 secs] 
2021-03-30T19:34:03.603+0200: 1277.261: [GC (Allocation Failure) [PSYoungGen: 50385930K->8285684K(52675584K)] 61043855K->22037654K(67710464K), 0.4885794 secs] [Times: user=12.67 sys=7.88, real=0.49 secs] 
2021-03-30T19:34:04.092+0200: 1277.750: [Full GC (Ergonomics) [PSYoungGen: 8285684K->0K(52675584K)] [ParOldGen: 13751970K->10789367K(20686336K)] 22037654K->10789367K(73361920K), [Metaspace: 51231K->51231K(53248K)], 0.8137579 secs] [Times: user=15.68 sys=7.76, real=0.81 secs] 
2021-03-30T19:34:32.437+0200: 1306.094: [GC (Allocation Failure) [PSYoungGen: 44389888K->8285677K(46150656K)] 55179255K->19560587K(66836992K), 0.4343501 secs] [Times: user=8.30 sys=9.08, real=0.44 secs] 
2021-03-30T19:35:12.943+0200: 1346.600: [GC (GCLocker Initiated GC) [PSYoungGen: 46150637K->8652525K(46517760K)] 57426861K->19928749K(67204096K), 0.2624419 secs] [Times: user=10.37 sys=0.19, real=0.26 secs] 
2021-03-30T19:36:22.628+0200: 1416.285: [GC (Allocation Failure) [PSYoungGen: 46517485K->3650351K(49112576K)] 57793729K->17510099K(69798912K), 0.2148284 secs] [Times: user=7.86 sys=0.60, real=0.22 secs] 
2021-03-30T19:36:58.810+0200: 1452.468: [GC (Allocation Failure) [PSYoungGen: 40531759K->5693182K(42574848K)] 54391507K->20475539K(63261184K), 0.2817194 secs] [Times: user=6.76 sys=2.93, real=0.28 secs] 
2021-03-30T19:37:30.097+0200: 1483.755: [GC (Allocation Failure) [PSYoungGen: 42574590K->5883511K(48623104K)] 57356947K->22747242K(69309440K), 0.4111734 secs] [Times: user=6.71 sys=10.45, real=0.41 secs] 
2021-03-30T19:38:35.327+0200: 1548.984: [GC (Allocation Failure) [PSYoungGen: 43149943K->2551111K(48238080K)] 60013674K->19790081K(68924416K), 0.1240240 secs] [Times: user=3.80 sys=0.79, real=0.13 secs] 
2021-03-30T19:39:34.210+0200: 1607.867: [GC (Allocation Failure) [PSYoungGen: 39817543K->3593181K(49657344K)] 57056513K->20912923K(70343680K), 0.1439198 secs] [Times: user=5.46 sys=0.08, real=0.14 secs] 
2021-03-30T19:40:16.850+0200: 1650.507: [GC (Allocation Failure) [PSYoungGen: 42558429K->6041023K(49516032K)] 59878171K->23360765K(70202368K), 0.1926498 secs] [Times: user=7.73 sys=0.00, real=0.19 secs] 
2021-03-30T19:40:58.658+0200: 1692.316: [GC (Allocation Failure) [PSYoungGen: 45006271K->6520327K(50107904K)] 62326013K->23840069K(70794240K), 0.2037122 secs] [Times: user=8.19 sys=0.00, real=0.21 secs] 
2021-03-30T19:41:40.610+0200: 1734.268: [GC (Allocation Failure) [PSYoungGen: 46224391K->6847008K(50122240K)] 63544133K->24166750K(70808576K), 0.2002018 secs] [Times: user=8.11 sys=0.11, real=0.20 secs] 
2021-03-30T19:42:20.773+0200: 1774.430: [GC (Allocation Failure) [PSYoungGen: 46551072K->7245074K(50075648K)] 63870814K->24564816K(70761984K), 0.2297108 secs] [Times: user=8.84 sys=0.01, real=0.23 secs] 
2021-03-30T19:43:10.620+0200: 1824.278: [GC (Allocation Failure) [PSYoungGen: 46808850K->5154973K(44719104K)] 64128592K->22474715K(65405440K), 0.1970184 secs] [Times: user=7.70 sys=0.09, real=0.20 secs] 
2021-03-30T19:43:57.726+0200: 1871.384: [GC (Allocation Failure) [PSYoungGen: 44718749K->5905233K(50320896K)] 62038491K->23224975K(71007232K), 0.1969840 secs] [Times: user=7.78 sys=0.00, real=0.20 secs] 
2021-03-30T19:44:45.940+0200: 1919.598: [GC (Allocation Failure) [PSYoungGen: 45979473K->5841016K(49997312K)] 63299215K->23160758K(70683648K), 0.2004491 secs] [Times: user=7.42 sys=0.00, real=0.20 secs] 
2021-03-30T19:45:34.742+0200: 1968.399: [GC (Allocation Failure) [PSYoungGen: 45915256K->4656590K(50636800K)] 63234998K->21976332K(71323136K), 0.1651482 secs] [Times: user=6.44 sys=0.01, real=0.16 secs] 
2021-03-30T19:46:27.738+0200: 2021.396: [GC (Allocation Failure) [PSYoungGen: 45696462K->4885229K(50388480K)] 63016204K->22204971K(71074816K), 0.1682307 secs] [Times: user=6.57 sys=0.00, real=0.17 secs] 
2021-03-30T19:47:17.673+0200: 2071.330: [GC (Allocation Failure) [PSYoungGen: 45925101K->5628730K(51326464K)] 63244843K->22948472K(72012800K), 0.1841350 secs] [Times: user=7.36 sys=0.01, real=0.18 secs] 
2021-03-30T19:48:03.001+0200: 2116.659: [GC (Allocation Failure) [PSYoungGen: 47930682K->6736928K(51077632K)] 65250424K->24056670K(71763968K), 0.2002918 secs] [Times: user=7.99 sys=0.00, real=0.20 secs] 
2021-03-30T19:48:45.601+0200: 2159.259: [GC (Allocation Failure) [PSYoungGen: 49038880K->7153742K(51536896K)] 66358622K->24473484K(72223232K), 0.2155888 secs] [Times: user=8.64 sys=0.16, real=0.21 secs] 
2021-03-30T19:49:44.798+0200: 2218.455: [GC (Allocation Failure) [PSYoungGen: 49768014K->3087641K(45702144K)] 67087756K->20407383K(66388480K), 0.1290247 secs] [Times: user=4.59 sys=0.01, real=0.13 secs] 
2021-03-30T19:50:42.887+0200: 2276.544: [GC (Allocation Failure) [PSYoungGen: 45701913K->4720776K(51938816K)] 63021655K->22040518K(72625152K), 0.1627633 secs] [Times: user=6.17 sys=0.00, real=0.17 secs] 
2021-03-30T19:51:33.270+0200: 2326.928: [GC (Allocation Failure) [PSYoungGen: 47381640K->5489959K(48151040K)] 64701382K->22811165K(68837376K), 0.1738733 secs] [Times: user=6.72 sys=0.00, real=0.17 secs] 
2021-03-30T19:52:18.761+0200: 2372.418: [GC (Allocation Failure) [PSYoungGen: 48150823K->7027059K(51084288K)] 65472029K->24348705K(71770624K), 0.2252087 secs] [Times: user=8.74 sys=0.08, real=0.23 secs] 
2021-03-30T19:53:03.203+0200: 2416.860: [GC (Allocation Failure) [PSYoungGen: 49415027K->6852837K(51357184K)] 66736673K->24175179K(72043520K), 0.2110051 secs] [Times: user=8.37 sys=0.00, real=0.21 secs] 
2021-03-30T19:54:00.531+0200: 2474.188: [GC (Allocation Failure) [PSYoungGen: 49240805K->4344969K(51878912K)] 66563147K->21675856K(72565248K), 0.1534563 secs] [Times: user=5.94 sys=0.01, real=0.15 secs] 
2021-03-30T19:54:49.927+0200: 2523.585: [GC (Allocation Failure) [PSYoungGen: 47206537K->5774402K(48636416K)] 64537424K->23150458K(69322752K), 0.1904079 secs] [Times: user=7.49 sys=0.12, real=0.19 secs] 
2021-03-30T19:55:35.115+0200: 2568.772: [GC (Allocation Failure) [PSYoungGen: 48635970K->6758897K(51559936K)] 66012026K->24230994K(72246272K), 0.2168260 secs] [Times: user=8.60 sys=0.12, real=0.22 secs] 
2021-03-30T19:56:29.927+0200: 2623.584: [GC (Allocation Failure) [PSYoungGen: 49588209K->4419247K(51681280K)] 67060306K->21898245K(72367616K), 0.1618726 secs] [Times: user=6.21 sys=0.02, real=0.16 secs] 
2021-03-30T19:58:42.109+0200: 2755.767: [GC (Allocation Failure) [PSYoungGen: 47248559K->1769144K(47965696K)] 64727557K->19248973K(68652032K), 0.1462028 secs] [Times: user=3.38 sys=0.02, real=0.14 secs] 
2021-03-30T19:59:49.847+0200: 2823.505: [GC (Allocation Failure) [PSYoungGen: 42737336K->3370536K(42569728K)] 60217165K->20851970K(63256064K), 0.2207095 secs] [Times: user=5.18 sys=0.07, real=0.22 secs] 
2021-03-30T20:00:42.342+0200: 2876.000: [GC (Allocation Failure) [PSYoungGen: 42569256K->4587526K(44177408K)] 60050690K->22069437K(64863744K), 0.2286297 secs] [Times: user=5.87 sys=0.07, real=0.23 secs] 
2021-03-30T20:01:17.592+0200: 2911.250: [GC (Allocation Failure) [PSYoungGen: 42103302K->7705447K(46188544K)] 59585213K->25187669K(66874880K), 0.2351186 secs] [Times: user=9.40 sys=0.00, real=0.23 secs] 
2021-03-30T20:01:50.473+0200: 2944.130: [GC (Allocation Failure) [PSYoungGen: 45221223K->9315828K(48284160K)] 62703445K->27187096K(68970496K), 0.6769103 secs] [Times: user=8.67 sys=19.78, real=0.68 secs] 
2021-03-30T20:02:23.666+0200: 2977.324: [GC (Allocation Failure) [PSYoungGen: 48284148K->9928242K(48897024K)] 66155416K->27800254K(69583360K), 0.2855765 secs] [Times: user=11.80 sys=0.14, real=0.29 secs] 
2021-03-30T20:02:50.656+0200: 3004.313: [GC (Allocation Failure) [PSYoungGen: 48896562K->10541189K(47145472K)] 66768574K->28413913K(67831808K), 0.4030843 secs] [Times: user=11.55 sys=5.20, real=0.40 secs] 
2021-03-30T20:03:13.791+0200: 3027.449: [GC (Allocation Failure) [PSYoungGen: 46043781K->10633653K(46136320K)] 63916505K->28506985K(66822656K), 0.3230279 secs] [Times: user=13.19 sys=0.00, real=0.32 secs] 
2021-03-30T20:03:37.137+0200: 3050.795: [GC (Allocation Failure) [PSYoungGen: 46136245K->10604887K(45975552K)] 64009577K->28478907K(66661888K), 0.3154814 secs] [Times: user=12.64 sys=0.00, real=0.32 secs] 
2021-03-30T20:03:58.653+0200: 3072.310: [GC (Allocation Failure) [PSYoungGen: 42958679K->10791030K(43145216K)] 60832699K->28665755K(63831552K), 0.3290388 secs] [Times: user=13.45 sys=0.00, real=0.33 secs] 
2021-03-30T20:04:40.592+0200: 3114.249: [GC (Allocation Failure) [PSYoungGen: 43144822K->4793408K(46305280K)] 61019547K->22669236K(66991616K), 0.1522118 secs] [Times: user=5.91 sys=0.00, real=0.15 secs] 
2021-03-30T20:05:44.318+0200: 3177.975: [GC (Allocation Failure) [PSYoungGen: 36210240K->2950849K(46072832K)] 54086068K->20827317K(66759168K), 0.1102897 secs] [Times: user=3.33 sys=0.00, real=0.11 secs] 
2021-03-30T20:06:29.606+0200: 3223.264: [GC (Allocation Failure) [PSYoungGen: 34367681K->4787467K(45694976K)] 52244149K->22664512K(66381312K), 0.1510893 secs] [Times: user=4.85 sys=0.00, real=0.15 secs] 
2021-03-30T20:07:09.238+0200: 3262.896: [GC (Allocation Failure) [PSYoungGen: 36410123K->5726193K(45897216K)] 54287168K->23603677K(66583552K), 0.1747988 secs] [Times: user=6.80 sys=0.00, real=0.18 secs] 
2021-03-30T20:07:54.699+0200: 3308.356: [GC (Allocation Failure) [PSYoungGen: 37348849K->3643308K(46487552K)] 55226333K->21521208K(67173888K), 0.1270442 secs] [Times: user=4.63 sys=0.00, real=0.13 secs] 
2021-03-30T20:08:44.134+0200: 3357.791: [GC (Allocation Failure) [PSYoungGen: 36456876K->3700203K(46303744K)] 54334776K->21578103K(66990080K), 0.1418805 secs] [Times: user=4.94 sys=0.00, real=0.14 secs] 
2021-03-30T20:09:28.754+0200: 3402.412: [GC (Allocation Failure) [PSYoungGen: 36513771K->3979196K(47110144K)] 54391671K->21857096K(67796480K), 0.1442743 secs] [Times: user=5.32 sys=0.00, real=0.14 secs] 
2021-03-30T20:10:10.921+0200: 3444.578: [GC (Allocation Failure) [PSYoungGen: 38137276K->4307515K(47017472K)] 56015176K->22185415K(67703808K), 0.1554052 secs] [Times: user=6.10 sys=0.00, real=0.16 secs] 
2021-03-30T20:10:48.032+0200: 3481.690: [GC (Allocation Failure) [PSYoungGen: 38465595K->6908809K(47797248K)] 56343495K->24786709K(68483584K), 0.2266202 secs] [Times: user=9.24 sys=0.08, real=0.22 secs] 
2021-03-30T20:11:20.692+0200: 3514.349: [GC (Allocation Failure) [PSYoungGen: 42283913K->7949629K(47571968K)] 60161813K->25827529K(68258304K), 0.2622453 secs] [Times: user=10.77 sys=0.00, real=0.26 secs] 
2021-03-30T20:11:48.895+0200: 3542.552: [GC (Allocation Failure) [PSYoungGen: 43324733K->10054411K(46902272K)] 61202633K->27932312K(67588608K), 0.3048057 secs] [Times: user=12.61 sys=0.00, real=0.30 secs] 
2021-03-30T20:12:16.532+0200: 3570.190: [GC (Allocation Failure) [PSYoungGen: 44609803K->9845186K(44400640K)] 62487704K->27723495K(65086976K), 0.2962404 secs] [Times: user=11.90 sys=0.00, real=0.29 secs] 
2021-03-30T20:12:56.724+0200: 3610.382: [GC (Allocation Failure) [PSYoungGen: 44400578K->5453234K(47649792K)] 62278887K->23464650K(68336128K), 0.1780923 secs] [Times: user=7.03 sys=0.09, real=0.18 secs] 
2021-03-30T20:14:04.451+0200: 3678.108: [GC (Allocation Failure) [PSYoungGen: 39315378K->2982957K(36845568K)] 57326794K->20994894K(57531904K), 0.1364838 secs] [Times: user=4.06 sys=0.00, real=0.13 secs] 
2021-03-30T20:15:00.408+0200: 3734.066: [GC (Allocation Failure) [PSYoungGen: 36845101K->3168259K(47299584K)] 54857038K->21180196K(67985920K), 0.1265411 secs] [Times: user=4.64 sys=0.00, real=0.13 secs] 
2021-03-30T20:15:49.942+0200: 3783.599: [GC (Allocation Failure) [PSYoungGen: 37200387K->4235540K(47129600K)] 55212324K->22247476K(67815936K), 0.1621117 secs] [Times: user=6.25 sys=0.04, real=0.16 secs] 
2021-03-30T20:16:28.293+0200: 3821.951: [GC (Allocation Failure) [PSYoungGen: 38267668K->6917206K(47548928K)] 56279604K->24929143K(68235264K), 0.2177093 secs] [Times: user=8.88 sys=0.00, real=0.22 secs] 
2021-03-30T20:17:02.897+0200: 3856.555: [GC (Allocation Failure) [PSYoungGen: 41786966K->7684800K(47275520K)] 59798903K->25697209K(67961856K), 0.2405838 secs] [Times: user=9.88 sys=0.06, real=0.24 secs] 
2021-03-30T20:17:36.767+0200: 3890.425: [GC (Allocation Failure) [PSYoungGen: 42554560K->8417910K(48059904K)] 60566969K->26430631K(68746240K), 0.2536145 secs] [Times: user=10.30 sys=0.00, real=0.26 secs] 
2021-03-30T20:18:09.024+0200: 3922.681: [GC (Allocation Failure) [PSYoungGen: 44063862K->9151403K(44797440K)] 62076583K->27164596K(65483776K), 0.2750033 secs] [Times: user=11.30 sys=0.00, real=0.27 secs] 
2021-03-30T20:18:40.675+0200: 3954.333: [GC (Allocation Failure) [PSYoungGen: 44797355K->9347646K(47160832K)] 62810548K->27361286K(67847168K), 0.2677258 secs] [Times: user=10.93 sys=0.00, real=0.27 secs] 
2021-03-30T20:19:06.335+0200: 3979.992: [GC (Allocation Failure) [PSYoungGen: 43448382K->10456361K(44557312K)] 61462022K->28470434K(65243648K), 0.2961089 secs] [Times: user=12.04 sys=0.00, real=0.30 secs] 
2021-03-30T20:19:54.480+0200: 4028.137: [GC (Allocation Failure) [PSYoungGen: 44557097K->3876510K(46977536K)] 62571170K->21891191K(67663872K), 0.1345491 secs] [Times: user=4.96 sys=0.00, real=0.14 secs] 
2021-03-30T20:20:45.887+0200: 4079.545: [GC (Allocation Failure) [PSYoungGen: 36754078K->3381217K(36258816K)] 54768759K->21403234K(56945152K), 0.1401424 secs] [Times: user=4.78 sys=0.01, real=0.14 secs] 
2021-03-30T20:21:34.990+0200: 4128.648: [GC (Allocation Failure) [PSYoungGen: 36258785K->4046670K(47058432K)] 54280802K->22068687K(67744768K), 0.1424823 secs] [Times: user=5.46 sys=0.00, real=0.14 secs] 
2021-03-30T20:22:22.406+0200: 4176.064: [GC (Allocation Failure) [PSYoungGen: 37231950K->4311738K(36108288K)] 55253967K->22365380K(56794624K), 0.2089616 secs] [Times: user=5.89 sys=0.07, real=0.21 secs] 
2021-03-30T20:23:07.103+0200: 4220.761: [GC (Allocation Failure) [PSYoungGen: 36107962K->4299378K(41525760K)] 54161604K->22522335K(62212096K), 0.2232254 secs] [Times: user=6.04 sys=0.22, real=0.22 secs] 
2021-03-30T20:23:48.371+0200: 4262.029: [GC (Allocation Failure) [PSYoungGen: 34774130K->4467561K(33684992K)] 52997087K->22968435K(54371328K), 0.2382600 secs] [Times: user=5.94 sys=0.26, real=0.24 secs] 
2021-03-30T20:24:18.405+0200: 4292.062: [GC (Allocation Failure) [PSYoungGen: 33684841K->6400002K(38311424K)] 52185715K->24905819K(58997760K), 0.2676246 secs] [Times: user=8.26 sys=0.07, real=0.27 secs] 
2021-03-30T20:24:48.323+0200: 4321.981: [GC (Allocation Failure) [PSYoungGen: 34420732K->6207711K(39931904K)] 52926549K->24714016K(60618240K), 0.2065848 secs] [Times: user=7.44 sys=0.00, real=0.21 secs] 
2021-03-30T20:25:09.095+0200: 4342.752: [GC (Allocation Failure) [PSYoungGen: 34228447K->10279922K(40870400K)] 52734752K->28786659K(61556736K), 0.3124092 secs] [Times: user=11.08 sys=1.73, real=0.31 secs] 
2021-03-30T20:25:39.640+0200: 4373.297: [GC (Allocation Failure) [PSYoungGen: 39709170K->9645762K(41944064K)] 58215907K->28153011K(62630400K), 0.2860128 secs] [Times: user=11.71 sys=0.00, real=0.29 secs] 
2021-03-30T20:26:33.118+0200: 4426.775: [GC (Allocation Failure) [PSYoungGen: 39075010K->3165626K(45070336K)] 57582259K->21673419K(65756672K), 0.1193399 secs] [Times: user=4.47 sys=0.01, real=0.12 secs] 
2021-03-30T20:27:09.079+0200: 4462.737: [GC (GCLocker Initiated GC) [PSYoungGen: 35514298K->5678288K(45420032K)] 54024360K->24188686K(66106368K), 0.1970620 secs] [Times: user=7.48 sys=0.01, real=0.20 secs] 
2021-03-30T20:27:48.712+0200: 4502.370: [GC (Allocation Failure) [PSYoungGen: 38026960K->5598621K(47076864K)] 56537360K->24109405K(67763200K), 0.2677680 secs] [Times: user=6.28 sys=4.71, real=0.26 secs] 
2021-03-30T20:28:34.354+0200: 4548.011: [GC (Allocation Failure) [PSYoungGen: 40989085K->4862970K(47372288K)] 59499869K->23374217K(68058624K), 0.1622461 secs] [Times: user=6.34 sys=0.11, real=0.16 secs] 
2021-03-30T20:29:14.263+0200: 4587.921: [GC (GCLocker Initiated GC) [PSYoungGen: 40253434K->6046918K(47930368K)] 58765182K->24558667K(68616704K), 0.3326077 secs] [Times: user=5.76 sys=7.24, real=0.33 secs] 
2021-03-30T20:29:55.810+0200: 4629.467: [GC (Allocation Failure) [PSYoungGen: 43402950K->7002775K(48423424K)] 61914712K->25514977K(69109760K), 0.2185714 secs] [Times: user=8.53 sys=0.00, real=0.21 secs] 
2021-03-30T20:30:44.897+0200: 4678.554: [GC (Allocation Failure) [PSYoungGen: 44358807K->4873508K(42800128K)] 62871009K->23385711K(63486464K), 0.1513399 secs] [Times: user=5.95 sys=0.00, real=0.15 secs] 
2021-03-30T20:31:30.890+0200: 4724.548: [GC (Allocation Failure) [PSYoungGen: 40636708K->5122043K(39370240K)] 59148911K->23634661K(60056576K), 0.1717220 secs] [Times: user=6.41 sys=0.11, real=0.17 secs] 
2021-03-30T20:32:12.672+0200: 4766.329: [GC (Allocation Failure) [PSYoungGen: 39370235K->5612527K(40932352K)] 57882853K->24125514K(61618688K), 0.2459500 secs] [Times: user=6.78 sys=0.08, real=0.24 secs] 
2021-03-30T20:33:08.180+0200: 4821.837: [GC (Allocation Failure) [PSYoungGen: 38419951K->2638424K(34075648K)] 56932938K->21151867K(54761984K), 0.1629422 secs] [Times: user=4.03 sys=0.04, real=0.17 secs] 
2021-03-30T20:34:00.189+0200: 4873.846: [GC (Allocation Failure) [PSYoungGen: 34075224K->3051988K(38878720K)] 52588667K->21565774K(59565056K), 0.1827788 secs] [Times: user=5.25 sys=0.05, real=0.19 secs] 
2021-03-30T20:34:27.291+0200: 4900.949: [GC (Allocation Failure) [PSYoungGen: 33184724K->6367969K(35260416K)] 51698510K->24882068K(55946752K), 0.2418570 secs] [Times: user=7.63 sys=0.04, real=0.24 secs] 
2021-03-30T20:35:10.058+0200: 4943.716: [GC (Allocation Failure) [PSYoungGen: 35260129K->4327818K(35977216K)] 53774228K->22842196K(56663552K), 0.2188746 secs] [Times: user=6.34 sys=0.13, real=0.22 secs] 
2021-03-30T20:37:10.542+0200: 5064.199: [GC (Allocation Failure) [PSYoungGen: 32039306K->879526K(27467264K)] 50553684K->19394209K(48153600K), 0.1043623 secs] [Times: user=2.52 sys=0.04, real=0.10 secs] 
2021-03-30T20:38:03.656+0200: 5117.314: [GC (Allocation Failure) [PSYoungGen: 27467174K->3509418K(33908736K)] 45981857K->22024493K(54595072K), 0.1924142 secs] [Times: user=5.28 sys=0.05, real=0.19 secs] 
2021-03-30T20:38:21.222+0200: 5134.880: [GC (Allocation Failure) [PSYoungGen: 29027498K->9336667K(35263488K)] 47542573K->27861021K(55949824K), 0.2667666 secs] [Times: user=10.59 sys=0.02, real=0.27 secs] 
2021-03-30T20:38:38.005+0200: 5151.663: [GC (Allocation Failure) [PSYoungGen: 34854747K->10947576K(35959296K)] 53379101K->33210584K(58241024K), 1.2568911 secs] [Times: user=9.83 sys=36.32, real=1.26 secs] 
2021-03-30T20:38:39.262+0200: 5152.920: [Full GC (Ergonomics) [PSYoungGen: 10947576K->0K(35959296K)] [ParOldGen: 22263008K->13744850K(21887488K)] 33210584K->13744850K(57846784K), [Metaspace: 51339K->51339K(53248K)], 0.9684573 secs] [Times: user=17.92 sys=4.70, real=0.97 secs] 
2021-03-30T20:39:08.807+0200: 5182.465: [GC (Allocation Failure) [PSYoungGen: 25011712K->3658496K(38896640K)] 38756562K->17403346K(60784128K), 0.1231077 secs] [Times: user=4.68 sys=0.00, real=0.13 secs] 
2021-03-30T20:39:59.959+0200: 5233.616: [GC (Allocation Failure) [PSYoungGen: 28670208K->4093672K(41057792K)] 42415058K->17838523K(62945280K), 0.1289367 secs] [Times: user=4.88 sys=0.01, real=0.13 secs] 
2021-03-30T20:40:32.410+0200: 5266.067: [GC (Allocation Failure) [PSYoungGen: 32758504K->7028270K(41739776K)] 46503355K->20773120K(63627264K), 0.2005221 secs] [Times: user=7.98 sys=0.01, real=0.20 secs] 
2021-03-30T20:41:20.025+0200: 5313.682: [GC (Allocation Failure) [PSYoungGen: 35693102K->3654085K(44322304K)] 49437952K->17398936K(66209792K), 0.1378275 secs] [Times: user=5.32 sys=0.00, real=0.14 secs] 
2021-03-30T20:42:02.376+0200: 5356.034: [GC (GCLocker Initiated GC) [PSYoungGen: 36064709K->6032223K(44910592K)] 49814010K->19781523K(66798080K), 0.2151352 secs] [Times: user=8.28 sys=0.06, real=0.22 secs] 
2021-03-30T20:42:34.866+0200: 5388.524: [GC (Allocation Failure) [PSYoungGen: 38442847K->7348615K(48423936K)] 52192150K->21097918K(70311424K), 0.6977279 secs] [Times: user=5.66 sys=23.94, real=0.70 secs] 
2021-03-30T20:43:12.600+0200: 5426.258: [GC (Allocation Failure) [PSYoungGen: 43809671K->9699814K(46160896K)] 57558974K->23449117K(68048384K), 0.2896416 secs] [Times: user=11.88 sys=0.00, real=0.30 secs] 
2021-03-30T20:43:55.999+0200: 5469.657: [GC (Allocation Failure) [PSYoungGen: 46160870K->5573937K(48733184K)] 59910173K->20358739K(70620672K), 0.2118036 secs] [Times: user=8.21 sys=0.00, real=0.22 secs] 
2021-03-30T20:44:28.857+0200: 5502.515: [GC (Allocation Failure) [PSYoungGen: 41533745K->8164382K(48187904K)] 56318547K->23098980K(70075392K), 0.2553777 secs] [Times: user=10.25 sys=0.00, real=0.26 secs] 
2021-03-30T20:45:10.188+0200: 5543.845: [GC (Allocation Failure) [PSYoungGen: 44124190K->6155096K(48009728K)] 59058788K->21181112K(69897216K), 0.2275693 secs] [Times: user=9.14 sys=0.02, real=0.23 secs] 
2021-03-30T20:46:22.816+0200: 5616.473: [GC (Allocation Failure) [PSYoungGen: 42523992K->2298650K(48166912K)] 57550008K->17336939K(70054400K), 0.1086216 secs] [Times: user=3.81 sys=0.00, real=0.11 secs] 
2021-03-30T20:47:26.446+0200: 5680.104: [GC (Allocation Failure) [PSYoungGen: 38667546K->3012621K(49059328K)] 53705835K->18051430K(70946816K), 0.1167134 secs] [Times: user=4.25 sys=0.02, real=0.12 secs] 
2021-03-30T20:48:23.281+0200: 5736.939: [GC (Allocation Failure) [PSYoungGen: 40201229K->3769354K(39383040K)] 55240038K->18808468K(61270528K), 0.1370523 secs] [Times: user=5.22 sys=0.01, real=0.13 secs] 
2021-03-30T20:49:01.730+0200: 5775.388: [GC (Allocation Failure) [PSYoungGen: 39382538K->6380803K(43618816K)] 54421652K->21419916K(65506304K), 0.2196094 secs] [Times: user=8.39 sys=0.00, real=0.22 secs] 
2021-03-30T20:49:36.864+0200: 5810.522: [GC (Allocation Failure) [PSYoungGen: 40495363K->6009218K(45382656K)] 55534476K->21048780K(67270144K), 0.1978744 secs] [Times: user=7.52 sys=0.00, real=0.20 secs] 
2021-03-30T20:50:41.364+0200: 5875.021: [GC (Allocation Failure) [PSYoungGen: 40123778K->3701806K(38349312K)] 55163340K->18741783K(60236800K), 0.1919220 secs] [Times: user=5.01 sys=0.08, real=0.19 secs] 
2021-03-30T20:51:24.667+0200: 5918.324: [GC (Allocation Failure) [PSYoungGen: 36390958K->4231693K(35565056K)] 51430935K->19271671K(57452544K), 0.2123382 secs] [Times: user=5.68 sys=0.07, real=0.21 secs] 
2021-03-30T20:52:04.615+0200: 5958.273: [GC (Allocation Failure) [PSYoungGen: 35564557K->4709884K(38274048K)] 50604535K->19749862K(60161536K), 0.2243813 secs] [Times: user=6.09 sys=0.08, real=0.22 secs] 
2021-03-30T20:52:40.864+0200: 5994.521: [GC (Allocation Failure) [PSYoungGen: 34752508K->4898645K(33713664K)] 49792486K->19938622K(55601152K), 0.2290077 secs] [Times: user=6.19 sys=0.07, real=0.23 secs] 
2021-03-30T20:53:16.033+0200: 6029.690: [GC (Allocation Failure) [PSYoungGen: 33713493K->5234464K(35156992K)] 48753470K->20274441K(57044480K), 0.2461212 secs] [Times: user=7.28 sys=0.07, real=0.24 secs] 
2021-03-30T20:53:46.777+0200: 6060.435: [GC (Allocation Failure) [PSYoungGen: 32880928K->6125459K(32659456K)] 47920905K->21165436K(54546944K), 0.2357297 secs] [Times: user=7.73 sys=0.04, real=0.24 secs] 
2021-03-30T20:54:13.779+0200: 6087.437: [GC (Allocation Failure) [PSYoungGen: 32659347K->6176023K(35632128K)] 47699324K->21216432K(57519616K), 0.2044015 secs] [Times: user=8.22 sys=0.00, real=0.21 secs] 
2021-03-30T20:54:39.025+0200: 6112.682: [GC (Allocation Failure) [PSYoungGen: 32758551K->7681590K(35583488K)] 47798960K->22722304K(57470976K), 0.2328065 secs] [Times: user=9.53 sys=0.11, real=0.23 secs] 
2021-03-30T20:55:02.524+0200: 6136.182: [GC (Allocation Failure) [PSYoungGen: 34264118K->8378089K(38389248K)] 49304832K->23419427K(60276736K), 0.4815315 secs] [Times: user=7.58 sys=12.69, real=0.48 secs] 
2021-03-30T20:55:21.426+0200: 6155.084: [GC (Allocation Failure) [PSYoungGen: 37276905K->9759574K(39025152K)] 52318243K->24801448K(60912640K), 0.2833110 secs] [Times: user=11.21 sys=0.12, real=0.29 secs] 
2021-03-30T20:55:50.684+0200: 6184.342: [GC (Allocation Failure) [PSYoungGen: 38658390K->8234085K(43749888K)] 53700264K->23276502K(65637376K), 0.6671396 secs] [Times: user=5.64 sys=22.24, real=0.67 secs] 
2021-03-30T20:56:55.895+0200: 6249.553: [GC (Allocation Failure) [PSYoungGen: 40848997K->2149680K(43988992K)] 55891414K->17192513K(65876480K), 0.1206122 secs] [Times: user=3.83 sys=0.00, real=0.12 secs] 
2021-03-30T20:57:52.852+0200: 6306.510: [GC (Allocation Failure) [PSYoungGen: 34764592K->3078746K(47907328K)] 49807425K->18121988K(69794816K), 0.1266548 secs] [Times: user=4.74 sys=0.00, real=0.12 secs] 
2021-03-30T20:58:46.355+0200: 6360.012: [GC (Allocation Failure) [PSYoungGen: 39804506K->3988817K(48289280K)] 54847748K->19032370K(70176768K), 0.1569028 secs] [Times: user=6.05 sys=0.00, real=0.16 secs] 
2021-03-30T20:59:29.103+0200: 6402.760: [GC (Allocation Failure) [PSYoungGen: 40714577K->5914563K(48415232K)] 55758130K->20958772K(70302720K), 0.4726201 secs] [Times: user=4.56 sys=15.31, real=0.47 secs] 
2021-03-30T21:00:08.171+0200: 6441.829: [GC (Allocation Failure) [PSYoungGen: 44032963K->7298434K(48955392K)] 59077172K->23355420K(70842880K), 0.2402748 secs] [Times: user=9.78 sys=0.00, real=0.24 secs] 
2021-03-30T21:00:40.449+0200: 6474.107: [GC (Allocation Failure) [PSYoungGen: 45416834K->6498159K(49732608K)] 61473820K->24450849K(71620096K), 0.3305538 secs] [Times: user=8.22 sys=5.29, real=0.32 secs] 
2021-03-30T21:01:09.136+0200: 6502.793: [GC (Allocation Failure) [PSYoungGen: 45681519K->6383280K(49876480K)] 63634209K->27588551K(71763968K), 0.2879579 secs] [Times: user=11.31 sys=0.13, real=0.29 secs] 
2021-03-30T21:01:09.424+0200: 6503.081: [Full GC (Ergonomics) [PSYoungGen: 6383280K->0K(49876480K)] [ParOldGen: 21205270K->9146113K(18532864K)] 27588551K->9146113K(68409344K), [Metaspace: 51381K->51381K(53248K)], 0.5930457 secs] [Times: user=11.91 sys=0.59, real=0.59 secs] 
2021-03-30T21:01:54.651+0200: 6548.309: [GC (Allocation Failure) [PSYoungGen: 39183360K->5941899K(49540608K)] 48329473K->15088013K(68073472K), 0.1839330 secs] [Times: user=6.77 sys=0.00, real=0.18 secs] 
2021-03-30T21:03:02.298+0200: 6615.955: [GC (Allocation Failure) [PSYoungGen: 45802492K->3679039K(49833472K)] 54948606K->13856992K(68366336K), 0.1801391 secs] [Times: user=6.19 sys=0.01, real=0.18 secs] 
2021-03-30T21:03:44.966+0200: 6658.623: [GC (Allocation Failure) [PSYoungGen: 43539775K->6056659K(50385408K)] 53717728K->16550128K(68918272K), 0.2771666 secs] [Times: user=8.27 sys=2.09, real=0.28 secs] 
2021-03-30T21:04:23.910+0200: 6697.567: [GC (Allocation Failure) [PSYoungGen: 47101139K->6553811K(50701312K)] 57594608K->18165546K(69234176K), 0.2404320 secs] [Times: user=9.70 sys=0.00, real=0.24 secs] 
2021-03-30T21:05:26.688+0200: 6760.345: [GC (Allocation Failure) [PSYoungGen: 47598291K->3352311K(46427648K)] 59210026K->15266194K(64960512K), 0.1538687 secs] [Times: user=5.60 sys=0.00, real=0.16 secs] 
2021-03-30T21:06:24.307+0200: 6817.965: [GC (Allocation Failure) [PSYoungGen: 42648823K->3558618K(41192960K)] 54562706K->15553862K(59725824K), 0.1575288 secs] [Times: user=5.58 sys=0.04, real=0.16 secs] 
2021-03-30T21:07:20.495+0200: 6874.152: [GC (Allocation Failure) [PSYoungGen: 41192666K->3728963K(43731968K)] 53187910K->15882793K(62264832K), 0.2016059 secs] [Times: user=5.39 sys=0.07, real=0.20 secs] 
2021-03-30T21:08:08.788+0200: 6922.445: [GC (Allocation Failure) [PSYoungGen: 39781443K->3887638K(38436352K)] 51935273K->16068574K(56969216K), 0.1965549 secs] [Times: user=5.19 sys=0.06, real=0.20 secs] 
2021-03-30T21:08:44.397+0200: 6958.054: [GC (Allocation Failure) [PSYoungGen: 38435862K->6371076K(41029120K)] 50616798K->19339727K(59561984K), 0.2517773 secs] [Times: user=8.37 sys=0.07, real=0.25 secs] 
2021-03-30T21:09:09.084+0200: 6982.742: [GC (Allocation Failure) [PSYoungGen: 39487748K->5638274K(37393408K)] 52456399K->22424901K(55926272K), 0.3406608 secs] [Times: user=10.62 sys=0.07, real=0.34 secs] 
2021-03-30T21:09:09.425+0200: 6983.082: [Full GC (Ergonomics) [PSYoungGen: 5638274K->0K(37393408K)] [ParOldGen: 16786626K->8923808K(18924032K)] 22424901K->8923808K(56317440K), [Metaspace: 51381K->51381K(53248K)], 0.5579108 secs] [Times: user=13.33 sys=1.50, real=0.56 secs] 
2021-03-30T21:09:31.664+0200: 7005.322: [GC (Allocation Failure) [PSYoungGen: 31754752K->4999542K(37511680K)] 40678560K->13923350K(56435712K), 0.2593969 secs] [Times: user=5.87 sys=0.17, real=0.26 secs] 
2021-03-30T21:09:56.528+0200: 7030.186: [GC (Allocation Failure) [PSYoungGen: 35455862K->5120190K(39148544K)] 44379670K->18148159K(58072576K), 0.2878378 secs] [Times: user=11.54 sys=0.01, real=0.29 secs] 
2021-03-30T21:10:38.939+0200: 7072.596: [GC (Allocation Failure) [PSYoungGen: 35576510K->3456981K(32677888K)] 48604479K->17676417K(51601920K), 0.2079249 secs] [Times: user=6.25 sys=0.04, real=0.21 secs] 
2021-03-30T21:11:22.982+0200: 7116.639: [GC (Allocation Failure) [PSYoungGen: 32677845K->3686858K(31731712K)] 46897281K->18430401K(50655744K), 0.2185172 secs] [Times: user=5.51 sys=0.08, real=0.21 secs] 
2021-03-30T21:11:58.546+0200: 7152.203: [GC (Allocation Failure) [PSYoungGen: 31731658K->4032590K(33669120K)] 46475201K->19675741K(52593152K), 0.2034043 secs] [Times: user=6.13 sys=0.04, real=0.21 secs] 
2021-03-30T21:12:21.526+0200: 7175.183: [GC (Allocation Failure) [PSYoungGen: 30957646K->4964192K(30823424K)] 46600797K->23160970K(49747456K), 0.2762727 secs] [Times: user=9.07 sys=0.06, real=0.28 secs] 
2021-03-30T21:12:21.802+0200: 7175.460: [Full GC (Ergonomics) [PSYoungGen: 4964192K->0K(30823424K)] [ParOldGen: 18196777K->7162430K(17769984K)] 23160970K->7162430K(48593408K), [Metaspace: 51381K->51381K(53248K)], 0.5151109 secs] [Times: user=10.19 sys=0.75, real=0.51 secs] 
2021-03-30T21:12:50.542+0200: 7204.200: [GC (Allocation Failure) [PSYoungGen: 25859072K->3713935K(31395328K)] 33021502K->10876366K(49165312K), 0.1727444 secs] [Times: user=4.82 sys=0.10, real=0.17 secs] 
Heap
 PSYoungGen      total 31395328K, used 5588687K [0x00007ef8cc380000, 0x00007f0261b00000, 0x00007f0755000000)
  eden space 24841728K, 7% used [0x00007ef8cc380000,0x00007ef93ea4fe88,0x00007efeb8700000)
  from space 6553600K, 56% used [0x00007f00d1b00000,0x00007f01b45e3ec8,0x00007f0261b00000)
  to   space 7677952K, 0% used [0x00007efeb8700000,0x00007efeb8700000,0x00007f008d100000)
 ParOldGen       total 17769984K, used 7162430K [0x00007edbbaa00000, 0x00007edff7380000, 0x00007ef8cc380000)
  object space 17769984K, 40% used [0x00007edbbaa00000,0x00007edd6fc8f958,0x00007edff7380000)
 Metaspace       used 51646K, capacity 52357K, committed 53248K, reserved 53248K
