Java HotSpot(TM) 64-Bit Server VM (25.131-b11) for linux-amd64 JRE (1.8.0_131-b11), built on Mar 15 2017 01:23:40 by "java_re" with gcc 4.3.0 20080428 (Red Hat 4.3.0-8)
Memory: 4k page, physical 196649792k(188996260k free), swap 3905532k(3905532k free)
CommandLine flags: -XX:InitialHeapSize=2147483648 -XX:MaxHeapSize=201369391104 -XX:+PrintGC -XX:+PrintGCDateStamps -XX:+PrintGCDetails -XX:+PrintGCTimeStamps -XX:+UseParallelGC 
2021-04-01T05:39:07.513+0200: 1.314: [GC (Metadata GC Threshold) [PSYoungGen: 325382K->19368K(611840K)] 325382K->19448K(2010112K), 0.0170126 secs] [Times: user=0.16 sys=0.01, real=0.01 secs] 
2021-04-01T05:39:07.530+0200: 1.331: [Full GC (Metadata GC Threshold) [PSYoungGen: 19368K->0K(611840K)] [ParOldGen: 80K->18181K(890880K)] 19448K->18181K(1502720K), [Metaspace: 20794K->20794K(22528K)], 0.0321967 secs] [Times: user=0.61 sys=0.00, real=0.04 secs] 
2021-04-01T05:39:08.422+0200: 2.223: [GC (Allocation Failure) [PSYoungGen: 524800K->36981K(796160K)] 542981K->55171K(1687040K), 0.0239531 secs] [Times: user=0.54 sys=0.01, real=0.02 secs] 
2021-04-01T05:39:08.448+0200: 2.250: [GC (Metadata GC Threshold) [PSYoungGen: 47191K->34622K(1086976K)] 65380K->52820K(1977856K), 0.0156565 secs] [Times: user=0.52 sys=0.03, real=0.02 secs] 
2021-04-01T05:39:08.464+0200: 2.265: [Full GC (Metadata GC Threshold) [PSYoungGen: 34622K->0K(1086976K)] [ParOldGen: 18197K->39260K(987136K)] 52820K->39260K(2074112K), [Metaspace: 34887K->34887K(36864K)], 0.0287079 secs] [Times: user=0.33 sys=0.03, real=0.03 secs] 
2021-04-01T05:39:09.115+0200: 2.917: [GC (Allocation Failure) [PSYoungGen: 999936K->87034K(1547264K)] 1039196K->184479K(2534400K), 0.0347550 secs] [Times: user=1.12 sys=0.08, real=0.03 secs] 
2021-04-01T05:39:11.242+0200: 5.044: [GC (Allocation Failure) [PSYoungGen: 1547258K->87008K(1547264K)] 1644703K->328291K(2534400K), 0.0450367 secs] [Times: user=1.19 sys=0.13, real=0.04 secs] 
2021-04-01T05:39:12.950+0200: 6.751: [GC (Allocation Failure) [PSYoungGen: 1547232K->99769K(2828800K)] 1788515K->341060K(3815936K), 0.0277929 secs] [Times: user=0.65 sys=0.06, real=0.03 secs] 
2021-04-01T05:39:18.008+0200: 11.809: [GC (Allocation Failure) [PSYoungGen: 2778553K->103219K(2895360K)] 3019844K->344518K(3882496K), 0.0328922 secs] [Times: user=0.82 sys=0.04, real=0.04 secs] 
2021-04-01T05:39:18.079+0200: 11.880: [GC (Metadata GC Threshold) [PSYoungGen: 677469K->66488K(5014016K)] 918768K->343148K(6001152K), 0.0226058 secs] [Times: user=0.70 sys=0.08, real=0.03 secs] 
2021-04-01T05:39:18.101+0200: 11.903: [Full GC (Metadata GC Threshold) [PSYoungGen: 66488K->0K(5014016K)] [ParOldGen: 276660K->326253K(1451008K)] 343148K->326253K(6465024K), [Metaspace: 58093K->58009K(59392K)], 0.1028688 secs] [Times: user=1.96 sys=0.05, real=0.10 secs] 
2021-04-01T05:39:27.487+0200: 21.288: [GC (Allocation Failure) [PSYoungGen: 4810240K->22272K(5006848K)] 5136493K->348534K(6457856K), 0.0175242 secs] [Times: user=0.33 sys=0.01, real=0.02 secs] 
2021-04-01T05:39:36.383+0200: 30.184: [GC (Allocation Failure) [PSYoungGen: 4832512K->28924K(7238656K)] 5158774K->355193K(8689664K), 0.0166363 secs] [Times: user=0.28 sys=0.00, real=0.02 secs] 
2021-04-01T05:39:47.386+0200: 41.188: [GC (Allocation Failure) [PSYoungGen: 7186684K->32544K(7353856K)] 7512953K->379179K(8804864K), 0.0253946 secs] [Times: user=0.40 sys=0.08, real=0.03 secs] 
2021-04-01T05:39:57.263+0200: 51.065: [GC (Allocation Failure) [PSYoungGen: 7190304K->26061K(10265088K)] 7536939K->386602K(11716096K), 0.0602080 secs] [Times: user=1.66 sys=0.00, real=0.06 secs] 
2021-04-01T05:40:07.056+0200: 60.857: [GC (Allocation Failure) [PSYoungGen: 10265037K->18944K(10481664K)] 10625578K->388493K(11932672K), 0.0208639 secs] [Times: user=0.31 sys=0.02, real=0.02 secs] 
2021-04-01T05:40:16.389+0200: 70.190: [GC (Allocation Failure) [PSYoungGen: 10311680K->20699K(13976576K)] 10681229K->400978K(15427584K), 0.0118515 secs] [Times: user=0.15 sys=0.04, real=0.02 secs] 
2021-04-01T05:40:29.936+0200: 83.738: [GC (Allocation Failure) [PSYoungGen: 13976283K->22976K(14307328K)] 14356562K->415359K(15758336K), 0.0151136 secs] [Times: user=0.15 sys=0.05, real=0.01 secs] 
2021-04-01T05:40:41.092+0200: 94.893: [GC (Allocation Failure) [PSYoungGen: 14149568K->22923K(18050560K)] 14541951K->428313K(19501568K), 0.0251939 secs] [Times: user=0.58 sys=0.03, real=0.02 secs] 
2021-04-01T05:40:58.034+0200: 111.835: [GC (Allocation Failure) [PSYoungGen: 18050443K->39588K(18375680K)] 18455833K->444986K(19826688K), 0.0279689 secs] [Times: user=0.60 sys=0.04, real=0.03 secs] 
2021-04-01T05:41:12.007+0200: 125.809: [GC (Allocation Failure) [PSYoungGen: 18246308K->54242K(20745728K)] 18651706K->459647K(22196736K), 0.0307374 secs] [Times: user=0.80 sys=0.03, real=0.03 secs] 
2021-04-01T05:41:31.408+0200: 145.209: [GC (Allocation Failure) [PSYoungGen: 20745698K->75265K(20950016K)] 21151103K->480671K(22401024K), 0.0540711 secs] [Times: user=1.48 sys=0.08, real=0.06 secs] 
2021-04-01T05:41:50.021+0200: 163.822: [GC (Allocation Failure) [PSYoungGen: 20875265K->81870K(23031808K)] 21280671K->487284K(24482816K), 0.0551439 secs] [Times: user=1.83 sys=0.09, real=0.05 secs] 
2021-04-01T05:42:10.079+0200: 183.880: [GC (Allocation Failure) [PSYoungGen: 23031758K->93680K(23217152K)] 23437172K->499102K(24668160K), 0.0638620 secs] [Times: user=1.99 sys=0.17, real=0.07 secs] 
2021-04-01T05:42:29.617+0200: 203.418: [GC (Allocation Failure) [PSYoungGen: 23161328K->91950K(25084928K)] 23566750K->497380K(26535936K), 0.0682711 secs] [Times: user=2.30 sys=0.16, real=0.07 secs] 
2021-04-01T05:42:51.028+0200: 224.829: [GC (Allocation Failure) [PSYoungGen: 25081134K->85518K(23874560K)] 25486564K->490948K(25325568K), 0.0397997 secs] [Times: user=0.78 sys=0.05, real=0.04 secs] 
2021-04-01T05:43:11.726+0200: 245.527: [GC (Allocation Failure) [PSYoungGen: 23874062K->87710K(22735872K)] 24279492K->493148K(24186880K), 0.0513473 secs] [Times: user=1.54 sys=0.10, real=0.05 secs] 
2021-04-01T05:43:32.030+0200: 265.831: [GC (Allocation Failure) [PSYoungGen: 22735518K->85870K(21650432K)] 23140956K->491316K(23101440K), 0.0436285 secs] [Times: user=1.32 sys=0.02, real=0.05 secs] 
2021-04-01T05:43:50.110+0200: 283.911: [GC (Allocation Failure) [PSYoungGen: 21650286K->87134K(20622336K)] 22055732K->492580K(22073344K), 0.0603335 secs] [Times: user=2.07 sys=0.08, real=0.06 secs] 
2021-04-01T05:44:08.241+0200: 302.042: [GC (Allocation Failure) [PSYoungGen: 20621918K->89143K(19645952K)] 21027364K->494589K(21096960K), 0.0475338 secs] [Times: user=1.30 sys=0.04, real=0.04 secs] 
2021-04-01T05:44:26.225+0200: 320.027: [GC (Allocation Failure) [PSYoungGen: 19645495K->98318K(18725888K)] 20050941K->503764K(20176896K), 0.0495908 secs] [Times: user=1.74 sys=0.05, real=0.05 secs] 
2021-04-01T05:44:42.295+0200: 336.096: [GC (Allocation Failure) [PSYoungGen: 18725390K->95333K(17839616K)] 19130836K->500787K(19290624K), 0.0510725 secs] [Times: user=1.68 sys=0.03, real=0.05 secs] 
2021-04-01T05:44:58.309+0200: 352.110: [GC (Allocation Failure) [PSYoungGen: 17836031K->85070K(16990208K)] 18241484K->490532K(18441216K), 0.0453276 secs] [Times: user=1.59 sys=0.00, real=0.05 secs] 
2021-04-01T05:45:10.514+0200: 364.316: [GC (Allocation Failure) [PSYoungGen: 16989774K->84994K(16193024K)] 17395236K->493600K(17644032K), 0.0385511 secs] [Times: user=1.06 sys=0.00, real=0.04 secs] 
2021-04-01T05:45:27.049+0200: 380.850: [GC (Allocation Failure) [PSYoungGen: 16192514K->85191K(15435776K)] 16601120K->496685K(16886784K), 0.0459193 secs] [Times: user=1.54 sys=0.05, real=0.05 secs] 
2021-04-01T05:45:39.332+0200: 393.133: [GC (Allocation Failure) [PSYoungGen: 15435463K->80238K(14710784K)] 15846957K->493656K(16161792K), 0.0562164 secs] [Times: user=1.96 sys=0.01, real=0.05 secs] 
2021-04-01T05:45:51.332+0200: 405.133: [GC (Allocation Failure) [PSYoungGen: 14710638K->81177K(14027776K)] 15124056K->496183K(15478784K), 0.0398250 secs] [Times: user=1.03 sys=0.01, real=0.04 secs] 
2021-04-01T05:46:04.671+0200: 418.472: [GC (Allocation Failure) [PSYoungGen: 14027545K->81783K(13378560K)] 14442551K->498257K(14829568K), 0.0455929 secs] [Times: user=1.45 sys=0.00, real=0.05 secs] 
2021-04-01T05:46:14.044+0200: 427.845: [GC (Allocation Failure) [PSYoungGen: 13378423K->74077K(12753408K)] 13794897K->491895K(14204416K), 0.0408412 secs] [Times: user=1.21 sys=0.00, real=0.04 secs] 
2021-04-01T05:46:26.425+0200: 440.227: [GC (Allocation Failure) [PSYoungGen: 12753245K->79061K(12171776K)] 13171063K->498134K(13622784K), 0.0422833 secs] [Times: user=1.13 sys=0.00, real=0.04 secs] 
2021-04-01T05:46:37.157+0200: 450.959: [GC (Allocation Failure) [PSYoungGen: 12171477K->73152K(11608064K)] 12590550K->493546K(13059072K), 0.0486995 secs] [Times: user=1.42 sys=0.00, real=0.05 secs] 
2021-04-01T05:46:46.575+0200: 460.376: [GC (Allocation Failure) [PSYoungGen: 11608000K->83449K(11088384K)] 12028394K->505099K(12539392K), 0.0360285 secs] [Times: user=1.03 sys=0.00, real=0.03 secs] 
2021-04-01T05:46:56.012+0200: 469.813: [GC (Allocation Failure) [PSYoungGen: 11088377K->71150K(10572288K)] 11510027K->495848K(12023296K), 0.0348239 secs] [Times: user=0.96 sys=0.00, real=0.04 secs] 
2021-04-01T05:47:06.252+0200: 480.053: [GC (Allocation Failure) [PSYoungGen: 10572270K->76009K(10098688K)] 10996968K->502763K(11549696K), 0.0442094 secs] [Times: user=1.40 sys=0.03, real=0.05 secs] 
2021-04-01T05:47:13.179+0200: 486.980: [GC (Allocation Failure) [PSYoungGen: 10098409K->72174K(9639936K)] 10525163K->500328K(11090944K), 0.0445993 secs] [Times: user=1.38 sys=0.01, real=0.05 secs] 
2021-04-01T05:47:22.529+0200: 496.330: [GC (Allocation Failure) [PSYoungGen: 9639918K->74320K(9210368K)] 10068072K->504346K(10661376K), 0.0373682 secs] [Times: user=1.11 sys=0.00, real=0.04 secs] 
2021-04-01T05:47:30.570+0200: 504.371: [GC (Allocation Failure) [PSYoungGen: 9209936K->63465K(8787968K)] 9639962K->502715K(10238976K), 0.0384888 secs] [Times: user=1.07 sys=0.00, real=0.04 secs] 
2021-04-01T05:47:39.330+0200: 513.131: [GC (Allocation Failure) [PSYoungGen: 8787842K->68055K(8401920K)] 9227092K->509009K(9852928K), 0.0330698 secs] [Times: user=1.03 sys=0.00, real=0.04 secs] 
2021-04-01T05:47:46.429+0200: 520.230: [GC (Allocation Failure) [PSYoungGen: 8401879K->71674K(8034304K)] 8842833K->513980K(9485312K), 0.0426187 secs] [Times: user=1.37 sys=0.01, real=0.04 secs] 
2021-04-01T05:47:52.292+0200: 526.093: [GC (Allocation Failure) [PSYoungGen: 8034298K->74702K(7684608K)] 8476604K->518592K(9135616K), 0.0296501 secs] [Times: user=0.94 sys=0.00, real=0.04 secs] 
2021-04-01T05:47:59.477+0200: 533.278: [GC (Allocation Failure) [PSYoungGen: 7684558K->50661K(7325184K)] 8128448K->525870K(8776192K), 0.0319089 secs] [Times: user=0.96 sys=0.02, real=0.03 secs] 
2021-04-01T05:48:06.161+0200: 539.962: [GC (Allocation Failure) [PSYoungGen: 7325157K->53351K(7009280K)] 7800366K->529889K(8460288K), 0.0176500 secs] [Times: user=0.41 sys=0.00, real=0.01 secs] 
2021-04-01T05:48:11.844+0200: 545.645: [GC (Allocation Failure) [PSYoungGen: 7008871K->56144K(6708736K)] 7485409K->532682K(8159744K), 0.0180167 secs] [Times: user=0.44 sys=0.00, real=0.02 secs] 
2021-04-01T05:48:18.397+0200: 552.198: [GC (Allocation Failure) [PSYoungGen: 6708560K->59562K(6424064K)] 7185098K->536827K(7875072K), 0.0174726 secs] [Times: user=0.45 sys=0.00, real=0.02 secs] 
2021-04-01T05:48:24.980+0200: 558.781: [GC (Allocation Failure) [PSYoungGen: 6423722K->65020K(6154752K)] 6900987K->542877K(7605760K), 0.0201226 secs] [Times: user=0.62 sys=0.01, real=0.03 secs] 
2021-04-01T05:48:28.609+0200: 562.410: [GC (Allocation Failure) [PSYoungGen: 6154748K->65045K(5894656K)] 6632605K->543950K(7345664K), 0.0292724 secs] [Times: user=0.76 sys=0.00, real=0.03 secs] 
2021-04-01T05:48:32.833+0200: 566.634: [GC (Allocation Failure) [PSYoungGen: 5894165K->64481K(5645824K)] 6373070K->547290K(7096832K), 0.0385517 secs] [Times: user=1.15 sys=0.00, real=0.03 secs] 
2021-04-01T05:48:38.355+0200: 572.156: [GC (Allocation Failure) [PSYoungGen: 5645793K->65222K(5410816K)] 6128602K->554019K(6861824K), 0.0282051 secs] [Times: user=0.92 sys=0.00, real=0.03 secs] 
2021-04-01T05:48:43.600+0200: 577.402: [GC (Allocation Failure) [PSYoungGen: 5410502K->56821K(5177856K)] 5899299K->557538K(6628864K), 0.0209939 secs] [Times: user=0.52 sys=0.02, real=0.02 secs] 
2021-04-01T05:48:48.002+0200: 581.803: [GC (Allocation Failure) [PSYoungGen: 5177845K->56327K(4964352K)] 5678562K->562428K(6415360K), 0.0143059 secs] [Times: user=0.28 sys=0.02, real=0.01 secs] 
2021-04-01T05:48:51.838+0200: 585.639: [GC (Allocation Failure) [PSYoungGen: 4963847K->58830K(4763136K)] 5469948K->564931K(6214144K), 0.0161927 secs] [Times: user=0.42 sys=0.00, real=0.02 secs] 
2021-04-01T05:48:56.475+0200: 590.276: [GC (Allocation Failure) [PSYoungGen: 4763086K->60051K(4571648K)] 5269187K->568832K(6022656K), 0.0380385 secs] [Times: user=1.08 sys=0.01, real=0.04 secs] 
2021-04-01T05:49:00.249+0200: 594.050: [GC (Allocation Failure) [PSYoungGen: 4571283K->58432K(4386304K)] 5080064K->570321K(5837312K), 0.0210473 secs] [Times: user=0.56 sys=0.01, real=0.02 secs] 
2021-04-01T05:49:04.421+0200: 598.223: [GC (Allocation Failure) [PSYoungGen: 4385856K->59429K(4212224K)] 4897745K->574631K(5663232K), 0.0236314 secs] [Times: user=0.73 sys=0.01, real=0.02 secs] 
2021-04-01T05:49:07.983+0200: 601.785: [GC (Allocation Failure) [PSYoungGen: 4211749K->55801K(4041728K)] 4726951K->575982K(5492736K), 0.0253145 secs] [Times: user=0.92 sys=0.00, real=0.02 secs] 
2021-04-01T05:49:10.312+0200: 604.113: [GC (Allocation Failure) [PSYoungGen: 4041721K->48402K(3875840K)] 4561902K->578640K(5326848K), 0.0175148 secs] [Times: user=0.50 sys=0.00, real=0.01 secs] 
2021-04-01T05:49:12.600+0200: 606.401: [GC (Allocation Failure) [PSYoungGen: 3875602K->50452K(3726848K)] 4405840K->580691K(5177856K), 0.0139496 secs] [Times: user=0.29 sys=0.00, real=0.01 secs] 
2021-04-01T05:49:17.066+0200: 610.867: [GC (Allocation Failure) [PSYoungGen: 3726612K->54976K(3587584K)] 4256851K->586939K(5038592K), 0.0319478 secs] [Times: user=0.95 sys=0.00, real=0.03 secs] 
2021-04-01T05:49:21.216+0200: 615.017: [GC (Allocation Failure) [PSYoungGen: 3587264K->50569K(3445760K)] 4119227K->585358K(4896768K), 0.0201408 secs] [Times: user=0.53 sys=0.01, real=0.02 secs] 
2021-04-01T05:49:24.790+0200: 618.592: [GC (Allocation Failure) [PSYoungGen: 3445641K->50889K(3315712K)] 3980430K->588935K(4766720K), 0.0220622 secs] [Times: user=0.63 sys=0.00, real=0.03 secs] 
2021-04-01T05:49:27.952+0200: 621.754: [GC (Allocation Failure) [PSYoungGen: 3315401K->50555K(3190784K)] 3853447K->590254K(4641792K), 0.0197121 secs] [Times: user=0.53 sys=0.01, real=0.02 secs] 
2021-04-01T05:49:30.315+0200: 624.116: [GC (Allocation Failure) [PSYoungGen: 3190651K->57172K(3079168K)] 3730350K->598109K(4530176K), 0.0267449 secs] [Times: user=0.78 sys=0.00, real=0.03 secs] 
2021-04-01T05:49:33.076+0200: 626.877: [GC (Allocation Failure) [PSYoungGen: 3078996K->51828K(2961408K)] 3619933K->595554K(4412416K), 0.0283004 secs] [Times: user=1.06 sys=0.00, real=0.03 secs] 
2021-04-01T05:49:34.141+0200: 627.943: [GC (Allocation Failure) [PSYoungGen: 2961012K->47209K(3161088K)] 3504738K->594491K(4612096K), 0.0266108 secs] [Times: user=0.87 sys=0.00, real=0.02 secs] 
2021-04-01T05:49:37.074+0200: 630.875: [GC (Allocation Failure) [PSYoungGen: 3160681K->47474K(3382272K)] 3707963K->597961K(4833280K), 0.0376086 secs] [Times: user=1.15 sys=0.00, real=0.04 secs] 
2021-04-01T05:49:39.941+0200: 633.742: [GC (Allocation Failure) [PSYoungGen: 3382130K->46107K(3613696K)] 3932617K->598434K(5064704K), 0.0313345 secs] [Times: user=0.92 sys=0.00, real=0.03 secs] 
2021-04-01T05:49:43.659+0200: 637.461: [GC (Allocation Failure) [PSYoungGen: 3613211K->48427K(3845120K)] 4165538K->604108K(5296128K), 0.0243829 secs] [Times: user=0.76 sys=0.00, real=0.03 secs] 
2021-04-01T05:49:46.548+0200: 640.349: [GC (Allocation Failure) [PSYoungGen: 3844907K->47835K(4086784K)] 4400588K->605761K(5537792K), 0.0298735 secs] [Times: user=0.98 sys=0.00, real=0.03 secs] 
2021-04-01T05:49:50.099+0200: 643.901: [GC (Allocation Failure) [PSYoungGen: 4086491K->50754K(4360192K)] 4644417K->610660K(5811200K), 0.0469146 secs] [Times: user=1.55 sys=0.00, real=0.05 secs] 
2021-04-01T05:49:53.160+0200: 646.961: [GC (Allocation Failure) [PSYoungGen: 4358542K->48862K(4631040K)] 4918448K->611472K(6082048K), 0.0246694 secs] [Times: user=0.73 sys=0.02, real=0.02 secs] 
2021-04-01T05:49:57.367+0200: 651.168: [GC (Allocation Failure) [PSYoungGen: 4630750K->46562K(4903424K)] 5193360K->617349K(6354432K), 0.0297454 secs] [Times: user=1.07 sys=0.01, real=0.03 secs] 
2021-04-01T05:50:02.101+0200: 655.902: [GC (Allocation Failure) [PSYoungGen: 4903394K->42811K(4699136K)] 5474181K->619077K(6150144K), 0.0214571 secs] [Times: user=0.57 sys=0.00, real=0.02 secs] 
2021-04-01T05:50:06.167+0200: 659.968: [GC (Allocation Failure) [PSYoungGen: 4698939K->45700K(4511232K)] 5275205K->621966K(5962240K), 0.0197834 secs] [Times: user=0.64 sys=0.01, real=0.02 secs] 
2021-04-01T05:50:11.163+0200: 664.965: [GC (Allocation Failure) [PSYoungGen: 4510852K->48059K(4331520K)] 5087118K->627089K(5782528K), 0.0196533 secs] [Times: user=0.49 sys=0.00, real=0.02 secs] 
2021-04-01T05:50:13.978+0200: 667.779: [GC (Allocation Failure) [PSYoungGen: 4331451K->46583K(4156928K)] 4910481K->628781K(5607936K), 0.0253014 secs] [Times: user=0.89 sys=0.00, real=0.03 secs] 
2021-04-01T05:50:16.879+0200: 670.680: [GC (Allocation Failure) [PSYoungGen: 4156919K->47035K(3992576K)] 4739117K->630850K(5443584K), 0.0215574 secs] [Times: user=0.65 sys=0.00, real=0.03 secs] 
2021-04-01T05:50:20.827+0200: 674.629: [GC (Allocation Failure) [PSYoungGen: 3992507K->41970K(3830784K)] 4576322K->633249K(5281792K), 0.0186540 secs] [Times: user=0.49 sys=0.00, real=0.02 secs] 
2021-04-01T05:50:24.306+0200: 678.108: [GC (Allocation Failure) [PSYoungGen: 3830770K->45837K(3685888K)] 4422049K->638390K(5136896K), 0.0214326 secs] [Times: user=0.55 sys=0.00, real=0.02 secs] 
2021-04-01T05:50:27.801+0200: 681.602: [GC (Allocation Failure) [PSYoungGen: 3685645K->42491K(3539968K)] 4278198K->641189K(4990976K), 0.0259023 secs] [Times: user=0.72 sys=0.00, real=0.02 secs] 
2021-04-01T05:50:29.977+0200: 683.778: [GC (Allocation Failure) [PSYoungGen: 3539963K->40635K(3403264K)] 4138661K->642154K(4854272K), 0.0172335 secs] [Times: user=0.47 sys=0.01, real=0.02 secs] 
2021-04-01T05:50:32.685+0200: 686.486: [GC (Allocation Failure) [PSYoungGen: 3402939K->42976K(3276288K)] 4004458K->646303K(4727296K), 0.0178582 secs] [Times: user=0.40 sys=0.01, real=0.02 secs] 
2021-04-01T05:50:35.263+0200: 689.064: [GC (Allocation Failure) [PSYoungGen: 3276256K->42210K(3152896K)] 3879583K->650274K(4603904K), 0.0248788 secs] [Times: user=0.65 sys=0.00, real=0.02 secs] 
2021-04-01T05:50:38.313+0200: 692.114: [GC (Allocation Failure) [PSYoungGen: 3152610K->39913K(3337728K)] 3760674K->651273K(4788736K), 0.0474676 secs] [Times: user=1.39 sys=0.00, real=0.05 secs] 
2021-04-01T05:50:41.861+0200: 695.662: [GC (Allocation Failure) [PSYoungGen: 3337705K->38843K(3210752K)] 3949065K->654961K(4661760K), 0.0180378 secs] [Times: user=0.51 sys=0.01, real=0.01 secs] 
2021-04-01T05:50:44.629+0200: 698.430: [GC (Allocation Failure) [PSYoungGen: 3210683K->42084K(3094528K)] 3826801K->658202K(4545536K), 0.0137708 secs] [Times: user=0.36 sys=0.01, real=0.02 secs] 
2021-04-01T05:50:48.014+0200: 701.815: [GC (GCLocker Initiated GC) [PSYoungGen: 3094116K->50443K(2988544K)] 3710260K->669991K(4439552K), 0.0209014 secs] [Times: user=0.68 sys=0.00, real=0.02 secs] 
2021-04-01T05:50:50.338+0200: 704.139: [GC (Allocation Failure) [PSYoungGen: 2988299K->29172K(2857984K)] 3607849K->663955K(4308992K), 0.0172284 secs] [Times: user=0.56 sys=0.00, real=0.02 secs] 
2021-04-01T05:50:52.113+0200: 705.915: [GC (Allocation Failure) [PSYoungGen: 2857972K->28978K(3025408K)] 3492755K->667426K(4476416K), 0.0282291 secs] [Times: user=0.76 sys=0.00, real=0.03 secs] 
2021-04-01T05:50:53.193+0200: 706.994: [GC (Allocation Failure) [PSYoungGen: 3025202K->27440K(3244544K)] 3663650K->665888K(4695552K), 0.0261945 secs] [Times: user=0.71 sys=0.00, real=0.02 secs] 
2021-04-01T05:50:56.314+0200: 710.115: [GC (Allocation Failure) [PSYoungGen: 3244336K->29291K(3464192K)] 3882784K->668977K(4915200K), 0.0207218 secs] [Times: user=0.55 sys=0.00, real=0.02 secs] 
2021-04-01T05:50:59.967+0200: 713.769: [GC (Allocation Failure) [PSYoungGen: 3463787K->31659K(3682304K)] 4103473K->673014K(5133312K), 0.0249982 secs] [Times: user=0.57 sys=0.02, real=0.03 secs] 
2021-04-01T05:51:03.435+0200: 717.237: [GC (Allocation Failure) [PSYoungGen: 3682219K->35748K(3543552K)] 4323574K->678888K(4994560K), 0.0150583 secs] [Times: user=0.44 sys=0.00, real=0.01 secs] 
2021-04-01T05:51:06.452+0200: 720.253: [GC (Allocation Failure) [PSYoungGen: 3543460K->35883K(3408384K)] 4186600K->680647K(4859392K), 0.0192742 secs] [Times: user=0.50 sys=0.00, real=0.01 secs] 
2021-04-01T05:51:08.686+0200: 722.488: [GC (Allocation Failure) [PSYoungGen: 3407915K->36084K(3278848K)] 4052679K->682152K(4729856K), 0.0226339 secs] [Times: user=0.53 sys=0.00, real=0.02 secs] 
2021-04-01T05:51:12.031+0200: 725.833: [GC (Allocation Failure) [PSYoungGen: 3278580K->39275K(3158528K)] 3924648K->686495K(4609536K), 0.0264763 secs] [Times: user=0.87 sys=0.01, real=0.03 secs] 
2021-04-01T05:51:13.666+0200: 727.468: [GC (Allocation Failure) [PSYoungGen: 3157616K->36210K(3038208K)] 3804836K->685060K(4489216K), 0.0152063 secs] [Times: user=0.31 sys=0.00, real=0.02 secs] 
2021-04-01T05:51:18.859+0200: 732.660: [GC (Allocation Failure) [PSYoungGen: 3038066K->37355K(2927104K)] 3686916K->692481K(4378112K), 0.0250405 secs] [Times: user=0.71 sys=0.01, real=0.03 secs] 
2021-04-01T05:51:21.600+0200: 735.401: [GC (Allocation Failure) [PSYoungGen: 2923889K->36635K(2820096K)] 3579015K->694762K(4271104K), 0.0245227 secs] [Times: user=0.65 sys=0.00, real=0.03 secs] 
2021-04-01T05:51:24.764+0200: 738.565: [GC (Allocation Failure) [PSYoungGen: 2819867K->36852K(2718208K)] 3477994K->697979K(4169216K), 0.0332556 secs] [Times: user=0.92 sys=0.00, real=0.03 secs] 
2021-04-01T05:51:26.441+0200: 740.242: [GC (Allocation Failure) [PSYoungGen: 2718196K->36507K(2900992K)] 3379323K->701459K(4352000K), 0.0340041 secs] [Times: user=0.96 sys=0.00, real=0.03 secs] 
2021-04-01T05:51:30.012+0200: 743.813: [GC (Allocation Failure) [PSYoungGen: 2897380K->33275K(3073024K)] 3562332K->705499K(4524032K), 0.0169932 secs] [Times: user=0.45 sys=0.01, real=0.01 secs] 
2021-04-01T05:51:31.592+0200: 745.393: [GC (Allocation Failure) [PSYoungGen: 3073019K->33188K(3252736K)] 3745243K->710008K(4703744K), 0.0132559 secs] [Times: user=0.30 sys=0.02, real=0.02 secs] 
2021-04-01T05:51:33.470+0200: 747.271: [GC (Allocation Failure) [PSYoungGen: 3252644K->36338K(3133440K)] 3929464K->713158K(4584448K), 0.0119831 secs] [Times: user=0.34 sys=0.01, real=0.02 secs] 
2021-04-01T05:51:35.522+0200: 749.323: [GC (Allocation Failure) [PSYoungGen: 3133426K->36002K(3017216K)] 3810246K->713604K(4468224K), 0.0163800 secs] [Times: user=0.37 sys=0.00, real=0.01 secs] 
2021-04-01T05:51:38.472+0200: 752.274: [GC (Allocation Failure) [PSYoungGen: 3016866K->28155K(2897920K)] 3694468K->717853K(4348928K), 0.0271297 secs] [Times: user=0.73 sys=0.00, real=0.02 secs] 
2021-04-01T05:51:40.601+0200: 754.403: [GC (Allocation Failure) [PSYoungGen: 2897915K->36308K(3103744K)] 3587613K->730712K(4554752K), 0.0447740 secs] [Times: user=1.31 sys=0.00, real=0.04 secs] 
2021-04-01T05:51:44.128+0200: 757.929: [GC (Allocation Failure) [PSYoungGen: 3103700K->32644K(3290112K)] 3798104K->727048K(4741120K), 0.0163035 secs] [Times: user=0.40 sys=0.01, real=0.02 secs] 
2021-04-01T05:51:46.817+0200: 760.618: [GC (Allocation Failure) [PSYoungGen: 3289988K->32283K(3166208K)] 3984392K->728507K(4617216K), 0.0145601 secs] [Times: user=0.33 sys=0.00, real=0.01 secs] 
2021-04-01T05:51:49.302+0200: 763.103: [GC (Allocation Failure) [PSYoungGen: 3165723K->32228K(3047424K)] 3861947K->730001K(4498432K), 0.0177793 secs] [Times: user=0.46 sys=0.00, real=0.01 secs] 
2021-04-01T05:51:51.609+0200: 765.410: [GC (Allocation Failure) [PSYoungGen: 3047396K->41917K(2944512K)] 3745169K->742332K(4395520K), 0.0217747 secs] [Times: user=0.56 sys=0.01, real=0.02 secs] 
2021-04-01T05:51:53.539+0200: 767.340: [GC (Allocation Failure) [PSYoungGen: 2944445K->21481K(2816512K)] 3644860K->734572K(4267520K), 0.0185326 secs] [Times: user=0.49 sys=0.02, real=0.02 secs] 
2021-04-01T05:51:56.727+0200: 770.528: [GC (Allocation Failure) [PSYoungGen: 2816489K->25531K(2718208K)] 3529580K->742011K(4169216K), 0.0185766 secs] [Times: user=0.44 sys=0.01, real=0.02 secs] 
2021-04-01T05:51:58.594+0200: 772.395: [GC (Allocation Failure) [PSYoungGen: 2718139K->26660K(2621952K)] 3434619K->743140K(4072960K), 0.0174387 secs] [Times: user=0.43 sys=0.00, real=0.01 secs] 
2021-04-01T05:52:02.106+0200: 775.907: [GC (Allocation Failure) [PSYoungGen: 2621476K->30516K(2532352K)] 3337956K->749028K(3983360K), 0.0138245 secs] [Times: user=0.29 sys=0.00, real=0.01 secs] 
2021-04-01T05:52:03.914+0200: 777.716: [GC (Allocation Failure) [PSYoungGen: 2532148K->28267K(2441728K)] 3250660K->747883K(3892736K), 0.0109980 secs] [Times: user=0.30 sys=0.01, real=0.01 secs] 
2021-04-01T05:52:06.036+0200: 779.837: [GC (Allocation Failure) [PSYoungGen: 2441323K->31451K(2360320K)] 3160939K->752740K(3811328K), 0.0204160 secs] [Times: user=0.50 sys=0.00, real=0.02 secs] 
2021-04-01T05:52:07.491+0200: 781.292: [GC (Allocation Failure) [PSYoungGen: 2360027K->31460K(2505728K)] 3081316K->753641K(3956736K), 0.0254769 secs] [Times: user=0.69 sys=0.00, real=0.03 secs] 
2021-04-01T05:52:09.898+0200: 783.700: [GC (Allocation Failure) [PSYoungGen: 2505444K->33412K(2420224K)] 3227625K->756704K(3871232K), 0.0139620 secs] [Times: user=0.31 sys=0.00, real=0.02 secs] 
2021-04-01T05:52:11.477+0200: 785.278: [GC (Allocation Failure) [PSYoungGen: 2419844K->27117K(2330112K)] 3143136K->758168K(3781120K), 0.0145868 secs] [Times: user=0.35 sys=0.00, real=0.02 secs] 
2021-04-01T05:52:12.362+0200: 786.163: [GC (Allocation Failure) [PSYoungGen: 2330093K->25161K(2488320K)] 3061144K->759636K(3939328K), 0.0182956 secs] [Times: user=0.45 sys=0.00, real=0.02 secs] 
2021-04-01T05:52:14.831+0200: 788.632: [GC (Allocation Failure) [PSYoungGen: 2487881K->28468K(2655232K)] 3222356K->762943K(4106240K), 0.0220707 secs] [Times: user=0.57 sys=0.00, real=0.03 secs] 
2021-04-01T05:52:18.033+0200: 791.834: [GC (Allocation Failure) [PSYoungGen: 2655028K->27883K(2808320K)] 3389503K->764046K(4259328K), 0.0119484 secs] [Times: user=0.27 sys=0.00, real=0.01 secs] 
2021-04-01T05:52:20.988+0200: 794.789: [GC (Allocation Failure) [PSYoungGen: 2808043K->30338K(2973696K)] 3544206K->767834K(4424704K), 0.0268903 secs] [Times: user=0.77 sys=0.00, real=0.03 secs] 
2021-04-01T05:52:24.138+0200: 797.939: [GC (Allocation Failure) [PSYoungGen: 2973314K->34219K(2868224K)] 3710810K->772875K(4319232K), 0.0189571 secs] [Times: user=0.47 sys=0.00, real=0.02 secs] 
2021-04-01T05:52:25.402+0200: 799.204: [GC (Allocation Failure) [PSYoungGen: 2868139K->21499K(2751488K)] 3606795K->771265K(4202496K), 0.0123712 secs] [Times: user=0.40 sys=0.00, real=0.01 secs] 
2021-04-01T05:52:27.622+0200: 801.424: [GC (Allocation Failure) [PSYoungGen: 2751483K->21540K(2652672K)] 3501249K->774901K(4103680K), 0.0163817 secs] [Times: user=0.43 sys=0.00, real=0.01 secs] 
2021-04-01T05:52:29.642+0200: 803.443: [GC (Allocation Failure) [PSYoungGen: 2652196K->23588K(2560000K)] 3405557K->776949K(4011008K), 0.0091034 secs] [Times: user=0.20 sys=0.00, real=0.00 secs] 
2021-04-01T05:52:31.384+0200: 805.185: [GC (Allocation Failure) [PSYoungGen: 2559524K->25949K(2471936K)] 3312885K->780674K(3922944K), 0.0152358 secs] [Times: user=0.45 sys=0.00, real=0.01 secs] 
2021-04-01T05:52:32.512+0200: 806.313: [GC (Allocation Failure) [PSYoungGen: 2471773K->23904K(2383872K)] 3226498K->780625K(3834880K), 0.0140429 secs] [Times: user=0.32 sys=0.01, real=0.01 secs] 
2021-04-01T05:52:35.937+0200: 809.738: [GC (Allocation Failure) [PSYoungGen: 2383712K->26171K(2304000K)] 3140433K->783661K(3755008K), 0.0102160 secs] [Times: user=0.19 sys=0.00, real=0.01 secs] 
2021-04-01T05:52:38.824+0200: 812.625: [GC (Allocation Failure) [PSYoungGen: 2303547K->28571K(2227712K)] 3061037K->787537K(3678720K), 0.0150289 secs] [Times: user=0.43 sys=0.00, real=0.01 secs] 
2021-04-01T05:52:40.603+0200: 814.405: [GC (Allocation Failure) [PSYoungGen: 2227611K->29586K(2153472K)] 2986577K->789552K(3604480K), 0.0150058 secs] [Times: user=0.43 sys=0.01, real=0.01 secs] 
2021-04-01T05:52:42.523+0200: 816.324: [GC (Allocation Failure) [PSYoungGen: 2153362K->22002K(2074112K)] 2913328K->790568K(3525120K), 0.0137992 secs] [Times: user=0.42 sys=0.00, real=0.01 secs] 
2021-04-01T05:52:44.337+0200: 818.139: [GC (Allocation Failure) [PSYoungGen: 2074098K->23693K(2007552K)] 2842664K->794121K(3458560K), 0.0097243 secs] [Times: user=0.17 sys=0.01, real=0.01 secs] 
2021-04-01T05:52:46.406+0200: 820.207: [GC (Allocation Failure) [PSYoungGen: 2007181K->25933K(1944064K)] 2777609K->796361K(3395072K), 0.0125004 secs] [Times: user=0.30 sys=0.00, real=0.01 secs] 
2021-04-01T05:52:47.964+0200: 821.766: [GC (Allocation Failure) [PSYoungGen: 1943885K->26182K(1882112K)] 2714313K->798054K(3333120K), 0.0121212 secs] [Times: user=0.25 sys=0.01, real=0.01 secs] 
2021-04-01T05:52:49.842+0200: 823.644: [GC (Allocation Failure) [PSYoungGen: 1881670K->24573K(1820160K)] 2653542K->800450K(3271168K), 0.0179900 secs] [Times: user=0.49 sys=0.00, real=0.02 secs] 
2021-04-01T05:52:50.497+0200: 824.298: [GC (Allocation Failure) [PSYoungGen: 1820157K->22166K(1760768K)] 2596034K->801736K(3211776K), 0.0082173 secs] [Times: user=0.18 sys=0.00, real=0.01 secs] 
2021-04-01T05:52:51.989+0200: 825.790: [GC (Allocation Failure) [PSYoungGen: 1760406K->23373K(1707008K)] 2539976K->802943K(3158016K), 0.0072748 secs] [Times: user=0.18 sys=0.01, real=0.01 secs] 
2021-04-01T05:52:52.719+0200: 826.521: [GC (Allocation Failure) [PSYoungGen: 1702902K->23183K(1654784K)] 2482472K->804687K(3105792K), 0.0083638 secs] [Times: user=0.16 sys=0.00, real=0.01 secs] 
2021-04-01T05:52:54.537+0200: 828.339: [GC (Allocation Failure) [PSYoungGen: 1654415K->22779K(1604096K)] 2435919K->805720K(3055104K), 0.0135604 secs] [Times: user=0.39 sys=0.00, real=0.01 secs] 
2021-04-01T05:52:56.730+0200: 830.531: [GC (Allocation Failure) [PSYoungGen: 1603835K->23547K(1556480K)] 2386776K->807796K(3007488K), 0.0145643 secs] [Times: user=0.37 sys=0.00, real=0.02 secs] 
2021-04-01T05:52:59.092+0200: 832.894: [GC (Allocation Failure) [PSYoungGen: 1556475K->25195K(1512448K)] 2340724K->810757K(2963456K), 0.0105483 secs] [Times: user=0.33 sys=0.00, real=0.01 secs] 
2021-04-01T05:53:00.038+0200: 833.839: [GC (Allocation Failure) [PSYoungGen: 1512043K->25293K(1468416K)] 2297605K->811697K(2919424K), 0.0121918 secs] [Times: user=0.24 sys=0.00, real=0.01 secs] 
2021-04-01T05:53:01.340+0200: 835.142: [GC (Allocation Failure) [PSYoungGen: 1468109K->18934K(1419776K)] 2254513K->811138K(2870784K), 0.0128554 secs] [Times: user=0.33 sys=0.00, real=0.01 secs] 
2021-04-01T05:53:02.547+0200: 836.348: [GC (Allocation Failure) [PSYoungGen: 1419766K->23406K(1383936K)] 2211970K->818603K(2834944K), 0.0109192 secs] [Times: user=0.21 sys=0.01, real=0.01 secs] 
2021-04-01T05:53:03.765+0200: 837.567: [GC (Allocation Failure) [PSYoungGen: 1383790K->21005K(1465856K)] 2178987K->816202K(2916864K), 0.0163996 secs] [Times: user=0.47 sys=0.00, real=0.02 secs] 
2021-04-01T05:53:04.215+0200: 838.016: [GC (Allocation Failure) [PSYoungGen: 1465357K->20077K(1628672K)] 2260554K->816858K(3079680K), 0.0405155 secs] [Times: user=1.22 sys=0.00, real=0.04 secs] 
2021-04-01T05:53:06.066+0200: 839.867: [GC (Allocation Failure) [PSYoungGen: 1628269K->17613K(1791488K)] 2425050K->817099K(3242496K), 0.0122900 secs] [Times: user=0.36 sys=0.00, real=0.01 secs] 
2021-04-01T05:53:07.356+0200: 841.157: [GC (Allocation Failure) [PSYoungGen: 1791181K->20333K(1969152K)] 2590667K->820795K(3420160K), 0.0214795 secs] [Times: user=0.58 sys=0.01, real=0.02 secs] 
2021-04-01T05:53:08.364+0200: 842.165: [GC (Allocation Failure) [PSYoungGen: 1969005K->20436K(2157568K)] 2769467K->822286K(3608576K), 0.0181088 secs] [Times: user=0.50 sys=0.00, real=0.02 secs] 
2021-04-01T05:53:10.530+0200: 844.331: [GC (Allocation Failure) [PSYoungGen: 2157524K->21110K(2343936K)] 2959374K->823752K(3794944K), 0.0126662 secs] [Times: user=0.27 sys=0.00, real=0.02 secs] 
2021-04-01T05:53:13.732+0200: 847.534: [GC (Allocation Failure) [PSYoungGen: 2343542K->24036K(2528768K)] 3146184K->827494K(3979776K), 0.0203653 secs] [Times: user=0.63 sys=0.00, real=0.02 secs] 
2021-04-01T05:53:15.222+0200: 849.024: [GC (Allocation Failure) [PSYoungGen: 2528740K->23780K(2712576K)] 3332198K->828904K(4163584K), 0.0132143 secs] [Times: user=0.40 sys=0.00, real=0.01 secs] 
2021-04-01T05:53:17.496+0200: 851.297: [GC (Allocation Failure) [PSYoungGen: 2712292K->16886K(2888192K)] 3517416K->830138K(4339200K), 0.0156800 secs] [Times: user=0.47 sys=0.00, real=0.02 secs] 
2021-04-01T05:53:19.604+0200: 853.406: [GC (Allocation Failure) [PSYoungGen: 2888182K->20093K(3063808K)] 3701434K->835838K(4514816K), 0.0082364 secs] [Times: user=0.16 sys=0.01, real=0.01 secs] 
2021-04-01T05:53:22.394+0200: 856.196: [GC (Allocation Failure) [PSYoungGen: 3063421K->22454K(2952192K)] 3879166K->838199K(4403200K), 0.0080594 secs] [Times: user=0.19 sys=0.00, real=0.01 secs] 
2021-04-01T05:53:25.212+0200: 859.014: [GC (Allocation Failure) [PSYoungGen: 2952118K->25133K(2846720K)] 3767863K->842178K(4297728K), 0.0125777 secs] [Times: user=0.29 sys=0.00, real=0.01 secs] 
2021-04-01T05:53:27.539+0200: 861.340: [GC (Allocation Failure) [PSYoungGen: 2846253K->12800K(2730496K)] 3663298K->844172K(4181504K), 0.0109545 secs] [Times: user=0.28 sys=0.00, real=0.01 secs] 
2021-04-01T05:53:29.678+0200: 863.479: [GC (Allocation Failure) [PSYoungGen: 2730496K->17168K(2636288K)] 3561868K->849968K(4087296K), 0.0094878 secs] [Times: user=0.18 sys=0.00, real=0.01 secs] 
2021-04-01T05:53:32.047+0200: 865.849: [GC (Allocation Failure) [PSYoungGen: 2636048K->20125K(2545152K)] 3468848K->852925K(3996160K), 0.0192249 secs] [Times: user=0.47 sys=0.01, real=0.02 secs] 
2021-04-01T05:53:33.237+0200: 867.039: [GC (Allocation Failure) [PSYoungGen: 2544797K->18089K(2453504K)] 3377597K->851497K(3904512K), 0.0093556 secs] [Times: user=0.18 sys=0.00, real=0.01 secs] 
2021-04-01T05:53:36.803+0200: 870.604: [GC (Allocation Failure) [PSYoungGen: 2453161K->24045K(2373632K)] 3286569K->864375K(3824640K), 0.0117820 secs] [Times: user=0.35 sys=0.00, real=0.01 secs] 
2021-04-01T05:53:38.803+0200: 872.604: [GC (Allocation Failure) [PSYoungGen: 2373613K->21885K(2289664K)] 3213943K->863139K(3740672K), 0.0194055 secs] [Times: user=0.56 sys=0.01, real=0.02 secs] 
2021-04-01T05:53:40.438+0200: 874.239: [GC (Allocation Failure) [PSYoungGen: 2289533K->22011K(2211328K)] 3130787K->868697K(3662336K), 0.0106850 secs] [Times: user=0.24 sys=0.00, real=0.01 secs] 
2021-04-01T05:53:42.458+0200: 876.259: [GC (Allocation Failure) [PSYoungGen: 2211323K->24100K(2139136K)] 3058009K->871946K(3590144K), 0.0176848 secs] [Times: user=0.49 sys=0.00, real=0.02 secs] 
2021-04-01T05:53:44.818+0200: 878.619: [GC (Allocation Failure) [PSYoungGen: 2138660K->20475K(2063872K)] 2986506K->874334K(3514880K), 0.0116501 secs] [Times: user=0.24 sys=0.00, real=0.01 secs] 
2021-04-01T05:53:46.347+0200: 880.148: [GC (Allocation Failure) [PSYoungGen: 2063867K->23686K(1999360K)] 2917726K->879211K(3450368K), 0.0109469 secs] [Times: user=0.25 sys=0.02, real=0.01 secs] 
2021-04-01T05:53:48.447+0200: 882.248: [GC (Allocation Failure) [PSYoungGen: 1998982K->21494K(1931776K)] 2854507K->881123K(3382784K), 0.0152319 secs] [Times: user=0.46 sys=0.00, real=0.02 secs] 
2021-04-01T05:53:50.086+0200: 883.887: [GC (Allocation Failure) [PSYoungGen: 1931766K->23958K(1872384K)] 2791395K->886124K(3323392K), 0.0118863 secs] [Times: user=0.22 sys=0.00, real=0.01 secs] 
2021-04-01T05:53:50.693+0200: 884.494: [GC (Allocation Failure) [PSYoungGen: 1872278K->18413K(1807360K)] 2734444K->884804K(3258368K), 0.0077379 secs] [Times: user=0.15 sys=0.02, real=0.01 secs] 
2021-04-01T05:53:52.200+0200: 886.002: [GC (Allocation Failure) [PSYoungGen: 1807341K->21611K(1754112K)] 2673732K->890207K(3205120K), 0.0147246 secs] [Times: user=0.35 sys=0.00, real=0.01 secs] 
2021-04-01T05:53:52.949+0200: 886.751: [GC (Allocation Failure) [PSYoungGen: 1753707K->21211K(1860096K)] 2622303K->889807K(3311104K), 0.0098567 secs] [Times: user=0.26 sys=0.00, real=0.01 secs] 
2021-04-01T05:53:55.108+0200: 888.909: [GC (Allocation Failure) [PSYoungGen: 1859803K->22235K(1970176K)] 2728399K->892216K(3421184K), 0.0170317 secs] [Times: user=0.40 sys=0.01, real=0.02 secs] 
2021-04-01T05:53:56.943+0200: 890.745: [GC (Allocation Failure) [PSYoungGen: 1969883K->16884K(1900544K)] 2839864K->894954K(3351552K), 0.0128472 secs] [Times: user=0.29 sys=0.01, real=0.01 secs] 
2021-04-01T05:54:00.439+0200: 894.240: [GC (Allocation Failure) [PSYoungGen: 1900532K->23031K(1845760K)] 2778602K->902750K(3296768K), 0.0167263 secs] [Times: user=0.38 sys=0.00, real=0.02 secs] 
2021-04-01T05:54:01.463+0200: 895.265: [GC (Allocation Failure) [PSYoungGen: 1845751K->19959K(1976832K)] 2725470K->909989K(3427840K), 0.0286524 secs] [Times: user=0.78 sys=0.06, real=0.03 secs] 
2021-04-01T05:54:03.013+0200: 896.814: [GC (Allocation Failure) [PSYoungGen: 1976823K->30381K(2121216K)] 2866853K->924138K(3572224K), 0.0118205 secs] [Times: user=0.29 sys=0.01, real=0.01 secs] 
2021-04-01T05:54:04.581+0200: 898.382: [GC (Allocation Failure) [PSYoungGen: 2120877K->12262K(2247680K)] 3014634K->917303K(3698688K), 0.0192555 secs] [Times: user=0.62 sys=0.01, real=0.02 secs] 
2021-04-01T05:54:06.382+0200: 900.183: [GC (Allocation Failure) [PSYoungGen: 2247654K->16936K(2390016K)] 3152695K->923454K(3841024K), 0.0074289 secs] [Times: user=0.16 sys=0.01, real=0.00 secs] 
2021-04-01T05:54:08.334+0200: 902.136: [GC (Allocation Failure) [PSYoungGen: 2389544K->16109K(2540544K)] 3296062K->922627K(3991552K), 0.0239387 secs] [Times: user=0.70 sys=0.00, real=0.02 secs] 
2021-04-01T05:54:10.732+0200: 904.534: [GC (Allocation Failure) [PSYoungGen: 2540269K->20845K(2694656K)] 3446787K->928731K(4145664K), 0.0149565 secs] [Times: user=0.41 sys=0.00, real=0.01 secs] 
2021-04-01T05:54:12.610+0200: 906.411: [GC (Allocation Failure) [PSYoungGen: 2694509K->29675K(2606592K)] 3602395K->938905K(4057600K), 0.0128986 secs] [Times: user=0.36 sys=0.00, real=0.02 secs] 
2021-04-01T05:54:13.369+0200: 907.170: [GC (Allocation Failure) [PSYoungGen: 2606571K->27506K(2784768K)] 3515801K->938248K(4235776K), 0.0169041 secs] [Times: user=0.41 sys=0.00, real=0.02 secs] 
2021-04-01T05:54:15.606+0200: 909.407: [GC (Allocation Failure) [PSYoungGen: 2784626K->12779K(2947584K)] 3695368K->932118K(4398592K), 0.0142561 secs] [Times: user=0.38 sys=0.00, real=0.02 secs] 
2021-04-01T05:54:19.146+0200: 912.947: [GC (Allocation Failure) [PSYoungGen: 2947563K->23652K(2849792K)] 3866902K->944402K(4300800K), 0.0152957 secs] [Times: user=0.38 sys=0.00, real=0.02 secs] 
2021-04-01T05:54:22.477+0200: 916.278: [GC (Allocation Failure) [PSYoungGen: 2849380K->22116K(2744320K)] 3770130K->942866K(4195328K), 0.0133725 secs] [Times: user=0.35 sys=0.01, real=0.01 secs] 
2021-04-01T05:54:24.370+0200: 918.172: [GC (Allocation Failure) [PSYoungGen: 2743908K->22758K(2646016K)] 3664658K->943867K(4097024K), 0.0142641 secs] [Times: user=0.34 sys=0.00, real=0.02 secs] 
2021-04-01T05:54:26.533+0200: 920.334: [GC (Allocation Failure) [PSYoungGen: 2645734K->20477K(2549248K)] 3566843K->945481K(4000256K), 0.0137937 secs] [Times: user=0.31 sys=0.00, real=0.01 secs] 
2021-04-01T05:54:28.447+0200: 922.248: [GC (Allocation Failure) [PSYoungGen: 2549245K->21325K(2460160K)] 3474249K->948761K(3911168K), 0.0151703 secs] [Times: user=0.39 sys=0.01, real=0.02 secs] 
2021-04-01T05:54:30.543+0200: 924.345: [GC (Allocation Failure) [PSYoungGen: 2459981K->21997K(2374656K)] 3387417K->950993K(3825664K), 0.0094239 secs] [Times: user=0.22 sys=0.01, real=0.01 secs] 
2021-04-01T05:54:32.684+0200: 926.485: [GC (Allocation Failure) [PSYoungGen: 2374637K->25115K(2296320K)] 3303633K->955723K(3747328K), 0.0157119 secs] [Times: user=0.39 sys=0.00, real=0.01 secs] 
2021-04-01T05:54:33.590+0200: 927.391: [GC (Allocation Failure) [PSYoungGen: 2295835K->13307K(2433536K)] 3226443K->953978K(3884544K), 0.0205627 secs] [Times: user=0.56 sys=0.00, real=0.02 secs] 
2021-04-01T05:54:36.571+0200: 930.372: [GC (Allocation Failure) [PSYoungGen: 2430761K->20386K(2586624K)] 3371432K->962813K(4037632K), 0.0167624 secs] [Times: user=0.43 sys=0.00, real=0.02 secs] 
2021-04-01T05:54:38.515+0200: 932.317: [GC (Allocation Failure) [PSYoungGen: 2586530K->22226K(2497024K)] 3528957K->964653K(3948032K), 0.0106521 secs] [Times: user=0.25 sys=0.00, real=0.01 secs] 
2021-04-01T05:54:42.460+0200: 936.261: [GC (Allocation Failure) [PSYoungGen: 2496722K->27250K(2414592K)] 3439149K->970173K(3865600K), 0.0200372 secs] [Times: user=0.53 sys=0.00, real=0.02 secs] 
2021-04-01T05:54:44.196+0200: 937.997: [GC (Allocation Failure) [PSYoungGen: 2414194K->8690K(2312192K)] 3357117K->971371K(3763200K), 0.0186583 secs] [Times: user=0.49 sys=0.02, real=0.02 secs] 
2021-04-01T05:54:45.992+0200: 939.793: [GC (Allocation Failure) [PSYoungGen: 2312178K->13021K(2236928K)] 3274859K->976580K(3687936K), 0.0098042 secs] [Times: user=0.23 sys=0.00, real=0.01 secs] 
2021-04-01T05:54:47.605+0200: 941.406: [GC (Allocation Failure) [PSYoungGen: 2236637K->18356K(2165760K)] 3200196K->981915K(3616768K), 0.0136479 secs] [Times: user=0.32 sys=0.00, real=0.01 secs] 
2021-04-01T05:54:48.616+0200: 942.417: [GC (Allocation Failure) [PSYoungGen: 2165684K->20484K(2311168K)] 3129243K->984860K(3762176K), 0.0212012 secs] [Times: user=0.55 sys=0.00, real=0.02 secs] 
2021-04-01T05:54:50.606+0200: 944.407: [GC (Allocation Failure) [PSYoungGen: 2310660K->16333K(2458112K)] 3275036K->981549K(3909120K), 0.0211760 secs] [Times: user=0.57 sys=0.00, real=0.02 secs] 
2021-04-01T05:54:53.202+0200: 947.003: [GC (Allocation Failure) [PSYoungGen: 2458061K->18345K(2374144K)] 3423277K->984133K(3825152K), 0.0113568 secs] [Times: user=0.23 sys=0.00, real=0.01 secs] 
2021-04-01T05:54:54.494+0200: 948.296: [GC (Allocation Failure) [PSYoungGen: 2374057K->19689K(2293760K)] 3339845K->986125K(3744768K), 0.0098950 secs] [Times: user=0.21 sys=0.00, real=0.01 secs] 
2021-04-01T05:54:57.423+0200: 951.225: [GC (Allocation Failure) [PSYoungGen: 2293481K->20516K(2216448K)] 3259917K->987740K(3667456K), 0.0145722 secs] [Times: user=0.36 sys=0.01, real=0.01 secs] 
2021-04-01T05:55:00.032+0200: 953.833: [GC (Allocation Failure) [PSYoungGen: 2215972K->20987K(2141696K)] 3183196K->990123K(3592704K), 0.0132054 secs] [Times: user=0.24 sys=0.00, real=0.02 secs] 
2021-04-01T05:55:01.161+0200: 954.962: [GC (Allocation Failure) [PSYoungGen: 2141691K->24484K(2073600K)] 3110827K->994832K(3524608K), 0.0165718 secs] [Times: user=0.41 sys=0.00, real=0.01 secs] 
2021-04-01T05:55:02.599+0200: 956.400: [GC (Allocation Failure) [PSYoungGen: 2073501K->14331K(1995264K)] 3043848K->1003761K(3446272K), 0.0149462 secs] [Times: user=0.43 sys=0.00, real=0.02 secs] 
2021-04-01T05:55:04.343+0200: 958.144: [GC (Allocation Failure) [PSYoungGen: 1995259K->18813K(2118144K)] 2984689K->1009668K(3569152K), 0.0169637 secs] [Times: user=0.42 sys=0.02, real=0.02 secs] 
2021-04-01T05:55:06.282+0200: 960.084: [GC (Allocation Failure) [PSYoungGen: 2118013K->21133K(2050048K)] 3108868K->1011988K(3501056K), 0.0141069 secs] [Times: user=0.34 sys=0.00, real=0.01 secs] 
2021-04-01T05:55:08.158+0200: 961.960: [GC (Allocation Failure) [PSYoungGen: 2049677K->20477K(1981440K)] 3040532K->1011864K(3432448K), 0.0103272 secs] [Times: user=0.22 sys=0.00, real=0.01 secs] 
2021-04-01T05:55:09.603+0200: 963.404: [GC (Allocation Failure) [PSYoungGen: 1981437K->23008K(2102272K)] 2972824K->1016783K(3553280K), 0.0206312 secs] [Times: user=0.55 sys=0.01, real=0.02 secs] 
2021-04-01T05:55:10.790+0200: 964.592: [GC (Allocation Failure) [PSYoungGen: 2102240K->22845K(2227200K)] 3096015K->1018182K(3678208K), 0.0116018 secs] [Times: user=0.25 sys=0.01, real=0.02 secs] 
2021-04-01T05:55:12.846+0200: 966.647: [GC (Allocation Failure) [PSYoungGen: 2227005K->17915K(2357248K)] 3222342K->1019768K(3808256K), 0.0213250 secs] [Times: user=0.56 sys=0.00, real=0.02 secs] 
2021-04-01T05:55:15.326+0200: 969.127: [GC (Allocation Failure) [PSYoungGen: 2354059K->21308K(2279424K)] 3355912K->1024584K(3730432K), 0.0176792 secs] [Times: user=0.46 sys=0.00, real=0.02 secs] 
2021-04-01T05:55:18.042+0200: 971.843: [GC (Allocation Failure) [PSYoungGen: 2279228K->23522K(2203648K)] 3282504K->1028255K(3654656K), 0.0222830 secs] [Times: user=0.59 sys=0.00, real=0.02 secs] 
2021-04-01T05:55:20.834+0200: 974.635: [GC (Allocation Failure) [PSYoungGen: 2203618K->26788K(2132992K)] 3208351K->1033449K(3584000K), 0.0174237 secs] [Times: user=0.46 sys=0.00, real=0.01 secs] 
2021-04-01T05:55:22.502+0200: 976.303: [GC (Allocation Failure) [PSYoungGen: 2132644K->11236K(2268160K)] 3139305K->1034744K(3719168K), 0.0412786 secs] [Times: user=1.22 sys=0.01, real=0.04 secs] 
2021-04-01T05:55:24.118+0200: 977.919: [GC (Allocation Failure) [PSYoungGen: 2268132K->16244K(2436608K)] 3291640K->1041407K(3887616K), 0.0208443 secs] [Times: user=0.58 sys=0.00, real=0.02 secs] 
2021-04-01T05:55:25.996+0200: 979.797: [GC (Allocation Failure) [PSYoungGen: 2436468K->17316K(2604032K)] 3461631K->1042479K(4055040K), 0.0165017 secs] [Times: user=0.40 sys=0.01, real=0.02 secs] 
2021-04-01T05:55:28.242+0200: 982.043: [GC (Allocation Failure) [PSYoungGen: 2603940K->20068K(2763776K)] 3629103K->1046568K(4214784K), 0.0087331 secs] [Times: user=0.13 sys=0.00, real=0.00 secs] 
2021-04-01T05:55:30.362+0200: 984.163: [GC (Allocation Failure) [PSYoungGen: 2762812K->20443K(2663936K)] 3789311K->1047534K(4114944K), 0.0086973 secs] [Times: user=0.22 sys=0.00, real=0.00 secs] 
2021-04-01T05:55:31.993+0200: 985.794: [GC (Allocation Failure) [PSYoungGen: 2663899K->20669K(2569216K)] 3690990K->1049150K(4020224K), 0.0105277 secs] [Times: user=0.28 sys=0.00, real=0.01 secs] 
2021-04-01T05:55:33.097+0200: 986.898: [GC (Allocation Failure) [PSYoungGen: 2568893K->20992K(2722816K)] 3597374K->1050616K(4173824K), 0.0164670 secs] [Times: user=0.41 sys=0.00, real=0.02 secs] 
2021-04-01T05:55:36.595+0200: 990.397: [GC (Allocation Failure) [PSYoungGen: 2722304K->25083K(2628608K)] 3751928K->1055552K(4079616K), 0.0171019 secs] [Times: user=0.39 sys=0.01, real=0.02 secs] 
2021-04-01T05:55:39.727+0200: 993.528: [GC (Allocation Failure) [PSYoungGen: 2628603K->14331K(2524160K)] 3659072K->1056988K(3975168K), 0.0263244 secs] [Times: user=0.73 sys=0.01, real=0.03 secs] 
2021-04-01T05:55:43.170+0200: 996.971: [GC (Allocation Failure) [PSYoungGen: 2524155K->21803K(2442752K)] 3566812K->1065228K(3893760K), 0.0179780 secs] [Times: user=0.49 sys=0.00, real=0.02 secs] 
2021-04-01T05:55:45.270+0200: 999.071: [GC (Allocation Failure) [PSYoungGen: 2442539K->23714K(2359808K)] 3485964K->1067139K(3810816K), 0.0245865 secs] [Times: user=0.76 sys=0.00, real=0.03 secs] 
2021-04-01T05:55:48.182+0200: 1001.983: [GC (Allocation Failure) [PSYoungGen: 2359458K->25805K(2280448K)] 3402883K->1070057K(3731456K), 0.0102045 secs] [Times: user=0.20 sys=0.00, real=0.01 secs] 
2021-04-01T05:55:49.689+0200: 1003.491: [GC (Allocation Failure) [PSYoungGen: 2280141K->10742K(2187776K)] 3324393K->1068693K(3638784K), 0.0117031 secs] [Times: user=0.35 sys=0.01, real=0.02 secs] 
2021-04-01T05:55:51.388+0200: 1005.189: [GC (Allocation Failure) [PSYoungGen: 2187766K->17357K(2120192K)] 3245717K->1076558K(3571200K), 0.0142129 secs] [Times: user=0.39 sys=0.02, real=0.02 secs] 
2021-04-01T05:55:52.562+0200: 1006.363: [GC (Allocation Failure) [PSYoungGen: 2120141K->18397K(2248704K)] 3179342K->1077598K(3699712K), 0.0184256 secs] [Times: user=0.49 sys=0.00, real=0.02 secs] 
2021-04-01T05:55:53.711+0200: 1007.512: [GC (Allocation Failure) [PSYoungGen: 2248669K->18498K(2390016K)] 3307870K->1078468K(3841024K), 0.0140976 secs] [Times: user=0.38 sys=0.00, real=0.02 secs] 
2021-04-01T05:55:55.454+0200: 1009.255: [GC (Allocation Failure) [PSYoungGen: 2389570K->19611K(2538496K)] 3449540K->1080433K(3989504K), 0.0162102 secs] [Times: user=0.41 sys=0.00, real=0.01 secs] 
2021-04-01T05:55:57.775+0200: 1011.576: [GC (Allocation Failure) [PSYoungGen: 2538139K->23099K(2705408K)] 3598961K->1084537K(4156416K), 0.0292484 secs] [Times: user=0.80 sys=0.01, real=0.03 secs] 
2021-04-01T05:56:00.133+0200: 1013.934: [GC (Allocation Failure) [PSYoungGen: 2704955K->16379K(2869248K)] 3766393K->1085097K(4320256K), 0.0221585 secs] [Times: user=0.64 sys=0.00, real=0.02 secs] 
2021-04-01T05:56:02.466+0200: 1016.267: [GC (Allocation Failure) [PSYoungGen: 2869243K->25444K(3057152K)] 3937961K->1095091K(4508160K), 0.0215262 secs] [Times: user=0.55 sys=0.00, real=0.02 secs] 
2021-04-01T05:56:04.768+0200: 1018.569: [GC (Allocation Failure) [PSYoungGen: 3056996K->17892K(3236864K)] 4126643K->1094371K(4687872K), 0.0213380 secs] [Times: user=0.56 sys=0.03, real=0.02 secs] 
2021-04-01T05:56:07.608+0200: 1021.410: [GC (Allocation Failure) [PSYoungGen: 3236836K->20077K(3117056K)] 4313315K->1099003K(4568064K), 0.0128180 secs] [Times: user=0.27 sys=0.00, real=0.02 secs] 
2021-04-01T05:56:10.474+0200: 1024.276: [GC (Allocation Failure) [PSYoungGen: 3116653K->22525K(3002880K)] 4195579K->1103423K(4453888K), 0.0148028 secs] [Times: user=0.39 sys=0.00, real=0.01 secs] 
2021-04-01T05:56:12.801+0200: 1026.602: [GC (Allocation Failure) [PSYoungGen: 3002877K->24619K(2894336K)] 4083775K->1107813K(4345344K), 0.0095940 secs] [Times: user=0.21 sys=0.00, real=0.00 secs] 
2021-04-01T05:56:14.997+0200: 1028.798: [GC (Allocation Failure) [PSYoungGen: 2893867K->13298K(2776576K)] 3977061K->1108065K(4227584K), 0.0126598 secs] [Times: user=0.31 sys=0.02, real=0.01 secs] 
2021-04-01T05:56:18.461+0200: 1032.262: [GC (Allocation Failure) [PSYoungGen: 2776562K->20891K(2683392K)] 3871329K->1116306K(4134400K), 0.0138383 secs] [Times: user=0.37 sys=0.00, real=0.01 secs] 
2021-04-01T05:56:20.740+0200: 1034.541: [GC (Allocation Failure) [PSYoungGen: 2683291K->22235K(2588672K)] 3778706K->1117650K(4039680K), 0.0159940 secs] [Times: user=0.39 sys=0.00, real=0.01 secs] 
2021-04-01T05:56:23.066+0200: 1036.867: [GC (Allocation Failure) [PSYoungGen: 2588379K->24610K(2499584K)] 3683794K->1120548K(3950592K), 0.0147694 secs] [Times: user=0.36 sys=0.00, real=0.02 secs] 
2021-04-01T05:56:24.765+0200: 1038.566: [GC (Allocation Failure) [PSYoungGen: 2499106K->11250K(2398208K)] 3595044K->1125574K(3849216K), 0.0135123 secs] [Times: user=0.41 sys=0.00, real=0.01 secs] 
2021-04-01T05:56:26.486+0200: 1040.288: [GC (Allocation Failure) [PSYoungGen: 2398194K->22052K(2326016K)] 3512518K->1137618K(3777024K), 0.0260697 secs] [Times: user=0.97 sys=0.00, real=0.03 secs] 
2021-04-01T05:56:28.623+0200: 1042.424: [GC (Allocation Failure) [PSYoungGen: 2325540K->24164K(2248192K)] 3441106K->1139730K(3699200K), 0.0140518 secs] [Times: user=0.31 sys=0.01, real=0.01 secs] 
2021-04-01T05:56:31.465+0200: 1045.267: [GC (Allocation Failure) [PSYoungGen: 2247780K->26053K(2173440K)] 3363346K->1142494K(3624448K), 0.0285138 secs] [Times: user=0.77 sys=0.00, real=0.03 secs] 
2021-04-01T05:56:33.638+0200: 1047.440: [GC (Allocation Failure) [PSYoungGen: 2173381K->10235K(2084864K)] 3289822K->1144965K(3535872K), 0.0091168 secs] [Times: user=0.16 sys=0.08, real=0.01 secs] 
2021-04-01T05:56:34.496+0200: 1048.298: [GC (Allocation Failure) [PSYoungGen: 2084859K->13728K(2018816K)] 3219589K->1149582K(3469824K), 0.0075047 secs] [Times: user=0.14 sys=0.00, real=0.01 secs] 
2021-04-01T05:56:36.777+0200: 1050.578: [GC (Allocation Failure) [PSYoungGen: 2018720K->17497K(1956352K)] 3154574K->1153351K(3407360K), 0.0101978 secs] [Times: user=0.22 sys=0.00, real=0.01 secs] 
2021-04-01T05:56:38.467+0200: 1052.268: [GC (Allocation Failure) [PSYoungGen: 1955929K->18811K(1893888K)] 3091783K->1155758K(3344896K), 0.0085175 secs] [Times: user=0.21 sys=0.00, real=0.01 secs] 
2021-04-01T05:56:40.318+0200: 1054.120: [GC (Allocation Failure) [PSYoungGen: 1893755K->20043K(1835008K)] 3030702K->1157563K(3286016K), 0.0140953 secs] [Times: user=0.40 sys=0.00, real=0.02 secs] 
2021-04-01T05:56:41.589+0200: 1055.390: [GC (Allocation Failure) [PSYoungGen: 1834571K->27506K(1784320K)] 2972091K->1165926K(3235328K), 0.0157391 secs] [Times: user=0.38 sys=0.00, real=0.02 secs] 
2021-04-01T05:56:42.532+0200: 1056.333: [GC (Allocation Failure) [PSYoungGen: 1784178K->15846K(1895936K)] 2922598K->1159330K(3346944K), 0.0224743 secs] [Times: user=0.61 sys=0.01, real=0.02 secs] 
2021-04-01T05:56:44.385+0200: 1058.186: [GC (Allocation Failure) [PSYoungGen: 1895910K->19108K(2018816K)] 3039394K->1164344K(3469824K), 0.0098652 secs] [Times: user=0.22 sys=0.00, real=0.01 secs] 
2021-04-01T05:56:46.359+0200: 1060.160: [GC (Allocation Failure) [PSYoungGen: 2018468K->25469K(2147328K)] 3163704K->1170705K(3598336K), 0.0162839 secs] [Times: user=0.42 sys=0.00, real=0.02 secs] 
2021-04-01T05:56:48.131+0200: 1061.933: [GC (Allocation Failure) [PSYoungGen: 2147197K->23191K(2277888K)] 3292433K->1168958K(3728896K), 0.0195792 secs] [Times: user=0.51 sys=0.00, real=0.02 secs] 
2021-04-01T05:56:49.651+0200: 1063.452: [GC (Allocation Failure) [PSYoungGen: 2277527K->15860K(2405888K)] 3423294K->1170008K(3856896K), 0.0118891 secs] [Times: user=0.30 sys=0.01, real=0.02 secs] 
2021-04-01T05:56:52.011+0200: 1065.812: [GC (Allocation Failure) [PSYoungGen: 2405876K->20045K(2327040K)] 3560024K->1175848K(3778048K), 0.0075028 secs] [Times: user=0.16 sys=0.00, real=0.01 secs] 
2021-04-01T05:56:53.241+0200: 1067.042: [GC (Allocation Failure) [PSYoungGen: 2326605K->20402K(2247168K)] 3482408K->1176204K(3698176K), 0.0106582 secs] [Times: user=0.22 sys=0.00, real=0.00 secs] 
2021-04-01T05:56:55.219+0200: 1069.021: [GC (Allocation Failure) [PSYoungGen: 2247090K->21677K(2172416K)] 3402892K->1178016K(3623424K), 0.0201134 secs] [Times: user=0.56 sys=0.00, real=0.02 secs] 
2021-04-01T05:56:57.702+0200: 1071.504: [GC (Allocation Failure) [PSYoungGen: 2172077K->18418K(2096128K)] 3328416K->1188137K(3547136K), 0.0139814 secs] [Times: user=0.35 sys=0.01, real=0.01 secs] 
2021-04-01T05:56:59.617+0200: 1073.419: [GC (Allocation Failure) [PSYoungGen: 2096114K->22925K(2031104K)] 3265833K->1194833K(3482112K), 0.0166353 secs] [Times: user=0.39 sys=0.01, real=0.02 secs] 
2021-04-01T05:57:01.809+0200: 1075.611: [GC (Allocation Failure) [PSYoungGen: 2030989K->23527K(1965056K)] 3202897K->1196186K(3416064K), 0.0123932 secs] [Times: user=0.29 sys=0.01, real=0.02 secs] 
2021-04-01T05:57:03.286+0200: 1077.088: [GC (Allocation Failure) [PSYoungGen: 1965031K->23789K(1902080K)] 3137690K->1198693K(3353088K), 0.0188942 secs] [Times: user=0.44 sys=0.00, real=0.02 secs] 
2021-04-01T05:57:04.640+0200: 1078.441: [GC (Allocation Failure) [PSYoungGen: 1901805K->15357K(2014208K)] 3076709K->1198982K(3465216K), 0.0210707 secs] [Times: user=0.56 sys=0.02, real=0.02 secs] 
2021-04-01T05:57:06.399+0200: 1080.200: [GC (Allocation Failure) [PSYoungGen: 2014205K->16733K(1949696K)] 3197830K->1201649K(3400704K), 0.0071714 secs] [Times: user=0.15 sys=0.00, real=0.01 secs] 
2021-04-01T05:57:08.066+0200: 1081.867: [GC (Allocation Failure) [PSYoungGen: 1949533K->22589K(1892864K)] 3134449K->1207505K(3343872K), 0.0078103 secs] [Times: user=0.16 sys=0.00, real=0.01 secs] 
2021-04-01T05:57:10.801+0200: 1084.602: [GC (Allocation Failure) [PSYoungGen: 1892413K->23022K(1832448K)] 3077329K->1209284K(3283456K), 0.0166296 secs] [Times: user=0.40 sys=0.00, real=0.01 secs] 
2021-04-01T05:57:11.495+0200: 1085.296: [GC (Allocation Failure) [PSYoungGen: 1832430K->14829K(1766400K)] 3018692K->1207608K(3217408K), 0.0104304 secs] [Times: user=0.26 sys=0.00, real=0.01 secs] 
2021-04-01T05:57:13.912+0200: 1087.713: [GC (Allocation Failure) [PSYoungGen: 1766381K->19444K(1715712K)] 2959160K->1213888K(3166720K), 0.0135503 secs] [Times: user=0.29 sys=0.00, real=0.01 secs] 
2021-04-01T05:57:14.573+0200: 1088.374: [GC (Allocation Failure) [PSYoungGen: 1715700K->19275K(1825280K)] 2910144K->1213719K(3276288K), 0.0114432 secs] [Times: user=0.26 sys=0.00, real=0.01 secs] 
2021-04-01T05:57:16.420+0200: 1090.221: [GC (Allocation Failure) [PSYoungGen: 1825099K->19595K(1942016K)] 3019543K->1215086K(3393024K), 0.0191930 secs] [Times: user=0.47 sys=0.00, real=0.01 secs] 
2021-04-01T05:57:18.117+0200: 1091.918: [GC (Allocation Failure) [PSYoungGen: 1941643K->18420K(2068480K)] 3137134K->1215691K(3519488K), 0.0212006 secs] [Times: user=0.63 sys=0.01, real=0.02 secs] 
2021-04-01T05:57:19.949+0200: 1093.750: [GC (Allocation Failure) [PSYoungGen: 2068468K->21453K(2209280K)] 3265739K->1220315K(3660288K), 0.0214701 secs] [Times: user=0.62 sys=0.00, real=0.02 secs] 
2021-04-01T05:57:21.537+0200: 1095.338: [GC (Allocation Failure) [PSYoungGen: 2209229K->16893K(2345472K)] 3408091K->1222075K(3796480K), 0.0130860 secs] [Times: user=0.30 sys=0.01, real=0.01 secs] 
2021-04-01T05:57:23.181+0200: 1096.982: [GC (Allocation Failure) [PSYoungGen: 2345469K->20621K(2506240K)] 3550651K->1229202K(3957248K), 0.0221524 secs] [Times: user=0.64 sys=0.00, real=0.02 secs] 
2021-04-01T05:57:25.430+0200: 1099.231: [GC (Allocation Failure) [PSYoungGen: 2505869K->17901K(2654208K)] 3714450K->1239111K(4105216K), 0.0113896 secs] [Times: user=0.29 sys=0.00, real=0.02 secs] 
2021-04-01T05:57:28.194+0200: 1101.995: [GC (Allocation Failure) [PSYoungGen: 2654189K->23037K(2564608K)] 3875399K->1245575K(4015616K), 0.0135204 secs] [Times: user=0.33 sys=0.00, real=0.01 secs] 
2021-04-01T05:57:30.299+0200: 1104.100: [GC (Allocation Failure) [PSYoungGen: 2564605K->18925K(2469888K)] 3787143K->1247267K(3920896K), 0.0164558 secs] [Times: user=0.46 sys=0.02, real=0.02 secs] 
2021-04-01T05:57:31.943+0200: 1105.744: [GC (Allocation Failure) [PSYoungGen: 2469869K->29684K(2394112K)] 3698211K->1259683K(3845120K), 0.0115231 secs] [Times: user=0.24 sys=0.00, real=0.01 secs] 
2021-04-01T05:57:32.907+0200: 1106.709: [GC (Allocation Failure) [PSYoungGen: 2394100K->11257K(2525184K)] 3624099K->1253317K(3976192K), 0.0163802 secs] [Times: user=0.46 sys=0.00, real=0.02 secs] 
2021-04-01T05:57:34.818+0200: 1108.620: [GC (Allocation Failure) [PSYoungGen: 2525177K->15131K(2689536K)] 3767237K->1258780K(4140544K), 0.0205656 secs] [Times: user=0.48 sys=0.00, real=0.02 secs] 
2021-04-01T05:57:38.608+0200: 1112.409: [GC (Allocation Failure) [PSYoungGen: 2689307K->20212K(2855936K)] 3932956K->1263861K(4306944K), 0.0272784 secs] [Times: user=0.77 sys=0.00, real=0.03 secs] 
2021-04-01T05:57:40.336+0200: 1114.138: [GC (Allocation Failure) [PSYoungGen: 2855668K->21202K(3047936K)] 4099317K->1264851K(4498944K), 0.0282034 secs] [Times: user=0.77 sys=0.00, real=0.03 secs] 
2021-04-01T05:57:43.473+0200: 1117.274: [GC (Allocation Failure) [PSYoungGen: 3047634K->21986K(3231744K)] 4291283K->1269338K(4682752K), 0.0144257 secs] [Times: user=0.37 sys=0.00, real=0.01 secs] 
2021-04-01T05:57:46.094+0200: 1119.895: [GC (Allocation Failure) [PSYoungGen: 3231714K->24779K(3438080K)] 4479066K->1273603K(4889088K), 0.0323264 secs] [Times: user=1.02 sys=0.01, real=0.03 secs] 
2021-04-01T05:57:48.274+0200: 1122.076: [GC (Allocation Failure) [PSYoungGen: 3437771K->15851K(3637248K)] 4686595K->1273959K(5088256K), 0.0172637 secs] [Times: user=0.51 sys=0.00, real=0.01 secs] 
2021-04-01T05:57:51.510+0200: 1125.311: [GC (Allocation Failure) [PSYoungGen: 3637227K->30171K(3510272K)] 4895335K->1289536K(4961280K), 0.0226210 secs] [Times: user=0.69 sys=0.00, real=0.03 secs] 
2021-04-01T05:57:53.872+0200: 1127.674: [GC (Allocation Failure) [PSYoungGen: 3510235K->16889K(3362304K)] 4769600K->1288028K(4813312K), 0.0104598 secs] [Times: user=0.28 sys=0.01, real=0.01 secs] 
2021-04-01T05:57:58.019+0200: 1131.820: [GC (Allocation Failure) [PSYoungGen: 3362297K->26864K(3244544K)] 4633436K->1300673K(4695552K), 0.0209472 secs] [Times: user=0.58 sys=0.00, real=0.03 secs] 
2021-04-01T05:58:01.687+0200: 1135.488: [GC (Allocation Failure) [PSYoungGen: 3244272K->24055K(3119616K)] 4518081K->1302552K(4570624K), 0.0144604 secs] [Times: user=0.34 sys=0.01, real=0.02 secs] 
2021-04-01T05:58:05.088+0200: 1138.890: [GC (Allocation Failure) [PSYoungGen: 3119607K->28935K(3008512K)] 4398104K->1309728K(4459520K), 0.0239702 secs] [Times: user=0.66 sys=0.01, real=0.03 secs] 
2021-04-01T05:58:06.960+0200: 1140.761: [GC (Allocation Failure) [PSYoungGen: 3008263K->16880K(2885120K)] 4289056K->1310227K(4336128K), 0.0188578 secs] [Times: user=0.48 sys=0.01, real=0.02 secs] 
2021-04-01T05:58:08.432+0200: 1142.234: [GC (Allocation Failure) [PSYoungGen: 2884237K->22819K(2785792K)] 4177583K->1316904K(4236800K), 0.0106643 secs] [Times: user=0.27 sys=0.00, real=0.01 secs] 
2021-04-01T05:58:10.163+0200: 1143.965: [GC (Allocation Failure) [PSYoungGen: 2785571K->21776K(2683904K)] 4079656K->1315861K(4134912K), 0.0074774 secs] [Times: user=0.14 sys=0.01, real=0.00 secs] 
2021-04-01T05:58:12.140+0200: 1145.941: [GC (Allocation Failure) [PSYoungGen: 2683664K->29067K(2594816K)] 3977749K->1323771K(4045824K), 0.0137140 secs] [Times: user=0.29 sys=0.00, real=0.02 secs] 
2021-04-01T05:58:13.088+0200: 1146.889: [GC (Allocation Failure) [PSYoungGen: 2594699K->18921K(2492928K)] 3889403K->1320268K(3943936K), 0.0147671 secs] [Times: user=0.40 sys=0.02, real=0.02 secs] 
2021-04-01T05:58:15.872+0200: 1149.673: [GC (Allocation Failure) [PSYoungGen: 2492905K->23001K(2409472K)] 3794252K->1326529K(3860480K), 0.0123203 secs] [Times: user=0.31 sys=0.01, real=0.01 secs] 
2021-04-01T05:58:18.537+0200: 1152.338: [GC (Allocation Failure) [PSYoungGen: 2409433K->26706K(2330112K)] 3712961K->1330234K(3781120K), 0.0167718 secs] [Times: user=0.40 sys=0.00, real=0.02 secs] 
2021-04-01T05:58:22.072+0200: 1155.874: [GC (Allocation Failure) [PSYoungGen: 2329682K->33778K(2256896K)] 3633210K->1342822K(3707904K), 0.0178418 secs] [Times: user=0.39 sys=0.00, real=0.01 secs] 
2021-04-01T05:58:24.286+0200: 1158.088: [GC (Allocation Failure) [PSYoungGen: 2256882K->7140K(2153984K)] 3565926K->1345050K(3604992K), 0.0274906 secs] [Times: user=0.91 sys=0.02, real=0.03 secs] 
2021-04-01T05:58:25.232+0200: 1159.033: [GC (Allocation Failure) [PSYoungGen: 2153956K->10390K(2084864K)] 3491866K->1349439K(3535872K), 0.0105883 secs] [Times: user=0.26 sys=0.00, real=0.01 secs] 
2021-04-01T05:58:27.851+0200: 1161.652: [GC (Allocation Failure) [PSYoungGen: 2084502K->21350K(2025984K)] 3423551K->1360400K(3476992K), 0.0111512 secs] [Times: user=0.23 sys=0.01, real=0.02 secs] 
2021-04-01T05:58:29.467+0200: 1163.268: [GC (Allocation Failure) [PSYoungGen: 2025830K->15030K(1953280K)] 3364880K->1354079K(3404288K), 0.0154466 secs] [Times: user=0.40 sys=0.02, real=0.02 secs] 
2021-04-01T05:58:31.368+0200: 1165.169: [GC (Allocation Failure) [PSYoungGen: 1952950K->15245K(1889792K)] 3291999K->1354869K(3340800K), 0.0119558 secs] [Times: user=0.32 sys=0.01, real=0.02 secs] 
2021-04-01T05:58:32.311+0200: 1166.113: [GC (Allocation Failure) [PSYoungGen: 1889677K->17894K(2008064K)] 3229301K->1358152K(3459072K), 0.0162032 secs] [Times: user=0.42 sys=0.00, real=0.02 secs] 
2021-04-01T05:58:33.604+0200: 1167.406: [GC (Allocation Failure) [PSYoungGen: 2008038K->18459K(1943552K)] 3348296K->1359247K(3394560K), 0.0091926 secs] [Times: user=0.22 sys=0.01, real=0.01 secs] 
2021-04-01T05:58:35.478+0200: 1169.279: [GC (Allocation Failure) [PSYoungGen: 1942746K->18843K(1880576K)] 3283534K->1360300K(3331584K), 0.0140538 secs] [Times: user=0.40 sys=0.00, real=0.02 secs] 
2021-04-01T05:58:37.428+0200: 1171.229: [GC (Allocation Failure) [PSYoungGen: 1880475K->20900K(1822720K)] 3221932K->1362661K(3273728K), 0.0128078 secs] [Times: user=0.35 sys=0.00, real=0.02 secs] 
2021-04-01T05:58:39.253+0200: 1173.054: [GC (Allocation Failure) [PSYoungGen: 1822628K->23236K(1767936K)] 3164389K->1365261K(3218944K), 0.0173091 secs] [Times: user=0.42 sys=0.00, real=0.01 secs] 
2021-04-01T05:58:41.263+0200: 1175.064: [GC (Allocation Failure) [PSYoungGen: 1767620K->24333K(1714176K)] 3109645K->1367162K(3165184K), 0.0175158 secs] [Times: user=0.44 sys=0.00, real=0.02 secs] 
2021-04-01T05:58:42.669+0200: 1176.471: [GC (Allocation Failure) [PSYoungGen: 1713933K->26630K(1825792K)] 3056762K->1370017K(3276800K), 0.0242146 secs] [Times: user=0.62 sys=0.00, real=0.03 secs] 
2021-04-01T05:58:43.936+0200: 1177.737: [GC (Allocation Failure) [PSYoungGen: 1825286K->19453K(1957888K)] 3168673K->1370616K(3408896K), 0.0303286 secs] [Times: user=0.85 sys=0.00, real=0.03 secs] 
2021-04-01T05:58:44.723+0200: 1178.524: [GC (Allocation Failure) [PSYoungGen: 1957885K->20237K(2120192K)] 3309048K->1373043K(3571200K), 0.0165890 secs] [Times: user=0.49 sys=0.01, real=0.01 secs] 
2021-04-01T05:58:46.538+0200: 1180.339: [GC (Allocation Failure) [PSYoungGen: 2119949K->22326K(2279936K)] 3472755K->1375132K(3730944K), 0.0109131 secs] [Times: user=0.29 sys=0.00, real=0.01 secs] 
2021-04-01T05:58:48.279+0200: 1182.081: [GC (Allocation Failure) [PSYoungGen: 2279734K->23869K(2447872K)] 3632540K->1377651K(3898880K), 0.0208825 secs] [Times: user=0.59 sys=0.01, real=0.03 secs] 
2021-04-01T05:58:50.239+0200: 1184.040: [GC (Allocation Failure) [PSYoungGen: 2447677K->22509K(2610688K)] 3801459K->1379454K(4061696K), 0.0126601 secs] [Times: user=0.30 sys=0.00, real=0.01 secs] 
2021-04-01T05:58:52.043+0200: 1185.844: [GC (Allocation Failure) [PSYoungGen: 2610669K->24660K(2804224K)] 3967614K->1383866K(4255232K), 0.0324337 secs] [Times: user=0.97 sys=0.00, real=0.03 secs] 
2021-04-01T05:58:53.418+0200: 1187.219: [GC (Allocation Failure) [PSYoungGen: 2803796K->19451K(3006464K)] 4163002K->1382153K(4457472K), 0.0187003 secs] [Times: user=0.47 sys=0.00, real=0.02 secs] 
2021-04-01T05:58:57.003+0200: 1190.805: [GC (Allocation Failure) [PSYoungGen: 3006459K->25508K(3214848K)] 4369161K->1390138K(4665856K), 0.0212049 secs] [Times: user=0.53 sys=0.01, real=0.02 secs] 
2021-04-01T05:59:00.102+0200: 1193.903: [GC (Allocation Failure) [PSYoungGen: 3214756K->19963K(3401728K)] 4579386K->1391426K(4852736K), 0.0130279 secs] [Times: user=0.31 sys=0.01, real=0.01 secs] 
2021-04-01T05:59:04.029+0200: 1197.830: [GC (Allocation Failure) [PSYoungGen: 3401723K->24957K(3276800K)] 4773186K->1398094K(4727808K), 0.0115577 secs] [Times: user=0.27 sys=0.01, real=0.02 secs] 
2021-04-01T05:59:06.395+0200: 1200.197: [GC (Allocation Failure) [PSYoungGen: 3276669K->19949K(3147776K)] 4649806K->1399466K(4598784K), 0.0153438 secs] [Times: user=0.38 sys=0.00, real=0.01 secs] 
2021-04-01T05:59:08.401+0200: 1202.202: [GC (Allocation Failure) [PSYoungGen: 3147757K->22509K(3032576K)] 4527274K->1404155K(4483584K), 0.0159853 secs] [Times: user=0.43 sys=0.00, real=0.01 secs] 
2021-04-01T05:59:10.706+0200: 1204.507: [GC (Allocation Failure) [PSYoungGen: 3032557K->22509K(2920448K)] 4414203K->1405411K(4371456K), 0.0119455 secs] [Times: user=0.33 sys=0.00, real=0.01 secs] 
2021-04-01T05:59:13.032+0200: 1206.833: [GC (Allocation Failure) [PSYoungGen: 2920429K->24658K(2816000K)] 4303331K->1409500K(4267008K), 0.0106960 secs] [Times: user=0.16 sys=0.00, real=0.01 secs] 
2021-04-01T05:59:14.850+0200: 1208.651: [GC (Allocation Failure) [PSYoungGen: 2815570K->15355K(2704384K)] 4200412K->1411066K(4155392K), 0.0101738 secs] [Times: user=0.29 sys=0.00, real=0.02 secs] 
2021-04-01T05:59:18.286+0200: 1212.087: [GC (Allocation Failure) [PSYoungGen: 2704379K->20331K(2612224K)] 4100090K->1417730K(4063232K), 0.0084296 secs] [Times: user=0.16 sys=0.01, real=0.01 secs] 
2021-04-01T05:59:21.826+0200: 1215.627: [GC (Allocation Failure) [PSYoungGen: 2612075K->26091K(2525184K)] 4009474K->1426785K(3976192K), 0.0124427 secs] [Times: user=0.22 sys=0.00, real=0.01 secs] 
2021-04-01T05:59:23.862+0200: 1217.664: [GC (Allocation Failure) [PSYoungGen: 2525163K->26004K(2436608K)] 3925857K->1428330K(3887616K), 0.0191486 secs] [Times: user=0.50 sys=0.00, real=0.02 secs] 
2021-04-01T05:59:25.601+0200: 1219.402: [GC (Allocation Failure) [PSYoungGen: 2436500K->12795K(2338816K)] 3838826K->1437166K(3789824K), 0.0121106 secs] [Times: user=0.30 sys=0.00, real=0.01 secs] 
2021-04-01T05:59:27.591+0200: 1221.392: [GC (Allocation Failure) [PSYoungGen: 2338811K->25716K(2271232K)] 3763182K->1451390K(3722240K), 0.0145374 secs] [Times: user=0.37 sys=0.00, real=0.02 secs] 
2021-04-01T05:59:28.897+0200: 1222.698: [GC (Allocation Failure) [PSYoungGen: 2270836K->19325K(2187264K)] 3696510K->1444999K(3638272K), 0.0132027 secs] [Times: user=0.33 sys=0.00, real=0.01 secs] 
2021-04-01T05:59:30.357+0200: 1224.159: [GC (Allocation Failure) [PSYoungGen: 2187133K->20621K(2115072K)] 3612807K->1446982K(3566080K), 0.0124305 secs] [Times: user=0.29 sys=0.00, real=0.01 secs] 
2021-04-01T05:59:32.406+0200: 1226.207: [GC (Allocation Failure) [PSYoungGen: 2114701K->22427K(2046464K)] 3541062K->1449895K(3497472K), 0.0120779 secs] [Times: user=0.27 sys=0.00, real=0.01 secs] 
2021-04-01T05:59:33.323+0200: 1227.124: [GC (Allocation Failure) [PSYoungGen: 2046363K->20564K(2173952K)] 3473831K->1448989K(3624960K), 0.0189817 secs] [Times: user=0.51 sys=0.00, real=0.02 secs] 
2021-04-01T05:59:36.008+0200: 1229.810: [GC (Allocation Failure) [PSYoungGen: 2173524K->23675K(2104320K)] 3601949K->1453258K(3555328K), 0.0123057 secs] [Times: user=0.32 sys=0.00, real=0.02 secs] 
2021-04-01T05:59:38.201+0200: 1232.002: [GC (Allocation Failure) [PSYoungGen: 2103931K->22523K(2033152K)] 3533514K->1453345K(3484160K), 0.0118677 secs] [Times: user=0.26 sys=0.01, real=0.01 secs] 
2021-04-01T05:59:40.472+0200: 1234.273: [GC (Allocation Failure) [PSYoungGen: 2033147K->19451K(1963520K)] 3463969K->1456820K(3414528K), 0.0202364 secs] [Times: user=0.49 sys=0.01, real=0.02 secs] 
2021-04-01T05:59:41.936+0200: 1235.737: [GC (Allocation Failure) [PSYoungGen: 1963515K->19789K(1900544K)] 3400884K->1458428K(3351552K), 0.0182925 secs] [Times: user=0.48 sys=0.02, real=0.02 secs] 
2021-04-01T05:59:44.234+0200: 1238.036: [GC (Allocation Failure) [PSYoungGen: 1900365K->24573K(1844224K)] 3339004K->1463708K(3295232K), 0.0182870 secs] [Times: user=0.47 sys=0.00, real=0.02 secs] 
2021-04-01T05:59:45.560+0200: 1239.361: [GC (Allocation Failure) [PSYoungGen: 1844221K->26966K(1976320K)] 3283356K->1468526K(3427328K), 0.0296305 secs] [Times: user=0.83 sys=0.00, real=0.02 secs] 
2021-04-01T05:59:45.590+0200: 1239.391: [Full GC (Ergonomics) [PSYoungGen: 26966K->0K(1976320K)] [ParOldGen: 1441559K->464819K(1840640K)] 1468526K->464819K(3816960K), [Metaspace: 61478K->61478K(63488K)], 0.1830545 secs] [Times: user=2.62 sys=0.34, real=0.19 secs] 
2021-04-01T05:59:46.340+0200: 1240.142: [GC (Allocation Failure) [PSYoungGen: 1949184K->8736K(2121216K)] 2414003K->473555K(3961856K), 0.0084395 secs] [Times: user=0.17 sys=0.01, real=0.00 secs] 
2021-04-01T05:59:47.688+0200: 1241.489: [GC (Allocation Failure) [PSYoungGen: 2120736K->11296K(2287104K)] 2585555K->476115K(4127744K), 0.0086222 secs] [Times: user=0.19 sys=0.00, real=0.01 secs] 
2021-04-01T05:59:48.880+0200: 1242.682: [GC (Allocation Failure) [PSYoungGen: 2286624K->11600K(2458112K)] 2751443K->476419K(4298752K), 0.0109433 secs] [Times: user=0.23 sys=0.00, real=0.00 secs] 
2021-04-01T05:59:50.170+0200: 1243.971: [GC (Allocation Failure) [PSYoungGen: 2457936K->14432K(2635776K)] 2922755K->479251K(4476416K), 0.0092587 secs] [Times: user=0.22 sys=0.00, real=0.01 secs] 
2021-04-01T05:59:51.379+0200: 1245.180: [GC (Allocation Failure) [PSYoungGen: 2635360K->14368K(2809344K)] 3100179K->479187K(4649984K), 0.0070814 secs] [Times: user=0.14 sys=0.01, real=0.01 secs] 
2021-04-01T05:59:52.591+0200: 1246.392: [GC (Allocation Failure) [PSYoungGen: 2808864K->16836K(2995200K)] 3273683K->481655K(4835840K), 0.0099851 secs] [Times: user=0.23 sys=0.00, real=0.02 secs] 
2021-04-01T05:59:54.082+0200: 1247.883: [GC (Allocation Failure) [PSYoungGen: 2995140K->18893K(3189760K)] 3459959K->483713K(5030400K), 0.0113850 secs] [Times: user=0.27 sys=0.00, real=0.01 secs] 
2021-04-01T05:59:56.228+0200: 1250.029: [GC (Allocation Failure) [PSYoungGen: 3189709K->17821K(3381760K)] 3654529K->482641K(5222400K), 0.0119752 secs] [Times: user=0.26 sys=0.00, real=0.02 secs] 
2021-04-01T05:59:58.604+0200: 1252.406: [GC (Allocation Failure) [PSYoungGen: 3381661K->22701K(3581952K)] 3846481K->487521K(5422592K), 0.0127311 secs] [Times: user=0.27 sys=0.01, real=0.01 secs] 
2021-04-01T06:00:02.650+0200: 1256.451: [GC (Allocation Failure) [PSYoungGen: 3581613K->27206K(3794432K)] 4046433K->492026K(5635072K), 0.0288215 secs] [Times: user=0.75 sys=0.00, real=0.03 secs] 
2021-04-01T06:00:05.574+0200: 1259.375: [GC (Allocation Failure) [PSYoungGen: 3793990K->11254K(3993088K)] 4258810K->494897K(5833728K), 0.0172000 secs] [Times: user=0.46 sys=0.00, real=0.01 secs] 
2021-04-01T06:00:08.139+0200: 1261.941: [GC (Allocation Failure) [PSYoungGen: 3993078K->18333K(4229120K)] 4476721K->501976K(6069760K), 0.0177481 secs] [Times: user=0.45 sys=0.02, real=0.02 secs] 
2021-04-01T06:00:11.936+0200: 1265.737: [GC (Allocation Failure) [PSYoungGen: 4229021K->21684K(4462080K)] 4712664K->505327K(6302720K), 0.0184808 secs] [Times: user=0.47 sys=0.01, real=0.02 secs] 
2021-04-01T06:00:14.661+0200: 1268.462: [GC (Allocation Failure) [PSYoungGen: 4461748K->24171K(4716544K)] 4945391K->507814K(6557184K), 0.0211686 secs] [Times: user=0.49 sys=0.00, real=0.02 secs] 
2021-04-01T06:00:20.310+0200: 1274.111: [GC (Allocation Failure) [PSYoungGen: 4716139K->20459K(4969984K)] 5199782K->514750K(6810624K), 0.0302106 secs] [Times: user=0.87 sys=0.00, real=0.04 secs] 
2021-04-01T06:00:24.492+0200: 1278.294: [GC (Allocation Failure) [PSYoungGen: 4969963K->23675K(5230080K)] 5464254K->521691K(7070720K), 0.0186400 secs] [Times: user=0.47 sys=0.00, real=0.01 secs] 
2021-04-01T06:00:28.416+0200: 1282.218: [GC (Allocation Failure) [PSYoungGen: 5229691K->27622K(5517824K)] 5727707K->525926K(7358464K), 0.0289695 secs] [Times: user=0.77 sys=0.01, real=0.03 secs] 
2021-04-01T06:00:32.787+0200: 1286.589: [GC (Allocation Failure) [PSYoungGen: 5517798K->32882K(5808640K)] 6016102K->531950K(7649280K), 0.0207652 secs] [Times: user=0.49 sys=0.00, real=0.02 secs] 
2021-04-01T06:00:38.478+0200: 1292.280: [GC (Allocation Failure) [PSYoungGen: 5808242K->11257K(6058496K)] 6307310K->537301K(7899136K), 0.0166947 secs] [Times: user=0.48 sys=0.00, real=0.02 secs] 
2021-04-01T06:00:44.216+0200: 1298.017: [GC (Allocation Failure) [PSYoungGen: 6058489K->22555K(6331904K)] 6584533K->549349K(8172544K), 0.0175385 secs] [Times: user=0.42 sys=0.01, real=0.02 secs] 
2021-04-01T06:00:49.884+0200: 1303.685: [GC (Allocation Failure) [PSYoungGen: 6331419K->27693K(6608896K)] 6858213K->554487K(8449536K), 0.0255459 secs] [Times: user=0.63 sys=0.00, real=0.02 secs] 
2021-04-01T06:00:54.797+0200: 1308.598: [GC (Allocation Failure) [PSYoungGen: 6608429K->32535K(6886912K)] 7135223K->559829K(8727552K), 0.0189573 secs] [Times: user=0.48 sys=0.00, real=0.02 secs] 
2021-04-01T06:01:01.768+0200: 1315.569: [GC (Allocation Failure) [PSYoungGen: 6886679K->20450K(7146496K)] 7413973K->574629K(8987136K), 0.0232596 secs] [Times: user=0.66 sys=0.00, real=0.02 secs] 
2021-04-01T06:01:07.753+0200: 1321.555: [GC (Allocation Failure) [PSYoungGen: 7146466K->30873K(7441408K)] 7700645K->586916K(9282048K), 0.0254075 secs] [Times: user=0.72 sys=0.00, real=0.02 secs] 
2021-04-01T06:01:13.176+0200: 1326.978: [GC (Allocation Failure) [PSYoungGen: 7441049K->35205K(7756288K)] 7997092K->591248K(9596928K), 0.0282691 secs] [Times: user=0.72 sys=0.00, real=0.03 secs] 
2021-04-01T06:01:20.620+0200: 1334.421: [GC (Allocation Failure) [PSYoungGen: 7756165K->41719K(8107008K)] 8312208K->598931K(9947648K), 0.0436201 secs] [Times: user=1.21 sys=0.01, real=0.04 secs] 
2021-04-01T06:01:28.424+0200: 1342.225: [GC (Allocation Failure) [PSYoungGen: 8106743K->18423K(8408576K)] 8663955K->607642K(10249216K), 0.0189450 secs] [Times: user=0.52 sys=0.01, real=0.02 secs] 
2021-04-01T06:01:33.787+0200: 1347.588: [GC (Allocation Failure) [PSYoungGen: 8408567K->36023K(8786432K)] 8997786K->626728K(10627072K), 0.0300452 secs] [Times: user=0.77 sys=0.00, real=0.03 secs] 
2021-04-01T06:01:43.364+0200: 1357.165: [GC (Allocation Failure) [PSYoungGen: 8786103K->43415K(9118208K)] 9376808K->634120K(10958848K), 0.0148550 secs] [Times: user=0.37 sys=0.00, real=0.01 secs] 
2021-04-01T06:01:50.490+0200: 1364.292: [GC (Allocation Failure) [PSYoungGen: 9116979K->44135K(9435136K)] 9707685K->636463K(11275776K), 0.0199920 secs] [Times: user=0.47 sys=0.00, real=0.02 secs] 
2021-04-01T06:01:58.317+0200: 1372.118: [GC (Allocation Failure) [PSYoungGen: 9434727K->26101K(9758208K)] 10027055K->644072K(11598848K), 0.0328239 secs] [Times: user=1.17 sys=0.00, real=0.03 secs] 
2021-04-01T06:02:08.248+0200: 1382.049: [GC (Allocation Failure) [PSYoungGen: 9758197K->41925K(10091520K)] 10376168K->660782K(11932160K), 0.0192025 secs] [Times: user=0.49 sys=0.01, real=0.02 secs] 
2021-04-01T06:02:15.247+0200: 1389.048: [GC (Allocation Failure) [PSYoungGen: 10091461K->46314K(10412032K)] 10710318K->665171K(12252672K), 0.0187669 secs] [Times: user=0.58 sys=0.00, real=0.02 secs] 
2021-04-01T06:02:26.212+0200: 1400.013: [GC (Allocation Failure) [PSYoungGen: 10411754K->59285K(10734592K)] 11030611K->679484K(12575232K), 0.0273036 secs] [Times: user=0.84 sys=0.00, real=0.02 secs] 
2021-04-01T06:02:32.891+0200: 1406.692: [GC (Allocation Failure) [PSYoungGen: 10734485K->19452K(11048448K)] 11354684K->682000K(12889088K), 0.0291393 secs] [Times: user=1.10 sys=0.00, real=0.04 secs] 
2021-04-01T06:02:45.115+0200: 1418.916: [GC (Allocation Failure) [PSYoungGen: 11048444K->37527K(11388416K)] 11710992K->702512K(13229056K), 0.0179077 secs] [Times: user=0.45 sys=0.01, real=0.02 secs] 
2021-04-01T06:02:52.883+0200: 1426.685: [GC (Allocation Failure) [PSYoungGen: 11388055K->43866K(11723776K)] 12053040K->708850K(13564416K), 0.0220584 secs] [Times: user=0.44 sys=0.02, real=0.02 secs] 
2021-04-01T06:03:04.647+0200: 1438.448: [GC (Allocation Failure) [PSYoungGen: 11723610K->54853K(12081152K)] 12388594K->721481K(13921792K), 0.0370630 secs] [Times: user=1.05 sys=0.02, real=0.04 secs] 
2021-04-01T06:03:13.155+0200: 1446.956: [GC (Allocation Failure) [PSYoungGen: 12080709K->39423K(12457472K)] 12747337K->728583K(14298112K), 0.0358067 secs] [Times: user=1.31 sys=0.00, real=0.03 secs] 
2021-04-01T06:03:26.603+0200: 1460.404: [GC (Allocation Failure) [PSYoungGen: 12457471K->56689K(12828672K)] 13146631K->747337K(14669312K), 0.0185394 secs] [Times: user=0.49 sys=0.01, real=0.02 secs] 
2021-04-01T06:03:35.875+0200: 1469.676: [GC (Allocation Failure) [PSYoungGen: 12828529K->54760K(13178880K)] 13519177K->750144K(15019520K), 0.0215478 secs] [Times: user=0.51 sys=0.01, real=0.02 secs] 
2021-04-01T06:03:47.848+0200: 1481.649: [GC (Allocation Failure) [PSYoungGen: 13178856K->67811K(13542912K)] 13874240K->764994K(15383552K), 0.0283908 secs] [Times: user=0.63 sys=0.00, real=0.03 secs] 
2021-04-01T06:04:00.531+0200: 1494.333: [GC (Allocation Failure) [PSYoungGen: 13542627K->34293K(13872128K)] 14239810K->778151K(15712768K), 0.0331934 secs] [Times: user=1.03 sys=0.00, real=0.04 secs] 
2021-04-01T06:04:11.245+0200: 1505.047: [GC (Allocation Failure) [PSYoungGen: 13872117K->51685K(14284288K)] 14615975K->796511K(16124928K), 0.0356838 secs] [Times: user=1.01 sys=0.00, real=0.04 secs] 
2021-04-01T06:04:24.100+0200: 1517.901: [GC (Allocation Failure) [PSYoungGen: 14284261K->64833K(14681088K)] 15029087K->809659K(16521728K), 0.0265651 secs] [Times: user=0.61 sys=0.00, real=0.02 secs] 
2021-04-01T06:04:36.432+0200: 1530.233: [GC (Allocation Failure) [PSYoungGen: 14680897K->73025K(15107584K)] 15425723K->820231K(16948224K), 0.0423150 secs] [Times: user=1.13 sys=0.01, real=0.04 secs] 
2021-04-01T06:04:49.760+0200: 1543.561: [GC (Allocation Failure) [PSYoungGen: 15107393K->39420K(15502848K)] 15854599K->833569K(17343488K), 0.0359028 secs] [Times: user=0.94 sys=0.01, real=0.03 secs] 
2021-04-01T06:05:04.043+0200: 1557.844: [GC (Allocation Failure) [PSYoungGen: 15502844K->61309K(15962624K)] 16296993K->857935K(17803264K), 0.0384525 secs] [Times: user=1.09 sys=0.00, real=0.04 secs] 
2021-04-01T06:05:15.808+0200: 1569.609: [GC (Allocation Failure) [PSYoungGen: 15962493K->68392K(16425984K)] 16759119K->865019K(18266624K), 0.0346361 secs] [Times: user=1.12 sys=0.00, real=0.04 secs] 
2021-04-01T06:05:30.607+0200: 1584.408: [GC (Allocation Failure) [PSYoungGen: 16425768K->83308K(16898560K)] 17222395K->881646K(18739200K), 0.0378529 secs] [Times: user=1.18 sys=0.00, real=0.04 secs] 
2021-04-01T06:05:45.790+0200: 1599.591: [GC (Allocation Failure) [PSYoungGen: 16898412K->40945K(17339904K)] 17696750K->893885K(19180544K), 0.0456869 secs] [Times: user=1.62 sys=0.00, real=0.05 secs] 
2021-04-01T06:06:00.892+0200: 1614.694: [GC (Allocation Failure) [PSYoungGen: 17339889K->72383K(17814528K)] 18192829K->927369K(19655168K), 0.0218111 secs] [Times: user=0.45 sys=0.01, real=0.02 secs] 
2021-04-01T06:06:15.146+0200: 1628.948: [GC (Allocation Failure) [PSYoungGen: 17814207K->77080K(18241024K)] 18669193K->932066K(20081664K), 0.0239832 secs] [Times: user=0.52 sys=0.02, real=0.02 secs] 
2021-04-01T06:06:32.037+0200: 1645.838: [GC (Allocation Failure) [PSYoungGen: 18240792K->101420K(18381824K)] 19095778K->957720K(20222464K), 0.0344107 secs] [Times: user=1.16 sys=0.00, real=0.03 secs] 
2021-04-01T06:06:47.675+0200: 1661.476: [GC (Allocation Failure) [PSYoungGen: 18375724K->101590K(18696192K)] 19232024K->960474K(20536832K), 0.0570991 secs] [Times: user=1.76 sys=0.08, real=0.06 secs] 
2021-04-01T06:07:04.413+0200: 1678.215: [GC (Allocation Failure) [PSYoungGen: 18681558K->105999K(18703360K)] 19540442K->967642K(20544000K), 0.0518091 secs] [Times: user=1.50 sys=0.08, real=0.05 secs] 
2021-04-01T06:07:19.964+0200: 1693.765: [GC (Allocation Failure) [PSYoungGen: 18685967K->101821K(19227136K)] 19547610K->967082K(21067776K), 0.0527154 secs] [Times: user=1.77 sys=0.09, real=0.05 secs] 
2021-04-01T06:07:34.756+0200: 1708.558: [GC (Allocation Failure) [PSYoungGen: 19198909K->93491K(19231232K)] 20064170K->963556K(21071872K), 0.0600480 secs] [Times: user=1.79 sys=0.06, real=0.06 secs] 
2021-04-01T06:07:52.275+0200: 1726.076: [GC (Allocation Failure) [PSYoungGen: 19190579K->100127K(19840000K)] 20060644K->971991K(21680640K), 0.0526507 secs] [Times: user=1.77 sys=0.12, real=0.05 secs] 
2021-04-01T06:08:08.463+0200: 1742.264: [GC (Allocation Failure) [PSYoungGen: 19808031K->98657K(19843584K)] 20679895K->972460K(21684224K), 0.0559929 secs] [Times: user=1.58 sys=0.09, real=0.05 secs] 
2021-04-01T06:08:26.178+0200: 1759.979: [GC (Allocation Failure) [PSYoungGen: 19806561K->98680K(20488192K)] 20680364K->975076K(22328832K), 0.0566570 secs] [Times: user=1.89 sys=0.13, real=0.06 secs] 
2021-04-01T06:08:43.894+0200: 1777.695: [GC (Allocation Failure) [PSYoungGen: 20450680K->96161K(20488192K)] 21327076K->976538K(22328832K), 0.0648204 secs] [Times: user=1.89 sys=0.05, real=0.06 secs] 
2021-04-01T06:09:00.717+0200: 1794.519: [GC (Allocation Failure) [PSYoungGen: 20448161K->102211K(21171200K)] 21328538K->983526K(23011840K), 0.0565771 secs] [Times: user=1.87 sys=0.05, real=0.06 secs] 
2021-04-01T06:09:08.068+0200: 1801.869: [GC (System.gc()) [PSYoungGen: 9445650K->83648K(21120000K)] 10326965K->967613K(22960640K), 0.0408237 secs] [Times: user=1.36 sys=0.09, real=0.04 secs] 
2021-04-01T06:09:08.109+0200: 1801.911: [Full GC (System.gc()) [PSYoungGen: 83648K->0K(21120000K)] [ParOldGen: 883965K->429538K(1840640K)] 967613K->429538K(22960640K), [Metaspace: 61505K->61505K(63488K)], 0.1906336 secs] [Times: user=4.11 sys=0.11, real=0.20 secs] 
2021-04-01T06:09:20.887+0200: 1814.688: [GC (Allocation Failure) [PSYoungGen: 21036032K->26528K(21165056K)] 21465570K->456075K(23005696K), 0.0141080 secs] [Times: user=0.24 sys=0.00, real=0.02 secs] 
