Java HotSpot(TM) 64-Bit Server VM (25.131-b11) for linux-amd64 JRE (1.8.0_131-b11), built on Mar 15 2017 01:23:40 by "java_re" with gcc 4.3.0 20080428 (Red Hat 4.3.0-8)
Memory: 4k page, physical 196649792k(184174256k free), swap 3905532k(3905532k free)
CommandLine flags: -XX:InitialHeapSize=2147483648 -XX:MaxHeapSize=187272527872 -XX:+PrintGC -XX:+PrintGCDateStamps -XX:+PrintGCDetails -XX:+PrintGCTimeStamps -XX:+UseParallelGC 
2021-04-01T05:39:09.186+0200: 1.288: [GC (Metadata GC Threshold) [PSYoungGen: 404751K->37605K(611840K)] 404751K->37693K(2010112K), 0.0258487 secs] [Times: user=0.46 sys=0.12, real=0.03 secs] 
2021-04-01T05:39:09.212+0200: 1.314: [Full GC (Metadata GC Threshold) [PSYoungGen: 37605K->0K(611840K)] [ParOldGen: 88K->36131K(812544K)] 37693K->36131K(1424384K), [Metaspace: 20779K->20779K(22528K)], 0.0234744 secs] [Times: user=0.26 sys=0.06, real=0.02 secs] 
2021-04-01T05:39:11.096+0200: 3.198: [GC (Metadata GC Threshold) [PSYoungGen: 438215K->82490K(858112K)] 474346K->118629K(1670656K), 0.0248023 secs] [Times: user=0.56 sys=0.04, real=0.03 secs] 
2021-04-01T05:39:11.121+0200: 3.223: [Full GC (Metadata GC Threshold) [PSYoungGen: 82490K->0K(858112K)] [ParOldGen: 36139K->105701K(1285632K)] 118629K->105701K(2143744K), [Metaspace: 34770K->34652K(36864K)], 0.0335599 secs] [Times: user=0.29 sys=0.13, real=0.03 secs] 
2021-04-01T05:39:12.904+0200: 5.006: [GC (Allocation Failure) [PSYoungGen: 775168K->87011K(1132544K)] 880869K->243452K(2418176K), 0.0187080 secs] [Times: user=0.09 sys=0.60, real=0.02 secs] 
2021-04-01T05:39:13.366+0200: 5.468: [GC (Allocation Failure) [PSYoungGen: 1132515K->87035K(1210880K)] 1288956K->244662K(2496512K), 0.0180901 secs] [Times: user=0.46 sys=0.13, real=0.02 secs] 
2021-04-01T05:39:14.869+0200: 6.971: [GC (Allocation Failure) [PSYoungGen: 1207488K->87026K(1210880K)] 1365115K->389580K(2496512K), 0.0479583 secs] [Times: user=1.27 sys=0.16, real=0.05 secs] 
2021-04-01T05:39:18.477+0200: 10.579: [GC (Allocation Failure) [PSYoungGen: 1210866K->231412K(1936384K)] 1513420K->537677K(3222016K), 0.0212988 secs] [Times: user=0.28 sys=0.36, real=0.02 secs] 
2021-04-01T05:39:22.389+0200: 14.491: [GC (Allocation Failure) [PSYoungGen: 1936372K->280060K(1985024K)] 2242637K->751400K(3270656K), 0.0508327 secs] [Times: user=0.20 sys=1.75, real=0.04 secs] 
2021-04-01T05:39:24.516+0200: 16.618: [GC (Allocation Failure) [PSYoungGen: 1985020K->415226K(2857472K)] 2456360K->963036K(4143104K), 0.0464077 secs] [Times: user=0.26 sys=1.58, real=0.05 secs] 
2021-04-01T05:39:28.511+0200: 20.613: [GC (Allocation Failure) [PSYoungGen: 2857466K->523749K(2966016K)] 3405276K->1456612K(4251648K), 0.1021503 secs] [Times: user=1.20 sys=2.06, real=0.10 secs] 
2021-04-01T05:39:31.968+0200: 24.070: [GC (Allocation Failure) [PSYoungGen: 2965989K->728929K(3882496K)] 3898852K->1865594K(5168128K), 0.0919421 secs] [Times: user=0.39 sys=3.00, real=0.09 secs] 
2021-04-01T05:39:32.060+0200: 24.162: [Full GC (Ergonomics) [PSYoungGen: 728929K->474428K(3882496K)] [ParOldGen: 1136665K->1285465K(3061760K)] 1865594K->1759894K(6944256K), [Metaspace: 47911K->47033K(51200K)], 0.1700093 secs] [Times: user=3.34 sys=1.40, real=0.18 secs] 
2021-04-01T05:39:36.967+0200: 29.069: [GC (Allocation Failure) [PSYoungGen: 3586876K->478083K(3996160K)] 4872342K->2245626K(7057920K), 0.0756504 secs] [Times: user=0.73 sys=1.65, real=0.08 secs] 
2021-04-01T05:39:41.411+0200: 33.513: [GC (Allocation Failure) [PSYoungGen: 3590531K->400753K(4977664K)] 5358074K->2587612K(8039424K), 0.0738114 secs] [Times: user=0.27 sys=2.71, real=0.07 secs] 
2021-04-01T05:39:47.657+0200: 39.759: [GC (Allocation Failure) [PSYoungGen: 4584817K->840532K(5031424K)] 6771676K->3367734K(8093184K), 0.0677006 secs] [Times: user=0.62 sys=1.73, real=0.07 secs] 
2021-04-01T05:39:47.725+0200: 39.827: [Full GC (Ergonomics) [PSYoungGen: 840532K->184220K(5031424K)] [ParOldGen: 2527201K->3061493K(5498368K)] 3367734K->3245713K(10529792K), [Metaspace: 50799K->50186K(53248K)], 0.4003982 secs] [Times: user=11.41 sys=2.77, real=0.40 secs] 
2021-04-01T05:39:55.835+0200: 47.937: [GC (Allocation Failure) [PSYoungGen: 4368284K->775420K(6371840K)] 7429777K->4020374K(11870208K), 0.0976003 secs] [Times: user=0.84 sys=2.64, real=0.10 secs] 
2021-04-01T05:40:05.039+0200: 57.141: [GC (Allocation Failure) [PSYoungGen: 6169340K->760876K(6451712K)] 9414294K->4689034K(11950080K), 0.1077125 secs] [Times: user=0.73 sys=2.90, real=0.11 secs] 
2021-04-01T05:40:14.879+0200: 66.981: [GC (Allocation Failure) [PSYoungGen: 6154796K->1114623K(7674880K)] 10082954K->5486712K(13173248K), 0.1819989 secs] [Times: user=0.80 sys=6.01, real=0.19 secs] 
2021-04-01T05:40:27.762+0200: 79.864: [GC (Allocation Failure) [PSYoungGen: 7674879K->1084454K(8012800K)] 12046968K->6432194K(13511168K), 0.1526159 secs] [Times: user=1.21 sys=5.04, real=0.15 secs] 
2021-04-01T05:40:27.915+0200: 80.017: [Full GC (Ergonomics) [PSYoungGen: 1084454K->0K(8012800K)] [ParOldGen: 5347740K->3865634K(7056896K)] 6432194K->3865634K(15069696K), [Metaspace: 50592K->50592K(53248K)], 0.2990894 secs] [Times: user=5.67 sys=3.86, real=0.30 secs] 
2021-04-01T05:40:40.180+0200: 92.282: [GC (Allocation Failure) [PSYoungGen: 6560256K->974063K(9295360K)] 10425890K->4839705K(16352256K), 0.1096317 secs] [Times: user=0.45 sys=3.08, real=0.12 secs] 
2021-04-01T05:40:54.596+0200: 106.698: [GC (Allocation Failure) [PSYoungGen: 8718063K->1586173K(9330176K)] 12583705K->5983156K(16387072K), 0.1164765 secs] [Times: user=2.69 sys=1.86, real=0.12 secs] 
2021-04-01T05:41:09.053+0200: 121.155: [GC (Allocation Failure) [PSYoungGen: 9330173K->1839333K(10910720K)] 13727156K->6931770K(17967616K), 0.2183131 secs] [Times: user=0.90 sys=8.14, real=0.22 secs] 
2021-04-01T05:41:25.492+0200: 137.594: [GC (Allocation Failure) [PSYoungGen: 10718949K->2289649K(11169280K)] 15811386K->8234847K(18226176K), 0.2662414 secs] [Times: user=3.12 sys=7.79, real=0.26 secs] 
2021-04-01T05:41:25.758+0200: 137.860: [Full GC (Ergonomics) [PSYoungGen: 2289649K->0K(11169280K)] [ParOldGen: 5945197K->3498557K(7336448K)] 8234847K->3498557K(18505728K), [Metaspace: 51055K->51055K(53248K)], 0.2428861 secs] [Times: user=4.54 sys=2.51, real=0.25 secs] 
2021-04-01T05:41:42.259+0200: 154.361: [GC (Allocation Failure) [PSYoungGen: 8879616K->1468265K(13629952K)] 12378173K->4966830K(20966400K), 0.1834043 secs] [Times: user=0.66 sys=6.82, real=0.19 secs] 
2021-04-01T05:42:00.745+0200: 172.847: [GC (Allocation Failure) [PSYoungGen: 12121449K->2915297K(13568512K)] 15620014K->6455911K(20904960K), 0.1425422 secs] [Times: user=3.18 sys=2.44, real=0.14 secs] 
2021-04-01T05:42:19.318+0200: 191.420: [GC (Allocation Failure) [PSYoungGen: 13568481K->1717285K(15996928K)] 17109095K->7354033K(23333376K), 0.2082173 secs] [Times: user=1.67 sys=6.95, real=0.21 secs] 
2021-04-01T05:42:41.177+0200: 213.280: [GC (Allocation Failure) [PSYoungGen: 14458405K->1943989K(16074240K)] 20095153K->9089298K(23410688K), 0.2109418 secs] [Times: user=2.49 sys=6.20, real=0.21 secs] 
2021-04-01T05:42:41.389+0200: 213.491: [Full GC (Ergonomics) [PSYoungGen: 1943989K->0K(16074240K)] [ParOldGen: 7145308K->3821900K(8845312K)] 9089298K->3821900K(24919552K), [Metaspace: 51269K->51269K(53248K)], 0.2619728 secs] [Times: user=4.83 sys=2.81, real=0.27 secs] 
2021-04-01T05:43:04.572+0200: 236.674: [GC (Allocation Failure) [PSYoungGen: 12741120K->1937046K(17926656K)] 16563020K->5758946K(26771968K), 0.2367585 secs] [Times: user=0.69 sys=8.84, real=0.24 secs] 
2021-04-01T05:43:28.453+0200: 260.555: [GC (Allocation Failure) [PSYoungGen: 16518294K->2358604K(17919488K)] 20340194K->7733412K(26764800K), 0.1856770 secs] [Times: user=2.66 sys=4.73, real=0.18 secs] 
2021-04-01T05:43:56.100+0200: 288.202: [GC (Allocation Failure) [PSYoungGen: 16939852K->2256527K(20204032K)] 22314660K->9284890K(29049344K), 0.2523953 secs] [Times: user=1.36 sys=8.00, real=0.26 secs] 
2021-04-01T05:43:56.353+0200: 288.455: [Full GC (Ergonomics) [PSYoungGen: 2256527K->0K(20204032K)] [ParOldGen: 7028362K->3856053K(9705472K)] 9284890K->3856053K(29909504K), [Metaspace: 51280K->51280K(53248K)], 0.2487922 secs] [Times: user=5.12 sys=1.88, real=0.25 secs] 
2021-04-01T05:44:25.502+0200: 317.605: [GC (Allocation Failure) [PSYoungGen: 16729600K->2587601K(20265472K)] 20585653K->6443655K(29970944K), 0.0940434 secs] [Times: user=3.02 sys=0.32, real=0.09 secs] 
2021-04-01T05:44:54.327+0200: 346.429: [GC (Allocation Failure) [PSYoungGen: 19317201K->2694674K(22768128K)] 23173255K->8308102K(32473600K), 0.3399924 secs] [Times: user=1.88 sys=12.31, real=0.34 secs] 
2021-04-01T05:45:27.743+0200: 379.845: [GC (Allocation Failure) [PSYoungGen: 21767186K->3117941K(22925824K)] 27380614K->10078454K(32631296K), 0.1771768 secs] [Times: user=5.20 sys=1.86, real=0.17 secs] 
2021-04-01T05:45:59.181+0200: 411.283: [GC (Allocation Failure) [PSYoungGen: 22190453K->2789852K(25951744K)] 29150966K->10963475K(35657216K), 0.3324211 secs] [Times: user=1.43 sys=12.00, real=0.33 secs] 
2021-04-01T05:45:59.514+0200: 411.616: [Full GC (Ergonomics) [PSYoungGen: 2789852K->0K(25951744K)] [ParOldGen: 8173623K->3930590K(10336256K)] 10963475K->3930590K(36288000K), [Metaspace: 51302K->51302K(55296K)], 0.3048503 secs] [Times: user=5.34 sys=3.87, real=0.30 secs] 
2021-04-01T05:46:36.639+0200: 448.741: [GC (Allocation Failure) [PSYoungGen: 21825536K->3651060K(26041344K)] 25756126K->7581651K(36377600K), 0.1423821 secs] [Times: user=3.50 sys=1.63, real=0.15 secs] 
2021-04-01T05:47:10.745+0200: 482.847: [GC (Allocation Failure) [PSYoungGen: 25476596K->3440588K(29062656K)] 29407187K->8463919K(39398912K), 0.4022523 secs] [Times: user=1.68 sys=14.97, real=0.40 secs] 
2021-04-01T05:47:48.676+0200: 520.778: [GC (Allocation Failure) [PSYoungGen: 27910604K->3931272K(29280768K)] 32933935K->9458236K(39617024K), 0.1768785 secs] [Times: user=4.58 sys=1.41, real=0.18 secs] 
2021-04-01T05:48:23.986+0200: 556.088: [GC (Allocation Failure) [PSYoungGen: 28401288K->4432382K(32400384K)] 33928252K->10918978K(42736640K), 0.4818609 secs] [Times: user=1.98 sys=17.03, real=0.48 secs] 
2021-04-01T05:49:00.797+0200: 592.899: [GC (Allocation Failure) [PSYoungGen: 31677950K->4936967K(32852480K)] 38164546K->12273250K(43188736K), 0.2221656 secs] [Times: user=6.78 sys=2.04, real=0.22 secs] 
2021-04-01T05:49:25.056+0200: 617.159: [GC (Allocation Failure) [PSYoungGen: 32182535K->5356255K(36563456K)] 39518818K->15251152K(46899712K), 0.6570502 secs] [Times: user=2.89 sys=24.50, real=0.66 secs] 
2021-04-01T05:49:25.714+0200: 617.816: [Full GC (Ergonomics) [PSYoungGen: 5356255K->0K(36563456K)] [ParOldGen: 9894896K->7530544K(14312448K)] 15251152K->7530544K(50875904K), [Metaspace: 51347K->51347K(55296K)], 0.5499757 secs] [Times: user=10.54 sys=7.16, real=0.55 secs] 
2021-04-01T05:49:47.683+0200: 639.785: [GC (Allocation Failure) [PSYoungGen: 30414848K->4942939K(37144576K)] 37945392K->12473484K(51457024K), 0.1813455 secs] [Times: user=6.18 sys=0.48, real=0.18 secs] 
2021-04-01T05:50:07.469+0200: 659.571: [GC (Allocation Failure) [PSYoungGen: 35357787K->5567683K(42089984K)] 42888332K->17445214K(56402432K), 0.7069340 secs] [Times: user=4.37 sys=25.06, real=0.70 secs] 
2021-04-01T05:50:08.176+0200: 660.279: [Full GC (Ergonomics) [PSYoungGen: 5567683K->0K(42089984K)] [ParOldGen: 11877530K->9893315K(17982976K)] 17445214K->9893315K(60072960K), [Metaspace: 51353K->51353K(55296K)], 0.6009620 secs] [Times: user=12.74 sys=6.14, real=0.60 secs] 
2021-04-01T05:50:32.204+0200: 684.306: [GC (Allocation Failure) [PSYoungGen: 35056128K->5633869K(42546688K)] 44949443K->15527184K(60529664K), 0.1987119 secs] [Times: user=7.14 sys=0.01, real=0.20 secs] 
2021-04-01T05:52:06.724+0200: 778.826: [GC (Allocation Failure) [PSYoungGen: 40689997K->1996331K(46958592K)] 50583312K->12979256K(64941568K), 0.2465863 secs] [Times: user=1.58 sys=7.41, real=0.25 secs] 
2021-04-01T05:52:49.392+0200: 821.494: [GC (Allocation Failure) [PSYoungGen: 41722923K->6262820K(47482880K)] 52705848K->17454614K(65465856K), 0.2177294 secs] [Times: user=7.93 sys=0.30, real=0.22 secs] 
2021-04-01T05:53:56.884+0200: 888.986: [GC (Allocation Failure) [PSYoungGen: 45989412K->4353351K(52544000K)] 57181206K->15632477K(70526976K), 0.4886733 secs] [Times: user=1.69 sys=17.88, real=0.49 secs] 
2021-04-01T05:55:26.792+0200: 978.894: [GC (Allocation Failure) [PSYoungGen: 48874823K->4481520K(52588032K)] 60153949K->15761371K(70571008K), 0.1591711 secs] [Times: user=5.85 sys=0.01, real=0.16 secs] 
2021-04-01T05:57:06.652+0200: 1078.754: [GC (Allocation Failure) [PSYoungGen: 49002992K->1788673K(52756992K)] 60282843K->13069586K(70739968K), 0.0909158 secs] [Times: user=2.61 sys=0.07, real=0.09 secs] 
2021-04-01T05:58:27.933+0200: 1160.036: [GC (Allocation Failure) [PSYoungGen: 46681857K->5661843K(52736000K)] 57962770K->16942756K(70718976K), 0.2537862 secs] [Times: user=7.15 sys=2.45, real=0.25 secs] 
2021-04-01T05:59:19.967+0200: 1212.069: [GC (Allocation Failure) [PSYoungGen: 50555027K->6164018K(52012032K)] 61835940K->17444931K(69995008K), 0.4400126 secs] [Times: user=6.68 sys=7.95, real=0.44 secs] 
2021-04-01T06:00:38.879+0200: 1290.981: [GC (Allocation Failure) [PSYoungGen: 50033714K->4175873K(48046080K)] 61314627K->15456786K(66029056K), 0.1531763 secs] [Times: user=5.35 sys=0.00, real=0.16 secs] 
2021-04-01T06:01:44.839+0200: 1356.941: [GC (Allocation Failure) [PSYoungGen: 48045569K->5616222K(52242944K)] 59326482K->16897135K(70225920K), 0.2070345 secs] [Times: user=7.07 sys=1.01, real=0.21 secs] 
2021-04-01T06:02:23.913+0200: 1396.015: [GC (Allocation Failure) [PSYoungGen: 49746014K->8256506K(52386304K)] 61026927K->20187985K(70369280K), 0.4553877 secs] [Times: user=9.10 sys=9.34, real=0.45 secs] 
2021-04-01T06:03:26.284+0200: 1458.387: [GC (Allocation Failure) [PSYoungGen: 52386298K->5743849K(50645504K)] 64317777K->17808978K(68628480K), 0.2024555 secs] [Times: user=7.46 sys=0.36, real=0.20 secs] 
2021-04-01T06:05:10.590+0200: 1562.692: [GC (Allocation Failure) [PSYoungGen: 47814377K->2333551K(51515904K)] 59879506K->14398681K(69498880K), 0.1072008 secs] [Times: user=3.24 sys=0.00, real=0.10 secs] 
2021-04-01T06:06:15.183+0200: 1627.285: [GC (Allocation Failure) [PSYoungGen: 44404079K->5900945K(51481088K)] 56469209K->17966074K(69464064K), 0.2006507 secs] [Times: user=7.30 sys=0.00, real=0.20 secs] 
2021-04-01T06:07:11.465+0200: 1683.567: [GC (Allocation Failure) [PSYoungGen: 47999121K->6374746K(48473088K)] 60064250K->18439875K(66456064K), 0.2023570 secs] [Times: user=7.38 sys=0.01, real=0.20 secs] 
2021-04-01T06:08:30.582+0200: 1762.684: [GC (Allocation Failure) [PSYoungGen: 48472922K->3829091K(47522304K)] 60538051K->15894220K(65505280K), 0.1451762 secs] [Times: user=4.76 sys=0.01, real=0.14 secs] 
Heap
 PSYoungGen      total 47522304K, used 26183142K [0x00007f07f8380000, 0x00007f15f9280000, 0x00007f1681000000)
  eden space 40196096K, 55% used [0x00007f07f8380000,0x00007f0d4c9a0b10,0x00007f118d980000)
  from space 7326208K, 52% used [0x00007f143a000000,0x00007f1523b58cf8,0x00007f15f9280000)
  to   space 9269760K, 0% used [0x00007f118d980000,0x00007f118d980000,0x00007f13c3600000)
 ParOldGen       total 17982976K, used 12065129K [0x00007eeae6a00000, 0x00007eef30380000, 0x00007f07f8380000)
  object space 17982976K, 67% used [0x00007eeae6a00000,0x00007eedc705a448,0x00007eef30380000)
 Metaspace       used 51578K, capacity 52308K, committed 53760K, reserved 55296K
