Java HotSpot(TM) 64-Bit Server VM (25.131-b11) for linux-amd64 JRE (1.8.0_131-b11), built on Mar 15 2017 01:23:40 by "java_re" with gcc 4.3.0 20080428 (Red Hat 4.3.0-8)
Memory: 4k page, physical 196649792k(183973336k free), swap 3905532k(3905532k free)
CommandLine flags: -XX:InitialHeapSize=2147483648 -XX:MaxHeapSize=187272527872 -XX:+PrintGC -XX:+PrintGCDateStamps -XX:+PrintGCDetails -XX:+PrintGCTimeStamps -XX:+UseParallelGC 
2021-04-01T05:39:09.180+0200: 1.285: [GC (Metadata GC Threshold) [PSYoungGen: 404765K->37376K(611840K)] 404765K->37464K(2010112K), 0.0266251 secs] [Times: user=0.61 sys=0.02, real=0.03 secs] 
2021-04-01T05:39:09.207+0200: 1.312: [Full GC (Metadata GC Threshold) [PSYoungGen: 37376K->0K(611840K)] [ParOldGen: 88K->36131K(803840K)] 37464K->36131K(1415680K), [Metaspace: 20780K->20780K(22528K)], 0.0225733 secs] [Times: user=0.32 sys=0.00, real=0.02 secs] 
2021-04-01T05:39:11.124+0200: 3.229: [GC (Metadata GC Threshold) [PSYoungGen: 469491K->87034K(860160K)] 505623K->150753K(1664000K), 0.0208381 secs] [Times: user=0.53 sys=0.12, real=0.02 secs] 
2021-04-01T05:39:11.145+0200: 3.249: [Full GC (Metadata GC Threshold) [PSYoungGen: 87034K->0K(860160K)] [ParOldGen: 63718K->138250K(1353216K)] 150753K->138250K(2213376K), [Metaspace: 34828K->34728K(36864K)], 0.0366661 secs] [Times: user=0.53 sys=0.06, real=0.04 secs] 
2021-04-01T05:39:12.907+0200: 5.011: [GC (Allocation Failure) [PSYoungGen: 773120K->87019K(1136640K)] 911370K->262166K(2489856K), 0.0495456 secs] [Times: user=1.27 sys=0.23, real=0.04 secs] 
2021-04-01T05:39:13.391+0200: 5.495: [GC (Allocation Failure) [PSYoungGen: 1136619K->87020K(1263104K)] 1311766K->267367K(2616320K), 0.0254599 secs] [Times: user=0.57 sys=0.11, real=0.02 secs] 
2021-04-01T05:39:16.383+0200: 8.488: [GC (Allocation Failure) [PSYoungGen: 1263084K->87028K(1263104K)] 1443431K->349769K(2616320K), 0.0315045 secs] [Times: user=0.74 sys=0.21, real=0.03 secs] 
2021-04-01T05:39:18.680+0200: 10.784: [GC (Allocation Failure) [PSYoungGen: 1261516K->187363K(1951232K)] 1524257K->539905K(3304448K), 0.0501531 secs] [Times: user=0.78 sys=0.55, real=0.05 secs] 
2021-04-01T05:39:22.418+0200: 14.523: [GC (Allocation Failure) [PSYoungGen: 1951203K->270331K(2034176K)] 2303745K->751776K(3387392K), 0.0372140 secs] [Times: user=0.36 sys=0.77, real=0.04 secs] 
2021-04-01T05:39:24.954+0200: 17.059: [GC (Allocation Failure) [PSYoungGen: 2034171K->383998K(2931712K)] 2515616K->1041978K(4284928K), 0.0640102 secs] [Times: user=0.36 sys=1.92, real=0.07 secs] 
2021-04-01T05:39:28.644+0200: 20.749: [GC (Allocation Failure) [PSYoungGen: 2931710K->528373K(3076096K)] 3589690K->1464755K(4429312K), 0.0882197 secs] [Times: user=0.20 sys=3.35, real=0.09 secs] 
2021-04-01T05:39:32.448+0200: 24.552: [GC (Allocation Failure) [PSYoungGen: 3076085K->731620K(3908608K)] 4012467K->1910943K(5261824K), 0.0972563 secs] [Times: user=0.45 sys=2.68, real=0.09 secs] 
2021-04-01T05:39:32.545+0200: 24.650: [Full GC (Ergonomics) [PSYoungGen: 731620K->447777K(3908608K)] [ParOldGen: 1179323K->1352891K(3110400K)] 1910943K->1800669K(7019008K), [Metaspace: 51806K->50146K(55296K)], 0.1735642 secs] [Times: user=3.22 sys=1.52, real=0.18 secs] 
2021-04-01T05:39:36.724+0200: 28.829: [GC (Allocation Failure) [PSYoungGen: 3624737K->402631K(4120064K)] 4977629K->2204727K(7230464K), 0.0755118 secs] [Times: user=0.46 sys=2.56, real=0.08 secs] 
2021-04-01T05:39:40.445+0200: 32.550: [GC (Allocation Failure) [PSYoungGen: 3579591K->431894K(5129728K)] 5381687K->2578433K(8240128K), 0.0682631 secs] [Times: user=0.44 sys=2.26, real=0.07 secs] 
2021-04-01T05:39:45.122+0200: 37.227: [GC (Allocation Failure) [PSYoungGen: 4729110K->529286K(5172736K)] 6875649K->3053304K(8283136K), 0.0622821 secs] [Times: user=0.61 sys=1.65, real=0.06 secs] 
2021-04-01T05:39:51.898+0200: 44.003: [GC (Allocation Failure) [PSYoungGen: 4826502K->779550K(6539776K)] 7350520K->3759638K(9650176K), 0.1039596 secs] [Times: user=0.81 sys=3.12, real=0.10 secs] 
2021-04-01T05:39:52.002+0200: 44.107: [Full GC (Ergonomics) [PSYoungGen: 779550K->538435K(6539776K)] [ParOldGen: 2980087K->3110230K(5553152K)] 3759638K->3648666K(12092928K), [Metaspace: 50278K->50278K(55296K)], 0.3854628 secs] [Times: user=11.04 sys=2.78, real=0.39 secs] 
2021-04-01T05:39:59.766+0200: 51.871: [GC (Allocation Failure) [PSYoungGen: 6192963K->679738K(6637056K)] 9303194K->4342219K(12190208K), 0.0965327 secs] [Times: user=0.75 sys=2.36, real=0.09 secs] 
2021-04-01T05:40:06.178+0200: 58.283: [GC (Allocation Failure) [PSYoungGen: 6334266K->725302K(8364544K)] 9996747K->4987155K(13917696K), 0.1353321 secs] [Times: user=0.79 sys=4.55, real=0.13 secs] 
2021-04-01T05:40:15.120+0200: 67.225: [GC (Allocation Failure) [PSYoungGen: 8067894K->1067489K(8410112K)] 12329747K->6076387K(13963264K), 0.1623000 secs] [Times: user=0.91 sys=5.70, real=0.16 secs] 
2021-04-01T05:40:15.282+0200: 67.387: [Full GC (Ergonomics) [PSYoungGen: 1067489K->0K(8410112K)] [ParOldGen: 5008897K->4598039K(7690240K)] 6076387K->4598039K(16100352K), [Metaspace: 50664K->50664K(55296K)], 0.3102057 secs] [Times: user=6.76 sys=3.37, real=0.31 secs] 
2021-04-01T05:40:25.444+0200: 77.549: [GC (Allocation Failure) [PSYoungGen: 7342592K->1195379K(10273792K)] 11940631K->5793419K(17964032K), 0.1483654 secs] [Times: user=0.47 sys=5.61, real=0.15 secs] 
2021-04-01T05:40:36.621+0200: 88.726: [GC (Allocation Failure) [PSYoungGen: 9964915K->1196078K(10401280K)] 14562955K->6836019K(18091520K), 0.1494716 secs] [Times: user=1.61 sys=4.30, real=0.15 secs] 
2021-04-01T05:40:47.022+0200: 99.127: [GC (Allocation Failure) [PSYoungGen: 9965614K->1397819K(12153856K)] 15605555K->8080798K(19844096K), 0.2172026 secs] [Times: user=1.09 sys=7.69, real=0.22 secs] 
2021-04-01T05:40:47.240+0200: 99.344: [Full GC (Ergonomics) [PSYoungGen: 1397819K->0K(12153856K)] [ParOldGen: 6682979K->4932081K(8791040K)] 8080798K->4932081K(20944896K), [Metaspace: 50930K->50930K(55296K)], 0.3479952 secs] [Times: user=7.57 sys=3.74, real=0.35 secs] 
2021-04-01T05:41:02.161+0200: 114.266: [GC (Allocation Failure) [PSYoungGen: 10422784K->1514806K(12303360K)] 15354865K->6446896K(21094400K), 0.0808845 secs] [Times: user=1.44 sys=1.65, real=0.08 secs] 
2021-04-01T05:41:14.974+0200: 127.079: [GC (Allocation Failure) [PSYoungGen: 11937590K->1406080K(14475264K)] 16869680K->7663409K(23266304K), 0.1905477 secs] [Times: user=1.49 sys=6.35, real=0.19 secs] 
2021-04-01T05:41:31.529+0200: 143.634: [GC (Allocation Failure) [PSYoungGen: 13841024K->2038180K(14559232K)] 20098353K->9527354K(23350272K), 0.1782830 secs] [Times: user=2.47 sys=4.86, real=0.18 secs] 
2021-04-01T05:41:31.707+0200: 143.812: [Full GC (Ergonomics) [PSYoungGen: 2038180K->0K(14559232K)] [ParOldGen: 7489174K->4688468K(9344512K)] 9527354K->4688468K(23903744K), [Metaspace: 51230K->51230K(55296K)], 0.2571394 secs] [Times: user=5.86 sys=1.70, real=0.25 secs] 
2021-04-01T05:41:47.669+0200: 159.774: [GC (Allocation Failure) [PSYoungGen: 12434944K->1830282K(17126912K)] 17123412K->6518759K(26471424K), 0.2013790 secs] [Times: user=0.92 sys=5.82, real=0.20 secs] 
2021-04-01T05:42:06.274+0200: 178.379: [GC (Allocation Failure) [PSYoungGen: 16538506K->2283381K(17285120K)] 21226983K->8581647K(26629632K), 0.1961926 secs] [Times: user=3.06 sys=4.86, real=0.20 secs] 
2021-04-01T05:42:22.933+0200: 195.038: [GC (Allocation Failure) [PSYoungGen: 16991605K->2021039K(19696640K)] 23289871K->10325115K(29041152K), 0.2801436 secs] [Times: user=1.93 sys=9.73, real=0.28 secs] 
2021-04-01T05:42:23.214+0200: 195.318: [Full GC (Ergonomics) [PSYoungGen: 2021039K->0K(19696640K)] [ParOldGen: 8304075K->4999178K(10703872K)] 10325115K->4999178K(30400512K), [Metaspace: 51396K->51396K(55296K)], 0.3175325 secs] [Times: user=6.97 sys=3.00, real=0.32 secs] 
2021-04-01T05:42:44.908+0200: 217.013: [GC (Allocation Failure) [PSYoungGen: 16832000K->2690963K(19827200K)] 21831178K->7690141K(30531072K), 0.1590572 secs] [Times: user=3.30 sys=2.94, real=0.16 secs] 
2021-04-01T05:43:06.756+0200: 238.861: [GC (Allocation Failure) [PSYoungGen: 19522963K->2477911K(22667264K)] 24522141K->9842633K(33371136K), 0.3443152 secs] [Times: user=2.31 sys=12.13, real=0.35 secs] 
2021-04-01T05:43:29.750+0200: 261.854: [GC (Allocation Failure) [PSYoungGen: 21805911K->3089502K(22860288K)] 29170633K->12625433K(33564160K), 0.2619711 secs] [Times: user=2.98 sys=7.71, real=0.26 secs] 
2021-04-01T05:43:30.012+0200: 262.117: [Full GC (Ergonomics) [PSYoungGen: 3089502K->0K(22860288K)] [ParOldGen: 9535931K->5242911K(11995136K)] 12625433K->5242911K(34855424K), [Metaspace: 51401K->51401K(55296K)], 0.3196821 secs] [Times: user=7.01 sys=2.15, real=0.32 secs] 
2021-04-01T05:43:56.037+0200: 288.141: [GC (Allocation Failure) [PSYoungGen: 19328000K->2832699K(26184704K)] 24570911K->8075611K(38179840K), 0.3226166 secs] [Times: user=1.04 sys=12.22, real=0.33 secs] 
2021-04-01T05:44:22.581+0200: 314.685: [GC (Allocation Failure) [PSYoungGen: 25112891K->3015140K(26382848K)] 30355803K->10250480K(38377984K), 0.1538343 secs] [Times: user=4.41 sys=1.22, real=0.15 secs] 
2021-04-01T05:44:50.583+0200: 342.687: [GC (Allocation Failure) [PSYoungGen: 25295332K->3431414K(29910016K)] 32530672K->12719512K(41905152K), 0.3885981 secs] [Times: user=2.01 sys=13.12, real=0.39 secs] 
2021-04-01T05:44:50.971+0200: 343.076: [Full GC (Ergonomics) [PSYoungGen: 3431414K->0K(29910016K)] [ParOldGen: 9288097K->5304208K(12721664K)] 12719512K->5304208K(42631680K), [Metaspace: 51421K->51421K(55296K)], 0.3498537 secs] [Times: user=7.25 sys=3.18, real=0.35 secs] 
2021-04-01T05:45:20.995+0200: 373.100: [GC (Allocation Failure) [PSYoungGen: 25591808K->3884997K(30225408K)] 30896016K->9189206K(42947072K), 0.2136550 secs] [Times: user=3.77 sys=4.66, real=0.22 secs] 
2021-04-01T05:45:53.399+0200: 405.503: [GC (Allocation Failure) [PSYoungGen: 29476805K->3875326K(33955328K)] 34781014K->11277623K(46676992K), 0.4938946 secs] [Times: user=2.18 sys=18.43, real=0.49 secs] 
2021-04-01T05:46:26.901+0200: 439.006: [GC (Allocation Failure) [PSYoungGen: 32785406K->4512881K(34273280K)] 40187703K->13311567K(46994944K), 0.2394591 secs] [Times: user=6.19 sys=3.38, real=0.24 secs] 
2021-04-01T05:46:59.146+0200: 471.250: [GC (Allocation Failure) [PSYoungGen: 33422961K->4258568K(38592000K)] 42221647K->14829116K(51313664K), 0.5689761 secs] [Times: user=2.23 sys=21.53, real=0.57 secs] 
2021-04-01T05:46:59.715+0200: 471.819: [Full GC (Ergonomics) [PSYoungGen: 4258568K->0K(38592000K)] [ParOldGen: 10570547K->5637971K(13362688K)] 14829116K->5637971K(51954688K), [Metaspace: 51441K->51441K(55296K)], 0.4776813 secs] [Times: user=8.67 sys=5.93, real=0.48 secs] 
2021-04-01T05:47:39.737+0200: 511.842: [GC (Allocation Failure) [PSYoungGen: 32750080K->5211070K(38872064K)] 38388051K->10849042K(52234752K), 0.2028178 secs] [Times: user=5.15 sys=2.33, real=0.21 secs] 
2021-04-01T05:48:36.694+0200: 568.799: [GC (Allocation Failure) [PSYoungGen: 37961150K->2031712K(43364864K)] 43599122K->8460579K(56727552K), 0.2497125 secs] [Times: user=1.07 sys=8.62, real=0.25 secs] 
2021-04-01T05:49:50.846+0200: 642.950: [GC (Allocation Failure) [PSYoungGen: 39410272K->2936405K(43868160K)] 45839139K->9366324K(57230848K), 0.1662446 secs] [Times: user=2.72 sys=2.42, real=0.17 secs] 
2021-04-01T05:50:48.822+0200: 700.927: [GC (Allocation Failure) [PSYoungGen: 40314965K->4490704K(48057344K)] 46744884K->10922422K(61420032K), 0.5364187 secs] [Times: user=1.73 sys=20.41, real=0.54 secs] 
2021-04-01T05:51:21.746+0200: 733.850: [GC (Allocation Failure) [PSYoungGen: 46413264K->5789586K(48312320K)] 52844982K->14008223K(61675008K), 0.4464561 secs] [Times: user=5.53 sys=12.26, real=0.45 secs] 
2021-04-01T05:51:55.378+0200: 767.483: [GC (Allocation Failure) [PSYoungGen: 47712146K->4627259K(53706752K)] 55930783K->14620137K(67069440K), 0.5532624 secs] [Times: user=2.06 sys=19.98, real=0.55 secs] 
2021-04-01T05:52:54.805+0200: 826.910: [GC (Allocation Failure) [PSYoungGen: 51276091K->4518390K(51167232K)] 61268969K->14824747K(64529920K), 0.2055861 secs] [Times: user=5.04 sys=2.24, real=0.21 secs] 
2021-04-01T05:52:55.011+0200: 827.116: [Full GC (Ergonomics) [PSYoungGen: 4518390K->0K(51167232K)] [ParOldGen: 10306356K->4330014K(12207104K)] 14824747K->4330014K(63374336K), [Metaspace: 51494K->51494K(55296K)], 0.3633960 secs] [Times: user=6.04 sys=4.22, real=0.36 secs] 
2021-04-01T05:54:06.734+0200: 898.839: [GC (Allocation Failure) [PSYoungGen: 46648832K->4479048K(53820416K)] 50978846K->8809062K(66027520K), 0.1576202 secs] [Times: user=5.39 sys=0.27, real=0.16 secs] 
2021-04-01T05:55:46.397+0200: 998.501: [GC (Allocation Failure) [PSYoungGen: 51128904K->3200346K(49850368K)] 55458918K->8163446K(62057472K), 0.1500787 secs] [Times: user=4.83 sys=0.04, real=0.16 secs] 
2021-04-01T05:56:42.748+0200: 1054.853: [GC (GCLocker Initiated GC) [PSYoungGen: 49850202K->6300780K(52758528K)] 54814362K->11291174K(64965632K), 0.3302152 secs] [Times: user=6.46 sys=6.86, real=0.33 secs] 
2021-04-01T05:57:38.382+0200: 1110.487: [GC (Allocation Failure) [PSYoungGen: 52182636K->5322784K(51205120K)] 57173037K->10319111K(63412224K), 0.1655440 secs] [Times: user=6.28 sys=0.01, real=0.17 secs] 
2021-04-01T05:59:04.582+0200: 1196.687: [GC (Allocation Failure) [PSYoungGen: 51204640K->3981556K(49042432K)] 56200967K->8980605K(61249536K), 0.2007972 secs] [Times: user=4.78 sys=1.16, real=0.20 secs] 
2021-04-01T06:00:18.847+0200: 1270.952: [GC (Allocation Failure) [PSYoungGen: 47786228K->3285018K(45115904K)] 52785277K->8284066K(57323008K), 0.1967056 secs] [Times: user=3.73 sys=0.08, real=0.19 secs] 
2021-04-01T06:01:17.299+0200: 1329.403: [GC (Allocation Failure) [PSYoungGen: 45115418K->4479163K(44967424K)] 50114466K->9478212K(57174528K), 0.2504986 secs] [Times: user=5.07 sys=1.97, real=0.25 secs] 
2021-04-01T06:02:04.588+0200: 1376.693: [GC (Allocation Failure) [PSYoungGen: 44433083K->6457255K(44627968K)] 49432132K->11456304K(56835072K), 0.2089410 secs] [Times: user=7.37 sys=0.02, real=0.20 secs] 
2021-04-01T06:02:34.089+0200: 1406.194: [GC (Allocation Failure) [PSYoungGen: 44627879K->7000548K(44544512K)] 49626928K->13533497K(56751616K), 0.2698119 secs] [Times: user=10.07 sys=0.01, real=0.27 secs] 
2021-04-01T06:03:02.968+0200: 1435.073: [GC (Allocation Failure) [PSYoungGen: 44544484K->7876133K(46411264K)] 51077433K->14531252K(58618368K), 0.2424378 secs] [Times: user=9.51 sys=0.00, real=0.24 secs] 
2021-04-01T06:04:15.610+0200: 1507.715: [GC (Allocation Failure) [PSYoungGen: 45420069K->3622488K(50420736K)] 52075188K->10278680K(62627840K), 0.2614347 secs] [Times: user=3.14 sys=7.13, real=0.26 secs] 
2021-04-01T06:05:21.157+0200: 1573.261: [GC (Allocation Failure) [PSYoungGen: 45066328K->3931895K(43518976K)] 51722520K->10589030K(55726080K), 0.1277531 secs] [Times: user=4.72 sys=0.03, real=0.13 secs] 
2021-04-01T06:06:13.165+0200: 1625.269: [GC (Allocation Failure) [PSYoungGen: 43518711K->4773576K(44297728K)] 50175846K->11430710K(56504832K), 0.1548786 secs] [Times: user=5.70 sys=0.00, real=0.16 secs] 
2021-04-01T06:07:28.864+0200: 1700.969: [GC (Allocation Failure) [PSYoungGen: 42595016K->2670528K(38813696K)] 49252150K->9327663K(51020800K), 0.1537950 secs] [Times: user=3.62 sys=0.04, real=0.15 secs] 
2021-04-01T06:08:11.250+0200: 1743.355: [GC (Allocation Failure) [PSYoungGen: 38813632K->5645538K(41579520K)] 45470767K->12302672K(53786624K), 0.2219101 secs] [Times: user=6.57 sys=0.05, real=0.22 secs] 
2021-04-01T06:08:38.353+0200: 1770.457: [GC (Allocation Failure) [PSYoungGen: 40193250K->7547650K(43182080K)] 46850384K->14204785K(55389184K), 0.2362134 secs] [Times: user=8.50 sys=0.00, real=0.24 secs] 
Heap
 PSYoungGen      total 43182080K, used 37636703K [0x00007fc808380000, 0x00007fd57b500000, 0x00007fd691000000)
  eden space 34547712K, 87% used [0x00007fc808380000,0x00007fcf34b57150,0x00007fd044d80000)
  from space 8634368K, 87% used [0x00007fd044d80000,0x00007fd211840b38,0x00007fd253d80000)
  to   space 9302528K, 0% used [0x00007fd343880000,0x00007fd343880000,0x00007fd57b500000)
 ParOldGen       total 12207104K, used 6657134K [0x00007faaf6a00000, 0x00007faddfb00000, 0x00007fc808380000)
  object space 12207104K, 54% used [0x00007faaf6a00000,0x00007fac8cf1ba88,0x00007faddfb00000)
 Metaspace       used 51818K, capacity 52560K, committed 55552K, reserved 57344K
