Java HotSpot(TM) 64-Bit Server VM (25.131-b11) for linux-amd64 JRE (1.8.0_131-b11), built on Mar 15 2017 01:23:40 by "java_re" with gcc 4.3.0 20080428 (Red Hat 4.3.0-8)
Memory: 4k page, physical 196649796k(184068384k free), swap 3905532k(3905532k free)
CommandLine flags: -XX:InitialHeapSize=2147483648 -XX:MaxHeapSize=187272527872 -XX:+PrintGC -XX:+PrintGCDateStamps -XX:+PrintGCDetails -XX:+PrintGCTimeStamps -XX:+UseParallelGC 
2021-04-01T05:39:09.176+0200: 1.282: [GC (Metadata GC Threshold) [PSYoungGen: 404766K->37488K(611840K)] 404766K->37576K(2010112K), 0.0261993 secs] [Times: user=0.49 sys=0.00, real=0.03 secs] 
2021-04-01T05:39:09.203+0200: 1.308: [Full GC (Metadata GC Threshold) [PSYoungGen: 37488K->0K(611840K)] [ParOldGen: 88K->36131K(825856K)] 37576K->36131K(1437696K), [Metaspace: 20779K->20779K(22528K)], 0.0263053 secs] [Times: user=0.32 sys=0.02, real=0.03 secs] 
2021-04-01T05:39:11.111+0200: 3.216: [GC (Metadata GC Threshold) [PSYoungGen: 477868K->82463K(845312K)] 513999K->134986K(1671168K), 0.0257828 secs] [Times: user=0.61 sys=0.06, real=0.02 secs] 
2021-04-01T05:39:11.137+0200: 3.242: [Full GC (Metadata GC Threshold) [PSYoungGen: 82463K->0K(845312K)] [ParOldGen: 52523K->121865K(1357824K)] 134986K->121865K(2203136K), [Metaspace: 34836K->34723K(36864K)], 0.0367678 secs] [Times: user=0.38 sys=0.10, real=0.04 secs] 
2021-04-01T05:39:12.892+0200: 4.997: [GC (Allocation Failure) [PSYoungGen: 762368K->87035K(1132544K)] 884233K->245371K(2490368K), 0.0207293 secs] [Times: user=0.22 sys=0.33, real=0.02 secs] 
2021-04-01T05:39:13.364+0200: 5.469: [GC (Allocation Failure) [PSYoungGen: 1132539K->87035K(1182208K)] 1290875K->260268K(2540032K), 0.0131329 secs] [Times: user=0.10 sys=0.28, real=0.01 secs] 
2021-04-01T05:39:14.833+0200: 6.938: [GC (Allocation Failure) [PSYoungGen: 1182203K->87027K(1182208K)] 1355436K->390679K(2540032K), 0.0403237 secs] [Times: user=1.28 sys=0.20, real=0.04 secs] 
2021-04-01T05:39:16.960+0200: 9.065: [GC (Allocation Failure) [PSYoungGen: 1182195K->142536K(1810432K)] 1485847K->446196K(3168256K), 0.0232117 secs] [Times: user=0.64 sys=0.07, real=0.02 secs] 
2021-04-01T05:39:20.386+0200: 12.491: [GC (Allocation Failure) [PSYoungGen: 1763016K->223220K(1843712K)] 2066676K->648329K(3201536K), 0.0460473 secs] [Times: user=0.75 sys=0.58, real=0.05 secs] 
2021-04-01T05:39:22.804+0200: 14.910: [GC (Allocation Failure) [PSYoungGen: 1843700K->322559K(2592768K)] 2268809K->850632K(3950592K), 0.0419457 secs] [Times: user=0.15 sys=1.45, real=0.05 secs] 
2021-04-01T05:39:26.126+0200: 18.231: [GC (Allocation Failure) [PSYoungGen: 2592767K->422384K(2692608K)] 3120840K->1150399K(4050432K), 0.0668217 secs] [Times: user=0.27 sys=2.22, real=0.07 secs] 
2021-04-01T05:39:28.572+0200: 20.677: [GC (GCLocker Initiated GC) [PSYoungGen: 2692592K->573424K(3340800K)] 3420820K->1463989K(4698624K), 0.0699400 secs] [Times: user=0.46 sys=1.88, real=0.07 secs] 
2021-04-01T05:39:31.865+0200: 23.970: [GC (Allocation Failure) [PSYoungGen: 3340784K->708917K(3493376K)] 4231360K->1862562K(4851200K), 0.0732317 secs] [Times: user=0.52 sys=2.12, real=0.08 secs] 
2021-04-01T05:39:31.938+0200: 24.044: [Full GC (Ergonomics) [PSYoungGen: 708917K->401927K(3493376K)] [ParOldGen: 1153644K->1357500K(3166208K)] 1862562K->1759428K(6659584K), [Metaspace: 46286K->45838K(49152K)], 0.1758261 secs] [Times: user=3.40 sys=1.61, real=0.17 secs] 
2021-04-01T05:39:36.457+0200: 28.562: [GC (Allocation Failure) [PSYoungGen: 3169287K->732137K(4370432K)] 4526788K->2233418K(7536640K), 0.0871440 secs] [Times: user=0.73 sys=2.71, real=0.09 secs] 
2021-04-01T05:39:40.447+0200: 32.552: [GC (Allocation Failure) [PSYoungGen: 4262377K->432923K(4469760K)] 5763658K->2573080K(7635968K), 0.0977617 secs] [Times: user=0.41 sys=3.54, real=0.09 secs] 
2021-04-01T05:39:44.228+0200: 36.333: [GC (Allocation Failure) [PSYoungGen: 3963163K->434881K(5558784K)] 6103320K->2952431K(8724992K), 0.0670717 secs] [Times: user=0.50 sys=1.89, real=0.06 secs] 
2021-04-01T05:39:50.380+0200: 42.485: [GC (Allocation Failure) [PSYoungGen: 5167297K->753429K(5609472K)] 7684847K->3648237K(8775680K), 0.0761384 secs] [Times: user=0.86 sys=2.11, real=0.07 secs] 
2021-04-01T05:39:50.456+0200: 42.562: [Full GC (Ergonomics) [PSYoungGen: 753429K->381607K(5609472K)] [ParOldGen: 2894808K->3165876K(5694464K)] 3648237K->3547484K(11303936K), [Metaspace: 50772K->50240K(53248K)], 0.4307454 secs] [Times: user=11.81 sys=2.80, real=0.44 secs] 
2021-04-01T05:39:57.781+0200: 49.887: [GC (Allocation Failure) [PSYoungGen: 5114023K->667264K(7197184K)] 8279900K->4225273K(12891648K), 0.2104732 secs] [Times: user=5.16 sys=2.06, real=0.21 secs] 
2021-04-01T05:40:05.100+0200: 57.206: [GC (Allocation Failure) [PSYoungGen: 6898304K->766727K(7235072K)] 10456313K->4912083K(12929536K), 0.1114032 secs] [Times: user=0.66 sys=3.49, real=0.11 secs] 
2021-04-01T05:40:12.269+0200: 64.374: [GC (Allocation Failure) [PSYoungGen: 6997767K->866514K(8528384K)] 11143123K->5671863K(14222848K), 0.1225651 secs] [Times: user=0.69 sys=4.16, real=0.12 secs] 
2021-04-01T05:40:20.679+0200: 72.785: [GC (Allocation Failure) [PSYoungGen: 8326354K->1084220K(8614400K)] 13131703K->6647841K(14308864K), 0.1247003 secs] [Times: user=1.10 sys=3.14, real=0.12 secs] 
2021-04-01T05:40:20.804+0200: 72.910: [Full GC (Ergonomics) [PSYoungGen: 1084220K->0K(8614400K)] [ParOldGen: 5563620K->4627281K(7889920K)] 6647841K->4627281K(16504320K), [Metaspace: 50604K->50604K(53248K)], 0.3092618 secs] [Times: user=6.09 sys=3.39, real=0.31 secs] 
2021-04-01T05:40:29.924+0200: 82.030: [GC (Allocation Failure) [PSYoungGen: 7459840K->979541K(10193408K)] 12087121K->5606823K(18083328K), 0.1157232 secs] [Times: user=0.55 sys=4.04, real=0.12 secs] 
2021-04-01T05:40:39.715+0200: 91.820: [GC (Allocation Failure) [PSYoungGen: 9870933K->1140581K(10271744K)] 14498215K->6623294K(18161664K), 0.1065711 secs] [Times: user=1.70 sys=2.01, real=0.11 secs] 
2021-04-01T05:40:50.484+0200: 102.589: [GC (Allocation Failure) [PSYoungGen: 10031973K->1452328K(11931648K)] 15514686K->7930863K(19821568K), 0.1971388 secs] [Times: user=0.94 sys=7.11, real=0.20 secs] 
2021-04-01T05:41:03.472+0200: 115.577: [GC (Allocation Failure) [PSYoungGen: 11884328K->1351107K(12139520K)] 18362863K->9100302K(20029440K), 0.2054830 secs] [Times: user=1.27 sys=7.10, real=0.20 secs] 
2021-04-01T05:41:03.678+0200: 115.783: [Full GC (Ergonomics) [PSYoungGen: 1351107K->0K(12139520K)] [ParOldGen: 7749195K->4758764K(8997888K)] 9100302K->4758764K(21137408K), [Metaspace: 51010K->51010K(53248K)], 0.3501901 secs] [Times: user=7.07 sys=4.21, real=0.36 secs] 
2021-04-01T05:41:15.261+0200: 127.366: [GC (Allocation Failure) [PSYoungGen: 10432000K->1355965K(14270464K)] 15190764K->6114738K(23268352K), 0.1563166 secs] [Times: user=0.60 sys=5.62, real=0.15 secs] 
2021-04-01T05:41:29.234+0200: 141.339: [GC (Allocation Failure) [PSYoungGen: 13789885K->1937407K(14371328K)] 18548658K->7889157K(23369216K), 0.1688267 secs] [Times: user=3.10 sys=3.62, real=0.17 secs] 
2021-04-01T05:41:42.652+0200: 154.757: [GC (Allocation Failure) [PSYoungGen: 14371327K->1730817K(16932864K)] 20323077K->9378430K(25930752K), 0.2303159 secs] [Times: user=1.78 sys=7.65, real=0.23 secs] 
2021-04-01T05:41:42.882+0200: 154.988: [Full GC (Ergonomics) [PSYoungGen: 1730817K->0K(16932864K)] [ParOldGen: 7647613K->5090383K(10187264K)] 9378430K->5090383K(27120128K), [Metaspace: 51188K->51188K(53248K)], 0.2824639 secs] [Times: user=6.56 sys=1.73, real=0.28 secs] 
2021-04-01T05:41:58.665+0200: 170.770: [GC (Allocation Failure) [PSYoungGen: 14262784K->1947013K(17013248K)] 19353167K->7037405K(27200512K), 0.1102373 secs] [Times: user=2.23 sys=1.84, real=0.11 secs] 
2021-04-01T05:42:15.412+0200: 187.517: [GC (Allocation Failure) [PSYoungGen: 16209797K->2042301K(19231232K)] 21300189K->8836739K(29418496K), 0.2540799 secs] [Times: user=1.71 sys=8.24, real=0.25 secs] 
2021-04-01T05:42:35.342+0200: 207.447: [GC (Allocation Failure) [PSYoungGen: 18388413K->2255627K(19366400K)] 25182851K->10840759K(29553664K), 0.1981278 secs] [Times: user=2.29 sys=4.40, real=0.20 secs] 
2021-04-01T05:42:35.540+0200: 207.645: [Full GC (Ergonomics) [PSYoungGen: 2255627K->0K(19366400K)] [ParOldGen: 8585132K->4964855K(11003392K)] 10840759K->4964855K(30369792K), [Metaspace: 51330K->51330K(53248K)], 0.2662101 secs] [Times: user=6.26 sys=0.68, real=0.26 secs] 
2021-04-01T05:42:55.645+0200: 227.750: [GC (Allocation Failure) [PSYoungGen: 16346112K->2061322K(21987328K)] 21310967K->7026186K(32990720K), 0.2334027 secs] [Times: user=0.86 sys=8.20, real=0.24 secs] 
2021-04-01T05:43:16.692+0200: 248.797: [GC (Allocation Failure) [PSYoungGen: 20849674K->2365409K(22050304K)] 25814538K->9134342K(33053696K), 0.1558634 secs] [Times: user=3.66 sys=2.17, real=0.16 secs] 
2021-04-01T05:43:38.934+0200: 271.039: [GC (Allocation Failure) [PSYoungGen: 21153761K->2581990K(24928768K)] 27922694K->11424519K(35932160K), 0.3193885 secs] [Times: user=2.22 sys=10.81, real=0.32 secs] 
2021-04-01T05:43:39.254+0200: 271.359: [Full GC (Ergonomics) [PSYoungGen: 2581990K->0K(24928768K)] [ParOldGen: 8842529K->4824131K(11724288K)] 11424519K->4824131K(36653056K), [Metaspace: 51351K->51351K(53248K)], 0.3125061 secs] [Times: user=6.23 sys=2.55, real=0.31 secs] 
2021-04-01T05:44:06.825+0200: 298.930: [GC (Allocation Failure) [PSYoungGen: 21514752K->2708803K(25121280K)] 26338883K->7532934K(36845568K), 0.1589477 secs] [Times: user=2.95 sys=3.04, real=0.16 secs] 
2021-04-01T05:44:32.912+0200: 325.018: [GC (Allocation Failure) [PSYoungGen: 24223555K->3111519K(27898880K)] 29047686K->9908357K(39623168K), 0.3835340 secs] [Times: user=2.12 sys=13.13, real=0.38 secs] 
2021-04-01T05:45:01.298+0200: 353.404: [GC (Allocation Failure) [PSYoungGen: 27211359K->3115171K(28193280K)] 34008197K->11824755K(39917568K), 0.2135776 secs] [Times: user=4.56 sys=3.81, real=0.22 secs] 
2021-04-01T05:45:01.512+0200: 353.617: [Full GC (Ergonomics) [PSYoungGen: 3115171K->0K(28193280K)] [ParOldGen: 8709583K->4748023K(12373504K)] 11824755K->4748023K(40566784K), [Metaspace: 51358K->51358K(53248K)], 0.2916057 secs] [Times: user=6.03 sys=2.01, real=0.29 secs] 
2021-04-01T05:45:29.205+0200: 381.310: [GC (Allocation Failure) [PSYoungGen: 24099840K->3333579K(31408128K)] 28847863K->8081602K(43781632K), 0.3752219 secs] [Times: user=1.02 sys=14.15, real=0.38 secs] 
2021-04-01T05:46:01.264+0200: 413.369: [GC (Allocation Failure) [PSYoungGen: 30418379K->3548890K(31662592K)] 35166402K->9949840K(44036096K), 0.1912940 secs] [Times: user=5.26 sys=1.83, real=0.19 secs] 
2021-04-01T05:46:31.914+0200: 444.019: [GC (Allocation Failure) [PSYoungGen: 30633690K->3860995K(35432960K)] 37034640K->12055247K(47806464K), 0.4621613 secs] [Times: user=2.33 sys=16.90, real=0.46 secs] 
2021-04-01T05:47:06.874+0200: 478.980: [GC (Allocation Failure) [PSYoungGen: 34442243K->4183616K(35757056K)] 42636495K->13511554K(48130560K), 0.2403547 secs] [Times: user=5.29 sys=3.63, real=0.24 secs] 
2021-04-01T05:47:07.115+0200: 479.220: [Full GC (Ergonomics) [PSYoungGen: 4183616K->0K(35757056K)] [ParOldGen: 9327938K->5018318K(12869120K)] 13511554K->5018318K(48626176K), [Metaspace: 51383K->51383K(53248K)], 0.3601567 secs] [Times: user=6.58 sys=4.24, real=0.36 secs] 
2021-04-01T05:47:42.038+0200: 514.143: [GC (Allocation Failure) [PSYoungGen: 30581248K->4422139K(40104448K)] 35599566K->9440457K(52973568K), 0.5065847 secs] [Times: user=1.40 sys=19.19, real=0.51 secs] 
2021-04-01T05:48:18.861+0200: 550.967: [GC (Allocation Failure) [PSYoungGen: 38982139K->5480812K(40478208K)] 44000457K->12230525K(53347328K), 0.3201814 secs] [Times: user=7.42 sys=5.44, real=0.32 secs] 
2021-04-01T05:48:54.036+0200: 586.141: [GC (Allocation Failure) [PSYoungGen: 40040812K->5407459K(45363200K)] 46790525K->13864959K(58232320K), 0.6593363 secs] [Times: user=2.34 sys=24.92, real=0.66 secs] 
2021-04-01T05:50:03.018+0200: 655.124: [GC (Allocation Failure) [PSYoungGen: 44173539K->3349237K(45875200K)] 52631039K->12174354K(58744320K), 0.1764655 secs] [Times: user=4.37 sys=2.11, real=0.18 secs] 
2021-04-01T05:51:21.689+0200: 733.794: [GC (GCLocker Initiated GC) [PSYoungGen: 42115317K->4439630K(50428928K)] 50940441K->13377725K(63298048K), 0.4742952 secs] [Times: user=2.01 sys=16.59, real=0.47 secs] 
2021-04-01T05:52:39.237+0200: 811.342: [GC (Allocation Failure) [PSYoungGen: 48189518K->4211272K(50569728K)] 57127625K->13167274K(63438848K), 0.2298042 secs] [Times: user=4.28 sys=4.49, real=0.24 secs] 
2021-04-01T05:53:53.289+0200: 885.394: [GC (Allocation Failure) [PSYoungGen: 47961160K->5180486K(53600768K)] 56917162K->14137640K(66469888K), 0.5610328 secs] [Times: user=2.75 sys=20.38, real=0.56 secs] 
2021-04-01T05:55:24.053+0200: 976.158: [GC (Allocation Failure) [PSYoungGen: 52009542K->3246702K(53895168K)] 60966696K->12204526K(66764288K), 0.1256993 secs] [Times: user=4.24 sys=0.00, real=0.13 secs] 
2021-04-01T05:56:33.165+0200: 1045.270: [GC (Allocation Failure) [PSYoungGen: 50075758K->5525618K(53391872K)] 59033582K->14484637K(66260992K), 0.1878272 secs] [Times: user=6.33 sys=0.37, real=0.19 secs] 
2021-04-01T05:57:54.883+0200: 1126.988: [GC (Allocation Failure) [PSYoungGen: 52119154K->1822341K(48416256K)] 61078173K->10781368K(61285376K), 0.0880362 secs] [Times: user=2.31 sys=0.00, real=0.09 secs] 
2021-04-01T05:59:11.848+0200: 1203.953: [GC (Allocation Failure) [PSYoungGen: 48415877K->5556499K(50278400K)] 57374904K->14515526K(63147520K), 0.1776141 secs] [Times: user=6.39 sys=0.00, real=0.17 secs] 
2021-04-01T06:00:02.316+0200: 1254.421: [GC (Allocation Failure) [PSYoungGen: 50036499K->5675117K(48146944K)] 58995526K->14634144K(61016064K), 0.2332188 secs] [Times: user=6.86 sys=0.18, real=0.24 secs] 
2021-04-01T06:00:55.215+0200: 1307.320: [GC (Allocation Failure) [PSYoungGen: 48146541K->5677188K(46985728K)] 57105568K->14636215K(59854848K), 0.2389660 secs] [Times: user=6.00 sys=0.03, real=0.24 secs] 
2021-04-01T06:01:44.832+0200: 1356.937: [GC (Allocation Failure) [PSYoungGen: 46239364K->5092789K(43840000K)] 55198391K->14051816K(56709120K), 0.2358335 secs] [Times: user=6.40 sys=0.05, real=0.24 secs] 
2021-04-01T06:02:48.651+0200: 1420.756: [GC (Allocation Failure) [PSYoungGen: 43839925K->4843653K(43020288K)] 52798952K->13802680K(55889408K), 0.2204169 secs] [Times: user=5.91 sys=0.07, real=0.22 secs] 
2021-04-01T06:03:57.527+0200: 1489.633: [GC (Allocation Failure) [PSYoungGen: 41865861K->2111359K(37493760K)] 50824888K->11070386K(50362880K), 0.1404768 secs] [Times: user=2.82 sys=0.05, real=0.14 secs] 
2021-04-01T06:05:26.608+0200: 1578.714: [GC (Allocation Failure) [PSYoungGen: 37493631K->2703605K(39879680K)] 46452658K->11662632K(52748800K), 0.1635648 secs] [Times: user=3.40 sys=0.05, real=0.16 secs] 
2021-04-01T06:06:10.407+0200: 1622.513: [GC (Allocation Failure) [PSYoungGen: 36526837K->5583150K(37924352K)] 45485864K->14542177K(50793472K), 0.2215143 secs] [Times: user=5.98 sys=0.04, real=0.22 secs] 
2021-04-01T06:06:41.734+0200: 1653.839: [GC (Allocation Failure) [PSYoungGen: 37924142K->7954908K(38912512K)] 46883169K->16913935K(51781632K), 0.2426297 secs] [Times: user=9.37 sys=0.00, real=0.24 secs] 
2021-04-01T06:07:05.343+0200: 1677.448: [GC (Allocation Failure) [PSYoungGen: 38886364K->8728078K(38320128K)] 47845391K->17687105K(51189248K), 0.2813042 secs] [Times: user=11.33 sys=0.00, real=0.28 secs] 
2021-04-01T06:07:48.503+0200: 1720.608: [GC (Allocation Failure) [PSYoungGen: 38319630K->3477487K(36621824K)] 47278657K->12437213K(49490944K), 0.1334742 secs] [Times: user=4.38 sys=0.02, real=0.13 secs] 
2021-04-01T06:08:58.974+0200: 1791.079: [GC (Allocation Failure) [PSYoungGen: 31794671K->2707782K(29813248K)] 40754397K->11667508K(42682368K), 0.1638859 secs] [Times: user=3.71 sys=0.07, real=0.16 secs] 
Heap
 PSYoungGen      total 29813248K, used 19520108K [0x00007f85c8380000, 0x00007f90de580000, 0x00007f9451000000)
  eden space 27105280K, 62% used [0x00007f85c8380000,0x00007f89ca5c9738,0x00007f8c3e980000)
  from space 2707968K, 99% used [0x00007f8c88900000,0x00007f8d2dd51b40,0x00007f8d2dd80000)
  to   space 9697280K, 0% used [0x00007f8e8e780000,0x00007f8e8e780000,0x00007f90de580000)
 ParOldGen       total 12869120K, used 8959726K [0x00007f68b6a00000, 0x00007f6bc8180000, 0x00007f85c8380000)
  object space 12869120K, 69% used [0x00007f68b6a00000,0x00007f6ad97bb848,0x00007f6bc8180000)
 Metaspace       used 51726K, capacity 52466K, committed 53248K, reserved 53248K
