Java HotSpot(TM) 64-Bit Server VM (25.131-b11) for linux-amd64 JRE (1.8.0_131-b11), built on Mar 15 2017 01:23:40 by "java_re" with gcc 4.3.0 20080428 (Red Hat 4.3.0-8)
Memory: 4k page, physical 196649792k(184130648k free), swap 3905532k(3905532k free)
CommandLine flags: -XX:InitialHeapSize=2147483648 -XX:MaxHeapSize=187272527872 -XX:+PrintGC -XX:+PrintGCDateStamps -XX:+PrintGCDetails -XX:+PrintGCTimeStamps -XX:+UseParallelGC 
2021-04-01T05:39:09.177+0200: 1.281: [GC (Metadata GC Threshold) [PSYoungGen: 404765K->37303K(611840K)] 404765K->37391K(2010112K), 0.0257683 secs] [Times: user=0.40 sys=0.06, real=0.03 secs] 
2021-04-01T05:39:09.203+0200: 1.307: [Full GC (Metadata GC Threshold) [PSYoungGen: 37303K->0K(611840K)] [ParOldGen: 88K->36131K(875008K)] 37391K->36131K(1486848K), [Metaspace: 20779K->20779K(22528K)], 0.0380154 secs] [Times: user=0.76 sys=0.01, real=0.04 secs] 
2021-04-01T05:39:11.098+0200: 3.202: [GC (Metadata GC Threshold) [PSYoungGen: 447661K->82259K(816640K)] 483793K->118398K(1691648K), 0.0359720 secs] [Times: user=0.81 sys=0.04, real=0.04 secs] 
2021-04-01T05:39:11.134+0200: 3.238: [Full GC (Metadata GC Threshold) [PSYoungGen: 82259K->0K(816640K)] [ParOldGen: 36139K->105393K(1414144K)] 118398K->105393K(2230784K), [Metaspace: 34775K->34659K(36864K)], 0.0384303 secs] [Times: user=0.38 sys=0.08, real=0.04 secs] 
2021-04-01T05:39:12.897+0200: 5.001: [GC (Allocation Failure) [PSYoungGen: 734208K->87008K(1132032K)] 839601K->258208K(2546176K), 0.0520125 secs] [Times: user=1.09 sys=0.32, real=0.05 secs] 
2021-04-01T05:39:13.370+0200: 5.474: [GC (Allocation Failure) [PSYoungGen: 1132000K->87035K(1174016K)] 1303200K->258431K(2588160K), 0.0154209 secs] [Times: user=0.41 sys=0.01, real=0.02 secs] 
2021-04-01T05:39:15.108+0200: 7.211: [GC (Allocation Failure) [PSYoungGen: 1174011K->87027K(1174016K)] 1345407K->405952K(2588160K), 0.0288452 secs] [Times: user=0.73 sys=0.13, real=0.03 secs] 
2021-04-01T05:39:18.277+0200: 10.381: [GC (Allocation Failure) [PSYoungGen: 1174003K->229443K(1806336K)] 1492928K->548376K(3220480K), 0.0231362 secs] [Times: user=0.25 sys=0.39, real=0.03 secs] 
2021-04-01T05:39:21.418+0200: 13.521: [GC (Allocation Failure) [PSYoungGen: 1795139K->283638K(1849344K)] 2114072K->687218K(3263488K), 0.0342636 secs] [Times: user=0.23 sys=0.52, real=0.04 secs] 
2021-04-01T05:39:24.431+0200: 16.535: [GC (Allocation Failure) [PSYoungGen: 1849334K->378874K(2448384K)] 2252914K->952356K(3862528K), 0.0634568 secs] [Times: user=0.71 sys=1.45, real=0.06 secs] 
2021-04-01T05:39:27.550+0200: 19.654: [GC (Allocation Failure) [PSYoungGen: 2448378K->519670K(2589184K)] 3021860K->1279382K(4003328K), 0.0750760 secs] [Times: user=0.24 sys=2.74, real=0.08 secs] 
2021-04-01T05:39:30.460+0200: 22.564: [GC (Allocation Failure) [PSYoungGen: 2589174K->684533K(3115520K)] 3348886K->1659807K(4529664K), 0.0901036 secs] [Times: user=0.94 sys=2.39, real=0.08 secs] 
2021-04-01T05:39:35.117+0200: 27.221: [GC (Allocation Failure) [PSYoungGen: 3115509K->877049K(3308032K)] 4090783K->2167852K(4722176K), 0.0897914 secs] [Times: user=0.88 sys=2.14, real=0.09 secs] 
2021-04-01T05:39:35.207+0200: 27.311: [Full GC (Ergonomics) [PSYoungGen: 877049K->635154K(3308032K)] [ParOldGen: 1290803K->1414042K(3422208K)] 2167852K->2049197K(6730240K), [Metaspace: 51383K->50146K(53248K)], 0.2086432 secs] [Times: user=3.93 sys=2.08, real=0.21 secs] 
2021-04-01T05:39:39.262+0200: 31.366: [GC (Allocation Failure) [PSYoungGen: 3066130K->676474K(4236288K)] 4480173K->2419726K(7658496K), 0.0867838 secs] [Times: user=0.49 sys=3.01, real=0.08 secs] 
2021-04-01T05:39:42.935+0200: 35.039: [GC (Allocation Failure) [PSYoungGen: 3772026K->434441K(4259840K)] 5515278K->2773880K(7682048K), 0.0826037 secs] [Times: user=0.51 sys=2.51, real=0.08 secs] 
2021-04-01T05:39:47.551+0200: 39.655: [GC (Allocation Failure) [PSYoungGen: 3529993K->543716K(5082112K)] 5869432K->3260255K(8504320K), 0.0811266 secs] [Times: user=1.09 sys=1.47, real=0.08 secs] 
2021-04-01T05:39:55.762+0200: 47.866: [GC (Allocation Failure) [PSYoungGen: 4608996K->846201K(5131264K)] 7325535K->4034189K(8553472K), 0.0804853 secs] [Times: user=0.68 sys=2.15, real=0.08 secs] 
2021-04-01T05:39:55.843+0200: 47.947: [Full GC (Ergonomics) [PSYoungGen: 846201K->485821K(5131264K)] [ParOldGen: 3187987K->3421838K(6262784K)] 4034189K->3907660K(11394048K), [Metaspace: 50344K->50344K(53248K)], 0.4568115 secs] [Times: user=13.98 sys=2.62, real=0.46 secs] 
2021-04-01T05:40:02.504+0200: 54.608: [GC (Allocation Failure) [PSYoungGen: 4551101K->566317K(6169600K)] 7972940K->4473360K(12432384K), 0.0784352 secs] [Times: user=0.41 sys=2.27, real=0.08 secs] 
2021-04-01T05:40:10.498+0200: 62.602: [GC (Allocation Failure) [PSYoungGen: 5740077K->1112063K(6285824K)] 9647120K->5305620K(12548608K), 0.1376480 secs] [Times: user=0.93 sys=4.41, real=0.14 secs] 
2021-04-01T05:40:17.404+0200: 69.508: [GC (Allocation Failure) [PSYoungGen: 6285823K->843223K(7489024K)] 10479380K->6018750K(13751808K), 0.1536395 secs] [Times: user=0.78 sys=5.27, real=0.15 secs] 
2021-04-01T05:40:27.715+0200: 79.819: [GC (Allocation Failure) [PSYoungGen: 6948823K->1080619K(7503360K)] 12124350K->6994770K(13766144K), 0.1120938 secs] [Times: user=1.00 sys=2.72, real=0.11 secs] 
2021-04-01T05:40:27.827+0200: 79.931: [Full GC (Ergonomics) [PSYoungGen: 1080619K->0K(7503360K)] [ParOldGen: 5914150K->4684955K(8330240K)] 6994770K->4684955K(15833600K), [Metaspace: 50576K->50576K(55296K)], 0.3391716 secs] [Times: user=6.93 sys=3.96, real=0.34 secs] 
2021-04-01T05:40:37.142+0200: 89.246: [GC (Allocation Failure) [PSYoungGen: 6105600K->980482K(8667136K)] 10790555K->5665446K(16997376K), 0.1244949 secs] [Times: user=0.60 sys=4.24, real=0.12 secs] 
2021-04-01T05:40:48.240+0200: 100.344: [GC (Allocation Failure) [PSYoungGen: 8155650K->1526759K(8701952K)] 12840614K->6961704K(17032192K), 0.1447301 secs] [Times: user=2.80 sys=3.23, real=0.14 secs] 
2021-04-01T05:40:59.544+0200: 111.648: [GC (Allocation Failure) [PSYoungGen: 8701927K->1957442K(10235392K)] 14136872K->8050816K(18565632K), 0.2288186 secs] [Times: user=1.11 sys=8.03, real=0.23 secs] 
2021-04-01T05:41:12.781+0200: 124.885: [GC (Allocation Failure) [PSYoungGen: 10163266K->2320889K(10526720K)] 16256640K->9222071K(18856960K), 0.1824750 secs] [Times: user=1.87 sys=5.44, real=0.18 secs] 
2021-04-01T05:41:26.739+0200: 138.843: [GC (Allocation Failure) [PSYoungGen: 10526713K->1606308K(12766208K)] 17427895K->10547999K(21717504K), 0.3564058 secs] [Times: user=1.55 sys=10.71, real=0.35 secs] 
2021-04-01T05:41:27.096+0200: 139.200: [Full GC (Ergonomics) [PSYoungGen: 1606308K->0K(12766208K)] [ParOldGen: 8941691K->4658335K(9500160K)] 10547999K->4658335K(22266368K), [Metaspace: 51038K->51038K(55296K)], 0.3601458 secs] [Times: user=6.43 sys=4.86, real=0.36 secs] 
2021-04-01T05:41:41.016+0200: 153.120: [GC (Allocation Failure) [PSYoungGen: 9779712K->1625061K(12743680K)] 14438047K->6283404K(22243840K), 0.0673263 secs] [Times: user=2.18 sys=0.00, real=0.07 secs] 
2021-04-01T05:41:55.454+0200: 167.558: [GC (Allocation Failure) [PSYoungGen: 11404773K->1507807K(13967872K)] 16063116K->7588791K(23468032K), 0.1712240 secs] [Times: user=1.61 sys=4.86, real=0.17 secs] 
2021-04-01T05:42:12.806+0200: 184.910: [GC (Allocation Failure) [PSYoungGen: 12725727K->2141615K(14080512K)] 18806711K->9542463K(23580672K), 0.1197691 secs] [Times: user=3.55 sys=1.23, real=0.12 secs] 
2021-04-01T05:42:30.874+0200: 202.978: [GC (Allocation Failure) [PSYoungGen: 13359535K->3021301K(14950912K)] 20760383K->11445144K(24451072K), 0.3691432 secs] [Times: user=2.79 sys=12.17, real=0.37 secs] 
2021-04-01T05:42:31.243+0200: 203.347: [Full GC (Ergonomics) [PSYoungGen: 3021301K->0K(14950912K)] [ParOldGen: 8423842K->4757612K(10350080K)] 11445144K->4757612K(25300992K), [Metaspace: 51287K->51287K(55296K)], 0.3332421 secs] [Times: user=6.68 sys=3.53, real=0.33 secs] 
2021-04-01T05:42:49.009+0200: 221.113: [GC (Allocation Failure) [PSYoungGen: 11929600K->1931633K(15774720K)] 16687212K->6689254K(26124800K), 0.0706886 secs] [Times: user=2.60 sys=0.00, real=0.08 secs] 
2021-04-01T05:43:09.185+0200: 241.289: [GC (Allocation Failure) [PSYoungGen: 13861233K->2047560K(17167872K)] 18618854K->8503807K(27517952K), 0.1791951 secs] [Times: user=4.20 sys=3.10, real=0.18 secs] 
2021-04-01T05:43:27.872+0200: 259.976: [GC (Allocation Failure) [PSYoungGen: 15668843K->3666422K(17288192K)] 22125090K->10775505K(27638272K), 0.1536759 secs] [Times: user=5.55 sys=0.52, real=0.15 secs] 
2021-04-01T05:43:50.608+0200: 282.712: [GC (Allocation Failure) [PSYoungGen: 17288182K->2195602K(19682816K)] 24397265K->11503486K(30032896K), 0.2723752 secs] [Times: user=1.67 sys=9.22, real=0.28 secs] 
2021-04-01T05:43:50.881+0200: 282.985: [Full GC (Ergonomics) [PSYoungGen: 2195602K->0K(19682816K)] [ParOldGen: 9307884K->4538570K(11161088K)] 11503486K->4538570K(30843904K), [Metaspace: 51301K->51301K(55296K)], 0.2984519 secs] [Times: user=6.20 sys=2.47, real=0.30 secs] 
2021-04-01T05:44:14.556+0200: 306.660: [GC (Allocation Failure) [PSYoungGen: 15528448K->2319852K(19803136K)] 20067018K->6858422K(30964224K), 0.0925939 secs] [Times: user=3.01 sys=0.00, real=0.09 secs] 
2021-04-01T05:44:37.995+0200: 330.099: [GC (Allocation Failure) [PSYoungGen: 17848300K->4168185K(20633088K)] 22386870K->9548662K(31794176K), 0.4536935 secs] [Times: user=2.90 sys=15.75, real=0.45 secs] 
2021-04-01T05:45:01.378+0200: 353.482: [GC (Allocation Failure) [PSYoungGen: 20633081K->4798183K(21523456K)] 26013558K->10599079K(32684544K), 0.2054343 secs] [Times: user=6.15 sys=1.95, real=0.21 secs] 
2021-04-01T05:45:25.340+0200: 377.444: [GC (Allocation Failure) [PSYoungGen: 21263079K->5246227K(23620608K)] 27063975K->11206426K(34781696K), 0.4840327 secs] [Times: user=2.57 sys=17.40, real=0.48 secs] 
2021-04-01T05:45:53.275+0200: 405.379: [GC (Allocation Failure) [PSYoungGen: 23165715K->3222733K(24297984K)] 29125914K->11079361K(35459072K), 0.1613552 secs] [Times: user=5.80 sys=0.01, real=0.16 secs] 
2021-04-01T05:46:18.653+0200: 430.757: [GC (Allocation Failure) [PSYoungGen: 21142221K->3119101K(25846272K)] 28998849K->12996525K(37007360K), 0.2215928 secs] [Times: user=5.26 sys=3.39, real=0.22 secs] 
2021-04-01T05:46:18.875+0200: 430.979: [Full GC (Ergonomics) [PSYoungGen: 3119101K->0K(25846272K)] [ParOldGen: 9877424K->5018964K(12295168K)] 12996525K->5018964K(38141440K), [Metaspace: 51328K->51328K(55296K)], 0.3740983 secs] [Times: user=7.60 sys=3.97, real=0.37 secs] 
2021-04-01T05:46:46.699+0200: 458.803: [GC (Allocation Failure) [PSYoungGen: 20222464K->3552041K(26150400K)] 25241428K->8571006K(38445568K), 0.1212340 secs] [Times: user=4.68 sys=0.14, real=0.12 secs] 
2021-04-01T05:47:15.199+0200: 487.303: [GC (Allocation Failure) [PSYoungGen: 23774505K->3755114K(28742656K)] 28793470K->10735568K(41037824K), 0.3796337 secs] [Times: user=2.74 sys=12.80, real=0.38 secs] 
2021-04-01T05:47:46.576+0200: 518.680: [GC (Allocation Failure) [PSYoungGen: 26631274K->4172972K(28744704K)] 33611728K->13034124K(41039872K), 0.1960030 secs] [Times: user=7.78 sys=0.00, real=0.20 secs] 
2021-04-01T05:48:15.567+0200: 547.671: [GC (Allocation Failure) [PSYoungGen: 27049132K->4607286K(31282688K)] 35910284K->15247836K(43577856K), 0.4861032 secs] [Times: user=3.48 sys=16.53, real=0.49 secs] 
2021-04-01T05:48:16.053+0200: 548.157: [Full GC (Ergonomics) [PSYoungGen: 4607286K->0K(31282688K)] [ParOldGen: 10640549K->6093613K(14170112K)] 15247836K->6093613K(45452800K), [Metaspace: 51355K->51355K(55296K)], 0.4572410 secs] [Times: user=9.62 sys=5.16, real=0.46 secs] 
2021-04-01T05:48:46.951+0200: 579.055: [GC (Allocation Failure) [PSYoungGen: 25278976K->4944731K(31534592K)] 31372589K->11038344K(45704704K), 0.1590760 secs] [Times: user=5.60 sys=0.00, real=0.16 secs] 
2021-04-01T05:49:28.162+0200: 620.266: [GC (Allocation Failure) [PSYoungGen: 30223707K->4931481K(34799104K)] 36317320K->12466556K(48969216K), 0.4961432 secs] [Times: user=3.40 sys=17.28, real=0.49 secs] 
2021-04-01T05:50:22.975+0200: 675.079: [GC (Allocation Failure) [PSYoungGen: 33162649K->3366270K(35031040K)] 40697724K->11226571K(49201152K), 0.1290272 secs] [Times: user=4.74 sys=0.01, real=0.13 secs] 
2021-04-01T05:51:21.713+0200: 733.817: [GC (Allocation Failure) [PSYoungGen: 31597438K->3552693K(37158912K)] 39457739K->11415777K(51329024K), 0.2779253 secs] [Times: user=2.92 sys=8.14, real=0.28 secs] 
2021-04-01T05:52:34.898+0200: 807.002: [GC (Allocation Failure) [PSYoungGen: 34935733K->3716244K(37618688K)] 42798817K->11579898K(51788800K), 0.1333812 secs] [Times: user=4.46 sys=0.02, real=0.14 secs] 
2021-04-01T05:53:08.902+0200: 841.006: [GC (Allocation Failure) [PSYoungGen: 35099284K->6019565K(39342592K)] 42962938K->15369761K(53512704K), 0.7054851 secs] [Times: user=5.18 sys=24.04, real=0.70 secs] 
2021-04-01T05:54:31.106+0200: 923.210: [GC (Allocation Failure) [PSYoungGen: 39342573K->2638805K(40546304K)] 48692769K->11990464K(54716416K), 0.1070011 secs] [Times: user=3.58 sys=0.01, real=0.11 secs] 
2021-04-01T05:55:18.086+0200: 970.190: [GC (Allocation Failure) [PSYoungGen: 35961813K->6072379K(43548160K)] 45313472K->15425071K(57718272K), 0.4865865 secs] [Times: user=3.89 sys=16.32, real=0.49 secs] 
2021-04-01T05:56:33.170+0200: 1045.274: [GC (Allocation Failure) [PSYoungGen: 42491451K->3690627K(44041728K)] 51844143K->13044015K(58211840K), 0.1358166 secs] [Times: user=4.31 sys=0.01, real=0.14 secs] 
2021-04-01T05:57:28.405+0200: 1100.509: [GC (Allocation Failure) [PSYoungGen: 40109699K->5437506K(47243264K)] 49463087K->14925007K(61413376K), 0.3962158 secs] [Times: user=3.82 sys=10.46, real=0.40 secs] 
2021-04-01T05:59:12.486+0200: 1204.590: [GC (Allocation Failure) [PSYoungGen: 45347394K->1686885K(47431680K)] 54834895K->11175195K(61601792K), 0.0803959 secs] [Times: user=1.80 sys=0.01, real=0.08 secs] 
2021-04-01T06:00:16.910+0200: 1269.014: [GC (Allocation Failure) [PSYoungGen: 41596773K->5209812K(50969600K)] 51085083K->14698121K(65139712K), 0.4611830 secs] [Times: user=3.14 sys=15.41, real=0.47 secs] 
2021-04-01T06:01:10.798+0200: 1322.902: [GC (Allocation Failure) [PSYoungGen: 48568532K->7179394K(51075584K)] 58056841K->16667704K(65245696K), 0.2205494 secs] [Times: user=8.63 sys=0.00, real=0.23 secs] 
2021-04-01T06:02:05.763+0200: 1377.867: [GC (Allocation Failure) [PSYoungGen: 50538114K->6666758K(51581440K)] 60026424K->16155067K(65751552K), 0.4809264 secs] [Times: user=5.80 sys=13.80, real=0.48 secs] 
2021-04-01T06:03:15.644+0200: 1447.748: [GC (Allocation Failure) [PSYoungGen: 49741830K->5847906K(48923136K)] 59230139K->15336215K(63093248K), 0.1910732 secs] [Times: user=7.49 sys=0.10, real=0.19 secs] 
2021-04-01T06:04:58.351+0200: 1550.455: [GC (Allocation Failure) [PSYoungGen: 48922978K->2280446K(51999744K)] 58411287K->11768755K(66169856K), 0.1040812 secs] [Times: user=2.66 sys=0.00, real=0.10 secs] 
2021-04-01T06:06:16.943+0200: 1629.047: [GC (Allocation Failure) [PSYoungGen: 45309438K->5178685K(46279680K)] 54797747K->14666994K(60449792K), 0.1804976 secs] [Times: user=5.73 sys=0.06, real=0.18 secs] 
2021-04-01T06:07:07.775+0200: 1679.879: [GC (Allocation Failure) [PSYoungGen: 46279485K->7771194K(47748096K)] 55767794K->17259504K(61918208K), 0.2681315 secs] [Times: user=10.35 sys=0.22, real=0.27 secs] 
2021-04-01T06:08:03.451+0200: 1735.555: [GC (Allocation Failure) [PSYoungGen: 47039546K->5150386K(42676736K)] 56527856K->14638695K(56846848K), 0.2390383 secs] [Times: user=5.94 sys=0.09, real=0.23 secs] 
Heap
 PSYoungGen      total 42676736K, used 39740215K [0x00007fea5f780000, 0x00007ff7b2400000, 0x00007ff8e8400000)
  eden space 37526016K, 92% used [0x00007fea5f780000,0x00007ff29eaa1510,0x00007ff351e00000)
  from space 5150720K, 99% used [0x00007ff3bc380000,0x00007ff4f692c998,0x00007ff4f6980000)
  to   space 9178112K, 0% used [0x00007ff582100000,0x00007ff582100000,0x00007ff7b2400000)
 ParOldGen       total 14170112K, used 9488309K [0x00007fcd4de00000, 0x00007fd0aec00000, 0x00007fea5f780000)
  object space 14170112K, 66% used [0x00007fcd4de00000,0x00007fcf90fed5b8,0x00007fd0aec00000)
 Metaspace       used 51697K, capacity 52412K, committed 54528K, reserved 55296K
