Java HotSpot(TM) 64-Bit Server VM (25.131-b11) for linux-amd64 JRE (1.8.0_131-b11), built on Mar 15 2017 01:23:40 by "java_re" with gcc 4.3.0 20080428 (Red Hat 4.3.0-8)
Memory: 4k page, physical 196649792k(184089952k free), swap 3905532k(3905532k free)
CommandLine flags: -XX:InitialHeapSize=2147483648 -XX:MaxHeapSize=187272527872 -XX:+PrintGC -XX:+PrintGCDateStamps -XX:+PrintGCDetails -XX:+PrintGCTimeStamps -XX:+UseParallelGC 
2021-04-01T05:39:09.188+0200: 1.290: [GC (Metadata GC Threshold) [PSYoungGen: 404765K->37557K(611840K)] 404765K->37653K(2010112K), 0.0270927 secs] [Times: user=0.54 sys=0.04, real=0.03 secs] 
2021-04-01T05:39:09.215+0200: 1.317: [Full GC (Metadata GC Threshold) [PSYoungGen: 37557K->0K(611840K)] [ParOldGen: 96K->36131K(817152K)] 37653K->36131K(1428992K), [Metaspace: 20780K->20780K(22528K)], 0.0256110 secs] [Times: user=0.31 sys=0.02, real=0.02 secs] 
2021-04-01T05:39:11.125+0200: 3.226: [GC (Metadata GC Threshold) [PSYoungGen: 468932K->82368K(872960K)] 505063K->151275K(1690112K), 0.0372020 secs] [Times: user=1.17 sys=0.05, real=0.03 secs] 
2021-04-01T05:39:11.162+0200: 3.264: [Full GC (Metadata GC Threshold) [PSYoungGen: 82368K->0K(872960K)] [ParOldGen: 68907K->138299K(1354752K)] 151275K->138299K(2227712K), [Metaspace: 34814K->34722K(36864K)], 0.0416022 secs] [Times: user=0.61 sys=0.09, real=0.04 secs] 
2021-04-01T05:39:12.887+0200: 4.988: [GC (Allocation Failure) [PSYoungGen: 790528K->87035K(1132032K)] 928827K->276959K(2486784K), 0.0373247 secs] [Times: user=0.82 sys=0.30, real=0.04 secs] 
2021-04-01T05:39:13.389+0200: 5.491: [GC (Allocation Failure) [PSYoungGen: 1132027K->87036K(1274368K)] 1321951K->280963K(2629120K), 0.0289083 secs] [Times: user=0.73 sys=0.32, real=0.03 secs] 
2021-04-01T05:39:16.389+0200: 8.491: [GC (Allocation Failure) [PSYoungGen: 1274364K->87020K(1274368K)] 1468291K->363898K(2629120K), 0.0207194 secs] [Times: user=0.37 sys=0.33, real=0.02 secs] 
2021-04-01T05:39:18.535+0200: 10.636: [GC (Allocation Failure) [PSYoungGen: 1274348K->190948K(1952256K)] 1551226K->530210K(3307008K), 0.0815959 secs] [Times: user=2.08 sys=0.36, real=0.08 secs] 
2021-04-01T05:39:22.223+0200: 14.325: [GC (Allocation Failure) [PSYoungGen: 1952228K->261102K(2022400K)] 2291490K->744282K(3377152K), 0.0408453 secs] [Times: user=0.25 sys=1.17, real=0.05 secs] 
2021-04-01T05:39:24.606+0200: 16.708: [GC (Allocation Failure) [PSYoungGen: 2022382K->381430K(2978304K)] 2505562K->951388K(4333056K), 0.0434405 secs] [Times: user=0.25 sys=1.19, real=0.04 secs] 
2021-04-01T05:39:28.661+0200: 20.763: [GC (Allocation Failure) [PSYoungGen: 2978294K->487394K(3084288K)] 3548252K->1447999K(4439040K), 0.0911483 secs] [Times: user=0.34 sys=2.90, real=0.10 secs] 
2021-04-01T05:39:32.743+0200: 24.845: [GC (Allocation Failure) [PSYoungGen: 3084258K->729076K(3914752K)] 4044863K->1966533K(5269504K), 0.1133542 secs] [Times: user=0.53 sys=3.53, real=0.12 secs] 
2021-04-01T05:39:32.857+0200: 24.958: [Full GC (Ergonomics) [PSYoungGen: 729076K->506546K(3914752K)] [ParOldGen: 1237456K->1354451K(3144704K)] 1966533K->1860998K(7059456K), [Metaspace: 51272K->50127K(53248K)], 0.1923725 secs] [Times: user=4.02 sys=1.57, real=0.19 secs] 
2021-04-01T05:39:38.567+0200: 30.668: [GC (Allocation Failure) [PSYoungGen: 3692203K->549036K(4139008K)] 5046654K->2419098K(7283712K), 0.0883475 secs] [Times: user=0.48 sys=3.10, real=0.09 secs] 
2021-04-01T05:39:42.375+0200: 34.476: [GC (Allocation Failure) [PSYoungGen: 3734700K->393883K(5134336K)] 5604762K->2735972K(8279040K), 0.0803844 secs] [Times: user=0.59 sys=2.05, real=0.08 secs] 
2021-04-01T05:39:48.801+0200: 40.903: [GC (Allocation Failure) [PSYoungGen: 4662427K->797901K(5184512K)] 7004516K->3486095K(8329216K), 0.0733637 secs] [Times: user=1.19 sys=1.08, real=0.08 secs] 
2021-04-01T05:39:48.874+0200: 40.976: [Full GC (Ergonomics) [PSYoungGen: 797901K->222250K(5184512K)] [ParOldGen: 2688193K->3144624K(5599232K)] 3486095K->3366875K(10783744K), [Metaspace: 50217K->50217K(53248K)], 0.3417698 secs] [Times: user=9.47 sys=2.21, real=0.34 secs] 
2021-04-01T05:39:57.207+0200: 49.309: [GC (Allocation Failure) [PSYoungGen: 4490794K->758059K(6557696K)] 7635419K->4144801K(12156928K), 0.1038179 secs] [Times: user=0.56 sys=3.55, real=0.10 secs] 
2021-04-01T05:40:05.227+0200: 57.328: [GC (Allocation Failure) [PSYoungGen: 6296363K->862381K(6624256K)] 9683105K->4917706K(12223488K), 0.1166238 secs] [Times: user=1.03 sys=3.33, real=0.11 secs] 
2021-04-01T05:40:13.605+0200: 65.706: [GC (Allocation Failure) [PSYoungGen: 6400685K->1073924K(8179200K)] 10456010K->5883345K(13778432K), 0.1407644 secs] [Times: user=0.94 sys=4.01, real=0.14 secs] 
2021-04-01T05:40:13.746+0200: 65.847: [Full GC (Ergonomics) [PSYoungGen: 1073924K->0K(8179200K)] [ParOldGen: 4809421K->4629210K(7716352K)] 5883345K->4629210K(15895552K), [Metaspace: 50555K->50555K(53248K)], 0.2987977 secs] [Times: user=6.59 sys=2.76, real=0.30 secs] 
2021-04-01T05:40:24.497+0200: 76.598: [GC (Allocation Failure) [PSYoungGen: 7004160K->1317976K(8326656K)] 11633370K->5947186K(16043008K), 0.1227876 secs] [Times: user=0.73 sys=4.14, real=0.12 secs] 
2021-04-01T05:40:35.048+0200: 87.150: [GC (Allocation Failure) [PSYoungGen: 8322136K->1052852K(9828864K)] 12951346K->6844034K(17545216K), 0.1682128 secs] [Times: user=0.94 sys=5.79, real=0.17 secs] 
2021-04-01T05:40:46.950+0200: 99.052: [GC (Allocation Failure) [PSYoungGen: 9351846K->1597436K(9896448K)] 15143028K->8332508K(17612800K), 0.1650893 secs] [Times: user=1.46 sys=5.31, real=0.17 secs] 
2021-04-01T05:40:47.116+0200: 99.217: [Full GC (Ergonomics) [PSYoungGen: 1597436K->0K(9896448K)] [ParOldGen: 6735072K->4940156K(8863744K)] 8332508K->4940156K(18760192K), [Metaspace: 50784K->50784K(55296K)], 0.3165667 secs] [Times: user=7.40 sys=2.99, real=0.32 secs] 
2021-04-01T05:41:00.936+0200: 113.037: [GC (Allocation Failure) [PSYoungGen: 8299008K->1398305K(12031488K)] 13239164K->6338470K(20895232K), 0.1563986 secs] [Times: user=0.83 sys=5.03, real=0.16 secs] 
2021-04-01T05:41:15.989+0200: 128.090: [GC (Allocation Failure) [PSYoungGen: 11232289K->1714932K(12098048K)] 16172454K->7882538K(20961792K), 0.1477628 secs] [Times: user=3.23 sys=2.68, real=0.15 secs] 
2021-04-01T05:41:31.332+0200: 143.433: [GC (Allocation Failure) [PSYoungGen: 11548916K->2426344K(13369344K)] 17716522K->9582182K(22233088K), 0.3878139 secs] [Times: user=2.05 sys=14.39, real=0.39 secs] 
2021-04-01T05:41:46.786+0200: 158.887: [GC (Allocation Failure) [PSYoungGen: 13369320K->1834779K(14123008K)] 20525158K->11099704K(23402496K), 0.3599970 secs] [Times: user=1.82 sys=10.77, real=0.36 secs] 
2021-04-01T05:41:47.146+0200: 159.248: [Full GC (Ergonomics) [PSYoungGen: 1834779K->0K(14123008K)] [ParOldGen: 9264925K->4888973K(9952768K)] 11099704K->4888973K(24075776K), [Metaspace: 51186K->51186K(55296K)], 0.3580305 secs] [Times: user=7.08 sys=4.11, real=0.36 secs] 
2021-04-01T05:42:02.905+0200: 175.007: [GC (Allocation Failure) [PSYoungGen: 10942976K->1843836K(16557056K)] 15831949K->6732817K(26509824K), 0.2277263 secs] [Times: user=0.70 sys=8.73, real=0.23 secs] 
2021-04-01T05:42:22.910+0200: 195.011: [GC (Allocation Failure) [PSYoungGen: 15193212K->2471499K(16569856K)] 20082193K->8968513K(26522624K), 0.1447557 secs] [Times: user=3.20 sys=2.56, real=0.15 secs] 
2021-04-01T05:42:43.154+0200: 215.256: [GC (Allocation Failure) [PSYoungGen: 15820875K->2472622K(18788864K)] 22317889K->11137187K(28741632K), 0.2976935 secs] [Times: user=2.10 sys=10.14, real=0.30 secs] 
2021-04-01T05:42:43.452+0200: 215.554: [Full GC (Ergonomics) [PSYoungGen: 2472622K->0K(18788864K)] [ParOldGen: 8664565K->5102268K(11152384K)] 11137187K->5102268K(29941248K), [Metaspace: 51318K->51318K(55296K)], 0.3487923 secs] [Times: user=7.72 sys=3.45, real=0.34 secs] 
2021-04-01T05:43:06.770+0200: 238.872: [GC (Allocation Failure) [PSYoungGen: 15340032K->2588529K(18964480K)] 20442300K->7690805K(30116864K), 0.0863682 secs] [Times: user=2.88 sys=0.02, real=0.09 secs] 
2021-04-01T05:43:29.012+0200: 261.113: [GC (Allocation Failure) [PSYoungGen: 17928561K->3001428K(21262336K)] 23030837K->10370764K(32414720K), 0.3493762 secs] [Times: user=2.01 sys=12.43, real=0.35 secs] 
2021-04-01T05:43:56.890+0200: 288.992: [GC (Allocation Failure) [PSYoungGen: 20465748K->3015884K(21543936K)] 27835084K->12756163K(32696320K), 0.2256203 secs] [Times: user=4.42 sys=4.64, real=0.23 secs] 
2021-04-01T05:43:57.116+0200: 289.218: [Full GC (Ergonomics) [PSYoungGen: 3015884K->0K(21543936K)] [ParOldGen: 9740278K->5120859K(12224000K)] 12756163K->5120859K(33767936K), [Metaspace: 51339K->51339K(55296K)], 0.3206904 secs] [Times: user=7.11 sys=2.14, real=0.32 secs] 
2021-04-01T05:44:23.126+0200: 315.228: [GC (Allocation Failure) [PSYoungGen: 17464320K->3005095K(24316928K)] 22585179K->8125955K(36540928K), 0.3510994 secs] [Times: user=1.39 sys=12.92, real=0.35 secs] 
2021-04-01T05:44:53.893+0200: 345.994: [GC (Allocation Failure) [PSYoungGen: 23020199K->3858691K(24480256K)] 28141059K->10764027K(36704256K), 0.1820409 secs] [Times: user=6.29 sys=0.47, real=0.18 secs] 
2021-04-01T05:45:20.851+0200: 372.952: [GC (Allocation Failure) [PSYoungGen: 23873795K->3225756K(28011008K)] 30779131K->12108019K(40235008K), 0.3604921 secs] [Times: user=1.86 sys=12.35, real=0.36 secs] 
2021-04-01T05:45:21.211+0200: 373.313: [Full GC (Ergonomics) [PSYoungGen: 3225756K->0K(28011008K)] [ParOldGen: 8882263K->5074429K(12671488K)] 12108019K->5074429K(40682496K), [Metaspace: 51359K->51359K(55296K)], 0.3410339 secs] [Times: user=7.27 sys=3.04, real=0.35 secs] 
2021-04-01T05:45:55.321+0200: 407.423: [GC (Allocation Failure) [PSYoungGen: 23112192K->4185391K(28117504K)] 28186621K->9259820K(40788992K), 0.1320226 secs] [Times: user=4.88 sys=0.01, real=0.14 secs] 
2021-04-01T05:46:26.952+0200: 439.054: [GC (Allocation Failure) [PSYoungGen: 27297583K->4188690K(31342080K)] 32372012K->11592538K(44013568K), 0.4990533 secs] [Times: user=2.71 sys=18.30, real=0.49 secs] 
2021-04-01T05:47:02.921+0200: 475.022: [GC (Allocation Failure) [PSYoungGen: 30101522K->4598803K(31673856K)] 37505370K->13622605K(44345344K), 0.2315617 secs] [Times: user=5.88 sys=2.19, real=0.24 secs] 
2021-04-01T05:47:37.161+0200: 509.263: [GC (Allocation Failure) [PSYoungGen: 30511635K->4720730K(35309056K)] 39535437K->15257741K(47980544K), 0.5407192 secs] [Times: user=2.21 sys=19.98, real=0.54 secs] 
2021-04-01T05:47:37.702+0200: 509.804: [Full GC (Ergonomics) [PSYoungGen: 4720730K->0K(35309056K)] [ParOldGen: 10537011K->5654861K(13565952K)] 15257741K->5654861K(48875008K), [Metaspace: 51390K->51390K(55296K)], 0.4388375 secs] [Times: user=8.38 sys=5.15, real=0.44 secs] 
2021-04-01T05:48:40.685+0200: 572.787: [GC (Allocation Failure) [PSYoungGen: 29143040K->2079281K(35666432K)] 34797901K->7734150K(49232384K), 0.0962636 secs] [Times: user=2.96 sys=0.01, real=0.09 secs] 
2021-04-01T05:49:54.953+0200: 647.055: [GC (Allocation Failure) [PSYoungGen: 31222321K->2729378K(38435840K)] 36877190K->8831518K(52001792K), 0.2650800 secs] [Times: user=1.76 sys=8.36, real=0.26 secs] 
2021-04-01T05:50:55.062+0200: 707.164: [GC (Allocation Failure) [PSYoungGen: 35717538K->4339148K(39027200K)] 41819678K->10442258K(52593152K), 0.1464600 secs] [Times: user=5.36 sys=0.00, real=0.15 secs] 
2021-04-01T05:51:35.978+0200: 748.079: [GC (Allocation Failure) [PSYoungGen: 37327308K->6100415K(42401792K)] 43430418K->12651925K(55967744K), 0.7302232 secs] [Times: user=2.16 sys=28.31, real=0.73 secs] 
2021-04-01T05:52:19.520+0200: 791.621: [GC (Allocation Failure) [PSYoungGen: 42252223K->6854064K(43205120K)] 48803733K->13506476K(56771072K), 0.2777084 secs] [Times: user=7.66 sys=2.81, real=0.28 secs] 
2021-04-01T05:54:30.518+0200: 922.620: [GC (Allocation Failure) [PSYoungGen: 43005872K->2343937K(47306240K)] 49658284K->8997370K(60872192K), 0.2441244 secs] [Times: user=1.39 sys=7.22, real=0.24 secs] 
2021-04-01T05:55:16.696+0200: 968.798: [GC (Allocation Failure) [PSYoungGen: 42486785K->7256125K(47925248K)] 49140218K->13910617K(61491200K), 0.2450295 secs] [Times: user=8.52 sys=0.96, real=0.24 secs] 
2021-04-01T05:55:45.955+0200: 998.057: [GC (Allocation Failure) [PSYoungGen: 47398973K->6428713K(51360256K)] 54053465K->16263516K(64926208K), 0.8304629 secs] [Times: user=3.52 sys=30.86, real=0.83 secs] 
2021-04-01T05:56:53.549+0200: 1065.650: [GC (Allocation Failure) [PSYoungGen: 49067561K->2821355K(51800064K)] 58902364K->13222165K(65366016K), 0.1263220 secs] [Times: user=3.83 sys=0.00, real=0.13 secs] 
2021-04-01T05:56:53.675+0200: 1065.777: [Full GC (Ergonomics) [PSYoungGen: 2821355K->0K(51800064K)] [ParOldGen: 10400810K->2186462K(10408448K)] 13222165K->2186462K(62208512K), [Metaspace: 51425K->51425K(55296K)], 0.2323615 secs] [Times: user=3.04 sys=2.50, real=0.23 secs] 
2021-04-01T05:57:57.569+0200: 1129.670: [GC (Allocation Failure) [PSYoungGen: 42638848K->6534645K(51198976K)] 44825310K->8721107K(61607424K), 0.2034092 secs] [Times: user=6.65 sys=1.23, real=0.21 secs] 
2021-04-01T05:59:30.871+0200: 1222.972: [GC (Allocation Failure) [PSYoungGen: 48834549K->3604363K(51630592K)] 51021011K->6661749K(62039040K), 0.1562729 secs] [Times: user=4.97 sys=0.00, real=0.16 secs] 
2021-04-01T06:00:22.109+0200: 1274.211: [GC (Allocation Failure) [PSYoungGen: 45904267K->7078180K(50853376K)] 48961653K->10194747K(61261824K), 0.2250571 secs] [Times: user=7.49 sys=1.23, real=0.23 secs] 
2021-04-01T06:01:14.724+0200: 1326.826: [GC (Allocation Failure) [PSYoungGen: 48983844K->6344615K(48250368K)] 52100411K->9689566K(58658816K), 0.2165346 secs] [Times: user=6.61 sys=0.00, real=0.21 secs] 
2021-04-01T06:03:08.772+0200: 1440.874: [GC (Allocation Failure) [PSYoungGen: 48250279K->1830703K(48182272K)] 51595230K->5299613K(58590720K), 0.1180785 secs] [Times: user=2.05 sys=1.50, real=0.11 secs] 
2021-04-01T06:04:10.657+0200: 1502.759: [GC (Allocation Failure) [PSYoungGen: 41860911K->6322720K(44570624K)] 45329821K->9791630K(54979072K), 0.2151038 secs] [Times: user=7.22 sys=0.03, real=0.22 secs] 
2021-04-01T06:05:03.269+0200: 1555.370: [GC (Allocation Failure) [PSYoungGen: 44570144K->6223900K(44870656K)] 48039054K->9692810K(55279104K), 0.2573705 secs] [Times: user=6.47 sys=1.71, real=0.26 secs] 
2021-04-01T06:05:46.778+0200: 1598.879: [GC (Allocation Failure) [PSYoungGen: 42776604K->6428782K(41370624K)] 46245514K->9897692K(51779072K), 0.2416903 secs] [Times: user=7.34 sys=0.05, real=0.24 secs] 
2021-04-01T06:07:58.590+0200: 1730.692: [GC (Allocation Failure) [PSYoungGen: 41370222K->1583278K(42034688K)] 44839132K->5052188K(52443136K), 0.1429188 secs] [Times: user=1.88 sys=0.05, real=0.15 secs] 
2021-04-01T06:09:04.205+0200: 1796.306: [GC (Allocation Failure) [PSYoungGen: 34992814K->4188119K(36141056K)] 38461724K->7657029K(46549504K), 0.2173374 secs] [Times: user=5.03 sys=0.08, real=0.21 secs] 
Heap
 PSYoungGen      total 36141056K, used 31119458K [0x00007f2ea4380000, 0x00007f3ad8780000, 0x00007f3d2d000000)
  eden space 31952896K, 84% used [0x00007f2ea4380000,0x00007f350ffa2be8,0x00007f3642780000)
  from space 4188160K, 99% used [0x00007f369b600000,0x00007f379aff5ef8,0x00007f379b000000)
  to   space 9617408K, 0% used [0x00007f388d780000,0x00007f388d780000,0x00007f3ad8780000)
 ParOldGen       total 10408448K, used 3468909K [0x00007f1192a00000, 0x00007f140de80000, 0x00007f2ea4380000)
  object space 10408448K, 33% used [0x00007f1192a00000,0x00007f126659b7e8,0x00007f140de80000)
 Metaspace       used 51711K, capacity 52461K, committed 54272K, reserved 55296K
