Java HotSpot(TM) 64-Bit Server VM (25.131-b11) for linux-amd64 JRE (1.8.0_131-b11), built on Mar 15 2017 01:23:40 by "java_re" with gcc 4.3.0 20080428 (Red Hat 4.3.0-8)
Memory: 4k page, physical 196649792k(184010688k free), swap 3905532k(3905532k free)
CommandLine flags: -XX:InitialHeapSize=2147483648 -XX:MaxHeapSize=187272527872 -XX:+PrintGC -XX:+PrintGCDateStamps -XX:+PrintGCDetails -XX:+PrintGCTimeStamps -XX:+UseParallelGC 
2021-04-01T05:39:09.231+0200: 1.334: [GC (Metadata GC Threshold) [PSYoungGen: 404765K->37454K(611840K)] 404765K->37542K(2010112K), 0.0256078 secs] [Times: user=0.54 sys=0.02, real=0.02 secs] 
2021-04-01T05:39:09.257+0200: 1.359: [Full GC (Metadata GC Threshold) [PSYoungGen: 37454K->0K(611840K)] [ParOldGen: 88K->36131K(816128K)] 37542K->36131K(1427968K), [Metaspace: 20779K->20779K(22528K)], 0.0237810 secs] [Times: user=0.25 sys=0.06, real=0.03 secs] 
2021-04-01T05:39:11.093+0200: 3.196: [GC (Metadata GC Threshold) [PSYoungGen: 434962K->82203K(856576K)] 471093K->118343K(1672704K), 0.0240525 secs] [Times: user=0.48 sys=0.04, real=0.02 secs] 
2021-04-01T05:39:11.117+0200: 3.220: [Full GC (Metadata GC Threshold) [PSYoungGen: 82203K->0K(856576K)] [ParOldGen: 36139K->105537K(1294336K)] 118343K->105537K(2150912K), [Metaspace: 34799K->34656K(36864K)], 0.0325024 secs] [Times: user=0.29 sys=0.14, real=0.03 secs] 
2021-04-01T05:39:12.904+0200: 5.007: [GC (Allocation Failure) [PSYoungGen: 774144K->87008K(1132032K)] 879681K->243699K(2426368K), 0.0365438 secs] [Times: user=0.83 sys=0.33, real=0.04 secs] 
2021-04-01T05:39:13.375+0200: 5.478: [GC (Allocation Failure) [PSYoungGen: 1132000K->87020K(1247232K)] 1288691K->246013K(2541568K), 0.0252018 secs] [Times: user=0.61 sys=0.11, real=0.03 secs] 
2021-04-01T05:39:15.066+0200: 7.169: [GC (Allocation Failure) [PSYoungGen: 1239092K->87035K(1247232K)] 1398086K->373052K(2541568K), 0.0337374 secs] [Times: user=1.11 sys=0.20, real=0.04 secs] 
2021-04-01T05:39:18.515+0200: 10.618: [GC (Allocation Failure) [PSYoungGen: 1247227K->219644K(2001920K)] 1533244K->535698K(3296256K), 0.0420160 secs] [Times: user=0.68 sys=0.45, real=0.04 secs] 
2021-04-01T05:39:22.407+0200: 14.510: [GC (Allocation Failure) [PSYoungGen: 2001916K->280052K(2062336K)] 2317970K->749998K(3356672K), 0.0489582 secs] [Times: user=0.65 sys=0.93, real=0.05 secs] 
2021-04-01T05:39:24.966+0200: 17.069: [GC (Allocation Failure) [PSYoungGen: 2062324K->410089K(2983936K)] 2532270K->1047305K(4278272K), 0.0618012 secs] [Times: user=0.16 sys=2.24, real=0.06 secs] 
2021-04-01T05:39:28.687+0200: 20.790: [GC (Allocation Failure) [PSYoungGen: 2983913K->557032K(3130880K)] 3621129K->1462706K(4425216K), 0.0918559 secs] [Times: user=0.46 sys=3.29, real=0.10 secs] 
2021-04-01T05:39:33.246+0200: 25.349: [GC (Allocation Failure) [PSYoungGen: 3130856K->763381K(3941376K)] 4036530K->2003267K(5235712K), 0.1102284 secs] [Times: user=0.47 sys=3.36, real=0.11 secs] 
2021-04-01T05:39:33.356+0200: 25.459: [Full GC (Ergonomics) [PSYoungGen: 763381K->599196K(3941376K)] [ParOldGen: 1239886K->1294032K(3099648K)] 2003267K->1893228K(7041024K), [Metaspace: 51677K->50221K(55296K)], 0.1930318 secs] [Times: user=4.01 sys=1.67, real=0.19 secs] 
2021-04-01T05:39:38.205+0200: 30.308: [GC (Allocation Failure) [PSYoungGen: 3777180K->499659K(4192768K)] 5071212K->2395115K(7292416K), 0.0970437 secs] [Times: user=0.47 sys=3.47, real=0.10 secs] 
2021-04-01T05:39:42.520+0200: 34.623: [GC (Allocation Failure) [PSYoungGen: 3677643K->429929K(5225472K)] 5573099K->2766689K(8325120K), 0.0895925 secs] [Times: user=0.77 sys=2.60, real=0.08 secs] 
2021-04-01T05:39:48.184+0200: 40.286: [GC (Allocation Failure) [PSYoungGen: 4748137K->648454K(5272064K)] 7084897K->3362715K(8371712K), 0.0609868 secs] [Times: user=0.86 sys=0.90, real=0.06 secs] 
2021-04-01T05:39:48.245+0200: 40.348: [Full GC (Ergonomics) [PSYoungGen: 648454K->165129K(5272064K)] [ParOldGen: 2714261K->3099503K(5576192K)] 3362715K->3264633K(10848256K), [Metaspace: 50276K->50276K(55296K)], 0.3276639 secs] [Times: user=9.00 sys=2.34, real=0.33 secs] 
2021-04-01T05:39:55.378+0200: 47.481: [GC (Allocation Failure) [PSYoungGen: 4483337K->773755K(6657536K)] 7582841K->4042828K(12233728K), 0.1009044 secs] [Times: user=0.68 sys=3.52, real=0.11 secs] 
2021-04-01T05:40:03.616+0200: 55.719: [GC (Allocation Failure) [PSYoungGen: 6438011K->752871K(6732800K)] 9707084K->4699856K(12308992K), 0.1089259 secs] [Times: user=0.56 sys=3.43, real=0.11 secs] 
2021-04-01T05:40:12.004+0200: 64.107: [GC (Allocation Failure) [PSYoungGen: 6417127K->1069870K(8339456K)] 10364112K->5677278K(13915648K), 0.1635155 secs] [Times: user=0.89 sys=5.88, real=0.16 secs] 
2021-04-01T05:40:23.326+0200: 75.429: [GC (Allocation Failure) [PSYoungGen: 8290606K->1272817K(8493568K)] 12898014K->6940389K(14169088K), 0.1845712 secs] [Times: user=1.28 sys=5.63, real=0.19 secs] 
2021-04-01T05:40:23.511+0200: 75.614: [Full GC (Ergonomics) [PSYoungGen: 1272817K->0K(8493568K)] [ParOldGen: 5667572K->4740460K(8011264K)] 6940389K->4740460K(16504832K), [Metaspace: 50668K->50668K(55296K)], 0.3495807 secs] [Times: user=7.23 sys=4.66, real=0.35 secs] 
2021-04-01T05:40:34.928+0200: 87.031: [GC (Allocation Failure) [PSYoungGen: 7220736K->1198656K(10498048K)] 11961196K->5939124K(18509312K), 0.1483882 secs] [Times: user=0.59 sys=5.47, real=0.15 secs] 
2021-04-01T05:40:46.839+0200: 98.942: [GC (Allocation Failure) [PSYoungGen: 9833536K->1622075K(10561024K)] 14574004K->7409302K(18572288K), 0.1403350 secs] [Times: user=2.39 sys=3.23, real=0.14 secs] 
2021-04-01T05:40:59.781+0200: 111.883: [GC (Allocation Failure) [PSYoungGen: 10256955K->1399435K(12429824K)] 16044182K->8600983K(20441088K), 0.2253324 secs] [Times: user=1.00 sys=7.96, real=0.22 secs] 
2021-04-01T05:41:00.006+0200: 112.109: [Full GC (Ergonomics) [PSYoungGen: 1399435K->0K(12429824K)] [ParOldGen: 7201547K->4913499K(9073152K)] 8600983K->4913499K(21502976K), [Metaspace: 51148K->51148K(55296K)], 0.3134398 secs] [Times: user=7.05 sys=2.63, real=0.32 secs] 
2021-04-01T05:41:16.844+0200: 128.947: [GC (Allocation Failure) [PSYoungGen: 10302976K->1944038K(12504576K)] 15216475K->6857545K(21577728K), 0.1302001 secs] [Times: user=1.85 sys=3.06, real=0.13 secs] 
2021-04-01T05:41:31.466+0200: 143.569: [GC (Allocation Failure) [PSYoungGen: 12247014K->1822137K(14697472K)] 17160521K->8442612K(23770624K), 0.2303561 secs] [Times: user=1.90 sys=7.39, real=0.23 secs] 
2021-04-01T05:41:50.246+0200: 162.349: [GC (Allocation Failure) [PSYoungGen: 14063545K->2145415K(14853120K)] 20684020K->10369347K(23926272K), 0.2168660 secs] [Times: user=2.42 sys=6.29, real=0.22 secs] 
2021-04-01T05:41:50.463+0200: 162.566: [Full GC (Ergonomics) [PSYoungGen: 2145415K->0K(14853120K)] [ParOldGen: 8223931K->5118449K(10231808K)] 10369347K->5118449K(25084928K), [Metaspace: 51313K->51313K(55296K)], 0.2887372 secs] [Times: user=6.99 sys=1.36, real=0.29 secs] 
2021-04-01T05:42:08.743+0200: 180.846: [GC (Allocation Failure) [PSYoungGen: 12241408K->2421133K(17282560K)] 17359857K->7539590K(27514368K), 0.2587559 secs] [Times: user=0.82 sys=9.01, real=0.26 secs] 
2021-04-01T05:42:28.512+0200: 200.615: [GC (Allocation Failure) [PSYoungGen: 16854413K->2419992K(17570304K)] 21972870K->9670253K(27802112K), 0.1639838 secs] [Times: user=4.17 sys=2.06, real=0.16 secs] 
2021-04-01T05:42:48.722+0200: 220.825: [GC (Allocation Failure) [PSYoungGen: 16853272K->2484179K(19856384K)] 24103533K->11858407K(30088192K), 0.3396757 secs] [Times: user=2.00 sys=12.19, real=0.34 secs] 
2021-04-01T05:42:49.062+0200: 221.165: [Full GC (Ergonomics) [PSYoungGen: 2484179K->0K(19856384K)] [ParOldGen: 9374227K->5076504K(11289088K)] 11858407K->5076504K(31145472K), [Metaspace: 51364K->51364K(55296K)], 0.3504753 secs] [Times: user=7.27 sys=3.32, real=0.35 secs] 
2021-04-01T05:43:13.213+0200: 245.316: [GC (Allocation Failure) [PSYoungGen: 16494080K->2919269K(20053504K)] 21570584K->7995773K(31342592K), 0.1687795 secs] [Times: user=3.34 sys=3.39, real=0.17 secs] 
2021-04-01T05:43:36.492+0200: 268.595: [GC (Allocation Failure) [PSYoungGen: 19413349K->3010850K(22770688K)] 24489853K->10522022K(34059776K), 0.3570955 secs] [Times: user=2.14 sys=12.63, real=0.35 secs] 
2021-04-01T05:44:05.042+0200: 297.144: [GC (Allocation Failure) [PSYoungGen: 21912354K->3016243K(23045632K)] 29423526K->12612309K(34334720K), 0.1895434 secs] [Times: user=5.55 sys=1.28, real=0.19 secs] 
2021-04-01T05:44:05.231+0200: 297.334: [Full GC (Ergonomics) [PSYoungGen: 3016243K->0K(23045632K)] [ParOldGen: 9596065K->4696442K(11783680K)] 12612309K->4696442K(34829312K), [Metaspace: 51412K->51412K(55296K)], 0.2753171 secs] [Times: user=5.99 sys=1.23, real=0.27 secs] 
2021-04-01T05:44:31.226+0200: 323.329: [GC (Allocation Failure) [PSYoungGen: 18901504K->3533878K(25906688K)] 23597946K->8230321K(37690368K), 0.4040305 secs] [Times: user=1.34 sys=15.32, real=0.40 secs] 
2021-04-01T05:45:03.713+0200: 355.816: [GC (Allocation Failure) [PSYoungGen: 25082422K->3761272K(26257408K)] 29778865K->10335819K(38041088K), 0.1931744 secs] [Times: user=5.46 sys=1.79, real=0.19 secs] 
2021-04-01T05:45:34.048+0200: 386.151: [GC (Allocation Failure) [PSYoungGen: 25309816K->3933131K(29893632K)] 31884363K->12447074K(41677312K), 0.5005110 secs] [Times: user=2.32 sys=14.56, real=0.50 secs] 
2021-04-01T05:45:34.549+0200: 386.652: [Full GC (Ergonomics) [PSYoungGen: 3933131K->0K(29893632K)] [ParOldGen: 8513942K->5280313K(12825088K)] 12447074K->5280313K(42718720K), [Metaspace: 51429K->51429K(55296K)], 0.4908674 secs] [Times: user=8.27 sys=1.58, real=0.50 secs] 
2021-04-01T05:46:09.237+0200: 421.340: [GC (Allocation Failure) [PSYoungGen: 24827904K->4197849K(30233600K)] 30108217K->9478163K(43058688K), 0.1542359 secs] [Times: user=5.01 sys=0.83, real=0.16 secs] 
2021-04-01T05:46:43.645+0200: 455.748: [GC (Allocation Failure) [PSYoungGen: 29025753K->4539590K(33730560K)] 34306067K->11634817K(46555648K), 0.5567205 secs] [Times: user=2.22 sys=21.17, real=0.56 secs] 
2021-04-01T05:47:27.958+0200: 500.061: [GC (Allocation Failure) [PSYoungGen: 32506566K->4670680K(34131968K)] 39601793K->12109845K(46957056K), 0.1987538 secs] [Times: user=5.63 sys=2.07, real=0.19 secs] 
2021-04-01T05:48:11.804+0200: 543.907: [GC (Allocation Failure) [PSYoungGen: 32637656K->4965937K(38044672K)] 40076821K->12495046K(50869760K), 0.5813143 secs] [Times: user=1.90 sys=22.22, real=0.58 secs] 
2021-04-01T05:48:55.598+0200: 587.701: [GC (Allocation Failure) [PSYoungGen: 36488753K->5601612K(38424576K)] 44017862K->13243136K(51249664K), 0.1828026 secs] [Times: user=6.92 sys=0.09, real=0.18 secs] 
2021-04-01T05:49:48.552+0200: 640.655: [GC (Allocation Failure) [PSYoungGen: 37124428K->4618119K(43179008K)] 44765952K->12267562K(56004096K), 0.5038455 secs] [Times: user=1.57 sys=18.86, real=0.50 secs] 
2021-04-01T05:50:57.035+0200: 709.138: [GC (Allocation Failure) [PSYoungGen: 40371591K->3815110K(43220992K)] 48021034K->11466051K(56046080K), 0.1263098 secs] [Times: user=4.29 sys=0.00, real=0.13 secs] 
2021-04-01T05:52:11.427+0200: 783.530: [GC (Allocation Failure) [PSYoungGen: 39568582K->2592562K(46300672K)] 47219523K->10244379K(59125760K), 0.2625433 secs] [Times: user=1.33 sys=8.73, real=0.26 secs] 
2021-04-01T05:54:06.747+0200: 898.850: [GC (Allocation Failure) [PSYoungGen: 42414386K->2890044K(46802944K)] 50066203K->10541868K(59628032K), 0.1172365 secs] [Times: user=3.37 sys=0.01, real=0.12 secs] 
2021-04-01T05:54:41.160+0200: 933.263: [GC (Allocation Failure) [PSYoungGen: 42711868K->6729209K(48818176K)] 50363692K->15241250K(61643264K), 0.8033647 secs] [Times: user=3.65 sys=29.09, real=0.80 secs] 
2021-04-01T05:56:10.911+0200: 1023.014: [GC (Allocation Failure) [PSYoungGen: 48818169K->1316356K(50031616K)] 57330210K->9830063K(62856704K), 0.0794907 secs] [Times: user=1.59 sys=0.00, real=0.08 secs] 
2021-04-01T05:57:40.361+0200: 1112.464: [GC (Allocation Failure) [PSYoungGen: 43405316K->3454140K(52202496K)] 51919023K->11969134K(65027584K), 0.1258150 secs] [Times: user=4.14 sys=0.00, real=0.12 secs] 
2021-04-01T05:58:22.279+0200: 1154.382: [GC (Allocation Failure) [PSYoungGen: 48513724K->7542757K(52602368K)] 57028718K->17171200K(65427456K), 0.2959294 secs] [Times: user=10.76 sys=0.65, real=0.29 secs] 
2021-04-01T05:59:19.194+0200: 1211.297: [GC (Allocation Failure) [PSYoungGen: 52602341K->3561321K(52079104K)] 62230784K->13194489K(64904192K), 0.1350408 secs] [Times: user=3.90 sys=0.01, real=0.13 secs] 
2021-04-01T06:00:30.579+0200: 1282.681: [GC (Allocation Failure) [PSYoungGen: 47281513K->5189814K(46912512K)] 56914681K->14822983K(59737600K), 0.1758807 secs] [Times: user=6.52 sys=0.01, real=0.17 secs] 
2021-04-01T06:01:26.582+0200: 1338.685: [GC (Allocation Failure) [PSYoungGen: 46912182K->6506757K(47376384K)] 56545351K->16139925K(60201472K), 0.2140071 secs] [Times: user=8.11 sys=0.16, real=0.21 secs] 
2021-04-01T06:02:43.556+0200: 1415.659: [GC (Allocation Failure) [PSYoungGen: 46330117K->1698165K(39716864K)] 55963285K->11331334K(52541952K), 0.1044079 secs] [Times: user=2.21 sys=0.03, real=0.11 secs] 
2021-04-01T06:03:59.451+0200: 1491.554: [GC (Allocation Failure) [PSYoungGen: 39716725K->5229738K(43449856K)] 49349894K->14862906K(56274944K), 0.2408103 secs] [Times: user=6.76 sys=0.07, real=0.24 secs] 
2021-04-01T06:04:54.284+0200: 1546.387: [GC (Allocation Failure) [PSYoungGen: 41533098K->6053417K(40727040K)] 51166266K->15686585K(53552128K), 0.2222431 secs] [Times: user=7.05 sys=0.05, real=0.22 secs] 
2021-04-01T06:05:30.438+0200: 1582.541: [GC (Allocation Failure) [PSYoungGen: 40726569K->7405906K(41990656K)] 50359737K->17039075K(54815744K), 0.2466497 secs] [Times: user=9.35 sys=0.02, real=0.24 secs] 
2021-04-01T06:06:32.105+0200: 1644.208: [GC (Allocation Failure) [PSYoungGen: 40529234K->3162605K(34812928K)] 50162403K->12795774K(47638016K), 0.1910009 secs] [Times: user=3.82 sys=0.08, real=0.19 secs] 
2021-04-01T06:07:31.345+0200: 1703.448: [GC (Allocation Failure) [PSYoungGen: 34812909K->4286999K(37477376K)] 44446078K->13920168K(50302464K), 0.2153365 secs] [Times: user=5.28 sys=0.08, real=0.22 secs] 
2021-04-01T06:08:05.259+0200: 1737.362: [GC (Allocation Failure) [PSYoungGen: 34536983K->7716262K(36635136K)] 44170152K->17349431K(49460224K), 0.2286454 secs] [Times: user=9.22 sys=0.00, real=0.22 secs] 
2021-04-01T06:08:47.534+0200: 1779.637: [GC (Allocation Failure) [PSYoungGen: 36635046K->5769677K(35886592K)] 46268215K->15402846K(48711680K), 0.2161429 secs] [Times: user=6.25 sys=0.05, real=0.22 secs] 
Heap
 PSYoungGen      total 35886592K, used 18575049K [0x00007fbf9c380000, 0x00007fcace580000, 0x00007fce25000000)
  eden space 27653120K, 46% used [0x00007fbf9c380000,0x00007fc2a9cbf0f0,0x00007fc634080000)
  from space 8233472K, 70% used [0x00007fc8d7d00000,0x00007fca37f735c8,0x00007fcace580000)
  to   space 9652736K, 0% used [0x00007fc634080000,0x00007fc634080000,0x00007fc881300000)
 ParOldGen       total 12825088K, used 9633168K [0x00007fa28aa00000, 0x00007fa599680000, 0x00007fbf9c380000)
  object space 12825088K, 75% used [0x00007fa28aa00000,0x00007fa4d6964308,0x00007fa599680000)
 Metaspace       used 51816K, capacity 52570K, committed 54784K, reserved 55296K
