Java HotSpot(TM) 64-Bit Server VM (25.131-b11) for linux-amd64 JRE (1.8.0_131-b11), built on Mar 15 2017 01:23:40 by "java_re" with gcc 4.3.0 20080428 (Red Hat 4.3.0-8)
Memory: 4k page, physical 196649796k(183993744k free), swap 3905532k(3905532k free)
CommandLine flags: -XX:InitialHeapSize=2147483648 -XX:MaxHeapSize=187272527872 -XX:+PrintGC -XX:+PrintGCDateStamps -XX:+PrintGCDetails -XX:+PrintGCTimeStamps -XX:+UseParallelGC 
2021-04-01T05:39:09.173+0200: 1.281: [GC (Metadata GC Threshold) [PSYoungGen: 404762K->37550K(611840K)] 404762K->37638K(2010112K), 0.0268317 secs] [Times: user=0.50 sys=0.02, real=0.02 secs] 
2021-04-01T05:39:09.200+0200: 1.308: [Full GC (Metadata GC Threshold) [PSYoungGen: 37550K->0K(611840K)] [ParOldGen: 88K->36131K(812032K)] 37638K->36131K(1423872K), [Metaspace: 20779K->20779K(22528K)], 0.0241887 secs] [Times: user=0.24 sys=0.10, real=0.03 secs] 
2021-04-01T05:39:11.094+0200: 3.202: [GC (Metadata GC Threshold) [PSYoungGen: 439431K->82256K(855552K)] 475562K->118395K(1667584K), 0.0245928 secs] [Times: user=0.60 sys=0.07, real=0.02 secs] 
2021-04-01T05:39:11.119+0200: 3.227: [Full GC (Metadata GC Threshold) [PSYoungGen: 82256K->0K(855552K)] [ParOldGen: 36139K->105323K(1287680K)] 118395K->105323K(2143232K), [Metaspace: 34828K->34688K(36864K)], 0.0349936 secs] [Times: user=0.28 sys=0.16, real=0.04 secs] 
2021-04-01T05:39:12.909+0200: 5.018: [GC (Allocation Failure) [PSYoungGen: 773120K->87019K(1132032K)] 878443K->243426K(2419712K), 0.0198021 secs] [Times: user=0.24 sys=0.41, real=0.02 secs] 
2021-04-01T05:39:13.395+0200: 5.503: [GC (Allocation Failure) [PSYoungGen: 1126716K->87020K(1206272K)] 1283122K->247648K(2493952K), 0.0332037 secs] [Times: user=1.03 sys=0.05, real=0.03 secs] 
2021-04-01T05:39:16.370+0200: 8.478: [GC (Allocation Failure) [PSYoungGen: 1206252K->87013K(1206272K)] 1366880K->325993K(2493952K), 0.0272943 secs] [Times: user=0.78 sys=0.16, real=0.03 secs] 
2021-04-01T05:39:18.470+0200: 10.578: [GC (Allocation Failure) [PSYoungGen: 1206245K->187894K(1828352K)] 1445225K->545934K(3116032K), 0.0541452 secs] [Times: user=1.36 sys=0.36, real=0.06 secs] 
2021-04-01T05:39:22.198+0200: 14.306: [GC (Allocation Failure) [PSYoungGen: 1828342K->289258K(1929728K)] 2186382K->747915K(3217408K), 0.0461851 secs] [Times: user=0.61 sys=0.88, real=0.05 secs] 
2021-04-01T05:39:24.423+0200: 16.531: [GC (Allocation Failure) [PSYoungGen: 1929706K->395259K(2791936K)] 2388363K->958516K(4079616K), 0.0533232 secs] [Times: user=0.45 sys=1.31, real=0.06 secs] 
2021-04-01T05:39:28.247+0200: 20.356: [GC (Allocation Failure) [PSYoungGen: 2791931K->511991K(2908672K)] 3355188K->1358665K(4196352K), 0.0833076 secs] [Times: user=0.52 sys=2.35, real=0.08 secs] 
2021-04-01T05:39:31.048+0200: 23.156: [GC (Allocation Failure) [PSYoungGen: 2908663K->714747K(3700224K)] 3755337K->1756536K(4987904K), 0.0865801 secs] [Times: user=0.70 sys=2.02, real=0.09 secs] 
2021-04-01T05:39:31.135+0200: 23.243: [Full GC (Ergonomics) [PSYoungGen: 714747K->365079K(3700224K)] [ParOldGen: 1041789K->1287266K(3009536K)] 1756536K->1652346K(6709760K), [Metaspace: 39851K->39628K(40960K)], 0.1859180 secs] [Times: user=4.07 sys=1.10, real=0.18 secs] 
2021-04-01T05:39:36.467+0200: 28.575: [GC (Allocation Failure) [PSYoungGen: 3350551K->568866K(3891200K)] 4637818K->2223471K(6900736K), 0.0651128 secs] [Times: user=0.51 sys=1.60, real=0.07 secs] 
2021-04-01T05:39:39.939+0200: 32.048: [GC (Allocation Failure) [PSYoungGen: 3554338K->335925K(4855808K)] 5208943K->2473816K(7865344K), 0.0730208 secs] [Times: user=0.32 sys=2.65, real=0.08 secs] 
2021-04-01T05:39:44.665+0200: 36.774: [GC (Allocation Failure) [PSYoungGen: 4361269K->551740K(4907008K)] 6499160K->2972692K(7916544K), 0.0534375 secs] [Times: user=0.57 sys=1.55, real=0.05 secs] 
2021-04-01T05:39:51.070+0200: 43.178: [GC (Allocation Failure) [PSYoungGen: 4577084K->750006K(6168576K)] 6998036K->3642392K(9178112K), 0.1053668 secs] [Times: user=0.74 sys=3.49, real=0.11 secs] 
2021-04-01T05:39:51.176+0200: 43.284: [Full GC (Ergonomics) [PSYoungGen: 750006K->533236K(6168576K)] [ParOldGen: 2892386K->3009186K(5449216K)] 3642392K->3542423K(11617792K), [Metaspace: 51264K->50110K(53248K)], 0.4494920 secs] [Times: user=13.36 sys=2.86, real=0.45 secs] 
2021-04-01T05:39:59.315+0200: 51.424: [GC (Allocation Failure) [PSYoungGen: 5801204K->765258K(6254080K)] 8810391K->4321063K(11703296K), 0.1121107 secs] [Times: user=0.54 sys=3.64, real=0.11 secs] 
2021-04-01T05:40:05.793+0200: 57.901: [GC (Allocation Failure) [PSYoungGen: 6033226K->646629K(7894016K)] 9589031K->4876136K(13343232K), 0.1180752 secs] [Times: user=0.61 sys=4.25, real=0.12 secs] 
2021-04-01T05:40:14.944+0200: 67.053: [GC (Allocation Failure) [PSYoungGen: 7482341K->1070053K(7905792K)] 11711848K->5938936K(13355008K), 0.1351849 secs] [Times: user=0.83 sys=4.25, real=0.13 secs] 
2021-04-01T05:40:15.079+0200: 67.188: [Full GC (Ergonomics) [PSYoungGen: 1070053K->0K(7905792K)] [ParOldGen: 4868883K->4474890K(7579648K)] 5938936K->4474890K(15485440K), [Metaspace: 50483K->50483K(53248K)], 0.2898410 secs] [Times: user=6.24 sys=2.96, real=0.29 secs] 
2021-04-01T05:40:24.031+0200: 76.139: [GC (Allocation Failure) [PSYoungGen: 6835712K->1118452K(9553920K)] 11310602K->5593343K(17133568K), 0.1309481 secs] [Times: user=0.71 sys=4.63, real=0.13 secs] 
2021-04-01T05:40:35.033+0200: 87.141: [GC (Allocation Failure) [PSYoungGen: 9203444K->1089577K(9660416K)] 13678335K->6548647K(17240064K), 0.1377110 secs] [Times: user=1.72 sys=3.83, real=0.13 secs] 
2021-04-01T05:40:45.076+0200: 97.185: [GC (Allocation Failure) [PSYoungGen: 9174539K->1295078K(11193344K)] 14633610K->7701221K(18772992K), 0.1934144 secs] [Times: user=0.86 sys=7.12, real=0.19 secs] 
2021-04-01T05:40:45.270+0200: 97.378: [Full GC (Ergonomics) [PSYoungGen: 1295078K->0K(11193344K)] [ParOldGen: 6406143K->4849897K(8705024K)] 7701221K->4849897K(19898368K), [Metaspace: 50692K->50692K(53248K)], 0.3247389 secs] [Times: user=6.87 sys=3.21, real=0.33 secs] 
2021-04-01T05:40:58.805+0200: 110.913: [GC (Allocation Failure) [PSYoungGen: 9546752K->1532485K(11321344K)] 14396649K->6382391K(20026368K), 0.0911023 secs] [Times: user=1.57 sys=1.95, real=0.09 secs] 
2021-04-01T05:41:11.962+0200: 124.071: [GC (Allocation Failure) [PSYoungGen: 11079237K->1434001K(13262336K)] 15929143K->7632190K(21967360K), 0.2005043 secs] [Times: user=1.50 sys=6.76, real=0.20 secs] 
2021-04-01T05:41:24.750+0200: 136.858: [GC (Allocation Failure) [PSYoungGen: 12734865K->1552876K(13372928K)] 18933054K->9014541K(22077952K), 0.1753200 secs] [Times: user=1.42 sys=5.59, real=0.18 secs] 
2021-04-01T05:41:24.925+0200: 137.034: [Full GC (Ergonomics) [PSYoungGen: 1552876K->0K(13372928K)] [ParOldGen: 7461665K->4734581K(9437184K)] 9014541K->4734581K(22810112K), [Metaspace: 50981K->50981K(55296K)], 0.2591805 secs] [Times: user=6.20 sys=1.43, real=0.26 secs] 
2021-04-01T05:41:40.982+0200: 153.091: [GC (Allocation Failure) [PSYoungGen: 11300864K->1944031K(15485440K)] 16035445K->6678620K(24922624K), 0.2160932 secs] [Times: user=0.77 sys=8.10, real=0.22 secs] 
2021-04-01T05:41:58.639+0200: 170.748: [GC (Allocation Failure) [PSYoungGen: 15230431K->1944859K(15726592K)] 19965020K->8380709K(25163776K), 0.1418662 secs] [Times: user=3.35 sys=2.02, real=0.14 secs] 
2021-04-01T05:42:15.982+0200: 188.090: [GC (Allocation Failure) [PSYoungGen: 15231259K->2255334K(17641472K)] 21667109K->10387975K(27078656K), 0.2829385 secs] [Times: user=1.72 sys=9.80, real=0.29 secs] 
2021-04-01T05:42:16.265+0200: 188.373: [Full GC (Ergonomics) [PSYoungGen: 2255334K->0K(17641472K)] [ParOldGen: 8132640K->5075381K(10772480K)] 10387975K->5075381K(28413952K), [Metaspace: 51206K->51206K(55296K)], 0.3322422 secs] [Times: user=7.33 sys=3.03, real=0.33 secs] 
2021-04-01T05:42:36.010+0200: 208.118: [GC (Allocation Failure) [PSYoungGen: 15010304K->2479257K(17904128K)] 20085685K->7554647K(28676608K), 0.1244949 secs] [Times: user=2.66 sys=2.22, real=0.13 secs] 
2021-04-01T05:42:57.276+0200: 229.385: [GC (GCLocker Initiated GC) [PSYoungGen: 17489561K->2366706K(20319744K)] 22565210K->9611309K(31092224K), 0.3125923 secs] [Times: user=2.33 sys=10.70, real=0.31 secs] 
2021-04-01T05:43:20.308+0200: 252.417: [GC (Allocation Failure) [PSYoungGen: 19503346K->2820141K(20505088K)] 26747964K->12050438K(31277568K), 0.2478409 secs] [Times: user=3.90 sys=6.20, real=0.25 secs] 
2021-04-01T05:43:20.556+0200: 252.665: [Full GC (Ergonomics) [PSYoungGen: 2820141K->0K(20505088K)] [ParOldGen: 9230296K->4761491K(11476480K)] 12050438K->4761491K(31981568K), [Metaspace: 51222K->51222K(55296K)], 0.3131175 secs] [Times: user=6.23 sys=2.88, real=0.31 secs] 
2021-04-01T05:43:42.700+0200: 274.808: [GC (Allocation Failure) [PSYoungGen: 17136640K->2755671K(23276032K)] 21898131K->7517162K(34752512K), 0.3295835 secs] [Times: user=0.94 sys=12.71, real=0.33 secs] 
2021-04-01T05:44:07.469+0200: 299.577: [GC (Allocation Failure) [PSYoungGen: 22355031K->3002587K(23493120K)] 27116522K->9976098K(34969600K), 0.1654800 secs] [Times: user=5.16 sys=1.25, real=0.17 secs] 
2021-04-01T05:44:30.928+0200: 323.036: [GC (Allocation Failure) [PSYoungGen: 22601947K->3326952K(26614784K)] 29575458K->12534160K(38091264K), 0.3865090 secs] [Times: user=2.49 sys=13.70, real=0.39 secs] 
2021-04-01T05:44:31.315+0200: 323.423: [Full GC (Ergonomics) [PSYoungGen: 3326952K->0K(26614784K)] [ParOldGen: 9207208K->5420462K(13050368K)] 12534160K->5420462K(39665152K), [Metaspace: 51239K->51239K(55296K)], 0.3942632 secs] [Times: user=8.53 sys=3.97, real=0.39 secs] 
2021-04-01T05:45:01.605+0200: 353.713: [GC (Allocation Failure) [PSYoungGen: 22465536K->3749511K(26930688K)] 27885998K->9169973K(39981056K), 0.1739887 secs] [Times: user=3.74 sys=3.07, real=0.17 secs] 
2021-04-01T05:45:30.976+0200: 383.084: [GC (Allocation Failure) [PSYoungGen: 26215047K->3732506K(30166016K)] 31635509K->11361010K(43216384K), 0.4384082 secs] [Times: user=2.25 sys=15.88, real=0.44 secs] 
2021-04-01T05:46:06.568+0200: 418.676: [GC (Allocation Failure) [PSYoungGen: 29032474K->3651372K(30472704K)] 36660978K->12353806K(43523072K), 0.2000613 secs] [Times: user=4.54 sys=3.34, real=0.20 secs] 
2021-04-01T05:46:40.612+0200: 452.721: [GC (Allocation Failure) [PSYoungGen: 28951340K->3859640K(33912832K)] 37653774K->13710366K(46963200K), 0.4848977 secs] [Times: user=1.52 sys=18.64, real=0.48 secs] 
2021-04-01T05:47:18.949+0200: 491.057: [GC (Allocation Failure) [PSYoungGen: 32394936K->4399654K(34138112K)] 42245662K->14933082K(47188480K), 0.1991398 secs] [Times: user=4.53 sys=2.88, real=0.20 secs] 
2021-04-01T05:47:19.148+0200: 491.256: [Full GC (Ergonomics) [PSYoungGen: 4399654K->0K(34138112K)] [ParOldGen: 10533427K->4722698K(12336128K)] 14933082K->4722698K(46474240K), [Metaspace: 51270K->51270K(55296K)], 0.3353208 secs] [Times: user=6.18 sys=3.11, real=0.34 secs] 
2021-04-01T05:47:56.730+0200: 528.838: [GC (Allocation Failure) [PSYoungGen: 28535296K->4511538K(37991424K)] 33257994K->9234236K(50327552K), 0.4917085 secs] [Times: user=1.48 sys=18.75, real=0.49 secs] 
2021-04-01T05:48:34.911+0200: 567.019: [GC (Allocation Failure) [PSYoungGen: 36535602K->5469315K(38312960K)] 41258300K->11122659K(50649088K), 0.1868396 secs] [Times: user=7.26 sys=0.01, real=0.19 secs] 
2021-04-01T05:49:18.884+0200: 610.992: [GC (Allocation Failure) [PSYoungGen: 37493379K->5108950K(43141120K)] 43146723K->10930502K(55477248K), 0.6241994 secs] [Times: user=2.10 sys=12.99, real=0.62 secs] 
2021-04-01T05:50:18.563+0200: 670.671: [GC (Allocation Failure) [PSYoungGen: 41364182K->4003215K(43476992K)] 47185734K->9825722K(55813120K), 0.1612473 secs] [Times: user=4.10 sys=1.08, real=0.16 secs] 
2021-04-01T05:51:26.779+0200: 738.888: [GC (Allocation Failure) [PSYoungGen: 40258447K->3241263K(46657536K)] 46080954K->9064194K(58993664K), 0.3453182 secs] [Times: user=2.20 sys=11.72, real=0.35 secs] 
2021-04-01T05:52:43.393+0200: 815.501: [GC (Allocation Failure) [PSYoungGen: 43690287K->3536056K(47188992K)] 49513218K->9359534K(59525120K), 0.1916339 secs] [Times: user=4.02 sys=3.05, real=0.19 secs] 
2021-04-01T05:53:46.607+0200: 878.715: [GC (Allocation Failure) [PSYoungGen: 43985080K->4975317K(50898432K)] 49808558K->10800595K(63234560K), 0.5978850 secs] [Times: user=1.48 sys=23.26, real=0.60 secs] 
2021-04-01T05:55:14.385+0200: 966.493: [GC (Allocation Failure) [PSYoungGen: 49427157K->1969997K(51164160K)] 55252435K->7795834K(63500288K), 0.0968304 secs] [Times: user=3.03 sys=0.00, real=0.09 secs] 
2021-04-01T05:56:28.890+0200: 1040.999: [GC (Allocation Failure) [PSYoungGen: 46421837K->4672726K(54017024K)] 52247674K->10498563K(66353152K), 0.3804808 secs] [Times: user=3.03 sys=12.30, real=0.39 secs] 
2021-04-01T05:57:19.172+0200: 1091.280: [GC (Allocation Failure) [PSYoungGen: 52011734K->6811104K(54150144K)] 57837571K->12745395K(66486272K), 0.2538384 secs] [Times: user=7.49 sys=0.63, real=0.25 secs] 
2021-04-01T05:58:41.816+0200: 1173.924: [GC (Allocation Failure) [PSYoungGen: 54150112K->2743305K(52688896K)] 60084403K->8679348K(65025024K), 0.1116821 secs] [Times: user=3.02 sys=0.00, real=0.11 secs] 
2021-04-01T05:59:40.898+0200: 1233.007: [GC (Allocation Failure) [PSYoungGen: 48621065K->6733643K(52611584K)] 54557108K->12669686K(64947712K), 0.2176093 secs] [Times: user=8.12 sys=0.00, real=0.22 secs] 
2021-04-01T06:01:20.375+0200: 1332.484: [GC (Allocation Failure) [PSYoungGen: 52611403K->1667982K(51383808K)] 58547446K->7604025K(63719936K), 0.0879483 secs] [Times: user=2.25 sys=0.08, real=0.09 secs] 
2021-04-01T06:02:59.219+0200: 1431.327: [GC (Allocation Failure) [PSYoungGen: 45461902K->3086153K(44899840K)] 51397945K->9022196K(57235968K), 0.1694769 secs] [Times: user=4.39 sys=0.04, real=0.17 secs] 
2021-04-01T06:03:43.379+0200: 1475.487: [GC (Allocation Failure) [PSYoungGen: 44899657K->7280661K(47755264K)] 50835700K->13216704K(60091392K), 0.2095291 secs] [Times: user=8.01 sys=0.02, real=0.21 secs] 
2021-04-01T06:04:09.141+0200: 1501.249: [GC (Allocation Failure) [PSYoungGen: 47212053K->8820705K(48752128K)] 53148096K->16123040K(61088256K), 0.3399489 secs] [Times: user=13.59 sys=0.00, real=0.34 secs] 
2021-04-01T06:04:34.618+0200: 1526.726: [GC (Allocation Failure) [PSYoungGen: 48752097K->10597346K(46924288K)] 56054432K->18258543K(59260416K), 0.5761000 secs] [Times: user=8.56 sys=13.93, real=0.58 secs] 
2021-04-01T06:04:58.873+0200: 1550.981: [GC (Allocation Failure) [PSYoungGen: 46924258K->10387233K(46714368K)] 54585455K->18294181K(59050496K), 0.3279729 secs] [Times: user=12.94 sys=0.01, real=0.32 secs] 
2021-04-01T06:06:04.640+0200: 1616.748: [GC (Allocation Failure) [PSYoungGen: 46714145K->4032261K(47930368K)] 54621093K->11941690K(60266496K), 0.1353765 secs] [Times: user=4.91 sys=0.00, real=0.14 secs] 
2021-04-01T06:06:48.350+0200: 1660.459: [GC (Allocation Failure) [PSYoungGen: 38476549K->5511007K(39955456K)] 46385978K->13422501K(52291584K), 0.2299800 secs] [Times: user=5.87 sys=0.07, real=0.23 secs] 
2021-04-01T06:07:35.331+0200: 1707.440: [GC (Allocation Failure) [PSYoungGen: 39955295K->5030270K(47326720K)] 47866789K->12942947K(59662848K), 0.1632125 secs] [Times: user=6.23 sys=0.00, real=0.16 secs] 
2021-04-01T06:08:36.879+0200: 1768.988: [GC (Allocation Failure) [PSYoungGen: 40036222K->1837751K(35298304K)] 47948899K->9751473K(47634432K), 0.1334181 secs] [Times: user=2.14 sys=0.08, real=0.14 secs] 
Heap
 PSYoungGen      total 35298304K, used 25080381K [0x00007f3878380000, 0x00007f4610780000, 0x00007f4701000000)
  eden space 33460224K, 69% used [0x00007f3878380000,0x00007f3e02d61880,0x00007f4072780000)
  from space 1838080K, 99% used [0x00007f40d0d00000,0x00007f4140fade98,0x00007f4141000000)
  to   space 11780096K, 0% used [0x00007f4341780000,0x00007f4341780000,0x00007f4610780000)
 ParOldGen       total 12336128K, used 7913722K [0x00007f1b66a00000, 0x00007f1e57900000, 0x00007f3878380000)
  object space 12336128K, 64% used [0x00007f1b66a00000,0x00007f1d49a3e890,0x00007f1e57900000)
 Metaspace       used 51635K, capacity 52378K, committed 54272K, reserved 55296K
