Java HotSpot(TM) 64-Bit Server VM (25.131-b11) for linux-amd64 JRE (1.8.0_131-b11), built on Mar 15 2017 01:23:40 by "java_re" with gcc 4.3.0 20080428 (Red Hat 4.3.0-8)
Memory: 4k page, physical 196649792k(184109172k free), swap 3905532k(3905532k free)
CommandLine flags: -XX:InitialHeapSize=2147483648 -XX:MaxHeapSize=187272527872 -XX:+PrintGC -XX:+PrintGCDateStamps -XX:+PrintGCDetails -XX:+PrintGCTimeStamps -XX:+UseParallelGC 
2021-04-01T05:39:09.174+0200: 1.283: [GC (Metadata GC Threshold) [PSYoungGen: 404765K->37436K(611840K)] 404765K->37524K(2010112K), 0.0271964 secs] [Times: user=0.47 sys=0.02, real=0.02 secs] 
2021-04-01T05:39:09.202+0200: 1.310: [Full GC (Metadata GC Threshold) [PSYoungGen: 37436K->0K(611840K)] [ParOldGen: 88K->36130K(826880K)] 37524K->36130K(1438720K), [Metaspace: 20779K->20779K(22528K)], 0.0275815 secs] [Times: user=0.40 sys=0.04, real=0.03 secs] 
2021-04-01T05:39:10.915+0200: 3.023: [GC (Metadata GC Threshold) [PSYoungGen: 453179K->87026K(840704K)] 489309K->151881K(1667584K), 0.0204952 secs] [Times: user=0.62 sys=0.04, real=0.02 secs] 
2021-04-01T05:39:10.935+0200: 3.044: [Full GC (Metadata GC Threshold) [PSYoungGen: 87026K->0K(840704K)] [ParOldGen: 64855K->139256K(1423360K)] 151881K->139256K(2264064K), [Metaspace: 34812K->34681K(36864K)], 0.0412827 secs] [Times: user=0.50 sys=0.13, real=0.04 secs] 
2021-04-01T05:39:12.893+0200: 5.002: [GC (Allocation Failure) [PSYoungGen: 753664K->87011K(1136640K)] 892920K->277612K(2560000K), 0.0476111 secs] [Times: user=1.26 sys=0.26, real=0.04 secs] 
2021-04-01T05:39:13.371+0200: 5.480: [GC (Allocation Failure) [PSYoungGen: 1136611K->87008K(1186304K)] 1327212K->292159K(2609664K), 0.0604622 secs] [Times: user=2.10 sys=0.15, real=0.06 secs] 
2021-04-01T05:39:16.152+0200: 8.260: [GC (Allocation Failure) [PSYoungGen: 1186272K->87022K(1186304K)] 1391423K->374945K(2609664K), 0.0443583 secs] [Times: user=1.31 sys=0.14, real=0.04 secs] 
2021-04-01T05:39:18.326+0200: 10.435: [GC (Allocation Failure) [PSYoungGen: 1186286K->197115K(1920512K)] 1474209K->546203K(3343872K), 0.0345607 secs] [Times: user=0.72 sys=0.35, real=0.03 secs] 
2021-04-01T05:39:22.109+0200: 14.217: [GC (Allocation Failure) [PSYoungGen: 1920507K->265704K(1989120K)] 2269595K->746397K(3412480K), 0.0464783 secs] [Times: user=0.08 sys=1.65, real=0.05 secs] 
2021-04-01T05:39:24.423+0200: 16.532: [GC (Allocation Failure) [PSYoungGen: 1989096K->378859K(2944000K)] 2469789K->958840K(4367360K), 0.0451010 secs] [Times: user=0.24 sys=1.20, real=0.04 secs] 
2021-04-01T05:39:27.520+0200: 19.629: [GC (Allocation Failure) [PSYoungGen: 2943979K->487397K(3052544K)] 3523960K->1258199K(4475904K), 0.0758344 secs] [Times: user=0.39 sys=2.50, real=0.08 secs] 
2021-04-01T05:39:30.457+0200: 22.565: [GC (Allocation Failure) [PSYoungGen: 3052517K->646641K(3832832K)] 3823319K->1665529K(5256192K), 0.0976103 secs] [Times: user=0.53 sys=3.59, real=0.10 secs] 
2021-04-01T05:39:35.957+0200: 28.066: [GC (Allocation Failure) [PSYoungGen: 3832817K->556623K(4028416K)] 4851705K->2134896K(5608448K), 0.1060680 secs] [Times: user=0.21 sys=2.95, real=0.11 secs] 
2021-04-01T05:39:36.063+0200: 28.172: [Full GC (Ergonomics) [PSYoungGen: 556623K->468063K(4028416K)] [ParOldGen: 1578272K->1579642K(3536384K)] 2134896K->2047705K(7564800K), [Metaspace: 51225K->50109K(53248K)], 0.2024319 secs] [Times: user=4.02 sys=1.74, real=0.20 secs] 
2021-04-01T05:39:39.865+0200: 31.974: [GC (GCLocker Initiated GC) [PSYoungGen: 3654239K->449817K(5094912K)] 5233933K->2490358K(8631296K), 0.0765475 secs] [Times: user=0.86 sys=1.71, real=0.07 secs] 
2021-04-01T05:39:44.608+0200: 36.716: [GC (Allocation Failure) [PSYoungGen: 4668185K->553229K(5080064K)] 6708730K->2984213K(8616448K), 0.0646025 secs] [Times: user=0.66 sys=1.84, real=0.07 secs] 
2021-04-01T05:39:51.857+0200: 43.965: [GC (Allocation Failure) [PSYoungGen: 4771597K->867638K(6362112K)] 7202581K->3770403K(9898496K), 0.1135566 secs] [Times: user=0.81 sys=3.58, real=0.12 secs] 
2021-04-01T05:39:59.482+0200: 51.590: [GC (Allocation Failure) [PSYoungGen: 6346038K->655572K(6493184K)] 9248803K->4312255K(10163712K), 0.1339068 secs] [Times: user=0.64 sys=4.10, real=0.14 secs] 
2021-04-01T05:39:59.616+0200: 51.725: [Full GC (Ergonomics) [PSYoungGen: 655572K->485740K(6493184K)] [ParOldGen: 3656683K->3670418K(6420992K)] 4312255K->4156158K(12914176K), [Metaspace: 50357K->50357K(53248K)], 0.2839547 secs] [Times: user=6.51 sys=2.76, real=0.28 secs] 
2021-04-01T05:40:07.149+0200: 59.258: [GC (Allocation Failure) [PSYoungGen: 5964140K->870138K(8148992K)] 9634558K->5025254K(14569984K), 0.1250284 secs] [Times: user=1.06 sys=3.67, real=0.13 secs] 
2021-04-01T05:40:16.312+0200: 68.421: [GC (Allocation Failure) [PSYoungGen: 7978746K->1137126K(8245760K)] 12133862K->6091715K(14666752K), 0.1485982 secs] [Times: user=0.89 sys=5.12, real=0.14 secs] 
2021-04-01T05:40:25.358+0200: 77.467: [GC (Allocation Failure) [PSYoungGen: 8245734K->1190978K(10110464K)] 13200323K->7149360K(16531456K), 0.1739711 secs] [Times: user=1.02 sys=6.11, real=0.18 secs] 
2021-04-01T05:40:25.533+0200: 77.641: [Full GC (Ergonomics) [PSYoungGen: 1190978K->0K(10110464K)] [ParOldGen: 5958382K->4872873K(8335360K)] 7149360K->4872873K(18445824K), [Metaspace: 50519K->50519K(53248K)], 0.3502134 secs] [Times: user=7.53 sys=3.89, real=0.35 secs] 
2021-04-01T05:40:36.599+0200: 88.708: [GC (Allocation Failure) [PSYoungGen: 8502784K->1097337K(10218496K)] 13375657K->5970219K(18553856K), 0.0794275 secs] [Times: user=0.99 sys=2.06, real=0.08 secs] 
2021-04-01T05:40:46.687+0200: 98.796: [GC (Allocation Failure) [PSYoungGen: 9600121K->1507418K(11788288K)] 14473003K->7334495K(20123648K), 0.1871674 secs] [Times: user=1.43 sys=6.17, real=0.19 secs] 
2021-04-01T05:41:01.170+0200: 113.279: [GC (Allocation Failure) [PSYoungGen: 11532378K->1523063K(11972096K)] 17359455K->8669202K(20307456K), 0.2016787 secs] [Times: user=1.36 sys=6.83, real=0.21 secs] 
2021-04-01T05:41:01.372+0200: 113.480: [Full GC (Ergonomics) [PSYoungGen: 1523063K->0K(11972096K)] [ParOldGen: 7146139K->5113879K(9399296K)] 8669202K->5113879K(21371392K), [Metaspace: 50958K->50958K(55296K)], 0.3034895 secs] [Times: user=7.31 sys=1.82, real=0.30 secs] 
2021-04-01T05:41:14.503+0200: 126.612: [GC (Allocation Failure) [PSYoungGen: 10024960K->1517408K(14031872K)] 15138839K->6631295K(23431168K), 0.1673786 secs] [Times: user=0.63 sys=6.10, real=0.17 secs] 
2021-04-01T05:41:31.124+0200: 143.232: [GC (Allocation Failure) [PSYoungGen: 13451616K->2211322K(14145536K)] 18565503K->8656873K(23544832K), 0.1625626 secs] [Times: user=3.34 sys=3.15, real=0.16 secs] 
2021-04-01T05:41:45.893+0200: 158.002: [GC (Allocation Failure) [PSYoungGen: 14145530K->1832351K(17313792K)] 20591081K->10229188K(26713088K), 0.2671594 secs] [Times: user=1.60 sys=9.28, real=0.26 secs] 
2021-04-01T05:41:46.161+0200: 158.269: [Full GC (Ergonomics) [PSYoungGen: 1832351K->0K(17313792K)] [ParOldGen: 8396836K->5241587K(10509824K)] 10229188K->5241587K(27823616K), [Metaspace: 51187K->51187K(55296K)], 0.3144431 secs] [Times: user=6.93 sys=2.76, real=0.32 secs] 
2021-04-01T05:42:04.297+0200: 176.406: [GC (Allocation Failure) [PSYoungGen: 14267392K->2335240K(17361920K)] 19508979K->7576836K(27871744K), 0.1622575 secs] [Times: user=2.37 sys=4.20, real=0.16 secs] 
2021-04-01T05:42:21.547+0200: 193.655: [GC (Allocation Failure) [PSYoungGen: 16602632K->2313231K(19665920K)] 21844228K->9588794K(30175744K), 0.2912900 secs] [Times: user=2.52 sys=9.62, real=0.29 secs] 
2021-04-01T05:42:43.048+0200: 215.156: [GC (Allocation Failure) [PSYoungGen: 18672143K->2747929K(19820032K)] 25947706K->12049086K(30329856K), 0.2340380 secs] [Times: user=2.85 sys=6.14, real=0.23 secs] 
2021-04-01T05:42:43.282+0200: 215.391: [Full GC (Ergonomics) [PSYoungGen: 2747929K->0K(19820032K)] [ParOldGen: 9301156K->5448516K(11779584K)] 12049086K->5448516K(31599616K), [Metaspace: 51286K->51286K(55296K)], 0.3246731 secs] [Times: user=7.35 sys=1.89, real=0.33 secs] 
2021-04-01T05:43:03.021+0200: 235.129: [GC (Allocation Failure) [PSYoungGen: 16358912K->2324719K(22622720K)] 21807428K->7773236K(34402304K), 0.2734544 secs] [Times: user=1.04 sys=10.18, real=0.28 secs] 
2021-04-01T05:43:27.336+0200: 259.445: [GC (GCLocker Initiated GC) [PSYoungGen: 21211887K->3437522K(22678528K)] 26661810K->10915144K(34458112K), 0.2084385 secs] [Times: user=4.86 sys=3.61, real=0.21 secs] 
2021-04-01T05:43:54.021+0200: 286.130: [GC (Allocation Failure) [PSYoungGen: 22324690K->3213043K(25912320K)] 29802315K->13108400K(37691904K), 0.3742298 secs] [Times: user=2.04 sys=12.64, real=0.38 secs] 
2021-04-01T05:43:54.396+0200: 286.504: [Full GC (Ergonomics) [PSYoungGen: 3213043K->0K(25912320K)] [ParOldGen: 9895357K->5437714K(12712960K)] 13108400K->5437714K(38625280K), [Metaspace: 51299K->51299K(55296K)], 0.3580327 secs] [Times: user=7.73 sys=3.30, real=0.36 secs] 
2021-04-01T05:44:21.545+0200: 313.654: [GC (Allocation Failure) [PSYoungGen: 21678592K->3323685K(26179072K)] 27116306K->8761400K(38892032K), 0.1342707 secs] [Times: user=3.52 sys=1.21, real=0.13 secs] 
2021-04-01T05:44:51.615+0200: 343.724: [GC (Allocation Failure) [PSYoungGen: 25002277K->3439871K(29718016K)] 30439992K->10920579K(42430976K), 0.3952830 secs] [Times: user=2.11 sys=13.78, real=0.40 secs] 
2021-04-01T05:45:26.261+0200: 378.369: [GC (Allocation Failure) [PSYoungGen: 28412671K->3535345K(29944832K)] 35893379K->12430367K(42657792K), 0.2447421 secs] [Times: user=4.69 sys=5.13, real=0.25 secs] 
2021-04-01T05:46:01.316+0200: 413.425: [GC (Allocation Failure) [PSYoungGen: 28508145K->3436785K(33348096K)] 37403167K->13460832K(46061056K), 0.3951417 secs] [Times: user=1.54 sys=14.78, real=0.40 secs] 
2021-04-01T05:46:01.712+0200: 413.820: [Full GC (Ergonomics) [PSYoungGen: 3436785K->0K(33348096K)] [ParOldGen: 10024046K->4312111K(11790336K)] 13460832K->4312111K(45138432K), [Metaspace: 51328K->51328K(55296K)], 0.3200793 secs] [Times: user=5.73 sys=3.67, real=0.32 secs] 
2021-04-01T05:46:39.015+0200: 451.124: [GC (Allocation Failure) [PSYoungGen: 28172288K->4083063K(33460224K)] 32484399K->8395175K(45250560K), 0.1870673 secs] [Times: user=4.70 sys=2.14, real=0.19 secs] 
2021-04-01T05:47:17.803+0200: 489.912: [GC (Allocation Failure) [PSYoungGen: 32255351K->4285864K(37337600K)] 36567463K->9689677K(49127936K), 0.4850675 secs] [Times: user=1.91 sys=18.23, real=0.48 secs] 
2021-04-01T05:47:58.883+0200: 530.992: [GC (Allocation Failure) [PSYoungGen: 36024232K->4716518K(37649920K)] 41428045K->10592251K(49440256K), 0.1753589 secs] [Times: user=5.98 sys=0.29, real=0.17 secs] 
2021-04-01T05:48:37.206+0200: 569.315: [GC (Allocation Failure) [PSYoungGen: 36454886K->5347148K(41745920K)] 42330619K->11851230K(53536256K), 0.5970293 secs] [Times: user=1.78 sys=23.09, real=0.60 secs] 
2021-04-01T05:49:21.303+0200: 613.411: [GC (Allocation Failure) [PSYoungGen: 40785740K->6103168K(42284032K)] 47289822K->12673412K(54074368K), 0.2545002 secs] [Times: user=6.68 sys=2.83, real=0.25 secs] 
2021-04-01T05:50:18.962+0200: 671.071: [GC (Allocation Failure) [PSYoungGen: 41541760K->3830842K(47159808K)] 48112004K->10402195K(58950144K), 0.4610638 secs] [Times: user=1.40 sys=17.65, real=0.46 secs] 
2021-04-01T05:51:57.414+0200: 769.523: [GC (Allocation Failure) [PSYoungGen: 44087354K->1212163K(47515136K)] 50658707K->7784055K(59305472K), 0.0728949 secs] [Times: user=1.77 sys=0.01, real=0.07 secs] 
2021-04-01T05:53:05.248+0200: 837.357: [GC (Allocation Failure) [PSYoungGen: 41468675K->5008310K(51551744K)] 48040567K->11581318K(63342080K), 0.5592288 secs] [Times: user=1.60 sys=21.14, real=0.56 secs] 
2021-04-01T05:53:42.622+0200: 874.731: [GC (Allocation Failure) [PSYoungGen: 49274806K->6435300K(51780608K)] 55847814K->13584544K(63570944K), 0.2410749 secs] [Times: user=7.10 sys=0.97, real=0.24 secs] 
2021-04-01T05:55:03.151+0200: 955.260: [GC (Allocation Failure) [PSYoungGen: 50701796K->1736393K(52853248K)] 57851040K->9090865K(64643584K), 0.0914267 secs] [Times: user=2.62 sys=0.00, real=0.09 secs] 
2021-04-01T05:56:18.716+0200: 1030.825: [GC (Allocation Failure) [PSYoungGen: 46386889K->4288028K(48939008K)] 53741361K->11642500K(60729344K), 0.1452616 secs] [Times: user=5.29 sys=0.00, real=0.14 secs] 
2021-04-01T05:57:09.647+0200: 1081.756: [GC (Allocation Failure) [PSYoungGen: 48938524K->6336471K(51907584K)] 56292996K->13690943K(63697920K), 0.4679619 secs] [Times: user=4.83 sys=7.82, real=0.47 secs] 
2021-04-01T05:58:34.666+0200: 1166.775: [GC (Allocation Failure) [PSYoungGen: 50325975K->2812808K(52475392K)] 57680447K->10167280K(64265728K), 0.1132601 secs] [Times: user=3.24 sys=0.12, real=0.11 secs] 
2021-04-01T05:59:51.676+0200: 1243.785: [GC (Allocation Failure) [PSYoungGen: 46802312K->4936767K(47619584K)] 54156784K->12291239K(59409920K), 0.1865188 secs] [Times: user=6.21 sys=0.22, real=0.19 secs] 
2021-04-01T06:00:35.096+0200: 1287.205: [GC (Allocation Failure) [PSYoungGen: 46924863K->7706734K(47793152K)] 54279335K->15061207K(59583488K), 0.2376775 secs] [Times: user=9.47 sys=0.01, real=0.24 secs] 
2021-04-01T06:01:24.228+0200: 1336.337: [GC (Allocation Failure) [PSYoungGen: 47792750K->6575610K(45908480K)] 55147223K->13930082K(57698816K), 0.2552594 secs] [Times: user=8.51 sys=0.34, real=0.26 secs] 
2021-04-01T06:02:26.861+0200: 1398.970: [GC (Allocation Failure) [PSYoungGen: 44853754K->4790981K(41351168K)] 52208226K->12145453K(53141504K), 0.2502669 secs] [Times: user=6.19 sys=0.09, real=0.26 secs] 
2021-04-01T06:03:16.457+0200: 1448.566: [GC (Allocation Failure) [PSYoungGen: 41350853K->6027263K(42592256K)] 48705325K->13381735K(54382592K), 0.2411137 secs] [Times: user=7.52 sys=0.10, real=0.24 secs] 
2021-04-01T06:04:28.956+0200: 1521.065: [GC (Allocation Failure) [PSYoungGen: 40953855K->2340079K(35714048K)] 48308327K->9694551K(47504384K), 0.1499574 secs] [Times: user=3.40 sys=0.04, real=0.15 secs] 
2021-04-01T06:05:37.083+0200: 1589.192: [GC (Allocation Failure) [PSYoungGen: 35713775K->3416042K(38999552K)] 43068247K->10770514K(50789888K), 0.1926672 secs] [Times: user=4.51 sys=0.05, real=0.19 secs] 
2021-04-01T06:06:15.144+0200: 1627.253: [GC (Allocation Failure) [PSYoungGen: 35313642K->6074700K(36569088K)] 42668114K->13429172K(48359424K), 0.2275758 secs] [Times: user=7.47 sys=0.08, real=0.23 secs] 
2021-04-01T06:06:50.186+0200: 1662.295: [GC (Allocation Failure) [PSYoungGen: 36568908K->7466728K(38146560K)] 43923380K->14821201K(49936896K), 0.2253989 secs] [Times: user=8.35 sys=0.00, real=0.23 secs] 
2021-04-01T06:07:30.624+0200: 1702.733: [GC (Allocation Failure) [PSYoungGen: 36626664K->5213599K(33104896K)] 43981137K->12568071K(44895232K), 0.2281325 secs] [Times: user=5.75 sys=0.05, real=0.23 secs] 
2021-04-01T06:08:14.597+0200: 1746.705: [GC (Allocation Failure) [PSYoungGen: 33104799K->4454239K(34065920K)] 40459271K->11808711K(45856256K), 0.2074633 secs] [Times: user=5.34 sys=0.06, real=0.21 secs] 
2021-04-01T06:09:02.614+0200: 1794.723: [GC (Allocation Failure) [PSYoungGen: 31139167K->3812969K(29351424K)] 38493639K->11168321K(41141760K), 0.1823142 secs] [Times: user=4.48 sys=0.06, real=0.18 secs] 
Heap
 PSYoungGen      total 29351424K, used 10627267K [0x00007efa98380000, 0x00007f04d7d00000, 0x00007f0921000000)
  eden space 25538048K, 26% used [0x00007efa98380000,0x00007efc38216828,0x00007f00aef00000)
  from space 3813376K, 99% used [0x00007f00f4f00000,0x00007f01dda9a510,0x00007f01ddb00000)
  to   space 8723456K, 0% used [0x00007f02c3600000,0x00007f02c3600000,0x00007f04d7d00000)
 ParOldGen       total 11790336K, used 7355352K [0x00007edd86a00000, 0x00007ee056400000, 0x00007efa98380000)
  object space 11790336K, 62% used [0x00007edd86a00000,0x00007edf478f6010,0x00007ee056400000)
 Metaspace       used 51708K, capacity 52432K, committed 54272K, reserved 55296K
