Java HotSpot(TM) 64-Bit Server VM (25.131-b11) for linux-amd64 JRE (1.8.0_131-b11), built on Mar 15 2017 01:23:40 by "java_re" with gcc 4.3.0 20080428 (Red Hat 4.3.0-8)
Memory: 4k page, physical 196649792k(185731884k free), swap 3905532k(3905532k free)
CommandLine flags: -XX:InitialHeapSize=2147483648 -XX:MaxHeapSize=201369391104 -XX:+PrintGC -XX:+PrintGCDateStamps -XX:+PrintGCDetails -XX:+PrintGCTimeStamps -XX:+UseParallelGC 
2021-04-01T07:13:11.549+0200: 1.330: [GC (Metadata GC Threshold) [PSYoungGen: 325382K->19382K(611840K)] 325382K->19470K(2010112K), 0.0180827 secs] [Times: user=0.17 sys=0.01, real=0.02 secs] 
2021-04-01T07:13:11.567+0200: 1.348: [Full GC (Metadata GC Threshold) [PSYoungGen: 19382K->0K(611840K)] [ParOldGen: 88K->18193K(882688K)] 19470K->18193K(1494528K), [Metaspace: 20792K->20792K(22528K)], 0.0320142 secs] [Times: user=0.58 sys=0.02, real=0.03 secs] 
2021-04-01T07:13:12.410+0200: 2.191: [GC (Allocation Failure) [PSYoungGen: 524800K->36573K(802816K)] 542993K->54775K(1685504K), 0.0233245 secs] [Times: user=0.43 sys=0.01, real=0.03 secs] 
2021-04-01T07:13:12.460+0200: 2.241: [GC (Metadata GC Threshold) [PSYoungGen: 56972K->24648K(1086464K)] 75173K->42857K(1969152K), 0.0157306 secs] [Times: user=0.40 sys=0.01, real=0.01 secs] 
2021-04-01T07:13:12.476+0200: 2.257: [Full GC (Metadata GC Threshold) [PSYoungGen: 24648K->0K(1086464K)] [ParOldGen: 18209K->30004K(1044480K)] 42857K->30004K(2130944K), [Metaspace: 34886K->34886K(36864K)], 0.0292146 secs] [Times: user=0.39 sys=0.02, real=0.03 secs] 
2021-04-01T07:13:13.142+0200: 2.923: [GC (Allocation Failure) [PSYoungGen: 999424K->87037K(1504256K)] 1029428K->176018K(2548736K), 0.0332051 secs] [Times: user=0.76 sys=0.13, real=0.03 secs] 
2021-04-01T07:13:15.374+0200: 5.155: [GC (GCLocker Initiated GC) [PSYoungGen: 1501765K->87034K(1504256K)] 1594843K->324348K(2548736K), 0.0557214 secs] [Times: user=1.60 sys=0.17, real=0.05 secs] 
2021-04-01T07:13:16.939+0200: 6.720: [GC (Allocation Failure) [PSYoungGen: 1504250K->98199K(2568704K)] 1741572K->335529K(3613184K), 0.0217398 secs] [Times: user=0.46 sys=0.06, real=0.03 secs] 
2021-04-01T07:13:20.811+0200: 10.592: [GC (Allocation Failure) [PSYoungGen: 2533271K->102785K(2651648K)] 2770601K->340130K(3696128K), 0.0206944 secs] [Times: user=0.51 sys=0.08, real=0.02 secs] 
2021-04-01T07:13:24.247+0200: 14.028: [GC (Metadata GC Threshold) [PSYoungGen: 1478485K->53821K(3959296K)] 1715831K->342997K(5003776K), 0.0224619 secs] [Times: user=0.50 sys=0.04, real=0.02 secs] 
2021-04-01T07:13:24.270+0200: 14.051: [Full GC (Metadata GC Threshold) [PSYoungGen: 53821K->0K(3959296K)] [ParOldGen: 289176K->328869K(1671168K)] 342997K->328869K(5630464K), [Metaspace: 58208K->58175K(59392K)], 0.1248754 secs] [Times: user=2.12 sys=0.07, real=0.13 secs] 
2021-04-01T07:13:32.596+0200: 22.377: [GC (Allocation Failure) [PSYoungGen: 3905024K->17456K(4105216K)] 4233893K->346334K(5776384K), 0.0194783 secs] [Times: user=0.29 sys=0.00, real=0.02 secs] 
2021-04-01T07:13:40.090+0200: 29.871: [GC (Allocation Failure) [PSYoungGen: 3922822K->24279K(5220352K)] 4251700K->353165K(6891520K), 0.0360835 secs] [Times: user=1.05 sys=0.04, real=0.04 secs] 
2021-04-01T07:13:49.807+0200: 39.588: [GC (Allocation Failure) [PSYoungGen: 5184727K->27328K(5358592K)] 5513613K->373182K(7029760K), 0.0274401 secs] [Times: user=0.77 sys=0.09, real=0.03 secs] 
2021-04-01T07:13:56.462+0200: 46.243: [GC (Allocation Failure) [PSYoungGen: 5187776K->25815K(6495232K)] 5533630K->371677K(8166400K), 0.0346371 secs] [Times: user=1.05 sys=0.02, real=0.03 secs] 
2021-04-01T07:14:03.696+0200: 53.476: [GC (Allocation Failure) [PSYoungGen: 6491863K->32268K(6655488K)] 6837725K->378138K(8326656K), 0.0321346 secs] [Times: user=0.82 sys=0.06, real=0.03 secs] 
2021-04-01T07:14:11.722+0200: 61.502: [GC (Allocation Failure) [PSYoungGen: 6498316K->39118K(7766528K)] 6844186K->384996K(9437696K), 0.0249295 secs] [Times: user=0.77 sys=0.06, real=0.02 secs] 
2021-04-01T07:14:21.996+0200: 71.777: [GC (Allocation Failure) [PSYoungGen: 7766222K->47971K(7961088K)] 8112100K->393857K(9632256K), 0.0210491 secs] [Times: user=0.24 sys=0.14, real=0.02 secs] 
2021-04-01T07:14:28.161+0200: 77.942: [GC (Allocation Failure) [PSYoungGen: 7833955K->54149K(9126912K)] 8179841K->400043K(10798080K), 0.0338739 secs] [Times: user=0.95 sys=0.10, real=0.03 secs] 
2021-04-01T07:14:34.575+0200: 84.356: [GC (Allocation Failure) [PSYoungGen: 9050501K->66396K(9152000K)] 9396395K->412298K(10823168K), 0.0356635 secs] [Times: user=1.09 sys=0.15, real=0.03 secs] 
2021-04-01T07:14:43.523+0200: 93.303: [GC (Allocation Failure) [PSYoungGen: 9062748K->73095K(9820672K)] 9408650K->419006K(11491840K), 0.0162956 secs] [Times: user=0.28 sys=0.05, real=0.01 secs] 
2021-04-01T07:14:53.886+0200: 103.667: [GC (Allocation Failure) [PSYoungGen: 9820551K->71946K(9954304K)] 10166462K->417864K(11625472K), 0.0217815 secs] [Times: user=0.45 sys=0.08, real=0.02 secs] 
2021-04-01T07:15:04.697+0200: 114.477: [GC (Allocation Failure) [PSYoungGen: 9881354K->83287K(10593792K)] 10227272K->429214K(12264960K), 0.0406485 secs] [Times: user=0.99 sys=0.11, real=0.04 secs] 
2021-04-01T07:15:12.053+0200: 121.833: [GC (Allocation Failure) [PSYoungGen: 10536279K->72707K(10593792K)] 10882206K->418641K(12264960K), 0.0292693 secs] [Times: user=0.63 sys=0.07, real=0.03 secs] 
2021-04-01T07:15:21.615+0200: 131.396: [GC (Allocation Failure) [PSYoungGen: 10525699K->73566K(11136000K)] 10871633K->419509K(12807168K), 0.0170022 secs] [Times: user=0.24 sys=0.19, real=0.02 secs] 
2021-04-01T07:15:30.638+0200: 140.419: [GC (Allocation Failure) [PSYoungGen: 11135838K->77962K(11228672K)] 11481781K->423912K(12899840K), 0.0396612 secs] [Times: user=1.18 sys=0.09, real=0.04 secs] 
2021-04-01T07:15:41.551+0200: 151.332: [GC (Allocation Failure) [PSYoungGen: 11174026K->74558K(11860992K)] 11519976K->420509K(13532160K), 0.0413531 secs] [Times: user=1.27 sys=0.10, real=0.05 secs] 
2021-04-01T07:15:51.198+0200: 160.979: [GC (Allocation Failure) [PSYoungGen: 11805502K->78700K(11857920K)] 12151453K->424650K(13529088K), 0.0210085 secs] [Times: user=0.43 sys=0.06, real=0.02 secs] 
2021-04-01T07:16:01.762+0200: 171.543: [GC (Allocation Failure) [PSYoungGen: 11809644K->73121K(11273216K)] 12155594K->422228K(12944384K), 0.0235909 secs] [Times: user=0.50 sys=0.06, real=0.02 secs] 
2021-04-01T07:16:12.336+0200: 182.117: [GC (Allocation Failure) [PSYoungGen: 11273121K->75945K(10771456K)] 11622228K->426228K(12442624K), 0.0588967 secs] [Times: user=1.90 sys=0.08, real=0.06 secs] 
2021-04-01T07:16:22.163+0200: 191.944: [GC (Allocation Failure) [PSYoungGen: 10771113K->72183K(10287616K)] 11121396K->423546K(11958784K), 0.0435701 secs] [Times: user=1.18 sys=0.01, real=0.04 secs] 
2021-04-01T07:16:31.621+0200: 201.401: [GC (Allocation Failure) [PSYoungGen: 10287607K->75186K(10829824K)] 10638970K->427405K(12500992K), 0.0699354 secs] [Times: user=2.40 sys=0.05, real=0.06 secs] 
2021-04-01T07:16:42.219+0200: 212.000: [GC (Allocation Failure) [PSYoungGen: 10829746K->69598K(10341888K)] 11181965K->424809K(12013056K), 0.0168024 secs] [Times: user=0.41 sys=0.00, real=0.02 secs] 
2021-04-01T07:16:50.900+0200: 220.681: [GC (Allocation Failure) [PSYoungGen: 10341854K->74123K(9887744K)] 10697065K->430262K(11558912K), 0.0470610 secs] [Times: user=1.31 sys=0.03, real=0.04 secs] 
2021-04-01T07:16:59.511+0200: 229.292: [GC (Allocation Failure) [PSYoungGen: 9887627K->70456K(9447936K)] 10243766K->427443K(11119104K), 0.0473121 secs] [Times: user=1.38 sys=0.00, real=0.05 secs] 
2021-04-01T07:17:08.115+0200: 237.896: [GC (Allocation Failure) [PSYoungGen: 9447736K->72571K(9035264K)] 9804723K->430406K(10706432K), 0.0475229 secs] [Times: user=1.56 sys=0.04, real=0.05 secs] 
2021-04-01T07:17:15.842+0200: 245.622: [GC (Allocation Failure) [PSYoungGen: 9035131K->60912K(8629248K)] 9392966K->428903K(10300416K), 0.0344816 secs] [Times: user=1.09 sys=0.00, real=0.03 secs] 
2021-04-01T07:17:24.845+0200: 254.625: [GC (Allocation Failure) [PSYoungGen: 8629232K->62167K(8256000K)] 8997223K->431578K(9927168K), 0.0395926 secs] [Times: user=1.21 sys=0.02, real=0.04 secs] 
2021-04-01T07:17:32.042+0200: 261.823: [GC (Allocation Failure) [PSYoungGen: 8255703K->62882K(7900160K)] 8625114K->432301K(9571328K), 0.0299949 secs] [Times: user=0.85 sys=0.00, real=0.03 secs] 
2021-04-01T07:17:38.504+0200: 268.284: [GC (Allocation Failure) [PSYoungGen: 7900066K->59239K(7557632K)] 8269485K->429458K(9228800K), 0.0391012 secs] [Times: user=1.22 sys=0.04, real=0.04 secs] 
2021-04-01T07:17:45.643+0200: 275.424: [GC (Allocation Failure) [PSYoungGen: 7557479K->61881K(7238144K)] 7927698K->432860K(8909312K), 0.0366501 secs] [Times: user=1.17 sys=0.00, real=0.04 secs] 
2021-04-01T07:17:52.484+0200: 282.265: [GC (Allocation Failure) [PSYoungGen: 7238073K->63454K(6933504K)] 7609052K->435257K(8604672K), 0.0297191 secs] [Times: user=0.94 sys=0.01, real=0.03 secs] 
2021-04-01T07:17:58.616+0200: 288.397: [GC (Allocation Failure) [PSYoungGen: 6933470K->55008K(6633984K)] 7305273K->427563K(8305152K), 0.0350126 secs] [Times: user=0.93 sys=0.00, real=0.03 secs] 
2021-04-01T07:18:05.072+0200: 294.853: [GC (Allocation Failure) [PSYoungGen: 6633696K->58706K(6360576K)] 7006251K->432053K(8031744K), 0.0267514 secs] [Times: user=0.64 sys=0.00, real=0.02 secs] 
2021-04-01T07:18:10.171+0200: 299.952: [GC (Allocation Failure) [PSYoungGen: 6360402K->61579K(6099968K)] 6733749K->435630K(7771136K), 0.0267555 secs] [Times: user=0.80 sys=0.00, real=0.03 secs] 
2021-04-01T07:18:15.722+0200: 305.503: [GC (Allocation Failure) [PSYoungGen: 6099595K->64706K(5852160K)] 6473646K->439405K(7523328K), 0.0327386 secs] [Times: user=0.95 sys=0.00, real=0.03 secs] 
2021-04-01T07:18:21.159+0200: 310.940: [GC (Allocation Failure) [PSYoungGen: 5851842K->48631K(5597184K)] 6226541K->436474K(7268352K), 0.0326597 secs] [Times: user=0.94 sys=0.02, real=0.03 secs] 
2021-04-01T07:18:26.179+0200: 315.960: [GC (Allocation Failure) [PSYoungGen: 5597175K->53417K(5375488K)] 5985018K->442348K(7046656K), 0.0267538 secs] [Times: user=0.64 sys=0.00, real=0.03 secs] 
2021-04-01T07:18:32.652+0200: 322.432: [GC (Allocation Failure) [PSYoungGen: 5375145K->57993K(5164032K)] 5764076K->446924K(6835200K), 0.0514536 secs] [Times: user=1.77 sys=0.00, real=0.06 secs] 
2021-04-01T07:18:37.534+0200: 327.315: [GC (Allocation Failure) [PSYoungGen: 5163657K->57664K(4957696K)] 5552588K->447291K(6628864K), 0.0350222 secs] [Times: user=1.25 sys=0.00, real=0.03 secs] 
2021-04-01T07:18:42.192+0200: 331.973: [GC (Allocation Failure) [PSYoungGen: 4954447K->50167K(4754432K)] 5344074K->443834K(6425600K), 0.0398416 secs] [Times: user=1.11 sys=0.02, real=0.03 secs] 
2021-04-01T07:18:45.717+0200: 335.498: [GC (Allocation Failure) [PSYoungGen: 4754423K->61353K(5022208K)] 5148090K->455948K(6693376K), 0.0394106 secs] [Times: user=1.21 sys=0.00, real=0.04 secs] 
2021-04-01T07:18:49.425+0200: 339.206: [GC (Allocation Failure) [PSYoungGen: 5022121K->51689K(5273088K)] 5416716K->446996K(6944256K), 0.0228847 secs] [Times: user=0.77 sys=0.00, real=0.02 secs] 
2021-04-01T07:18:53.749+0200: 343.529: [GC (Allocation Failure) [PSYoungGen: 5273065K->51959K(5553664K)] 5668372K->448130K(7224832K), 0.0369307 secs] [Times: user=0.93 sys=0.01, real=0.04 secs] 
2021-04-01T07:18:59.986+0200: 349.767: [GC (Allocation Failure) [PSYoungGen: 5553399K->50880K(5327872K)] 5949570K->447059K(6999040K), 0.0210788 secs] [Times: user=0.54 sys=0.00, real=0.02 secs] 
2021-04-01T07:19:04.862+0200: 354.643: [GC (Allocation Failure) [PSYoungGen: 5327552K->52841K(5115904K)] 5723731K->449964K(6787072K), 0.0324561 secs] [Times: user=0.95 sys=0.00, real=0.03 secs] 
2021-04-01T07:19:08.137+0200: 357.918: [GC (Allocation Failure) [PSYoungGen: 5115497K->52722K(4911616K)] 5512620K->451805K(6582784K), 0.0267946 secs] [Times: user=0.96 sys=0.00, real=0.03 secs] 
2021-04-01T07:19:12.176+0200: 361.957: [GC (Allocation Failure) [PSYoungGen: 4911602K->56397K(5166080K)] 5310685K->456784K(6837248K), 0.0337236 secs] [Times: user=1.16 sys=0.00, real=0.03 secs] 
2021-04-01T07:19:16.937+0200: 366.718: [GC (Allocation Failure) [PSYoungGen: 5165645K->43511K(4946944K)] 5566032K->460026K(6618112K), 0.0329468 secs] [Times: user=1.08 sys=0.01, real=0.03 secs] 
2021-04-01T07:19:23.133+0200: 372.913: [GC (Allocation Failure) [PSYoungGen: 4946935K->49927K(4757504K)] 5363450K->467714K(6428672K), 0.0145439 secs] [Times: user=0.38 sys=0.00, real=0.01 secs] 
2021-04-01T07:19:26.715+0200: 376.496: [GC (Allocation Failure) [PSYoungGen: 4757255K->51237K(4572672K)] 5175042K->469024K(6243840K), 0.0140383 secs] [Times: user=0.33 sys=0.01, real=0.01 secs] 
2021-04-01T07:19:30.122+0200: 379.903: [GC (Allocation Failure) [PSYoungGen: 4572197K->51904K(4395520K)] 4989984K->472142K(6066688K), 0.0210685 secs] [Times: user=0.69 sys=0.00, real=0.02 secs] 
2021-04-01T07:19:34.347+0200: 384.128: [GC (Allocation Failure) [PSYoungGen: 4395200K->41970K(4216320K)] 4815438K->476048K(5887488K), 0.0184820 secs] [Times: user=0.52 sys=0.01, real=0.02 secs] 
2021-04-01T07:19:38.577+0200: 388.358: [GC (Allocation Failure) [PSYoungGen: 4216306K->39799K(4052992K)] 4650384K->479710K(5724160K), 0.0304235 secs] [Times: user=0.83 sys=0.00, real=0.03 secs] 
2021-04-01T07:19:44.708+0200: 394.488: [GC (Allocation Failure) [PSYoungGen: 4052855K->46416K(3906048K)] 4492766K->486328K(5577216K), 0.0194233 secs] [Times: user=0.46 sys=0.01, real=0.02 secs] 
2021-04-01T07:19:47.220+0200: 397.001: [GC (Allocation Failure) [PSYoungGen: 3905872K->44576K(3758080K)] 4345784K->486934K(5429248K), 0.0229154 secs] [Times: user=0.56 sys=0.01, real=0.02 secs] 
2021-04-01T07:19:50.070+0200: 399.851: [GC (Allocation Failure) [PSYoungGen: 3757600K->46624K(3620864K)] 4199958K->490743K(5292032K), 0.0253012 secs] [Times: user=0.70 sys=0.00, real=0.03 secs] 
2021-04-01T07:19:52.000+0200: 401.780: [GC (Allocation Failure) [PSYoungGen: 3620384K->42944K(3799040K)] 4064503K->488895K(5470208K), 0.0211286 secs] [Times: user=0.54 sys=0.01, real=0.03 secs] 
2021-04-01T07:19:55.616+0200: 405.397: [GC (Allocation Failure) [PSYoungGen: 3798976K->47175K(3662336K)] 4244927K->494983K(5333504K), 0.0146659 secs] [Times: user=0.36 sys=0.01, real=0.01 secs] 
2021-04-01T07:19:58.092+0200: 407.873: [GC (Allocation Failure) [PSYoungGen: 3661895K->53166K(3533312K)] 4109703K->503380K(5204480K), 0.0204016 secs] [Times: user=0.46 sys=0.02, real=0.02 secs] 
2021-04-01T07:20:01.812+0200: 411.593: [GC (Allocation Failure) [PSYoungGen: 3533230K->37863K(3389440K)] 3983444K->499622K(5060608K), 0.0172002 secs] [Times: user=0.55 sys=0.00, real=0.01 secs] 
2021-04-01T07:20:06.127+0200: 415.908: [GC (Allocation Failure) [PSYoungGen: 3389415K->43671K(3273216K)] 3851174K->508887K(4944384K), 0.0256832 secs] [Times: user=0.83 sys=0.00, real=0.03 secs] 
2021-04-01T07:20:08.181+0200: 417.961: [GC (Allocation Failure) [PSYoungGen: 3272855K->38231K(3150848K)] 3738071K->503447K(4822016K), 0.0109251 secs] [Times: user=0.30 sys=0.00, real=0.00 secs] 
2021-04-01T07:20:11.028+0200: 420.809: [GC (Allocation Failure) [PSYoungGen: 3150679K->48971K(3049984K)] 3615895K->516454K(4721152K), 0.0145440 secs] [Times: user=0.29 sys=0.01, real=0.02 secs] 
2021-04-01T07:20:13.786+0200: 423.567: [GC (Allocation Failure) [PSYoungGen: 3049803K->41771K(2936320K)] 3517286K->511555K(4607488K), 0.0341210 secs] [Times: user=1.01 sys=0.00, real=0.04 secs] 
2021-04-01T07:20:16.328+0200: 426.108: [GC (Allocation Failure) [PSYoungGen: 2936107K->41691K(2834944K)] 3405891K->513483K(4506112K), 0.0160886 secs] [Times: user=0.40 sys=0.03, real=0.02 secs] 
2021-04-01T07:20:18.628+0200: 428.409: [GC (Allocation Failure) [PSYoungGen: 2834651K->40450K(2737152K)] 3306443K->514067K(4408320K), 0.0149967 secs] [Times: user=0.39 sys=0.00, real=0.02 secs] 
2021-04-01T07:20:20.839+0200: 430.620: [GC (Allocation Failure) [PSYoungGen: 2736642K->40082K(2881536K)] 3210259K->515907K(4552704K), 0.0275626 secs] [Times: user=0.75 sys=0.01, real=0.03 secs] 
2021-04-01T07:20:24.670+0200: 434.451: [GC (Allocation Failure) [PSYoungGen: 2881170K->41275K(2783744K)] 3356995K->519434K(4454912K), 0.0199284 secs] [Times: user=0.51 sys=0.00, real=0.02 secs] 
2021-04-01T07:20:26.961+0200: 436.742: [GC (Allocation Failure) [PSYoungGen: 2783547K->39373K(2944000K)] 3261706K->520433K(4615168K), 0.0355071 secs] [Times: user=1.04 sys=0.00, real=0.03 secs] 
2021-04-01T07:20:31.350+0200: 441.131: [GC (Allocation Failure) [PSYoungGen: 2943949K->43053K(3104256K)] 3425009K->525817K(4775424K), 0.0201987 secs] [Times: user=0.60 sys=0.00, real=0.02 secs] 
2021-04-01T07:20:33.120+0200: 442.901: [GC (Allocation Failure) [PSYoungGen: 3103789K->41956K(3286016K)] 3586553K->526440K(4957184K), 0.0250550 secs] [Times: user=0.67 sys=0.00, real=0.02 secs] 
2021-04-01T07:20:35.753+0200: 445.534: [GC (Allocation Failure) [PSYoungGen: 3285988K->35837K(3464192K)] 3770472K->528177K(5135360K), 0.0174035 secs] [Times: user=0.46 sys=0.00, real=0.01 secs] 
2021-04-01T07:20:38.507+0200: 448.287: [GC (Allocation Failure) [PSYoungGen: 3464189K->36119K(3650560K)] 3956529K->532022K(5321728K), 0.0190927 secs] [Times: user=0.55 sys=0.00, real=0.02 secs] 
2021-04-01T07:20:42.352+0200: 452.133: [GC (Allocation Failure) [PSYoungGen: 3650327K->40404K(3520000K)] 4146230K->536307K(5191168K), 0.0213209 secs] [Times: user=0.51 sys=0.00, real=0.02 secs] 
2021-04-01T07:20:45.371+0200: 455.152: [GC (Allocation Failure) [PSYoungGen: 3519956K->41028K(3392512K)] 4015859K->539016K(5063680K), 0.0153454 secs] [Times: user=0.35 sys=0.00, real=0.02 secs] 
2021-04-01T07:20:48.444+0200: 458.225: [GC (Allocation Failure) [PSYoungGen: 3392068K->33252K(3261952K)] 3890056K->541136K(4933120K), 0.0209329 secs] [Times: user=0.54 sys=0.02, real=0.02 secs] 
2021-04-01T07:20:50.564+0200: 460.345: [GC (Allocation Failure) [PSYoungGen: 3261924K->33412K(3447296K)] 3769808K->543553K(5118464K), 0.0325449 secs] [Times: user=0.94 sys=0.00, real=0.03 secs] 
2021-04-01T07:20:54.130+0200: 463.911: [GC (Allocation Failure) [PSYoungGen: 3446916K->38352K(3636736K)] 3957057K->548493K(5307904K), 0.0222681 secs] [Times: user=0.59 sys=0.00, real=0.03 secs] 
2021-04-01T07:20:57.171+0200: 466.952: [GC (Allocation Failure) [PSYoungGen: 3636688K->37858K(3502080K)] 4146829K->549503K(5173248K), 0.0103154 secs] [Times: user=0.22 sys=0.01, real=0.02 secs] 
2021-04-01T07:21:01.917+0200: 471.698: [GC (Allocation Failure) [PSYoungGen: 3502050K->33769K(3369984K)] 4013695K->553751K(5041152K), 0.0141086 secs] [Times: user=0.41 sys=0.01, real=0.01 secs] 
2021-04-01T07:21:04.635+0200: 474.415: [GC (Allocation Failure) [PSYoungGen: 3369961K->35355K(3250176K)] 3889943K->559095K(4921344K), 0.0101083 secs] [Times: user=0.23 sys=0.00, real=0.01 secs] 
2021-04-01T07:21:07.027+0200: 476.808: [GC (Allocation Failure) [PSYoungGen: 3249691K->35723K(3133952K)] 3773431K->559463K(4805120K), 0.0118207 secs] [Times: user=0.28 sys=0.00, real=0.01 secs] 
2021-04-01T07:21:09.822+0200: 479.603: [GC (Allocation Failure) [PSYoungGen: 3133835K->35979K(3023872K)] 3657575K->562304K(4695040K), 0.0256835 secs] [Times: user=0.65 sys=0.00, real=0.02 secs] 
2021-04-01T07:21:12.397+0200: 482.178: [GC (GCLocker Initiated GC) [PSYoungGen: 3023499K->33772K(2915840K)] 3549839K->563739K(4587008K), 0.0128014 secs] [Times: user=0.34 sys=0.01, real=0.01 secs] 
2021-04-01T07:21:14.358+0200: 484.139: [GC (Allocation Failure) [PSYoungGen: 2915820K->35003K(3069952K)] 3445793K->568674K(4741120K), 0.0292625 secs] [Times: user=0.79 sys=0.00, real=0.03 secs] 
2021-04-01T07:21:17.784+0200: 487.565: [GC (Allocation Failure) [PSYoungGen: 3069627K->34793K(2961408K)] 3603298K->571316K(4632576K), 0.0171345 secs] [Times: user=0.47 sys=0.00, real=0.02 secs] 
2021-04-01T07:21:21.048+0200: 490.829: [GC (Allocation Failure) [PSYoungGen: 2961385K->37906K(2862080K)] 3497908K->576751K(4533248K), 0.0214695 secs] [Times: user=0.56 sys=0.00, real=0.02 secs] 
2021-04-01T07:21:22.881+0200: 492.661: [GC (Allocation Failure) [PSYoungGen: 2861586K->27625K(3011072K)] 3400431K->576095K(4682240K), 0.0253325 secs] [Times: user=0.68 sys=0.01, real=0.02 secs] 
2021-04-01T07:21:26.136+0200: 495.917: [GC (Allocation Failure) [PSYoungGen: 3011049K->31545K(2909696K)] 3559519K->583560K(4580864K), 0.0155768 secs] [Times: user=0.39 sys=0.00, real=0.01 secs] 
2021-04-01T07:21:28.123+0200: 497.904: [GC (Allocation Failure) [PSYoungGen: 2909497K->32354K(2809856K)] 3461512K->584369K(4481024K), 0.0115250 secs] [Times: user=0.25 sys=0.00, real=0.01 secs] 
2021-04-01T07:21:30.601+0200: 500.382: [GC (Allocation Failure) [PSYoungGen: 2806542K->32802K(2714112K)] 3358557K->586517K(4385280K), 0.0101398 secs] [Times: user=0.22 sys=0.02, real=0.00 secs] 
2021-04-01T07:21:33.417+0200: 503.198: [GC (Allocation Failure) [PSYoungGen: 2713634K->31723K(2620928K)] 3267349K->589806K(4292096K), 0.0114123 secs] [Times: user=0.30 sys=0.01, real=0.01 secs] 
2021-04-01T07:21:35.743+0200: 505.524: [GC (Allocation Failure) [PSYoungGen: 2620907K->32834K(2534912K)] 3178990K->593785K(4206080K), 0.0181469 secs] [Times: user=0.47 sys=0.00, real=0.02 secs] 
2021-04-01T07:21:38.270+0200: 508.051: [GC (Allocation Failure) [PSYoungGen: 2534466K->30688K(2448384K)] 3095417K->594239K(4119552K), 0.0162617 secs] [Times: user=0.42 sys=0.01, real=0.02 secs] 
2021-04-01T07:21:41.873+0200: 511.654: [GC (Allocation Failure) [PSYoungGen: 2448352K->38994K(2377216K)] 3011903K->607361K(4048384K), 0.0231370 secs] [Times: user=0.68 sys=0.00, real=0.02 secs] 
2021-04-01T07:21:43.540+0200: 513.321: [GC (Allocation Failure) [PSYoungGen: 2376786K->23522K(2285056K)] 2945153K->600538K(3956224K), 0.0219755 secs] [Times: user=0.64 sys=0.02, real=0.03 secs] 
2021-04-01T07:21:46.122+0200: 515.903: [GC (Allocation Failure) [PSYoungGen: 2285026K->25586K(2213888K)] 2862042K->605150K(3885056K), 0.0101801 secs] [Times: user=0.17 sys=0.01, real=0.01 secs] 
2021-04-01T07:21:47.715+0200: 517.496: [GC (Allocation Failure) [PSYoungGen: 2213874K->28809K(2363392K)] 2793438K->608373K(4034560K), 0.0382117 secs] [Times: user=1.08 sys=0.02, real=0.04 secs] 
2021-04-01T07:21:50.102+0200: 519.882: [GC (Allocation Failure) [PSYoungGen: 2363017K->30137K(2511872K)] 2942581K->611714K(4183040K), 0.0189231 secs] [Times: user=0.47 sys=0.00, real=0.02 secs] 
2021-04-01T07:21:51.694+0200: 521.475: [GC (Allocation Failure) [PSYoungGen: 2511801K->29250K(2669568K)] 3093378K->613127K(4340736K), 0.0173410 secs] [Times: user=0.46 sys=0.00, real=0.01 secs] 
2021-04-01T07:21:53.570+0200: 523.351: [GC (Allocation Failure) [PSYoungGen: 2669122K->28173K(2835456K)] 3252999K->614067K(4506624K), 0.0194268 secs] [Times: user=0.38 sys=0.00, real=0.02 secs] 
2021-04-01T07:21:56.338+0200: 526.119: [GC (Allocation Failure) [PSYoungGen: 2834957K->31565K(3012608K)] 3420851K->619276K(4683776K), 0.0250727 secs] [Times: user=0.68 sys=0.00, real=0.03 secs] 
2021-04-01T07:21:58.979+0200: 528.760: [GC (Allocation Failure) [PSYoungGen: 3012429K->29236K(3182592K)] 3600140K->618658K(4853760K), 0.0167009 secs] [Times: user=0.38 sys=0.01, real=0.02 secs] 
2021-04-01T07:22:04.445+0200: 534.226: [GC (Allocation Failure) [PSYoungGen: 3182132K->28139K(3067904K)] 3771554K->626074K(4739072K), 0.0184671 secs] [Times: user=0.43 sys=0.01, real=0.02 secs] 
2021-04-01T07:22:06.317+0200: 536.098: [GC (Allocation Failure) [PSYoungGen: 3067883K->27316K(2959360K)] 3665818K->627591K(4630528K), 0.0146651 secs] [Times: user=0.37 sys=0.00, real=0.02 secs] 
2021-04-01T07:22:09.864+0200: 539.645: [GC (Allocation Failure) [PSYoungGen: 2959028K->32084K(2860544K)] 3559303K->632359K(4531712K), 0.0251681 secs] [Times: user=0.71 sys=0.01, real=0.02 secs] 
2021-04-01T07:22:11.407+0200: 541.188: [GC (Allocation Failure) [PSYoungGen: 2860372K->32747K(3014656K)] 3460647K->634354K(4685824K), 0.0174226 secs] [Times: user=0.40 sys=0.01, real=0.02 secs] 
2021-04-01T07:22:13.072+0200: 542.853: [GC (Allocation Failure) [PSYoungGen: 3014635K->21499K(2897920K)] 3616242K->636427K(4569088K), 0.0132071 secs] [Times: user=0.32 sys=0.02, real=0.01 secs] 
2021-04-01T07:22:14.541+0200: 544.322: [GC (Allocation Failure) [PSYoungGen: 2897915K->24327K(3067392K)] 3512843K->641471K(4738560K), 0.0174281 secs] [Times: user=0.44 sys=0.00, real=0.01 secs] 
2021-04-01T07:22:17.673+0200: 547.453: [GC (Allocation Failure) [PSYoungGen: 3067143K->27065K(2961920K)] 3684287K->644210K(4633088K), 0.0155916 secs] [Times: user=0.37 sys=0.00, real=0.01 secs] 
2021-04-01T07:22:20.703+0200: 550.484: [GC (Allocation Failure) [PSYoungGen: 2961849K->29851K(2861568K)] 3578994K->648454K(4532736K), 0.0225996 secs] [Times: user=0.52 sys=0.01, real=0.02 secs] 
2021-04-01T07:22:22.848+0200: 552.629: [GC (Allocation Failure) [PSYoungGen: 2861211K->28141K(3018752K)] 3479814K->648900K(4689920K), 0.0240333 secs] [Times: user=0.62 sys=0.00, real=0.03 secs] 
2021-04-01T07:22:26.232+0200: 556.013: [GC (Allocation Failure) [PSYoungGen: 3018733K->29485K(2914304K)] 3639492K->652581K(4585472K), 0.0191856 secs] [Times: user=0.48 sys=0.00, real=0.01 secs] 
2021-04-01T07:22:28.421+0200: 558.202: [GC (Allocation Failure) [PSYoungGen: 2914093K->24571K(3075584K)] 3537189K->656407K(4746752K), 0.0267950 secs] [Times: user=0.75 sys=0.00, real=0.02 secs] 
2021-04-01T07:22:31.806+0200: 561.587: [GC (Allocation Failure) [PSYoungGen: 3075579K->36699K(2979328K)] 3707415K->669903K(4650496K), 0.0105230 secs] [Times: user=0.23 sys=0.00, real=0.01 secs] 
2021-04-01T07:22:34.453+0200: 564.234: [GC (Allocation Failure) [PSYoungGen: 2979163K->18923K(3146752K)] 3612367K->664257K(4817920K), 0.0486153 secs] [Times: user=1.44 sys=0.01, real=0.05 secs] 
2021-04-01T07:22:36.431+0200: 566.212: [GC (Allocation Failure) [PSYoungGen: 3146731K->22859K(3340288K)] 3792065K->670260K(5011456K), 0.0159319 secs] [Times: user=0.39 sys=0.00, real=0.02 secs] 
2021-04-01T07:22:39.093+0200: 568.873: [GC (Allocation Failure) [PSYoungGen: 3340107K->24315K(3537408K)] 3987508K->671716K(5208576K), 0.0220320 secs] [Times: user=0.52 sys=0.01, real=0.02 secs] 
2021-04-01T07:22:43.139+0200: 572.920: [GC (Allocation Failure) [PSYoungGen: 3537147K->28932K(3411968K)] 4184548K->678654K(5083136K), 0.0159755 secs] [Times: user=0.36 sys=0.01, real=0.02 secs] 
2021-04-01T07:22:46.345+0200: 576.126: [GC (Allocation Failure) [PSYoungGen: 3411716K->28644K(3287552K)] 4061438K->680498K(4958720K), 0.0131569 secs] [Times: user=0.32 sys=0.01, real=0.01 secs] 
2021-04-01T07:22:50.511+0200: 580.292: [GC (Allocation Failure) [PSYoungGen: 3287524K->32779K(3173888K)] 3939378K->687169K(4845056K), 0.0146495 secs] [Times: user=0.35 sys=0.00, real=0.02 secs] 
2021-04-01T07:22:52.331+0200: 582.112: [GC (Allocation Failure) [PSYoungGen: 3173387K->17387K(3045376K)] 3827777K->687752K(4716544K), 0.0197236 secs] [Times: user=0.54 sys=0.01, real=0.02 secs] 
2021-04-01T07:22:54.851+0200: 584.632: [GC (Allocation Failure) [PSYoungGen: 3045355K->21172K(2941952K)] 3715720K->693669K(4613120K), 0.0148194 secs] [Times: user=0.33 sys=0.00, real=0.02 secs] 
2021-04-01T07:22:58.763+0200: 588.544: [GC (Allocation Failure) [PSYoungGen: 2941620K->23465K(2841088K)] 3614117K->695962K(4512256K), 0.0121536 secs] [Times: user=0.25 sys=0.00, real=0.01 secs] 
2021-04-01T07:23:00.760+0200: 590.541: [GC (Allocation Failure) [PSYoungGen: 2841001K->24146K(2744320K)] 3513498K->697597K(4415488K), 0.0150269 secs] [Times: user=0.34 sys=0.01, real=0.01 secs] 
2021-04-01T07:23:04.253+0200: 594.034: [GC (Allocation Failure) [PSYoungGen: 2743890K->26427K(2652672K)] 3417341K->700979K(4323840K), 0.0127354 secs] [Times: user=0.27 sys=0.01, real=0.01 secs] 
2021-04-01T07:23:06.128+0200: 595.909: [GC (Allocation Failure) [PSYoungGen: 2652475K->27133K(2564096K)] 3327027K->702569K(4235264K), 0.0141356 secs] [Times: user=0.34 sys=0.01, real=0.02 secs] 
2021-04-01T07:23:09.090+0200: 598.871: [GC (Allocation Failure) [PSYoungGen: 2564093K->25579K(2477056K)] 3239529K->714611K(4148224K), 0.0262251 secs] [Times: user=0.68 sys=0.00, real=0.03 secs] 
2021-04-01T07:23:10.537+0200: 600.318: [GC (Allocation Failure) [PSYoungGen: 2477035K->25947K(2396160K)] 3166067K->716983K(4067328K), 0.0170627 secs] [Times: user=0.41 sys=0.00, real=0.02 secs] 
2021-04-01T07:23:11.908+0200: 601.689: [GC (Allocation Failure) [PSYoungGen: 2395995K->26267K(2538496K)] 3087031K->717303K(4209664K), 0.0195904 secs] [Times: user=0.52 sys=0.00, real=0.02 secs] 
2021-04-01T07:23:13.589+0200: 603.370: [GC (Allocation Failure) [PSYoungGen: 2538139K->37147K(2719232K)] 3229175K->729959K(4390400K), 0.0292691 secs] [Times: user=0.82 sys=0.00, real=0.03 secs] 
2021-04-01T07:23:15.638+0200: 605.419: [GC (Allocation Failure) [PSYoungGen: 2719003K->17403K(2868736K)] 3411815K->723684K(4539904K), 0.0141610 secs] [Times: user=0.39 sys=0.00, real=0.02 secs] 
2021-04-01T07:23:17.435+0200: 607.216: [GC (Allocation Failure) [PSYoungGen: 2864831K->19625K(3056640K)] 3571112K->727721K(4727808K), 0.0217638 secs] [Times: user=0.59 sys=0.00, real=0.02 secs] 
2021-04-01T07:23:20.724+0200: 610.505: [GC (Allocation Failure) [PSYoungGen: 3056297K->24228K(3246080K)] 3764393K->732324K(4917248K), 0.0224161 secs] [Times: user=0.57 sys=0.01, real=0.02 secs] 
2021-04-01T07:23:24.236+0200: 614.017: [GC (Allocation Failure) [PSYoungGen: 3245732K->27682K(3440128K)] 3953828K->736603K(5111296K), 0.0294002 secs] [Times: user=0.79 sys=0.00, real=0.03 secs] 
2021-04-01T07:23:27.608+0200: 617.388: [GC (Allocation Failure) [PSYoungGen: 3439650K->28370K(3315200K)] 4148571K->738845K(4986368K), 0.0136619 secs] [Times: user=0.36 sys=0.01, real=0.02 secs] 
2021-04-01T07:23:30.342+0200: 620.123: [GC (Allocation Failure) [PSYoungGen: 3314898K->30395K(3197952K)] 4025373K->742415K(4869120K), 0.0173333 secs] [Times: user=0.42 sys=0.00, real=0.01 secs] 
2021-04-01T07:23:32.573+0200: 622.354: [GC (Allocation Failure) [PSYoungGen: 3197627K->19940K(3073024K)] 3909647K->743041K(4744192K), 0.0147808 secs] [Times: user=0.48 sys=0.01, real=0.01 secs] 
2021-04-01T07:23:35.495+0200: 625.276: [GC (Allocation Failure) [PSYoungGen: 3072996K->24023K(2968576K)] 3796097K->749294K(4639744K), 0.0169746 secs] [Times: user=0.42 sys=0.01, real=0.02 secs] 
2021-04-01T07:23:37.605+0200: 627.386: [GC (Allocation Failure) [PSYoungGen: 2968535K->25515K(2866176K)] 3693806K->750786K(4537344K), 0.0207665 secs] [Times: user=0.52 sys=0.01, real=0.02 secs] 
2021-04-01T07:23:40.582+0200: 630.363: [GC (Allocation Failure) [PSYoungGen: 2866091K->28411K(2770432K)] 3591362K->755295K(4441600K), 0.0137777 secs] [Times: user=0.37 sys=0.00, real=0.01 secs] 
2021-04-01T07:23:42.897+0200: 632.678: [GC (Allocation Failure) [PSYoungGen: 2770171K->22004K(2669056K)] 3497055K->756560K(4340224K), 0.0096739 secs] [Times: user=0.24 sys=0.02, real=0.01 secs] 
2021-04-01T07:23:45.668+0200: 635.449: [GC (Allocation Failure) [PSYoungGen: 2669044K->27090K(2584064K)] 3403600K->764350K(4255232K), 0.0212026 secs] [Times: user=0.55 sys=0.00, real=0.02 secs] 
2021-04-01T07:23:47.921+0200: 637.702: [GC (Allocation Failure) [PSYoungGen: 2584018K->25072K(2496000K)] 3321278K->763880K(4167168K), 0.0167641 secs] [Times: user=0.42 sys=0.00, real=0.01 secs] 
2021-04-01T07:23:49.983+0200: 639.764: [GC (Allocation Failure) [PSYoungGen: 2495984K->26644K(2415616K)] 3234792K->766783K(4086784K), 0.0185791 secs] [Times: user=0.45 sys=0.00, real=0.02 secs] 
2021-04-01T07:23:52.211+0200: 641.992: [GC (Allocation Failure) [PSYoungGen: 2412463K->19965K(2329600K)] 3152601K->771391K(4000768K), 0.0227993 secs] [Times: user=0.66 sys=0.00, real=0.03 secs] 
2021-04-01T07:23:53.849+0200: 643.630: [GC (Allocation Failure) [PSYoungGen: 2329597K->25232K(2259968K)] 3081023K->778768K(3931136K), 0.0096361 secs] [Times: user=0.23 sys=0.00, real=0.01 secs] 
2021-04-01T07:23:56.126+0200: 645.907: [GC (Allocation Failure) [PSYoungGen: 2259600K->26605K(2188800K)] 3013136K->791364K(3859968K), 0.0081017 secs] [Times: user=0.18 sys=0.01, real=0.01 secs] 
2021-04-01T07:23:57.439+0200: 647.220: [GC (Allocation Failure) [PSYoungGen: 2188781K->27083K(2315776K)] 2953540K->795111K(3986944K), 0.0236816 secs] [Times: user=0.66 sys=0.01, real=0.03 secs] 
2021-04-01T07:23:59.052+0200: 648.833: [GC (Allocation Failure) [PSYoungGen: 2315723K->23538K(2461184K)] 3083751K->796496K(4132352K), 0.0246075 secs] [Times: user=0.68 sys=0.01, real=0.02 secs] 
2021-04-01T07:24:01.596+0200: 651.377: [GC (Allocation Failure) [PSYoungGen: 2461170K->28219K(2614784K)] 3234128K->803381K(4285952K), 0.0175473 secs] [Times: user=0.44 sys=0.00, real=0.02 secs] 
2021-04-01T07:24:05.479+0200: 655.260: [GC (Allocation Failure) [PSYoungGen: 2614331K->21986K(2752512K)] 3389493K->806115K(4423680K), 0.0203104 secs] [Times: user=0.55 sys=0.00, real=0.02 secs] 
2021-04-01T07:24:09.549+0200: 659.330: [GC (Allocation Failure) [PSYoungGen: 2752482K->25906K(2662400K)] 3536611K->812585K(4333568K), 0.0192058 secs] [Times: user=0.63 sys=0.01, real=0.02 secs] 
2021-04-01T07:24:13.045+0200: 662.825: [GC (Allocation Failure) [PSYoungGen: 2662194K->25083K(2571776K)] 3448873K->821252K(4242944K), 0.0157542 secs] [Times: user=0.45 sys=0.01, real=0.02 secs] 
2021-04-01T07:24:14.663+0200: 664.444: [GC (Allocation Failure) [PSYoungGen: 2571771K->37863K(2498560K)] 3367940K->837773K(4169728K), 0.0185656 secs] [Times: user=0.47 sys=0.00, real=0.02 secs] 
2021-04-01T07:24:16.989+0200: 666.770: [GC (Allocation Failure) [PSYoungGen: 2498535K->13300K(2392064K)] 3298445K->842028K(4063232K), 0.0201168 secs] [Times: user=0.57 sys=0.02, real=0.02 secs] 
2021-04-01T07:24:17.875+0200: 667.656: [GC (Allocation Failure) [PSYoungGen: 2392052K->17876K(2570752K)] 3220780K->847821K(4241920K), 0.0239517 secs] [Times: user=0.70 sys=0.00, real=0.02 secs] 
2021-04-01T07:24:19.569+0200: 669.350: [GC (Allocation Failure) [PSYoungGen: 2570708K->20112K(2742272K)] 3400653K->850056K(4413440K), 0.0102533 secs] [Times: user=0.17 sys=0.01, real=0.01 secs] 
2021-04-01T07:24:21.567+0200: 671.348: [GC (Allocation Failure) [PSYoungGen: 2741904K->20820K(2900992K)] 3571848K->850765K(4572160K), 0.0077308 secs] [Times: user=0.17 sys=0.00, real=0.01 secs] 
2021-04-01T07:24:23.691+0200: 673.471: [GC (Allocation Failure) [PSYoungGen: 2900820K->24338K(2803712K)] 3730765K->854283K(4474880K), 0.0112730 secs] [Times: user=0.28 sys=0.00, real=0.02 secs] 
2021-04-01T07:24:25.879+0200: 675.660: [GC (Allocation Failure) [PSYoungGen: 2803474K->26459K(2709504K)] 3633419K->857703K(4380672K), 0.0119915 secs] [Times: user=0.34 sys=0.01, real=0.01 secs] 
2021-04-01T07:24:27.511+0200: 677.292: [GC (Allocation Failure) [PSYoungGen: 2709339K->26818K(2618368K)] 3540583K->859422K(4289536K), 0.0160298 secs] [Times: user=0.39 sys=0.00, real=0.02 secs] 
2021-04-01T07:24:29.505+0200: 679.286: [GC (Allocation Failure) [PSYoungGen: 2618050K->26717K(2530816K)] 3450654K->861071K(4201984K), 0.0149601 secs] [Times: user=0.43 sys=0.00, real=0.02 secs] 
2021-04-01T07:24:31.715+0200: 681.496: [GC (Allocation Failure) [PSYoungGen: 2530397K->28045K(2447872K)] 3364751K->863419K(4119040K), 0.0136969 secs] [Times: user=0.39 sys=0.00, real=0.01 secs] 
2021-04-01T07:24:34.486+0200: 684.267: [GC (Allocation Failure) [PSYoungGen: 2447757K->30439K(2370560K)] 3283131K->866789K(4041728K), 0.0186408 secs] [Times: user=0.47 sys=0.00, real=0.02 secs] 
2021-04-01T07:24:36.241+0200: 686.022: [GC (Allocation Failure) [PSYoungGen: 2370279K->20448K(2283520K)] 3206629K->870128K(3954688K), 0.0172879 secs] [Times: user=0.49 sys=0.00, real=0.01 secs] 
2021-04-01T07:24:38.374+0200: 688.154: [GC (Allocation Failure) [PSYoungGen: 2283488K->21915K(2211840K)] 3133168K->873969K(3883008K), 0.0089231 secs] [Times: user=0.15 sys=0.00, real=0.01 secs] 
2021-04-01T07:24:40.788+0200: 690.569: [GC (Allocation Failure) [PSYoungGen: 2211739K->22980K(2142720K)] 3063793K->875034K(3813888K), 0.0204020 secs] [Times: user=0.54 sys=0.01, real=0.02 secs] 
2021-04-01T07:24:43.813+0200: 693.594: [GC (Allocation Failure) [PSYoungGen: 2142660K->26564K(2079232K)] 2994714K->880128K(3750400K), 0.0208882 secs] [Times: user=0.59 sys=0.01, real=0.02 secs] 
2021-04-01T07:24:45.238+0200: 695.019: [GC (Allocation Failure) [PSYoungGen: 2079172K->27316K(2016256K)] 2932736K->881722K(3687424K), 0.0142224 secs] [Times: user=0.36 sys=0.00, real=0.02 secs] 
2021-04-01T07:24:47.204+0200: 696.985: [GC (Allocation Failure) [PSYoungGen: 2015924K->27419K(1954816K)] 2870330K->882893K(3625984K), 0.0131450 secs] [Times: user=0.31 sys=0.00, real=0.01 secs] 
2021-04-01T07:24:48.163+0200: 697.944: [GC (Allocation Failure) [PSYoungGen: 1954587K->20978K(2065408K)] 2810061K->883730K(3736576K), 0.0158526 secs] [Times: user=0.40 sys=0.00, real=0.01 secs] 
2021-04-01T07:24:49.517+0200: 699.298: [GC (Allocation Failure) [PSYoungGen: 2065394K->23005K(2188800K)] 2928146K->887548K(3859968K), 0.0117381 secs] [Times: user=0.30 sys=0.00, real=0.01 secs] 
2021-04-01T07:24:50.531+0200: 700.312: [GC (Allocation Failure) [PSYoungGen: 2188765K->23972K(2345472K)] 3053308K->888515K(4016640K), 0.0223346 secs] [Times: user=0.69 sys=0.01, real=0.03 secs] 
2021-04-01T07:24:52.326+0200: 702.107: [GC (Allocation Failure) [PSYoungGen: 2345380K->24637K(2495488K)] 3209923K->890996K(4166656K), 0.0090615 secs] [Times: user=0.21 sys=0.00, real=0.01 secs] 
2021-04-01T07:24:54.463+0200: 704.244: [GC (Allocation Failure) [PSYoungGen: 2491638K->23029K(2662912K)] 3357997K->892687K(4334080K), 0.0316490 secs] [Times: user=0.88 sys=0.01, real=0.03 secs] 
2021-04-01T07:24:57.772+0200: 707.553: [GC (Allocation Failure) [PSYoungGen: 2662901K->24592K(2837504K)] 3532559K->896651K(4508672K), 0.0279022 secs] [Times: user=0.76 sys=0.00, real=0.03 secs] 
2021-04-01T07:25:00.251+0200: 710.032: [GC (Allocation Failure) [PSYoungGen: 2837008K->20987K(3009536K)] 3709067K->900595K(4680704K), 0.0199979 secs] [Times: user=0.50 sys=0.01, real=0.02 secs] 
2021-04-01T07:25:02.339+0200: 712.119: [GC (Allocation Failure) [PSYoungGen: 3009531K->23787K(3198976K)] 3889139K->905708K(4870144K), 0.0210060 secs] [Times: user=0.58 sys=0.00, real=0.02 secs] 
2021-04-01T07:25:05.926+0200: 715.707: [GC (Allocation Failure) [PSYoungGen: 3198699K->23019K(3384832K)] 4080620K->908472K(5056000K), 0.0243153 secs] [Times: user=0.71 sys=0.00, real=0.02 secs] 
2021-04-01T07:25:09.344+0200: 719.124: [GC (Allocation Failure) [PSYoungGen: 3384811K->27838K(3267072K)] 4270264K->916004K(4938240K), 0.0166391 secs] [Times: user=0.42 sys=0.00, real=0.02 secs] 
2021-04-01T07:25:11.876+0200: 721.657: [GC (Allocation Failure) [PSYoungGen: 3266750K->15869K(3137536K)] 4154916K->915764K(4808704K), 0.0184937 secs] [Times: user=0.49 sys=0.01, real=0.02 secs] 
2021-04-01T07:25:14.226+0200: 724.007: [GC (Allocation Failure) [PSYoungGen: 3137533K->20742K(3030528K)] 4037428K->922938K(4701696K), 0.0088076 secs] [Times: user=0.17 sys=0.02, real=0.01 secs] 
2021-04-01T07:25:17.109+0200: 726.890: [GC (Allocation Failure) [PSYoungGen: 3030278K->22987K(2926080K)] 3932474K->925183K(4597248K), 0.0079165 secs] [Times: user=0.15 sys=0.01, real=0.01 secs] 
2021-04-01T07:25:19.914+0200: 729.695: [GC (Allocation Failure) [PSYoungGen: 2923075K->23124K(2824704K)] 3825271K->926344K(4495872K), 0.0120366 secs] [Times: user=0.28 sys=0.02, real=0.01 secs] 
2021-04-01T07:25:23.298+0200: 733.079: [GC (Allocation Failure) [PSYoungGen: 2824276K->20459K(2724352K)] 3727496K->930019K(4395520K), 0.0123595 secs] [Times: user=0.30 sys=0.00, real=0.01 secs] 
2021-04-01T07:25:26.274+0200: 736.055: [GC (Allocation Failure) [PSYoungGen: 2724331K->25691K(2637312K)] 3633891K->937027K(4308480K), 0.0182338 secs] [Times: user=0.40 sys=0.00, real=0.02 secs] 
2021-04-01T07:25:29.681+0200: 739.462: [GC (Allocation Failure) [PSYoungGen: 2636891K->19451K(2542080K)] 3548227K->938904K(4213248K), 0.0265545 secs] [Times: user=0.78 sys=0.00, real=0.02 secs] 
2021-04-01T07:25:31.231+0200: 741.012: [GC (Allocation Failure) [PSYoungGen: 2542075K->23627K(2462208K)] 3461528K->944253K(4133376K), 0.0228950 secs] [Times: user=0.67 sys=0.02, real=0.03 secs] 
2021-04-01T07:25:33.355+0200: 743.136: [GC (Allocation Failure) [PSYoungGen: 2461771K->21499K(2378752K)] 3382397K->946236K(4049920K), 0.0129904 secs] [Times: user=0.34 sys=0.00, real=0.01 secs] 
2021-04-01T07:25:34.545+0200: 744.325: [GC (Allocation Failure) [PSYoungGen: 2378747K->25469K(2523136K)] 3303484K->951560K(4194304K), 0.0182818 secs] [Times: user=0.49 sys=0.00, real=0.02 secs] 
2021-04-01T07:25:36.390+0200: 746.171: [GC (Allocation Failure) [PSYoungGen: 2523005K->15844K(2665984K)] 3449096K->953176K(4337152K), 0.0198992 secs] [Times: user=0.54 sys=0.01, real=0.02 secs] 
2021-04-01T07:25:37.603+0200: 747.384: [GC (Allocation Failure) [PSYoungGen: 2665956K->16082K(2824192K)] 3603288K->956726K(4495360K), 0.0103497 secs] [Times: user=0.18 sys=0.00, real=0.01 secs] 
2021-04-01T07:25:40.346+0200: 750.126: [GC (Allocation Failure) [PSYoungGen: 2823890K->19474K(2993152K)] 3764534K->960118K(4664320K), 0.0244969 secs] [Times: user=0.72 sys=0.00, real=0.02 secs] 
2021-04-01T07:25:43.867+0200: 753.648: [GC (Allocation Failure) [PSYoungGen: 2992658K->23131K(2891776K)] 3933302K->965205K(4562944K), 0.0150552 secs] [Times: user=0.33 sys=0.02, real=0.02 secs] 
2021-04-01T07:25:46.086+0200: 755.867: [GC (Allocation Failure) [PSYoungGen: 2891355K->21490K(3058176K)] 3833429K->967634K(4729344K), 0.0286316 secs] [Times: user=0.77 sys=0.00, real=0.03 secs] 
2021-04-01T07:25:49.427+0200: 759.208: [GC (Allocation Failure) [PSYoungGen: 3058162K->31202K(2959872K)] 4004306K->980802K(4631040K), 0.0127414 secs] [Times: user=0.29 sys=0.00, real=0.02 secs] 
2021-04-01T07:25:51.729+0200: 761.510: [GC (Allocation Failure) [PSYoungGen: 2959842K->10212K(2835968K)] 3909442K->974408K(4507136K), 0.0131320 secs] [Times: user=0.31 sys=0.00, real=0.02 secs] 
2021-04-01T07:25:53.988+0200: 763.769: [GC (Allocation Failure) [PSYoungGen: 2835940K->12237K(2739712K)] 3800136K->978982K(4410880K), 0.0216944 secs] [Times: user=0.60 sys=0.02, real=0.02 secs] 
2021-04-01T07:25:56.385+0200: 766.166: [GC (Allocation Failure) [PSYoungGen: 2739661K->16651K(2650624K)] 3706406K->983396K(4321792K), 0.0070648 secs] [Times: user=0.13 sys=0.00, real=0.01 secs] 
2021-04-01T07:25:59.314+0200: 769.095: [GC (Allocation Failure) [PSYoungGen: 2650379K->26384K(2570752K)] 3617124K->993129K(4241920K), 0.0112637 secs] [Times: user=0.20 sys=0.00, real=0.01 secs] 
2021-04-01T07:26:01.609+0200: 771.390: [GC (Allocation Failure) [PSYoungGen: 2570512K->18859K(2477568K)] 3537257K->985604K(4148736K), 0.0136138 secs] [Times: user=0.33 sys=0.00, real=0.02 secs] 
2021-04-01T07:26:04.689+0200: 774.470: [GC (Allocation Failure) [PSYoungGen: 2477483K->23764K(2400768K)] 3444228K->991571K(4071936K), 0.0172229 secs] [Times: user=0.44 sys=0.01, real=0.02 secs] 
2021-04-01T07:26:06.381+0200: 776.162: [GC (Allocation Failure) [PSYoungGen: 2400468K->23492K(2321920K)] 3368275K->991871K(3993088K), 0.0111628 secs] [Times: user=0.26 sys=0.00, real=0.01 secs] 
2021-04-01T07:26:08.030+0200: 777.811: [GC (Allocation Failure) [PSYoungGen: 2321860K->23467K(2247168K)] 3290239K->992421K(3918336K), 0.0175176 secs] [Times: user=0.54 sys=0.00, real=0.02 secs] 
2021-04-01T07:26:09.616+0200: 779.396: [GC (Allocation Failure) [PSYoungGen: 2247083K->19940K(2171904K)] 3216037K->994714K(3843072K), 0.0144890 secs] [Times: user=0.38 sys=0.00, real=0.01 secs] 
2021-04-01T07:26:11.132+0200: 780.913: [GC (Allocation Failure) [PSYoungGen: 2171876K->22157K(2336768K)] 3146650K->998061K(4007936K), 0.0479441 secs] [Times: user=1.38 sys=0.00, real=0.05 secs] 
2021-04-01T07:26:13.382+0200: 783.163: [GC (Allocation Failure) [PSYoungGen: 2336397K->22525K(2501632K)] 3312301K->1008837K(4172800K), 0.0197054 secs] [Times: user=0.51 sys=0.00, real=0.02 secs] 
2021-04-01T07:26:14.724+0200: 784.504: [GC (Allocation Failure) [PSYoungGen: 2501629K->20557K(2659840K)] 3487941K->1009454K(4331008K), 0.0077924 secs] [Times: user=0.14 sys=0.00, real=0.00 secs] 
2021-04-01T07:26:16.300+0200: 786.081: [GC (Allocation Failure) [PSYoungGen: 2659405K->23890K(2830336K)] 3648302K->1012787K(4501504K), 0.0151461 secs] [Times: user=0.39 sys=0.00, real=0.01 secs] 
2021-04-01T07:26:19.397+0200: 789.177: [GC (Allocation Failure) [PSYoungGen: 2830162K->25028K(2991616K)] 3819059K->1014817K(4662784K), 0.0149499 secs] [Times: user=0.37 sys=0.00, real=0.01 secs] 
2021-04-01T07:26:22.595+0200: 792.376: [GC (Allocation Failure) [PSYoungGen: 2991556K->17892K(2879488K)] 3981345K->1017994K(4550656K), 0.0120338 secs] [Times: user=0.26 sys=0.00, real=0.01 secs] 
2021-04-01T07:26:26.134+0200: 795.915: [GC (Allocation Failure) [PSYoungGen: 2879460K->23677K(2785792K)] 3879562K->1025569K(4456960K), 0.0158771 secs] [Times: user=0.37 sys=0.01, real=0.01 secs] 
2021-04-01T07:26:28.235+0200: 798.016: [GC (Allocation Failure) [PSYoungGen: 2785405K->22548K(2689536K)] 3787297K->1024440K(4360704K), 0.0096859 secs] [Times: user=0.21 sys=0.01, real=0.01 secs] 
2021-04-01T07:26:29.486+0200: 799.266: [GC (Allocation Failure) [PSYoungGen: 2689044K->24338K(2599936K)] 3690936K->1027422K(4271104K), 0.0198568 secs] [Times: user=0.49 sys=0.00, real=0.02 secs] 
2021-04-01T07:26:32.463+0200: 802.244: [GC (Allocation Failure) [PSYoungGen: 2599698K->17389K(2505728K)] 3602782K->1031509K(4176896K), 0.0173687 secs] [Times: user=0.43 sys=0.02, real=0.02 secs] 
2021-04-01T07:26:34.595+0200: 804.376: [GC (Allocation Failure) [PSYoungGen: 2505709K->20525K(2426368K)] 3519829K->1037273K(4097536K), 0.0118040 secs] [Times: user=0.29 sys=0.00, real=0.01 secs] 
2021-04-01T07:26:36.493+0200: 806.273: [GC (Allocation Failure) [PSYoungGen: 2425901K->23883K(2350080K)] 3442649K->1040631K(4021248K), 0.0136802 secs] [Times: user=0.29 sys=0.00, real=0.01 secs] 
2021-04-01T07:26:38.414+0200: 808.195: [GC (Allocation Failure) [PSYoungGen: 2349899K->23906K(2274304K)] 3366647K->1041687K(3945472K), 0.0161699 secs] [Times: user=0.35 sys=0.00, real=0.01 secs] 
2021-04-01T07:26:40.415+0200: 810.196: [GC (Allocation Failure) [PSYoungGen: 2274146K->15851K(2193408K)] 3291927K->1046594K(3864576K), 0.0168319 secs] [Times: user=0.44 sys=0.02, real=0.02 secs] 
2021-04-01T07:26:42.861+0200: 812.642: [GC (Allocation Failure) [PSYoungGen: 2193387K->19252K(2127360K)] 3224130K->1051732K(3798528K), 0.0078541 secs] [Times: user=0.15 sys=0.01, real=0.00 secs] 
2021-04-01T07:26:45.036+0200: 814.817: [GC (Allocation Failure) [PSYoungGen: 2123907K->21381K(2062848K)] 3156387K->1053860K(3734016K), 0.0160057 secs] [Times: user=0.49 sys=0.00, real=0.02 secs] 
2021-04-01T07:26:47.368+0200: 817.149: [GC (Allocation Failure) [PSYoungGen: 2060627K->22332K(2000384K)] 3093106K->1056182K(3671552K), 0.0255995 secs] [Times: user=0.71 sys=0.00, real=0.03 secs] 
2021-04-01T07:26:49.138+0200: 818.919: [GC (Allocation Failure) [PSYoungGen: 2000188K->19965K(1936896K)] 3034038K->1057686K(3608064K), 0.0172483 secs] [Times: user=0.48 sys=0.00, real=0.02 secs] 
2021-04-01T07:26:50.270+0200: 820.051: [GC (Allocation Failure) [PSYoungGen: 1936893K->21709K(1880576K)] 2974614K->1061441K(3551744K), 0.0080767 secs] [Times: user=0.18 sys=0.00, real=0.01 secs] 
2021-04-01T07:26:51.746+0200: 821.527: [GC (Allocation Failure) [PSYoungGen: 1880269K->19965K(1822720K)] 2920001K->1060721K(3493888K), 0.0113009 secs] [Times: user=0.29 sys=0.00, real=0.01 secs] 
2021-04-01T07:26:54.238+0200: 824.019: [GC (Allocation Failure) [PSYoungGen: 1822717K->22557K(1772544K)] 2863473K->1066531K(3443712K), 0.0197005 secs] [Times: user=0.51 sys=0.02, real=0.02 secs] 
2021-04-01T07:26:54.748+0200: 824.529: [GC (Allocation Failure) [PSYoungGen: 1772061K->17917K(1888256K)] 2816035K->1065194K(3559424K), 0.0116992 secs] [Times: user=0.25 sys=0.00, real=0.02 secs] 
2021-04-01T07:26:56.948+0200: 826.729: [GC (Allocation Failure) [PSYoungGen: 1888253K->22644K(2009088K)] 2935530K->1070670K(3680256K), 0.0105786 secs] [Times: user=0.22 sys=0.00, real=0.01 secs] 
2021-04-01T07:26:58.165+0200: 827.946: [GC (Allocation Failure) [PSYoungGen: 2008692K->17908K(2123776K)] 3056718K->1068786K(3794944K), 0.0104235 secs] [Times: user=0.26 sys=0.00, real=0.01 secs] 
2021-04-01T07:27:00.365+0200: 830.146: [GC (Allocation Failure) [PSYoungGen: 2123764K->28276K(2067968K)] 3174642K->1081967K(3739136K), 0.0105910 secs] [Times: user=0.21 sys=0.00, real=0.01 secs] 
2021-04-01T07:27:01.795+0200: 831.576: [GC (Allocation Failure) [PSYoungGen: 2067572K->11259K(1987072K)] 3121263K->1073554K(3658240K), 0.0121853 secs] [Times: user=0.34 sys=0.01, real=0.01 secs] 
2021-04-01T07:27:04.476+0200: 834.257: [GC (Allocation Failure) [PSYoungGen: 1987067K->16109K(1931264K)] 3049362K->1079649K(3602432K), 0.0188333 secs] [Times: user=0.52 sys=0.00, real=0.02 secs] 
2021-04-01T07:27:05.949+0200: 835.729: [GC (Allocation Failure) [PSYoungGen: 1930989K->15069K(1871872K)] 2994529K->1078609K(3543040K), 0.0117908 secs] [Times: user=0.30 sys=0.00, real=0.02 secs] 
2021-04-01T07:27:07.824+0200: 837.605: [GC (Allocation Failure) [PSYoungGen: 1871581K->18614K(1819648K)] 2935121K->1083440K(3490816K), 0.0136423 secs] [Times: user=0.31 sys=0.00, real=0.01 secs] 
2021-04-01T07:27:09.979+0200: 839.759: [GC (Allocation Failure) [PSYoungGen: 1819318K->18877K(1766400K)] 2884144K->1085326K(3437568K), 0.0141738 secs] [Times: user=0.37 sys=0.00, real=0.02 secs] 
2021-04-01T07:27:10.522+0200: 840.303: [GC (Allocation Failure) [PSYoungGen: 1766333K->18070K(1875456K)] 2832782K->1085512K(3546624K), 0.0104707 secs] [Times: user=0.20 sys=0.00, real=0.01 secs] 
2021-04-01T07:27:12.050+0200: 841.831: [GC (Allocation Failure) [PSYoungGen: 1875094K->17517K(2004480K)] 2942536K->1085783K(3675648K), 0.0261349 secs] [Times: user=0.74 sys=0.00, real=0.03 secs] 
2021-04-01T07:27:13.750+0200: 843.531: [GC (Allocation Failure) [PSYoungGen: 2004077K->21238K(2157056K)] 3072343K->1090260K(3828224K), 0.0302467 secs] [Times: user=1.13 sys=0.01, real=0.04 secs] 
2021-04-01T07:27:16.001+0200: 845.782: [GC (Allocation Failure) [PSYoungGen: 2156733K->19453K(2297344K)] 3225754K->1092387K(3968512K), 0.0100125 secs] [Times: user=0.20 sys=0.00, real=0.00 secs] 
2021-04-01T07:27:17.755+0200: 847.535: [GC (Allocation Failure) [PSYoungGen: 2297341K->20306K(2445312K)] 3370275K->1094644K(4116480K), 0.0161401 secs] [Times: user=0.34 sys=0.02, real=0.01 secs] 
2021-04-01T07:27:20.169+0200: 849.950: [GC (Allocation Failure) [PSYoungGen: 2445138K->18916K(2590720K)] 3519476K->1105126K(4261888K), 0.0163866 secs] [Times: user=0.40 sys=0.00, real=0.02 secs] 
2021-04-01T07:27:22.626+0200: 852.407: [GC (Allocation Failure) [PSYoungGen: 2589287K->21310K(2506240K)] 3675496K->1108708K(4177408K), 0.0173211 secs] [Times: user=0.42 sys=0.00, real=0.02 secs] 
2021-04-01T07:27:24.596+0200: 854.377: [GC (Allocation Failure) [PSYoungGen: 2506046K->22509K(2424320K)] 3593444K->1110716K(4095488K), 0.0147138 secs] [Times: user=0.36 sys=0.00, real=0.01 secs] 
2021-04-01T07:27:27.211+0200: 856.992: [GC (Allocation Failure) [PSYoungGen: 2424301K->30205K(2352640K)] 3512508K->1122424K(4023808K), 0.0208348 secs] [Times: user=0.53 sys=0.00, real=0.03 secs] 
2021-04-01T07:27:29.510+0200: 859.291: [GC (Allocation Failure) [PSYoungGen: 2352637K->8182K(2254848K)] 3444856K->1120659K(3926016K), 0.0172199 secs] [Times: user=0.48 sys=0.01, real=0.02 secs] 
2021-04-01T07:27:30.888+0200: 860.669: [GC (Allocation Failure) [PSYoungGen: 2254838K->20941K(2194944K)] 3367315K->1134398K(3866112K), 0.0115054 secs] [Times: user=0.32 sys=0.00, real=0.02 secs] 
2021-04-01T07:27:32.340+0200: 862.121: [GC (Allocation Failure) [PSYoungGen: 2194893K->13933K(2119168K)] 3308350K->1127390K(3790336K), 0.0085716 secs] [Times: user=0.16 sys=0.00, real=0.00 secs] 
2021-04-01T07:27:34.180+0200: 863.960: [GC (Allocation Failure) [PSYoungGen: 2118765K->13501K(2052096K)] 3232222K->1126958K(3723264K), 0.0141625 secs] [Times: user=0.40 sys=0.00, real=0.02 secs] 
2021-04-01T07:27:36.539+0200: 866.319: [GC (Allocation Failure) [PSYoungGen: 2051773K->19044K(1994240K)] 3165230K->1132501K(3665408K), 0.0146893 secs] [Times: user=0.37 sys=0.00, real=0.02 secs] 
2021-04-01T07:27:38.047+0200: 867.828: [GC (Allocation Failure) [PSYoungGen: 1993828K->17412K(2110464K)] 3107285K->1131361K(3781632K), 0.0248988 secs] [Times: user=0.71 sys=0.01, real=0.02 secs] 
2021-04-01T07:27:40.942+0200: 870.723: [GC (Allocation Failure) [PSYoungGen: 2109956K->23773K(2051072K)] 3223905K->1138195K(3722240K), 0.0182508 secs] [Times: user=0.44 sys=0.00, real=0.02 secs] 
2021-04-01T07:27:43.569+0200: 873.350: [GC (Allocation Failure) [PSYoungGen: 2050781K->23364K(1987584K)] 3165203K->1138201K(3658752K), 0.0124042 secs] [Times: user=0.36 sys=0.00, real=0.02 secs] 
2021-04-01T07:27:45.186+0200: 874.967: [GC (Allocation Failure) [PSYoungGen: 1987396K->19451K(1923072K)] 3102233K->1143213K(3594240K), 0.0136624 secs] [Times: user=0.41 sys=0.00, real=0.02 secs] 
2021-04-01T07:27:47.653+0200: 877.434: [GC (Allocation Failure) [PSYoungGen: 1923067K->23020K(1868800K)] 3046829K->1147743K(3539968K), 0.0176692 secs] [Times: user=0.46 sys=0.02, real=0.01 secs] 
2021-04-01T07:27:49.128+0200: 878.909: [GC (Allocation Failure) [PSYoungGen: 1868780K->24830K(1815552K)] 2993503K->1149553K(3486720K), 0.0166697 secs] [Times: user=0.48 sys=0.01, real=0.02 secs] 
2021-04-01T07:27:50.816+0200: 880.597: [GC (Allocation Failure) [PSYoungGen: 1815294K->26526K(1939968K)] 2940017K->1152563K(3611136K), 0.0357389 secs] [Times: user=0.98 sys=0.00, real=0.04 secs] 
2021-04-01T07:27:51.621+0200: 881.402: [GC (Allocation Failure) [PSYoungGen: 1939870K->15341K(2062336K)] 3065907K->1154694K(3733504K), 0.0100031 secs] [Times: user=0.22 sys=0.00, real=0.00 secs] 
2021-04-01T07:27:52.785+0200: 882.566: [GC (Allocation Failure) [PSYoungGen: 2062317K->24877K(2205696K)] 3201670K->1165786K(3876864K), 0.0090183 secs] [Times: user=0.19 sys=0.00, real=0.01 secs] 
2021-04-01T07:27:54.442+0200: 884.223: [GC (Allocation Failure) [PSYoungGen: 2205485K->26989K(2343424K)] 3346394K->1167898K(4014592K), 0.0130881 secs] [Times: user=0.36 sys=0.00, real=0.01 secs] 
2021-04-01T07:27:56.259+0200: 886.039: [GC (Allocation Failure) [PSYoungGen: 2343277K->29595K(2484736K)] 3484186K->1171748K(4155904K), 0.0148914 secs] [Times: user=0.38 sys=0.00, real=0.02 secs] 
2021-04-01T07:27:58.344+0200: 888.125: [GC (Allocation Failure) [PSYoungGen: 2484635K->13293K(2618368K)] 3626788K->1171370K(4289536K), 0.0222727 secs] [Times: user=0.57 sys=0.03, real=0.02 secs] 
2021-04-01T07:28:00.990+0200: 890.771: [GC (Allocation Failure) [PSYoungGen: 2616877K->17676K(2534400K)] 3774954K->1177045K(4205568K), 0.0104203 secs] [Times: user=0.23 sys=0.00, real=0.02 secs] 
2021-04-01T07:28:04.225+0200: 894.006: [GC (Allocation Failure) [PSYoungGen: 2534156K->21739K(2454016K)] 3693525K->1181108K(4125184K), 0.0085489 secs] [Times: user=0.18 sys=0.01, real=0.01 secs] 
2021-04-01T07:28:06.133+0200: 895.913: [GC (Allocation Failure) [PSYoungGen: 2453739K->22363K(2373632K)] 3613108K->1183061K(4044800K), 0.0191421 secs] [Times: user=0.45 sys=0.00, real=0.02 secs] 
2021-04-01T07:28:08.927+0200: 898.708: [GC (Allocation Failure) [PSYoungGen: 2373467K->24205K(2298368K)] 3534165K->1185409K(3969536K), 0.0167394 secs] [Times: user=0.46 sys=0.01, real=0.02 secs] 
2021-04-01T07:28:10.905+0200: 900.686: [GC (Allocation Failure) [PSYoungGen: 2297997K->25236K(2225664K)] 3459201K->1187968K(3896832K), 0.0122211 secs] [Times: user=0.30 sys=0.00, real=0.01 secs] 
2021-04-01T07:28:13.038+0200: 902.819: [GC (Allocation Failure) [PSYoungGen: 2225300K->17892K(2147328K)] 3388032K->1189377K(3818496K), 0.0182570 secs] [Times: user=0.43 sys=0.00, real=0.02 secs] 
2021-04-01T07:28:14.736+0200: 904.517: [GC (Allocation Failure) [PSYoungGen: 2143763K->20757K(2082816K)] 3315247K->1194417K(3753984K), 0.0169224 secs] [Times: user=0.47 sys=0.01, real=0.02 secs] 
2021-04-01T07:28:16.951+0200: 906.732: [GC (Allocation Failure) [PSYoungGen: 2082581K->22637K(2020352K)] 3256241K->1196298K(3691520K), 0.0164946 secs] [Times: user=0.40 sys=0.00, real=0.02 secs] 
2021-04-01T07:28:18.111+0200: 907.892: [GC (Allocation Failure) [PSYoungGen: 2019949K->21369K(2149888K)] 3193610K->1195706K(3821056K), 0.0237236 secs] [Times: user=0.61 sys=0.00, real=0.03 secs] 
2021-04-01T07:28:19.950+0200: 909.731: [GC (Allocation Failure) [PSYoungGen: 2149753K->20466K(2280448K)] 3324090K->1197714K(3951616K), 0.0133650 secs] [Times: user=0.25 sys=0.00, real=0.02 secs] 
2021-04-01T07:28:23.184+0200: 912.965: [GC (Allocation Failure) [PSYoungGen: 2280434K->31218K(2426880K)] 3457682K->1211875K(4098048K), 0.0267977 secs] [Times: user=0.76 sys=0.00, real=0.02 secs] 
2021-04-01T07:28:25.291+0200: 915.072: [GC (Allocation Failure) [PSYoungGen: 2426866K->11243K(2328064K)] 3607523K->1206030K(3999232K), 0.0118531 secs] [Times: user=0.27 sys=0.02, real=0.02 secs] 
2021-04-01T07:28:26.847+0200: 916.628: [GC (Allocation Failure) [PSYoungGen: 2328043K->13389K(2470912K)] 3522830K->1210777K(4142080K), 0.0202432 secs] [Times: user=0.53 sys=0.01, real=0.02 secs] 
2021-04-01T07:28:28.821+0200: 918.602: [GC (Allocation Failure) [PSYoungGen: 2470477K->15741K(2391040K)] 3667865K->1213129K(4062208K), 0.0095495 secs] [Times: user=0.20 sys=0.01, real=0.00 secs] 
2021-04-01T07:28:30.372+0200: 920.153: [GC (Allocation Failure) [PSYoungGen: 2390909K->18125K(2315264K)] 3588297K->1215512K(3986432K), 0.0130365 secs] [Times: user=0.31 sys=0.00, real=0.01 secs] 
2021-04-01T07:28:32.333+0200: 922.114: [GC (Allocation Failure) [PSYoungGen: 2314957K->19693K(2242048K)] 3512344K->1217081K(3913216K), 0.0135343 secs] [Times: user=0.33 sys=0.00, real=0.01 secs] 
2021-04-01T07:28:34.470+0200: 924.251: [GC (Allocation Failure) [PSYoungGen: 2241773K->20957K(2171904K)] 3439161K->1219789K(3843072K), 0.0118499 secs] [Times: user=0.22 sys=0.00, real=0.02 secs] 
2021-04-01T07:28:35.955+0200: 925.736: [GC (Allocation Failure) [PSYoungGen: 2171869K->21837K(2306048K)] 3370701K->1221737K(3977216K), 0.0269896 secs] [Times: user=0.86 sys=0.02, real=0.03 secs] 
2021-04-01T07:28:37.888+0200: 927.669: [GC (Allocation Failure) [PSYoungGen: 2305869K->22955K(2442240K)] 3505769K->1223587K(4113408K), 0.0152359 secs] [Times: user=0.47 sys=0.00, real=0.02 secs] 
2021-04-01T07:28:40.048+0200: 929.829: [GC (Allocation Failure) [PSYoungGen: 2438927K->18917K(2358272K)] 3639559K->1226157K(4029440K), 0.0153108 secs] [Times: user=0.33 sys=0.00, real=0.02 secs] 
2021-04-01T07:28:43.313+0200: 933.094: [GC (Allocation Failure) [PSYoungGen: 2358245K->29931K(2292736K)] 3565485K->1238918K(3963904K), 0.0130115 secs] [Times: user=0.31 sys=0.01, real=0.01 secs] 
2021-04-01T07:28:45.506+0200: 935.287: [GC (Allocation Failure) [PSYoungGen: 2292459K->14843K(2204160K)] 3501446K->1240372K(3875328K), 0.0226335 secs] [Times: user=0.63 sys=0.00, real=0.02 secs] 
2021-04-01T07:28:48.136+0200: 937.917: [GC (Allocation Failure) [PSYoungGen: 2204155K->20413K(2139648K)] 3429684K->1246664K(3810816K), 0.0152371 secs] [Times: user=0.36 sys=0.00, real=0.01 secs] 
2021-04-01T07:28:49.834+0200: 939.615: [GC (Allocation Failure) [PSYoungGen: 2139581K->21014K(2073600K)] 3365832K->1247265K(3744768K), 0.0111942 secs] [Times: user=0.26 sys=0.01, real=0.01 secs] 
2021-04-01T07:28:51.895+0200: 941.676: [GC (Allocation Failure) [PSYoungGen: 2073110K->22125K(2010624K)] 3299361K->1249028K(3681792K), 0.0135249 secs] [Times: user=0.27 sys=0.01, real=0.01 secs] 
2021-04-01T07:28:52.558+0200: 942.338: [GC (Allocation Failure) [PSYoungGen: 2010221K->21901K(2138112K)] 3237124K->1249933K(3809280K), 0.0140110 secs] [Times: user=0.39 sys=0.00, real=0.01 secs] 
2021-04-01T07:28:54.209+0200: 943.990: [GC (Allocation Failure) [PSYoungGen: 2137997K->23389K(2279424K)] 3366029K->1252548K(3950592K), 0.0205778 secs] [Times: user=0.58 sys=0.02, real=0.02 secs] 
2021-04-01T07:28:56.423+0200: 946.204: [GC (Allocation Failure) [PSYoungGen: 2279261K->20459K(2412032K)] 3508420K->1255576K(4083200K), 0.0118525 secs] [Times: user=0.29 sys=0.00, real=0.01 secs] 
2021-04-01T07:28:58.956+0200: 948.737: [GC (Allocation Failure) [PSYoungGen: 2412011K->23131K(2336256K)] 3647128K->1260000K(4007424K), 0.0152266 secs] [Times: user=0.41 sys=0.00, real=0.01 secs] 
2021-04-01T07:29:01.175+0200: 950.956: [GC (Allocation Failure) [PSYoungGen: 2335835K->20971K(2258432K)] 3572704K->1260828K(3929600K), 0.0169814 secs] [Times: user=0.47 sys=0.00, real=0.02 secs] 
2021-04-01T07:29:03.974+0200: 953.755: [GC (Allocation Failure) [PSYoungGen: 2258411K->27821K(2193408K)] 3498268K->1268959K(3864576K), 0.0158336 secs] [Times: user=0.44 sys=0.00, real=0.01 secs] 
2021-04-01T07:29:05.737+0200: 955.518: [GC (Allocation Failure) [PSYoungGen: 2193069K->12795K(2108928K)] 3434207K->1267625K(3780096K), 0.0150740 secs] [Times: user=0.36 sys=0.00, real=0.02 secs] 
2021-04-01T07:29:07.890+0200: 957.671: [GC (Allocation Failure) [PSYoungGen: 2108923K->18118K(2048512K)] 3363753K->1274019K(3719680K), 0.0260209 secs] [Times: user=0.69 sys=0.00, real=0.03 secs] 
2021-04-01T07:29:09.527+0200: 959.308: [GC (Allocation Failure) [PSYoungGen: 2048198K->20461K(2172416K)] 3304099K->1276362K(3843584K), 0.0186483 secs] [Times: user=0.51 sys=0.01, real=0.02 secs] 
2021-04-01T07:29:12.428+0200: 962.209: [GC (Allocation Failure) [PSYoungGen: 2172397K->22086K(2306560K)] 3428298K->1279255K(3977728K), 0.0318227 secs] [Times: user=0.96 sys=0.00, real=0.04 secs] 
2021-04-01T07:29:14.339+0200: 964.119: [GC (Allocation Failure) [PSYoungGen: 2306118K->20982K(2438656K)] 3563287K->1287625K(4109824K), 0.0133802 secs] [Times: user=0.39 sys=0.00, real=0.02 secs] 
2021-04-01T07:29:15.271+0200: 965.052: [GC (Allocation Failure) [PSYoungGen: 2438646K->19526K(2600448K)] 3705289K->1289231K(4271616K), 0.0170078 secs] [Times: user=0.40 sys=0.01, real=0.02 secs] 
2021-04-01T07:29:17.446+0200: 967.226: [GC (Allocation Failure) [PSYoungGen: 2600006K->23090K(2767360K)] 3869711K->1292795K(4438528K), 0.0159139 secs] [Times: user=0.39 sys=0.00, real=0.02 secs] 
2021-04-01T07:29:19.934+0200: 969.715: [GC (Allocation Failure) [PSYoungGen: 2766898K->25243K(2934272K)] 4036603K->1295456K(4605440K), 0.0187824 secs] [Times: user=0.53 sys=0.00, real=0.02 secs] 
2021-04-01T07:29:23.165+0200: 972.946: [GC (Allocation Failure) [PSYoungGen: 2933915K->15860K(2822656K)] 4204128K->1301856K(4493824K), 0.0165466 secs] [Times: user=0.41 sys=0.00, real=0.02 secs] 
2021-04-01T07:29:25.689+0200: 975.470: [GC (Allocation Failure) [PSYoungGen: 2822644K->24603K(2734592K)] 4108640K->1312027K(4405760K), 0.0103601 secs] [Times: user=0.26 sys=0.00, real=0.01 secs] 
2021-04-01T07:29:28.457+0200: 978.238: [GC (Allocation Failure) [PSYoungGen: 2730987K->28139K(2644480K)] 4018411K->1316371K(4315648K), 0.0127741 secs] [Times: user=0.33 sys=0.01, real=0.01 secs] 
2021-04-01T07:29:30.774+0200: 980.555: [GC (Allocation Failure) [PSYoungGen: 2640595K->28391K(2555904K)] 3928827K->1318698K(4227072K), 0.0158749 secs] [Times: user=0.40 sys=0.00, real=0.01 secs] 
2021-04-01T07:29:32.893+0200: 982.674: [GC (Allocation Failure) [PSYoungGen: 2555623K->12278K(2454528K)] 3845930K->1319643K(4125696K), 0.0284543 secs] [Times: user=0.80 sys=0.04, real=0.03 secs] 
2021-04-01T07:29:35.120+0200: 984.901: [GC (Allocation Failure) [PSYoungGen: 2454518K->16253K(2377728K)] 3761883K->1324899K(4048896K), 0.0219565 secs] [Times: user=0.62 sys=0.00, real=0.02 secs] 
2021-04-01T07:29:38.354+0200: 988.135: [GC (Allocation Failure) [PSYoungGen: 2374773K->19634K(2304000K)] 3683419K->1328280K(3975168K), 0.0111068 secs] [Times: user=0.19 sys=0.00, real=0.01 secs] 
2021-04-01T07:29:40.583+0200: 990.364: [GC (Allocation Failure) [PSYoungGen: 2303666K->20034K(2230272K)] 3612312K->1329376K(3901440K), 0.0163997 secs] [Times: user=0.46 sys=0.00, real=0.01 secs] 
2021-04-01T07:29:44.090+0200: 993.871: [GC (Allocation Failure) [PSYoungGen: 2229826K->23787K(2163200K)] 3539168K->1334378K(3834368K), 0.0160879 secs] [Times: user=0.41 sys=0.00, real=0.02 secs] 
2021-04-01T07:29:45.891+0200: 995.672: [GC (Allocation Failure) [PSYoungGen: 2162923K->23611K(2095616K)] 3473514K->1334706K(3766784K), 0.0119019 secs] [Times: user=0.30 sys=0.00, real=0.02 secs] 
2021-04-01T07:29:48.000+0200: 997.781: [GC (Allocation Failure) [PSYoungGen: 2095163K->20987K(2027520K)] 3406258K->1336254K(3698688K), 0.0215491 secs] [Times: user=0.64 sys=0.02, real=0.02 secs] 
2021-04-01T07:29:49.309+0200: 999.090: [GC (Allocation Failure) [PSYoungGen: 2027515K->22443K(1967104K)] 3342782K->1339566K(3638272K), 0.0098046 secs] [Times: user=0.20 sys=0.00, real=0.01 secs] 
2021-04-01T07:29:50.621+0200: 1000.401: [GC (Allocation Failure) [PSYoungGen: 1967019K->22523K(1907712K)] 3284142K->1349950K(3578880K), 0.0124584 secs] [Times: user=0.31 sys=0.00, real=0.01 secs] 
2021-04-01T07:29:51.298+0200: 1001.079: [GC (Allocation Failure) [PSYoungGen: 1907707K->18758K(2041856K)] 3235134K->1347996K(3713024K), 0.0193279 secs] [Times: user=0.55 sys=0.00, real=0.02 secs] 
2021-04-01T07:29:52.409+0200: 1002.190: [GC (Allocation Failure) [PSYoungGen: 2041670K->22253K(2202112K)] 3370908K->1351491K(3873280K), 0.0197969 secs] [Times: user=0.56 sys=0.00, real=0.02 secs] 
2021-04-01T07:29:53.908+0200: 1003.689: [GC (Allocation Failure) [PSYoungGen: 2201837K->19750K(2358784K)] 3531075K->1350475K(4029952K), 0.0140996 secs] [Times: user=0.32 sys=0.02, real=0.02 secs] 
2021-04-01T07:29:55.909+0200: 1005.690: [GC (Allocation Failure) [PSYoungGen: 2358566K->23373K(2513408K)] 3689291K->1355459K(4184576K), 0.0082969 secs] [Times: user=0.22 sys=0.01, real=0.01 secs] 
2021-04-01T07:29:58.256+0200: 1008.037: [GC (Allocation Failure) [PSYoungGen: 2513229K->26521K(2662912K)] 3845315K->1359255K(4334080K), 0.0128289 secs] [Times: user=0.25 sys=0.00, real=0.01 secs] 
2021-04-01T07:30:00.191+0200: 1009.972: [GC (Allocation Failure) [PSYoungGen: 2662809K->15851K(2809344K)] 3995543K->1358986K(4480512K), 0.0192570 secs] [Times: user=0.52 sys=0.01, real=0.02 secs] 
2021-04-01T07:30:03.149+0200: 1012.930: [GC (Allocation Failure) [PSYoungGen: 2809323K->18859K(2715648K)] 4152458K->1364200K(4386816K), 0.0142953 secs] [Times: user=0.36 sys=0.00, real=0.02 secs] 
2021-04-01T07:30:05.880+0200: 1015.661: [GC (Allocation Failure) [PSYoungGen: 2715563K->19931K(2624000K)] 4060904K->1365272K(4295168K), 0.0131918 secs] [Times: user=0.35 sys=0.00, real=0.01 secs] 
2021-04-01T07:30:08.156+0200: 1017.936: [GC (Allocation Failure) [PSYoungGen: 2623963K->22916K(2538496K)] 3969304K->1369660K(4209664K), 0.0223995 secs] [Times: user=0.64 sys=0.01, real=0.02 secs] 
2021-04-01T07:30:10.504+0200: 1020.285: [GC (Allocation Failure) [PSYoungGen: 2538372K->23037K(2454016K)] 3885116K->1371565K(4125184K), 0.0236176 secs] [Times: user=0.64 sys=0.00, real=0.02 secs] 
2021-04-01T07:30:12.482+0200: 1022.263: [GC (Allocation Failure) [PSYoungGen: 2454013K->23309K(2374144K)] 3802541K->1373849K(4045312K), 0.0209231 secs] [Times: user=0.54 sys=0.00, real=0.02 secs] 
2021-04-01T07:30:14.504+0200: 1024.285: [GC (Allocation Failure) [PSYoungGen: 2373901K->17382K(2291200K)] 3724441K->1376090K(3962368K), 0.0149255 secs] [Times: user=0.35 sys=0.02, real=0.01 secs] 
2021-04-01T07:30:16.538+0200: 1026.319: [GC (Allocation Failure) [PSYoungGen: 2291174K->20708K(2221056K)] 3649882K->1381321K(3892224K), 0.0173059 secs] [Times: user=0.42 sys=0.00, real=0.02 secs] 
2021-04-01T07:30:18.349+0200: 1028.130: [GC (Allocation Failure) [PSYoungGen: 2220772K->19931K(2149376K)] 3581385K->1380544K(3820544K), 0.0089254 secs] [Times: user=0.18 sys=0.01, real=0.01 secs] 
2021-04-01T07:30:20.988+0200: 1030.769: [GC (Allocation Failure) [PSYoungGen: 2149339K->30715K(2092544K)] 3509952K->1392434K(3763712K), 0.0276304 secs] [Times: user=0.79 sys=0.00, real=0.03 secs] 
2021-04-01T07:30:23.177+0200: 1032.958: [GC (Allocation Failure) [PSYoungGen: 2092539K->11243K(2008576K)] 3454258K->1385992K(3679744K), 0.0189173 secs] [Times: user=0.57 sys=0.00, real=0.02 secs] 
2021-04-01T07:30:25.184+0200: 1034.965: [GC (Allocation Failure) [PSYoungGen: 2008555K->15732K(1951744K)] 3383304K->1391626K(3622912K), 0.0096842 secs] [Times: user=0.22 sys=0.01, real=0.01 secs] 
2021-04-01T07:30:27.063+0200: 1036.844: [GC (Allocation Failure) [PSYoungGen: 1951604K->17700K(1894912K)] 3327498K->1393594K(3566080K), 0.0135698 secs] [Times: user=0.33 sys=0.00, real=0.01 secs] 
2021-04-01T07:30:28.601+0200: 1038.382: [GC (Allocation Failure) [PSYoungGen: 1894692K->19821K(1840640K)] 3270586K->1395715K(3511808K), 0.0084419 secs] [Times: user=0.17 sys=0.01, real=0.00 secs] 
2021-04-01T07:30:30.321+0200: 1040.102: [GC (Allocation Failure) [PSYoungGen: 1840493K->21709K(1788416K)] 3216387K->1398805K(3459584K), 0.0131684 secs] [Times: user=0.32 sys=0.00, real=0.01 secs] 
2021-04-01T07:30:31.864+0200: 1041.645: [GC (Allocation Failure) [PSYoungGen: 1788109K->21334K(1892352K)] 3165205K->1399810K(3563520K), 0.0259316 secs] [Times: user=0.72 sys=0.00, real=0.02 secs] 
2021-04-01T07:30:32.361+0200: 1042.142: [GC (Allocation Failure) [PSYoungGen: 1892182K->19453K(2075648K)] 3270658K->1400085K(3746816K), 0.0293204 secs] [Times: user=0.87 sys=0.00, real=0.02 secs] 
2021-04-01T07:30:34.125+0200: 1043.906: [GC (Allocation Failure) [PSYoungGen: 2075645K->18749K(2260480K)] 3456277K->1400505K(3931648K), 0.0135312 secs] [Times: user=0.23 sys=0.00, real=0.01 secs] 
2021-04-01T07:30:36.447+0200: 1046.227: [GC (Allocation Failure) [PSYoungGen: 2260285K->21501K(2445312K)] 3642041K->1405466K(4116480K), 0.0144433 secs] [Times: user=0.41 sys=0.00, real=0.02 secs] 
2021-04-01T07:30:39.448+0200: 1049.229: [GC (Allocation Failure) [PSYoungGen: 2445309K->23938K(2623488K)] 3829274K->1409147K(4294656K), 0.0148472 secs] [Times: user=0.34 sys=0.01, real=0.02 secs] 
2021-04-01T07:30:42.068+0200: 1051.849: [GC (Allocation Failure) [PSYoungGen: 2623362K->14315K(2784768K)] 4008571K->1410380K(4455936K), 0.0149834 secs] [Times: user=0.49 sys=0.01, real=0.02 secs] 
2021-04-01T07:30:45.046+0200: 1054.827: [GC (Allocation Failure) [PSYoungGen: 2784747K->19380K(2694144K)] 4180812K->1416780K(4365312K), 0.0090068 secs] [Times: user=0.17 sys=0.00, real=0.01 secs] 
2021-04-01T07:30:46.775+0200: 1056.556: [GC (Allocation Failure) [PSYoungGen: 2694068K->21421K(2604544K)] 4091468K->1418821K(4275712K), 0.0171664 secs] [Times: user=0.44 sys=0.00, real=0.02 secs] 
2021-04-01T07:30:48.674+0200: 1058.454: [GC (Allocation Failure) [PSYoungGen: 2604461K->22797K(2518528K)] 4001861K->1420896K(4189696K), 0.0150732 secs] [Times: user=0.36 sys=0.00, real=0.01 secs] 
2021-04-01T07:30:50.442+0200: 1060.223: [GC (Allocation Failure) [PSYoungGen: 2518285K->14333K(2426368K)] 3916384K->1421965K(4097536K), 0.0183626 secs] [Times: user=0.52 sys=0.01, real=0.02 secs] 
2021-04-01T07:30:52.151+0200: 1061.932: [GC (Allocation Failure) [PSYoungGen: 2426365K->16941K(2577408K)] 3833997K->1427071K(4248576K), 0.0202083 secs] [Times: user=0.51 sys=0.00, real=0.02 secs] 
2021-04-01T07:30:54.152+0200: 1063.933: [GC (Allocation Failure) [PSYoungGen: 2576941K->19136K(2492928K)] 3987071K->1429265K(4164096K), 0.0108223 secs] [Times: user=0.22 sys=0.00, real=0.01 secs] 
2021-04-01T07:30:58.009+0200: 1067.790: [GC (Allocation Failure) [PSYoungGen: 2492608K->22235K(2413568K)] 3902737K->1433340K(4084736K), 0.0106809 secs] [Times: user=0.20 sys=0.02, real=0.01 secs] 
2021-04-01T07:31:00.662+0200: 1070.443: [GC (Allocation Failure) [PSYoungGen: 2413275K->15858K(2328064K)] 3824380K->1433624K(3999232K), 0.0109691 secs] [Times: user=0.25 sys=0.01, real=0.01 secs] 
2021-04-01T07:31:03.011+0200: 1072.792: [GC (Allocation Failure) [PSYoungGen: 2328050K->18491K(2255872K)] 3745816K->1437617K(3927040K), 0.0091484 secs] [Times: user=0.15 sys=0.01, real=0.02 secs] 
2021-04-01T07:31:04.865+0200: 1074.646: [GC (Allocation Failure) [PSYoungGen: 2255419K->22011K(2186752K)] 3674545K->1441921K(3857920K), 0.0094355 secs] [Times: user=0.25 sys=0.01, real=0.01 secs] 
2021-04-01T07:31:06.311+0200: 1076.092: [GC (Allocation Failure) [PSYoungGen: 2186747K->22459K(2118144K)] 3606657K->1443402K(3789312K), 0.0169701 secs] [Times: user=0.47 sys=0.01, real=0.02 secs] 
2021-04-01T07:31:07.598+0200: 1077.379: [GC (Allocation Failure) [PSYoungGen: 2118075K->11243K(2040832K)] 3539018K->1444378K(3712000K), 0.0111633 secs] [Times: user=0.28 sys=0.00, real=0.01 secs] 
2021-04-01T07:31:09.556+0200: 1079.337: [GC (Allocation Failure) [PSYoungGen: 2040811K->14541K(1981440K)] 3473946K->1449383K(3652608K), 0.0096873 secs] [Times: user=0.18 sys=0.02, real=0.01 secs] 
2021-04-01T07:31:11.483+0200: 1081.264: [GC (Allocation Failure) [PSYoungGen: 1981133K->23837K(1930240K)] 3415975K->1458679K(3601408K), 0.0135926 secs] [Times: user=0.36 sys=0.01, real=0.01 secs] 
2021-04-01T07:31:12.438+0200: 1082.219: [GC (Allocation Failure) [PSYoungGen: 1930013K->16253K(1864704K)] 3364855K->1452251K(3535872K), 0.0083274 secs] [Times: user=0.16 sys=0.01, real=0.01 secs] 
2021-04-01T07:31:14.232+0200: 1084.013: [GC (Allocation Failure) [PSYoungGen: 1864573K->17389K(1810432K)] 3300571K->1455215K(3481600K), 0.0188679 secs] [Times: user=0.57 sys=0.00, real=0.01 secs] 
2021-04-01T07:31:15.736+0200: 1085.516: [GC (Allocation Failure) [PSYoungGen: 1810413K->17981K(1758208K)] 3248239K->1457107K(3429376K), 0.0161529 secs] [Times: user=0.38 sys=0.00, real=0.01 secs] 
2021-04-01T07:31:17.476+0200: 1087.257: [GC (Allocation Failure) [PSYoungGen: 1757757K->18194K(1707520K)] 3196883K->1457320K(3378688K), 0.0093203 secs] [Times: user=0.15 sys=0.01, real=0.01 secs] 
2021-04-01T07:31:19.234+0200: 1089.015: [GC (Allocation Failure) [PSYoungGen: 1707282K->19467K(1808384K)] 3146408K->1459431K(3479552K), 0.0244075 secs] [Times: user=0.63 sys=0.01, real=0.02 secs] 
2021-04-01T07:31:21.297+0200: 1091.078: [GC (Allocation Failure) [PSYoungGen: 1807883K->17403K(1918464K)] 3247847K->1461447K(3589632K), 0.0264390 secs] [Times: user=0.75 sys=0.00, real=0.03 secs] 
2021-04-01T07:31:22.510+0200: 1092.291: [GC (Allocation Failure) [PSYoungGen: 1918459K->19835K(2043392K)] 3362503K->1465027K(3714560K), 0.0142130 secs] [Times: user=0.35 sys=0.00, real=0.02 secs] 
2021-04-01T07:31:24.533+0200: 1094.314: [GC (Allocation Failure) [PSYoungGen: 2043259K->17380K(2160128K)] 3488451K->1466124K(3831296K), 0.0110461 secs] [Times: user=0.25 sys=0.00, real=0.01 secs] 
2021-04-01T07:31:26.420+0200: 1096.201: [GC (Allocation Failure) [PSYoungGen: 2160100K->18509K(2093568K)] 3608844K->1468952K(3764736K), 0.0136142 secs] [Times: user=0.30 sys=0.01, real=0.01 secs] 
2021-04-01T07:31:28.316+0200: 1098.097: [GC (Allocation Failure) [PSYoungGen: 2093133K->16365K(2025984K)] 3543576K->1471156K(3697152K), 0.0164248 secs] [Times: user=0.43 sys=0.01, real=0.02 secs] 
2021-04-01T07:31:30.239+0200: 1100.020: [GC (Allocation Failure) [PSYoungGen: 2025965K->18253K(1966080K)] 3480756K->1474452K(3637248K), 0.0097455 secs] [Times: user=0.22 sys=0.00, real=0.01 secs] 
2021-04-01T07:31:32.443+0200: 1102.224: [GC (Allocation Failure) [PSYoungGen: 1965901K->16877K(1905152K)] 3422100K->1476584K(3576320K), 0.0126432 secs] [Times: user=0.35 sys=0.00, real=0.01 secs] 
2021-04-01T07:31:34.103+0200: 1103.884: [GC (Allocation Failure) [PSYoungGen: 1905133K->20022K(1851904K)] 3364840K->1481957K(3523072K), 0.0095047 secs] [Times: user=0.20 sys=0.01, real=0.01 secs] 
2021-04-01T07:31:35.710+0200: 1105.491: [GC (Allocation Failure) [PSYoungGen: 1851446K->13286K(1789952K)] 3313381K->1489142K(3461120K), 0.0091801 secs] [Times: user=0.27 sys=0.01, real=0.01 secs] 
2021-04-01T07:31:36.417+0200: 1106.198: [GC (Allocation Failure) [PSYoungGen: 1789926K->18781K(1743360K)] 3265782K->1496158K(3414528K), 0.0075782 secs] [Times: user=0.16 sys=0.01, real=0.01 secs] 
2021-04-01T07:31:37.712+0200: 1107.493: [GC (Allocation Failure) [PSYoungGen: 1743197K->17339K(1691648K)] 3220574K->1494715K(3362816K), 0.0188756 secs] [Times: user=0.54 sys=0.00, real=0.01 secs] 
2021-04-01T07:31:40.508+0200: 1110.289: [GC (Allocation Failure) [PSYoungGen: 1691579K->21195K(1647616K)] 3168955K->1499588K(3318784K), 0.0198541 secs] [Times: user=0.50 sys=0.02, real=0.02 secs] 
2021-04-01T07:31:42.028+0200: 1111.808: [GC (Allocation Failure) [PSYoungGen: 1647307K->14845K(1594880K)] 3125700K->1500350K(3266048K), 0.0140946 secs] [Times: user=0.37 sys=0.01, real=0.02 secs] 
2021-04-01T07:31:43.565+0200: 1113.346: [GC (Allocation Failure) [PSYoungGen: 1594877K->16366K(1691136K)] 3080382K->1503252K(3362304K), 0.0181677 secs] [Times: user=0.47 sys=0.00, real=0.02 secs] 
2021-04-01T07:31:45.871+0200: 1115.651: [GC (Allocation Failure) [PSYoungGen: 1691118K->21501K(1795584K)] 3178004K->1514658K(3466752K), 0.0204366 secs] [Times: user=0.55 sys=0.00, real=0.02 secs] 
2021-04-01T07:31:46.809+0200: 1116.590: [GC (Allocation Failure) [PSYoungGen: 1795581K->20605K(1925632K)] 3288738K->1515226K(3596800K), 0.0226632 secs] [Times: user=0.61 sys=0.00, real=0.02 secs] 
2021-04-01T07:31:48.351+0200: 1118.132: [GC (Allocation Failure) [PSYoungGen: 1925245K->15357K(2050048K)] 3419866K->1514835K(3721216K), 0.0110502 secs] [Times: user=0.28 sys=0.00, real=0.02 secs] 
2021-04-01T07:31:50.842+0200: 1120.623: [GC (Allocation Failure) [PSYoungGen: 2050045K->20029K(2179072K)] 3549523K->1521083K(3850240K), 0.0109938 secs] [Times: user=0.20 sys=0.00, real=0.01 secs] 
2021-04-01T07:31:52.364+0200: 1122.144: [GC (Allocation Failure) [PSYoungGen: 2178621K->18941K(2307072K)] 3679675K->1522327K(3978240K), 0.0135297 secs] [Times: user=0.36 sys=0.00, real=0.01 secs] 
2021-04-01T07:31:54.277+0200: 1124.058: [GC (Allocation Failure) [PSYoungGen: 2307069K->20605K(2234880K)] 3810455K->1525686K(3906048K), 0.0070120 secs] [Times: user=0.15 sys=0.00, real=0.01 secs] 
2021-04-01T07:31:56.296+0200: 1126.076: [GC (Allocation Failure) [PSYoungGen: 2234493K->13812K(2156544K)] 3739574K->1528092K(3827712K), 0.0146462 secs] [Times: user=0.40 sys=0.01, real=0.01 secs] 
2021-04-01T07:31:58.540+0200: 1128.321: [GC (Allocation Failure) [PSYoungGen: 2156532K->16185K(2091008K)] 3670812K->1532473K(3762176K), 0.0249601 secs] [Times: user=0.62 sys=0.00, real=0.02 secs] 
2021-04-01T07:32:01.779+0200: 1131.560: [GC (Allocation Failure) [PSYoungGen: 2090809K->20194K(2030080K)] 3607097K->1536482K(3701248K), 0.0128073 secs] [Times: user=0.32 sys=0.01, real=0.02 secs] 
2021-04-01T07:32:03.447+0200: 1133.228: [GC (Allocation Failure) [PSYoungGen: 2029794K->21730K(1969664K)] 3546082K->1538990K(3640832K), 0.0084875 secs] [Times: user=0.17 sys=0.00, real=0.01 secs] 
2021-04-01T07:32:05.082+0200: 1134.862: [GC (Allocation Failure) [PSYoungGen: 1969378K->10237K(1898496K)] 3486638K->1539500K(3569664K), 0.0171494 secs] [Times: user=0.42 sys=0.00, real=0.01 secs] 
2021-04-01T07:32:07.810+0200: 1137.591: [GC (Allocation Failure) [PSYoungGen: 1898493K->14164K(1845760K)] 3427756K->1545098K(3516928K), 0.0204540 secs] [Times: user=0.56 sys=0.00, real=0.02 secs] 
2021-04-01T07:32:09.232+0200: 1139.013: [GC (Allocation Failure) [PSYoungGen: 1845588K->17284K(1794048K)] 3376522K->1548218K(3465216K), 0.0143786 secs] [Times: user=0.35 sys=0.01, real=0.01 secs] 
2021-04-01T07:32:10.164+0200: 1139.944: [GC (Allocation Failure) [PSYoungGen: 1793924K->18509K(1743360K)] 3324858K->1550346K(3414528K), 0.0111130 secs] [Times: user=0.24 sys=0.00, real=0.01 secs] 
2021-04-01T07:32:11.550+0200: 1141.331: [GC (Allocation Failure) [PSYoungGen: 1742925K->16381K(1690624K)] 3274762K->1549218K(3361792K), 0.0061078 secs] [Times: user=0.12 sys=0.00, real=0.01 secs] 
2021-04-01T07:32:12.893+0200: 1142.673: [GC (Allocation Failure) [PSYoungGen: 1690621K->17956K(1644544K)] 3223458K->1551956K(3315712K), 0.0127946 secs] [Times: user=0.36 sys=0.00, real=0.01 secs] 
2021-04-01T07:32:14.319+0200: 1144.100: [GC (Allocation Failure) [PSYoungGen: 1644068K->17892K(1597952K)] 3178068K->1553384K(3269120K), 0.0132819 secs] [Times: user=0.34 sys=0.00, real=0.02 secs] 
2021-04-01T07:32:14.809+0200: 1144.590: [GC (Allocation Failure) [PSYoungGen: 1597924K->18036K(1705984K)] 3133416K->1554213K(3377152K), 0.0105368 secs] [Times: user=0.23 sys=0.00, real=0.01 secs] 
2021-04-01T07:32:16.196+0200: 1145.977: [GC (Allocation Failure) [PSYoungGen: 1705588K->14331K(1809408K)] 3241765K->1556899K(3480576K), 0.0099797 secs] [Times: user=0.21 sys=0.01, real=0.01 secs] 
2021-04-01T07:32:17.805+0200: 1147.586: [GC (Allocation Failure) [PSYoungGen: 1809403K->14034K(1918976K)] 3351971K->1558087K(3590144K), 0.0132442 secs] [Times: user=0.33 sys=0.01, real=0.01 secs] 
2021-04-01T07:32:19.414+0200: 1149.194: [GC (Allocation Failure) [PSYoungGen: 1918674K->16468K(1863680K)] 3462727K->1560521K(3534848K), 0.0105225 secs] [Times: user=0.24 sys=0.00, real=0.01 secs] 
2021-04-01T07:32:21.446+0200: 1151.226: [GC (Allocation Failure) [PSYoungGen: 1859996K->17467K(1809408K)] 3404049K->1562281K(3480576K), 0.0093160 secs] [Times: user=0.16 sys=0.01, real=0.01 secs] 
2021-04-01T07:32:22.880+0200: 1152.661: [GC (Allocation Failure) [PSYoungGen: 1808955K->15846K(1754624K)] 3353769K->1564194K(3425792K), 0.0160570 secs] [Times: user=0.42 sys=0.00, real=0.01 secs] 
2021-04-01T07:32:24.542+0200: 1154.323: [GC (Allocation Failure) [PSYoungGen: 1754598K->18045K(1706496K)] 3302946K->1567417K(3377664K), 0.0113162 secs] [Times: user=0.26 sys=0.00, real=0.01 secs] 
2021-04-01T07:32:26.272+0200: 1156.053: [GC (Allocation Failure) [PSYoungGen: 1706109K->14310K(1653760K)] 3255481K->1569306K(3324928K), 0.0190047 secs] [Times: user=0.53 sys=0.01, real=0.01 secs] 
2021-04-01T07:32:27.847+0200: 1157.628: [GC (Allocation Failure) [PSYoungGen: 1653734K->13405K(1606656K)] 3208730K->1571358K(3277824K), 0.0121056 secs] [Times: user=0.29 sys=0.01, real=0.01 secs] 
2021-04-01T07:32:29.611+0200: 1159.392: [GC (Allocation Failure) [PSYoungGen: 1606237K->20439K(1720320K)] 3164190K->1578391K(3391488K), 0.0338778 secs] [Times: user=1.15 sys=0.00, real=0.04 secs] 
2021-04-01T07:32:30.588+0200: 1160.369: [GC (Allocation Failure) [PSYoungGen: 1720279K->18631K(1871360K)] 3278231K->1577487K(3542528K), 0.0381800 secs] [Times: user=1.15 sys=0.01, real=0.04 secs] 
2021-04-01T07:32:32.944+0200: 1162.724: [GC (Allocation Failure) [PSYoungGen: 1871047K->10230K(2036224K)] 3429903K->1579833K(3707392K), 0.0559632 secs] [Times: user=2.10 sys=0.01, real=0.05 secs] 
2021-04-01T07:32:34.394+0200: 1164.175: [GC (Allocation Failure) [PSYoungGen: 2036214K->15645K(2227200K)] 3605817K->1586345K(3898368K), 0.0227997 secs] [Times: user=0.70 sys=0.00, real=0.02 secs] 
2021-04-01T07:32:36.295+0200: 1166.076: [GC (Allocation Failure) [PSYoungGen: 2226973K->17748K(2423296K)] 3797673K->1588448K(4094464K), 0.0253333 secs] [Times: user=0.92 sys=0.00, real=0.03 secs] 
2021-04-01T07:32:38.572+0200: 1168.353: [GC (Allocation Failure) [PSYoungGen: 2423124K->17547K(2614272K)] 3993824K->1588903K(4285440K), 0.0151413 secs] [Times: user=0.37 sys=0.00, real=0.01 secs] 
2021-04-01T07:32:41.333+0200: 1171.114: [GC (Allocation Failure) [PSYoungGen: 2610775K->12795K(2792448K)] 4182130K->1590703K(4463616K), 0.0127451 secs] [Times: user=0.34 sys=0.00, real=0.01 secs] 
2021-04-01T07:32:44.149+0200: 1173.930: [GC (Allocation Failure) [PSYoungGen: 2792443K->16493K(2984448K)] 4370351K->1595565K(4655616K), 0.0255675 secs] [Times: user=0.82 sys=0.01, real=0.03 secs] 
2021-04-01T07:32:46.994+0200: 1176.775: [GC (Allocation Failure) [PSYoungGen: 2984045K->17901K(3170816K)] 4563117K->1600285K(4841984K), 0.0174242 secs] [Times: user=0.46 sys=0.01, real=0.02 secs] 
2021-04-01T07:32:49.298+0200: 1179.079: [GC (Allocation Failure) [PSYoungGen: 3170797K->20941K(3368448K)] 4753181K->1604797K(5039616K), 0.0222523 secs] [Times: user=0.40 sys=0.00, real=0.03 secs] 
2021-04-01T07:32:51.509+0200: 1181.290: [GC (Allocation Failure) [PSYoungGen: 3368397K->9725K(3607040K)] 4952253K->1606050K(5278208K), 0.0511660 secs] [Times: user=2.01 sys=0.00, real=0.06 secs] 
2021-04-01T07:32:54.131+0200: 1183.912: [GC (Allocation Failure) [PSYoungGen: 3607037K->15613K(3862528K)] 5203362K->1613058K(5533696K), 0.0194170 secs] [Times: user=0.48 sys=0.01, real=0.02 secs] 
2021-04-01T07:32:58.260+0200: 1188.041: [GC (Allocation Failure) [PSYoungGen: 3862269K->17145K(4097536K)] 5459714K->1614590K(5768704K), 0.0140557 secs] [Times: user=0.31 sys=0.01, real=0.01 secs] 
2021-04-01T07:33:03.255+0200: 1193.036: [GC (Allocation Failure) [PSYoungGen: 4097273K->23627K(3947520K)] 5694718K->1621941K(5618688K), 0.0213766 secs] [Times: user=0.51 sys=0.00, real=0.02 secs] 
2021-04-01T07:33:06.495+0200: 1196.276: [GC (Allocation Failure) [PSYoungGen: 3947083K->8164K(3782144K)] 5545397K->1623526K(5453312K), 0.0392424 secs] [Times: user=1.25 sys=0.00, real=0.04 secs] 
2021-04-01T07:33:09.808+0200: 1199.589: [GC (Allocation Failure) [PSYoungGen: 3782116K->14203K(4021760K)] 5397478K->1631410K(5692928K), 0.0393210 secs] [Times: user=1.33 sys=0.00, real=0.04 secs] 
2021-04-01T07:33:12.448+0200: 1202.229: [GC (Allocation Failure) [PSYoungGen: 4021627K->16619K(3871232K)] 5638834K->1633826K(5542400K), 0.0147989 secs] [Times: user=0.35 sys=0.00, real=0.02 secs] 
2021-04-01T07:33:16.627+0200: 1206.407: [GC (Allocation Failure) [PSYoungGen: 3870955K->20578K(3729408K)] 5488162K->1638624K(5400576K), 0.0178104 secs] [Times: user=0.43 sys=0.00, real=0.02 secs] 
2021-04-01T07:33:19.496+0200: 1209.276: [GC (Allocation Failure) [PSYoungGen: 3728994K->16878K(3586048K)] 5347040K->1639900K(5257216K), 0.0354920 secs] [Times: user=1.10 sys=0.01, real=0.03 secs] 
2021-04-01T07:33:22.922+0200: 1212.703: [GC (Allocation Failure) [PSYoungGen: 3586030K->21988K(3458560K)] 5209052K->1645744K(5129728K), 0.0107106 secs] [Times: user=0.26 sys=0.00, real=0.01 secs] 
2021-04-01T07:33:26.161+0200: 1215.942: [GC (Allocation Failure) [PSYoungGen: 3458532K->16868K(3326976K)] 5082288K->1649376K(4998144K), 0.0121271 secs] [Times: user=0.27 sys=0.00, real=0.01 secs] 
2021-04-01T07:33:29.231+0200: 1219.011: [GC (Allocation Failure) [PSYoungGen: 3326948K->22843K(3212288K)] 4959456K->1655976K(4883456K), 0.0137105 secs] [Times: user=0.33 sys=0.01, real=0.02 secs] 
2021-04-01T07:33:32.134+0200: 1221.915: [GC (Allocation Failure) [PSYoungGen: 3212091K->18916K(3092992K)] 4845224K->1655341K(4764160K), 0.0083871 secs] [Times: user=0.21 sys=0.00, real=0.01 secs] 
2021-04-01T07:33:34.285+0200: 1224.066: [GC (Allocation Failure) [PSYoungGen: 3092964K->24932K(2989568K)] 4729389K->1661900K(4660736K), 0.0155489 secs] [Times: user=0.37 sys=0.01, real=0.02 secs] 
2021-04-01T07:33:36.979+0200: 1226.760: [GC (Allocation Failure) [PSYoungGen: 2989412K->14816K(2874880K)] 4626380K->1662553K(4546048K), 0.0245593 secs] [Times: user=0.67 sys=0.00, real=0.03 secs] 
2021-04-01T07:33:39.547+0200: 1229.328: [GC (Allocation Failure) [PSYoungGen: 2874848K->19817K(2780160K)] 4522585K->1668219K(4451328K), 0.0186153 secs] [Times: user=0.49 sys=0.01, real=0.02 secs] 
2021-04-01T07:33:42.398+0200: 1232.178: [GC (Allocation Failure) [PSYoungGen: 2780009K->23554K(2689024K)] 4428411K->1671956K(4360192K), 0.0165396 secs] [Times: user=0.46 sys=0.00, real=0.02 secs] 
2021-04-01T07:33:45.853+0200: 1235.634: [GC (Allocation Failure) [PSYoungGen: 2688514K->27540K(2601472K)] 4336916K->1676392K(4272640K), 0.0146526 secs] [Times: user=0.36 sys=0.00, real=0.01 secs] 
2021-04-01T07:33:48.119+0200: 1237.900: [GC (Allocation Failure) [PSYoungGen: 2601364K->9188K(2496000K)] 4250216K->1678132K(4167168K), 0.0177044 secs] [Times: user=0.48 sys=0.01, real=0.02 secs] 
2021-04-01T07:33:48.137+0200: 1237.918: [Full GC (Ergonomics) [PSYoungGen: 9188K->0K(2496000K)] [ParOldGen: 1668943K->471034K(2245120K)] 1678132K->471034K(4741120K), [Metaspace: 61334K->61334K(63488K)], 0.1911575 secs] [Times: user=2.87 sys=0.44, real=0.19 secs] 
2021-04-01T07:33:49.992+0200: 1239.773: [GC (Allocation Failure) [PSYoungGen: 2486784K->4528K(2653696K)] 2957818K->475562K(4898816K), 0.0250016 secs] [Times: user=0.79 sys=0.00, real=0.02 secs] 
2021-04-01T07:33:51.119+0200: 1240.900: [GC (Allocation Failure) [PSYoungGen: 2653616K->6560K(2822144K)] 3124650K->477594K(5067264K), 0.0079874 secs] [Times: user=0.13 sys=0.00, real=0.01 secs] 
2021-04-01T07:33:52.969+0200: 1242.750: [GC (Allocation Failure) [PSYoungGen: 2822048K->9040K(2986496K)] 3293082K->480074K(5231616K), 0.0077945 secs] [Times: user=0.16 sys=0.00, real=0.01 secs] 
2021-04-01T07:33:54.804+0200: 1244.585: [GC (Allocation Failure) [PSYoungGen: 2986320K->12000K(3150336K)] 3457354K->483034K(5395456K), 0.0090701 secs] [Times: user=0.19 sys=0.00, real=0.01 secs] 
2021-04-01T07:33:56.653+0200: 1246.434: [GC (Allocation Failure) [PSYoungGen: 3150048K->20230K(3329024K)] 3621082K->491265K(5574144K), 0.0121482 secs] [Times: user=0.33 sys=0.00, real=0.01 secs] 
2021-04-01T07:33:58.114+0200: 1247.894: [GC (Allocation Failure) [PSYoungGen: 3328774K->14196K(3508736K)] 3799809K->485231K(5753856K), 0.0115768 secs] [Times: user=0.29 sys=0.00, real=0.01 secs] 
2021-04-01T07:34:00.065+0200: 1249.845: [GC (Allocation Failure) [PSYoungGen: 3508596K->14487K(3723264K)] 3979631K->485521K(5968384K), 0.0198089 secs] [Times: user=0.54 sys=0.00, real=0.02 secs] 
2021-04-01T07:34:03.017+0200: 1252.798: [GC (Allocation Failure) [PSYoungGen: 3722903K->19527K(3938304K)] 4193937K->490561K(6183424K), 0.0127539 secs] [Times: user=0.28 sys=0.00, real=0.01 secs] 
2021-04-01T07:34:06.210+0200: 1255.991: [GC (Allocation Failure) [PSYoungGen: 3937863K->24358K(4197888K)] 4408897K->495393K(6443008K), 0.0400253 secs] [Times: user=1.38 sys=0.00, real=0.04 secs] 
2021-04-01T07:34:09.043+0200: 1258.823: [GC (Allocation Failure) [PSYoungGen: 4197670K->20454K(4454400K)] 4668705K->497105K(6699520K), 0.0170808 secs] [Times: user=0.49 sys=0.01, real=0.02 secs] 
2021-04-01T07:34:13.369+0200: 1263.149: [GC (Allocation Failure) [PSYoungGen: 4454374K->26880K(4721152K)] 4931025K->503530K(6966272K), 0.0221251 secs] [Times: user=0.63 sys=0.00, real=0.02 secs] 
2021-04-01T07:34:16.854+0200: 1266.635: [GC (Allocation Failure) [PSYoungGen: 4720896K->22523K(4975104K)] 5197546K->506550K(7220224K), 0.0158580 secs] [Times: user=0.38 sys=0.00, real=0.01 secs] 
2021-04-01T07:34:22.175+0200: 1271.955: [GC (Allocation Failure) [PSYoungGen: 4975099K->29140K(5243904K)] 5459126K->513167K(7489024K), 0.0273943 secs] [Times: user=0.71 sys=0.01, real=0.03 secs] 
2021-04-01T07:34:26.706+0200: 1276.487: [GC (Allocation Failure) [PSYoungGen: 5243860K->24555K(5501952K)] 5727887K->524354K(7747072K), 0.0197453 secs] [Times: user=0.47 sys=0.01, real=0.02 secs] 
2021-04-01T07:34:31.632+0200: 1281.413: [GC (Allocation Failure) [PSYoungGen: 5501931K->31156K(5758464K)] 6001730K->532570K(8003584K), 0.0152739 secs] [Times: user=0.36 sys=0.00, real=0.01 secs] 
2021-04-01T07:34:35.965+0200: 1285.746: [GC (Allocation Failure) [PSYoungGen: 5758388K->33785K(6019072K)] 6259802K->542932K(8264192K), 0.0197239 secs] [Times: user=0.50 sys=0.01, real=0.02 secs] 
2021-04-01T07:34:41.797+0200: 1291.578: [GC (Allocation Failure) [PSYoungGen: 6019065K->33209K(6260224K)] 6528212K->544075K(8505344K), 0.0147098 secs] [Times: user=0.25 sys=0.00, real=0.02 secs] 
2021-04-01T07:34:47.714+0200: 1297.495: [GC (Allocation Failure) [PSYoungGen: 6260153K->32754K(6375936K)] 6771019K->550332K(8621056K), 0.0139594 secs] [Times: user=0.30 sys=0.00, real=0.01 secs] 
2021-04-01T07:34:52.325+0200: 1302.106: [GC (Allocation Failure) [PSYoungGen: 6375922K->36546K(6395392K)] 6893500K->555685K(8640512K), 0.0126888 secs] [Times: user=0.27 sys=0.01, real=0.01 secs] 
2021-04-01T07:34:58.590+0200: 1308.371: [GC (Allocation Failure) [PSYoungGen: 6379714K->41333K(6614016K)] 6898853K->560472K(8859136K), 0.0211684 secs] [Times: user=0.46 sys=0.07, real=0.03 secs] 
2021-04-01T07:35:05.165+0200: 1314.946: [GC (Allocation Failure) [PSYoungGen: 6601570K->47842K(6616064K)] 7120708K->567751K(8861184K), 0.0267496 secs] [Times: user=0.67 sys=0.03, real=0.03 secs] 
2021-04-01T07:35:10.223+0200: 1320.004: [GC (Allocation Failure) [PSYoungGen: 6608610K->50553K(6850048K)] 7128519K->571238K(9095168K), 0.0263174 secs] [Times: user=0.70 sys=0.03, real=0.02 secs] 
2021-04-01T07:35:16.190+0200: 1325.971: [GC (Allocation Failure) [PSYoungGen: 6841209K->56976K(6854144K)] 7361894K->579317K(9099264K), 0.0276483 secs] [Times: user=0.76 sys=0.06, real=0.03 secs] 
2021-04-01T07:35:22.313+0200: 1332.094: [GC (Allocation Failure) [PSYoungGen: 6847632K->59654K(7126016K)] 7369973K->583536K(9371136K), 0.0331271 secs] [Times: user=0.87 sys=0.07, real=0.03 secs] 
2021-04-01T07:35:30.107+0200: 1339.888: [GC (Allocation Failure) [PSYoungGen: 7116550K->66706K(7131648K)] 7640432K->591592K(9376768K), 0.0330979 secs] [Times: user=0.88 sys=0.07, real=0.04 secs] 
2021-04-01T07:35:35.654+0200: 1345.435: [GC (Allocation Failure) [PSYoungGen: 7123602K->68384K(7428608K)] 7648488K->594138K(9673728K), 0.0296933 secs] [Times: user=0.73 sys=0.04, real=0.03 secs] 
2021-04-01T07:35:42.649+0200: 1352.429: [GC (Allocation Failure) [PSYoungGen: 7415584K->81047K(7434752K)] 7941338K->608215K(9679872K), 0.0410433 secs] [Times: user=1.16 sys=0.20, real=0.04 secs] 
2021-04-01T07:35:48.420+0200: 1358.201: [GC (Allocation Failure) [PSYoungGen: 7428247K->73241K(7777280K)] 7955415K->602670K(10022400K), 0.0421802 secs] [Times: user=1.37 sys=0.03, real=0.04 secs] 
2021-04-01T07:35:54.994+0200: 1364.775: [GC (Allocation Failure) [PSYoungGen: 7753753K->82983K(7781888K)] 8283182K->615306K(10027008K), 0.0420219 secs] [Times: user=1.37 sys=0.06, real=0.04 secs] 
2021-04-01T07:36:03.777+0200: 1373.558: [GC (Allocation Failure) [PSYoungGen: 7763495K->71836K(8171520K)] 8295818K->607513K(10416640K), 0.0451078 secs] [Times: user=1.37 sys=0.03, real=0.05 secs] 
2021-04-01T07:36:09.902+0200: 1379.683: [GC (Allocation Failure) [PSYoungGen: 8140444K->72896K(8178176K)] 8676121K->610256K(10423296K), 0.0563866 secs] [Times: user=2.07 sys=0.08, real=0.05 secs] 
2021-04-01T07:36:17.171+0200: 1386.952: [GC (Allocation Failure) [PSYoungGen: 8141504K->70254K(8634368K)] 8678864K->610066K(10879488K), 0.0482829 secs] [Times: user=1.56 sys=0.05, real=0.05 secs] 
2021-04-01T07:36:27.287+0200: 1397.067: [GC (Allocation Failure) [PSYoungGen: 8593518K->70743K(8633856K)] 9133330K->613396K(10878976K), 0.0629849 secs] [Times: user=2.19 sys=0.11, real=0.06 secs] 
2021-04-01T07:36:32.419+0200: 1402.200: [GC (Allocation Failure) [PSYoungGen: 8594007K->69467K(9112064K)] 9136660K->612760K(11357184K), 0.0584013 secs] [Times: user=2.15 sys=0.10, real=0.06 secs] 
2021-04-01T07:36:41.317+0200: 1411.098: [GC (Allocation Failure) [PSYoungGen: 9071963K->65326K(9111040K)] 9615256K->609251K(11356160K), 0.0482393 secs] [Times: user=1.36 sys=0.05, real=0.05 secs] 
2021-04-01T07:36:50.149+0200: 1419.930: [GC (Allocation Failure) [PSYoungGen: 9067822K->71788K(9603584K)] 9611747K->616433K(11848704K), 0.0480850 secs] [Times: user=1.50 sys=0.09, real=0.05 secs] 
2021-04-01T07:36:58.182+0200: 1427.963: [GC (Allocation Failure) [PSYoungGen: 9593452K->68215K(9626624K)] 10138097K->613492K(11871744K), 0.0435302 secs] [Times: user=1.32 sys=0.07, real=0.04 secs] 
2021-04-01T07:37:08.177+0200: 1437.957: [GC (Allocation Failure) [PSYoungGen: 9589879K->76016K(10115072K)] 10135156K->621965K(12360192K), 0.0501237 secs] [Times: user=1.44 sys=0.03, real=0.05 secs] 
2021-04-01T07:37:15.963+0200: 1445.744: [GC (Allocation Failure) [PSYoungGen: 10106608K->69401K(10134528K)] 10652557K->615974K(12379648K), 0.0402472 secs] [Times: user=1.20 sys=0.06, real=0.04 secs] 
2021-04-01T07:37:26.000+0200: 1455.780: [GC (Allocation Failure) [PSYoungGen: 10099993K->70912K(10618880K)] 10646566K->618085K(12864000K), 0.0488068 secs] [Times: user=1.35 sys=0.02, real=0.05 secs] 
2021-04-01T07:37:34.520+0200: 1464.301: [GC (Allocation Failure) [PSYoungGen: 10606848K->72009K(10636288K)] 11154021K->619782K(12881408K), 0.0445310 secs] [Times: user=1.48 sys=0.05, real=0.04 secs] 
2021-04-01T07:37:44.243+0200: 1474.024: [GC (Allocation Failure) [PSYoungGen: 10607945K->70917K(11150336K)] 11155718K->619274K(13395456K), 0.0514746 secs] [Times: user=1.54 sys=0.02, real=0.05 secs] 
2021-04-01T07:37:54.396+0200: 1484.176: [GC (Allocation Failure) [PSYoungGen: 11128069K->70962K(11154944K)] 11676426K->619879K(13400064K), 0.0399566 secs] [Times: user=1.25 sys=0.04, real=0.04 secs] 
2021-04-01T07:38:05.099+0200: 1494.880: [GC (Allocation Failure) [PSYoungGen: 11128114K->79095K(11658240K)] 11677031K->628564K(13903360K), 0.0495961 secs] [Times: user=1.67 sys=0.11, real=0.05 secs] 
2021-04-01T07:38:14.514+0200: 1504.295: [GC (Allocation Failure) [PSYoungGen: 11645687K->69010K(11664896K)] 12195156K->619071K(13910016K), 0.0420476 secs] [Times: user=1.36 sys=0.10, real=0.04 secs] 
2021-04-01T07:38:26.086+0200: 1515.867: [GC (Allocation Failure) [PSYoungGen: 11635602K->70263K(12175360K)] 12185663K->620908K(14420480K), 0.0542466 secs] [Times: user=1.89 sys=0.05, real=0.06 secs] 
2021-04-01T07:38:37.794+0200: 1527.574: [GC (Allocation Failure) [PSYoungGen: 12156535K->73385K(12179968K)] 12707180K->624550K(14425088K), 0.0573466 secs] [Times: user=1.98 sys=0.03, real=0.05 secs] 
2021-04-01T07:38:48.743+0200: 1538.523: [GC (Allocation Failure) [PSYoungGen: 12159657K->71634K(12713472K)] 12710822K->623399K(14958592K), 0.0504223 secs] [Times: user=1.73 sys=0.12, real=0.05 secs] 
2021-04-01T07:39:00.464+0200: 1550.244: [GC (Allocation Failure) [PSYoungGen: 12698578K->68201K(12718592K)] 13250343K->620558K(14963712K), 0.0640202 secs] [Times: user=2.32 sys=0.03, real=0.06 secs] 
2021-04-01T07:39:10.853+0200: 1560.634: [GC (Allocation Failure) [PSYoungGen: 12695145K->72489K(13297664K)] 13247502K->625422K(15542784K), 0.0798946 secs] [Times: user=2.64 sys=0.04, real=0.08 secs] 
2021-04-01T07:39:24.138+0200: 1573.919: [GC (Allocation Failure) [PSYoungGen: 13280553K->72782K(13296640K)] 13833486K->626331K(15541760K), 0.0796507 secs] [Times: user=2.89 sys=0.11, real=0.08 secs] 
2021-04-01T07:39:34.510+0200: 1584.291: [GC (Allocation Failure) [PSYoungGen: 13280846K->70665K(13934080K)] 13834395K->624774K(16179200K), 0.0480709 secs] [Times: user=1.64 sys=0.14, real=0.05 secs] 
2021-04-01T07:39:48.441+0200: 1598.222: [GC (Allocation Failure) [PSYoungGen: 13933577K->74135K(13959168K)] 14487686K->628908K(16204288K), 0.0487605 secs] [Times: user=1.41 sys=0.01, real=0.04 secs] 
2021-04-01T07:40:00.956+0200: 1610.737: [GC (Allocation Failure) [PSYoungGen: 13946775K->70295K(14553088K)] 14501548K->625732K(16798208K), 0.0470957 secs] [Times: user=1.41 sys=0.05, real=0.05 secs] 
2021-04-01T07:40:14.112+0200: 1623.893: [GC (Allocation Failure) [PSYoungGen: 14552727K->71995K(14574592K)] 15108164K->628120K(16819712K), 0.0456585 secs] [Times: user=1.33 sys=0.03, real=0.04 secs] 
2021-04-01T07:40:29.258+0200: 1639.038: [GC (Allocation Failure) [PSYoungGen: 14561595K->76583K(15167488K)] 15117720K->633308K(17412608K), 0.0604385 secs] [Times: user=1.77 sys=0.07, real=0.06 secs] 
2021-04-01T07:40:41.682+0200: 1651.463: [GC (Allocation Failure) [PSYoungGen: 15160615K->72334K(15169024K)] 15717340K->629715K(17414144K), 0.0532616 secs] [Times: user=1.68 sys=0.11, real=0.05 secs] 
2021-04-01T07:40:54.295+0200: 1664.076: [GC (Allocation Failure) [PSYoungGen: 15156366K->70834K(15742464K)] 15713747K->628911K(17987584K), 0.0400155 secs] [Times: user=1.10 sys=0.05, real=0.04 secs] 
2021-04-01T07:41:09.991+0200: 1679.772: [GC (Allocation Failure) [PSYoungGen: 15742130K->77760K(15774720K)] 16300207K->636493K(18019840K), 0.0504558 secs] [Times: user=1.64 sys=0.06, real=0.06 secs] 
2021-04-01T07:41:24.818+0200: 1694.599: [GC (Allocation Failure) [PSYoungGen: 15769536K->76222K(16340480K)] 16328269K->635667K(18585600K), 0.0543684 secs] [Times: user=1.88 sys=0.04, real=0.06 secs] 
2021-04-01T07:41:38.074+0200: 1707.855: [GC (Allocation Failure) [PSYoungGen: 16332222K->74039K(16340480K)] 16891667K->634196K(18585600K), 0.0620270 secs] [Times: user=2.05 sys=0.17, real=0.06 secs] 
2021-04-01T07:41:53.903+0200: 1723.684: [GC (Allocation Failure) [PSYoungGen: 16330039K->76921K(16929792K)] 16890196K->637806K(19174912K), 0.0457620 secs] [Times: user=1.33 sys=0.05, real=0.04 secs] 
2021-04-01T07:42:09.928+0200: 1739.709: [GC (Allocation Failure) [PSYoungGen: 16929401K->75854K(16964096K)] 17490286K->637491K(19209216K), 0.0481289 secs] [Times: user=1.25 sys=0.03, real=0.05 secs] 
2021-04-01T07:42:24.192+0200: 1753.973: [GC (Allocation Failure) [PSYoungGen: 16955470K->77454K(17529856K)] 17517107K->639795K(19774976K), 0.0430158 secs] [Times: user=1.04 sys=0.06, real=0.04 secs] 
2021-04-01T07:42:41.679+0200: 1771.460: [GC (Allocation Failure) [PSYoungGen: 17522830K->82325K(17530368K)] 18085171K->645402K(19775488K), 0.0504624 secs] [Times: user=1.29 sys=0.04, real=0.05 secs] 
2021-04-01T07:42:56.319+0200: 1786.100: [GC (Allocation Failure) [PSYoungGen: 17527701K->78466K(18083840K)] 18090778K->642295K(20328960K), 0.0413195 secs] [Times: user=1.18 sys=0.03, real=0.05 secs] 
2021-04-01T07:43:12.105+0200: 1801.886: [GC (System.gc()) [PSYoungGen: 16337264K->79543K(18084864K)] 16901093K->644132K(20329984K), 0.0410046 secs] [Times: user=1.10 sys=0.06, real=0.04 secs] 
2021-04-01T07:43:12.146+0200: 1801.927: [Full GC (System.gc()) [PSYoungGen: 79543K->0K(18084864K)] [ParOldGen: 564588K->397238K(2245120K)] 644132K->397238K(20329984K), [Metaspace: 61345K->61345K(63488K)], 0.1706876 secs] [Times: user=4.59 sys=0.00, real=0.17 secs] 
2021-04-01T07:43:24.484+0200: 1814.265: [GC (Allocation Failure) [PSYoungGen: 18001903K->23024K(18085376K)] 18399141K->420270K(20330496K), 0.0142068 secs] [Times: user=0.24 sys=0.00, real=0.01 secs] 
