Java HotSpot(TM) 64-Bit Server VM (25.131-b11) for linux-amd64 JRE (1.8.0_131-b11), built on Mar 15 2017 01:23:40 by "java_re" with gcc 4.3.0 20080428 (Red Hat 4.3.0-8)
Memory: 4k page, physical 196649792k(182827472k free), swap 3905532k(3905532k free)
CommandLine flags: -XX:InitialHeapSize=2147483648 -XX:MaxHeapSize=187272527872 -XX:+PrintGC -XX:+PrintGCDateStamps -XX:+PrintGCDetails -XX:+PrintGCTimeStamps -XX:+UseParallelGC 
2021-04-01T07:13:13.200+0200: 1.270: [GC (Metadata GC Threshold) [PSYoungGen: 404762K->37660K(611840K)] 404762K->37748K(2010112K), 0.0254121 secs] [Times: user=0.44 sys=0.01, real=0.03 secs] 
2021-04-01T07:13:13.225+0200: 1.296: [Full GC (Metadata GC Threshold) [PSYoungGen: 37660K->0K(611840K)] [ParOldGen: 88K->36131K(824320K)] 37748K->36131K(1436160K), [Metaspace: 20779K->20779K(22528K)], 0.0251698 secs] [Times: user=0.31 sys=0.05, real=0.03 secs] 
2021-04-01T07:13:15.205+0200: 3.275: [GC (Metadata GC Threshold) [PSYoungGen: 479396K->87010K(849920K)] 515527K->150930K(1674240K), 0.0255181 secs] [Times: user=0.67 sys=0.08, real=0.02 secs] 
2021-04-01T07:13:15.230+0200: 3.300: [Full GC (Metadata GC Threshold) [PSYoungGen: 87010K->0K(849920K)] [ParOldGen: 63919K->138358K(1382400K)] 150930K->138358K(2232320K), [Metaspace: 34816K->34728K(36864K)], 0.0354495 secs] [Times: user=0.31 sys=0.17, real=0.03 secs] 
2021-04-01T07:13:16.867+0200: 4.937: [GC (Allocation Failure) [PSYoungGen: 762880K->87027K(1136640K)] 901238K->262111K(2519040K), 0.0260452 secs] [Times: user=0.29 sys=0.45, real=0.03 secs] 
2021-04-01T07:13:17.354+0200: 5.424: [GC (Allocation Failure) [PSYoungGen: 1136627K->87011K(1205248K)] 1311711K->292641K(2587648K), 0.0189555 secs] [Times: user=0.42 sys=0.13, real=0.02 secs] 
2021-04-01T07:13:20.381+0200: 8.451: [GC (Allocation Failure) [PSYoungGen: 1205219K->87027K(1205248K)] 1410849K->374592K(2587648K), 0.0309269 secs] [Times: user=0.86 sys=0.14, real=0.04 secs] 
2021-04-01T07:13:22.714+0200: 10.784: [GC (Allocation Failure) [PSYoungGen: 1205235K->200180K(1839104K)] 1492800K->502802K(3221504K), 0.0263490 secs] [Times: user=0.39 sys=0.22, real=0.02 secs] 
2021-04-01T07:13:26.208+0200: 14.278: [GC (Allocation Failure) [PSYoungGen: 1839092K->244217K(1883136K)] 2141714K->820957K(3265536K), 0.0639158 secs] [Times: user=0.74 sys=1.31, real=0.07 secs] 
2021-04-01T07:13:28.595+0200: 16.665: [GC (Allocation Failure) [PSYoungGen: 1883129K->423422K(2757632K)] 2459869K->1047242K(4140032K), 0.0554136 secs] [Times: user=0.86 sys=1.02, real=0.06 secs] 
2021-04-01T07:13:31.418+0200: 19.488: [GC (Allocation Failure) [PSYoungGen: 2757630K->519672K(2853888K)] 3381450K->1471227K(4236288K), 0.0812098 secs] [Times: user=0.65 sys=1.91, real=0.08 secs] 
2021-04-01T07:13:34.211+0200: 22.281: [GC (Allocation Failure) [PSYoungGen: 2853880K->705246K(3716096K)] 3805435K->1868426K(5098496K), 0.0838677 secs] [Times: user=0.38 sys=2.96, real=0.08 secs] 
2021-04-01T07:13:34.295+0200: 22.365: [Full GC (Ergonomics) [PSYoungGen: 705246K->370549K(3716096K)] [ParOldGen: 1163179K->1382323K(3179520K)] 1868426K->1752873K(6895616K), [Metaspace: 39818K->39593K(40960K)], 0.1674465 secs] [Times: user=3.24 sys=1.48, real=0.17 secs] 
2021-04-01T07:13:38.227+0200: 26.297: [GC (Allocation Failure) [PSYoungGen: 3345781K->694151K(3825664K)] 4728105K->2446746K(7005184K), 0.0796851 secs] [Times: user=0.59 sys=2.25, real=0.08 secs] 
2021-04-01T07:13:41.630+0200: 29.701: [GC (Allocation Failure) [PSYoungGen: 3669383K->367334K(4905984K)] 5421978K->2708900K(8085504K), 0.0911700 secs] [Times: user=0.35 sys=3.40, real=0.08 secs] 
2021-04-01T07:13:46.004+0200: 34.075: [GC (Allocation Failure) [PSYoungGen: 4431590K->545493K(4941312K)] 6773156K->3205814K(8120832K), 0.0730336 secs] [Times: user=0.65 sys=2.12, real=0.07 secs] 
2021-04-01T07:13:46.078+0200: 34.148: [Full GC (Ergonomics) [PSYoungGen: 545493K->0K(4941312K)] [ParOldGen: 2660321K->3128791K(5550080K)] 3205814K->3128791K(10491392K), [Metaspace: 50929K->50100K(53248K)], 0.2384432 secs] [Times: user=5.41 sys=2.30, real=0.24 secs] 
2021-04-01T07:13:52.229+0200: 40.299: [GC (Allocation Failure) [PSYoungGen: 4064256K->672741K(6300160K)] 7193047K->3801540K(11850240K), 0.0895096 secs] [Times: user=0.53 sys=2.38, real=0.09 secs] 
2021-04-01T07:13:57.811+0200: 45.881: [GC (Allocation Failure) [PSYoungGen: 6080485K->595461K(6356480K)] 9209284K->4310972K(11906560K), 0.1065490 secs] [Times: user=0.78 sys=3.15, real=0.10 secs] 
2021-04-01T07:14:04.698+0200: 52.768: [GC (Allocation Failure) [PSYoungGen: 6003205K->897222K(8026112K)] 9718716K->5135964K(13576192K), 0.1284688 secs] [Times: user=0.89 sys=4.38, real=0.13 secs] 
2021-04-01T07:14:13.518+0200: 61.588: [GC (Allocation Failure) [PSYoungGen: 7960774K->1082338K(8145920K)] 12199516K->6588546K(13696000K), 0.2012205 secs] [Times: user=1.14 sys=6.10, real=0.20 secs] 
2021-04-01T07:14:13.719+0200: 61.789: [Full GC (Ergonomics) [PSYoungGen: 1082338K->394050K(8145920K)] [ParOldGen: 5506207K->5549758K(8808960K)] 6588546K->5943809K(16954880K), [Metaspace: 50428K->50428K(53248K)], 0.3427258 secs] [Times: user=7.60 sys=3.01, real=0.34 secs] 
2021-04-01T07:14:23.366+0200: 71.436: [GC (Allocation Failure) [PSYoungGen: 7457602K->814226K(10170880K)] 13007361K->6760548K(18979840K), 0.1096202 secs] [Times: user=0.78 sys=3.70, real=0.11 secs] 
2021-04-01T07:14:32.743+0200: 80.813: [GC (Allocation Failure) [PSYoungGen: 9406610K->785879K(10257408K)] 15352932K->7444734K(19066368K), 0.1177387 secs] [Times: user=1.12 sys=3.00, real=0.11 secs] 
2021-04-01T07:14:42.812+0200: 90.883: [GC (Allocation Failure) [PSYoungGen: 9378263K->1405234K(11816448K)] 16037118K->8749322K(20625408K), 0.1850940 secs] [Times: user=1.59 sys=5.46, real=0.18 secs] 
2021-04-01T07:14:56.115+0200: 104.185: [GC (Allocation Failure) [PSYoungGen: 11616050K->1778657K(11989504K)] 18960138K->10627199K(20838400K), 0.2439067 secs] [Times: user=2.00 sys=7.28, real=0.24 secs] 
2021-04-01T07:14:56.359+0200: 104.429: [Full GC (Ergonomics) [PSYoungGen: 1778657K->0K(11989504K)] [ParOldGen: 8848542K->5223765K(9268224K)] 10627199K->5223765K(21257728K), [Metaspace: 50629K->50629K(53248K)], 0.4536971 secs] [Times: user=8.79 sys=3.68, real=0.46 secs] 
2021-04-01T07:15:07.577+0200: 115.647: [GC (Allocation Failure) [PSYoungGen: 10210816K->1032874K(14669312K)] 15434581K->6256648K(23937536K), 0.1301058 secs] [Times: user=0.54 sys=4.68, real=0.13 secs] 
2021-04-01T07:15:22.136+0200: 130.207: [GC (Allocation Failure) [PSYoungGen: 13406378K->1514872K(14831104K)] 18630152K->7645003K(24099328K), 0.1253567 secs] [Times: user=2.58 sys=2.27, real=0.12 secs] 
2021-04-01T07:15:36.523+0200: 144.594: [GC (Allocation Failure) [PSYoungGen: 13888376K->2116503K(17094656K)] 20018507K->9584308K(26362880K), 0.2834386 secs] [Times: user=2.11 sys=9.66, real=0.28 secs] 
2021-04-01T07:16:08.283+0200: 176.353: [GC (Allocation Failure) [PSYoungGen: 16713111K->1182788K(17339904K)] 24180916K->10329115K(26608128K), 0.1367202 secs] [Times: user=2.59 sys=2.64, real=0.13 secs] 
2021-04-01T07:16:08.420+0200: 176.490: [Full GC (Ergonomics) [PSYoungGen: 1182788K->0K(17339904K)] [ParOldGen: 9146326K->3121072K(8093696K)] 10329115K->3121072K(25433600K), [Metaspace: 51070K->51070K(53248K)], 0.3625370 secs] [Times: user=5.79 sys=0.73, real=0.37 secs] 
2021-04-01T07:16:35.083+0200: 203.153: [GC (Allocation Failure) [PSYoungGen: 14596608K->1698320K(19205120K)] 17717680K->4819400K(27298816K), 0.1797672 secs] [Times: user=0.78 sys=6.32, real=0.18 secs] 
2021-04-01T07:16:59.422+0200: 227.493: [GC (Allocation Failure) [PSYoungGen: 18312720K->2643433K(19257856K)] 21433800K->6481000K(27351552K), 0.1617638 secs] [Times: user=3.96 sys=2.38, real=0.16 secs] 
2021-04-01T07:17:21.775+0200: 249.845: [GC (Allocation Failure) [PSYoungGen: 19257833K->2086455K(22147584K)] 23095400K->7579260K(30241280K), 0.2751487 secs] [Times: user=2.38 sys=9.02, real=0.28 secs] 
2021-04-01T07:17:45.604+0200: 273.674: [GC (Allocation Failure) [PSYoungGen: 20942391K->3346405K(22202368K)] 26435196K->10074571K(30296064K), 0.2527616 secs] [Times: user=4.70 sys=5.15, real=0.25 secs] 
2021-04-01T07:17:45.857+0200: 273.927: [Full GC (Ergonomics) [PSYoungGen: 3346405K->0K(22202368K)] [ParOldGen: 6728166K->4722339K(10303488K)] 10074571K->4722339K(32505856K), [Metaspace: 51209K->51209K(53248K)], 0.4282712 secs] [Times: user=8.31 sys=1.80, real=0.43 secs] 
2021-04-01T07:18:09.609+0200: 297.679: [GC (Allocation Failure) [PSYoungGen: 18855936K->3505951K(25462272K)] 23578275K->8228291K(35765760K), 0.3908894 secs] [Times: user=1.42 sys=14.59, real=0.39 secs] 
2021-04-01T07:18:31.042+0200: 319.113: [GC (Allocation Failure) [PSYoungGen: 24666911K->4616346K(25840128K)] 29389251K->12324042K(36143616K), 0.3402326 secs] [Times: user=7.28 sys=6.48, real=0.34 secs] 
2021-04-01T07:18:31.383+0200: 319.453: [Full GC (Ergonomics) [PSYoungGen: 4616346K->0K(25840128K)] [ParOldGen: 7707696K->7588827K(14166528K)] 12324042K->7588827K(40006656K), [Metaspace: 51226K->51226K(53248K)], 0.5038783 secs] [Times: user=10.77 sys=2.24, real=0.50 secs] 
2021-04-01T07:19:13.089+0200: 361.159: [GC (Allocation Failure) [PSYoungGen: 21160960K->2746015K(29438464K)] 28749787K->10334843K(43604992K), 0.3024597 secs] [Times: user=1.31 sys=10.10, real=0.31 secs] 
2021-04-01T07:19:49.364+0200: 397.434: [GC (Allocation Failure) [PSYoungGen: 27282079K->3849546K(29792768K)] 34870907K->12668579K(43959296K), 0.2253852 secs] [Times: user=5.08 sys=3.59, real=0.22 secs] 
2021-04-01T07:20:20.786+0200: 428.857: [GC (Allocation Failure) [PSYoungGen: 28385610K->3290217K(33141760K)] 37204643K->13467441K(47308288K), 0.4418322 secs] [Times: user=2.42 sys=15.88, real=0.44 secs] 
2021-04-01T07:21:00.923+0200: 468.993: [GC (Allocation Failure) [PSYoungGen: 30896233K->2884863K(33144320K)] 41073457K->13833567K(47310848K), 0.2345146 secs] [Times: user=4.60 sys=4.85, real=0.23 secs] 
2021-04-01T07:21:35.730+0200: 503.800: [GC (Allocation Failure) [PSYoungGen: 30490879K->4075862K(36091392K)] 41439583K->16183628K(50257920K), 0.4974786 secs] [Times: user=3.76 sys=16.51, real=0.50 secs] 
2021-04-01T07:21:36.228+0200: 504.298: [Full GC (Ergonomics) [PSYoungGen: 4075862K->0K(36091392K)] [ParOldGen: 12107765K->4970685K(11609600K)] 16183628K->4970685K(47700992K), [Metaspace: 51243K->51243K(53248K)], 0.7866732 secs] [Times: user=9.75 sys=3.65, real=0.79 secs] 
2021-04-01T07:22:09.481+0200: 537.551: [GC (Allocation Failure) [PSYoungGen: 30723584K->5645311K(36368896K)] 35694269K->10948851K(47978496K), 0.2104090 secs] [Times: user=6.87 sys=0.96, real=0.22 secs] 
2021-04-01T07:22:55.013+0200: 583.083: [GC (Allocation Failure) [PSYoungGen: 36368895K->5319802K(40859648K)] 41672435K->11938928K(52469248K), 0.6058367 secs] [Times: user=2.57 sys=22.37, real=0.60 secs] 
2021-04-01T07:24:36.129+0200: 684.199: [GC (Allocation Failure) [PSYoungGen: 39620730K->430887K(41349632K)] 46239856K->7226241K(52959232K), 0.0656825 secs] [Times: user=1.49 sys=0.00, real=0.07 secs] 
2021-04-01T07:25:56.284+0200: 764.354: [GC (Allocation Failure) [PSYoungGen: 34731815K->1143350K(44405760K)] 41527169K->7944114K(56015360K), 0.1074833 secs] [Times: user=2.98 sys=0.24, real=0.11 secs] 
2021-04-01T07:27:07.724+0200: 835.794: [GC (Allocation Failure) [PSYoungGen: 39097910K->5591952K(45005824K)] 45898674K->12392716K(56615424K), 0.2572764 secs] [Times: user=6.06 sys=3.47, real=0.25 secs] 
2021-04-01T07:27:42.000+0200: 870.071: [GC (Allocation Failure) [PSYoungGen: 43546512K->7658481K(46980608K)] 50347276K->16394728K(58590208K), 0.9174132 secs] [Times: user=5.33 sys=33.05, real=0.92 secs] 
2021-04-01T07:28:15.274+0200: 903.344: [GC (Allocation Failure) [PSYoungGen: 46980593K->9609700K(48931840K)] 55716840K->18591799K(60541440K), 0.4794049 secs] [Times: user=9.62 sys=9.53, real=0.48 secs] 
2021-04-01T07:29:14.516+0200: 962.587: [GC (Allocation Failure) [PSYoungGen: 48931812K->2473459K(50049536K)] 57913911K->11502224K(61659136K), 0.1080036 secs] [Times: user=3.35 sys=0.00, real=0.11 secs] 
2021-04-01T07:30:13.360+0200: 1021.430: [GC (Allocation Failure) [PSYoungGen: 41235955K->4066687K(42829312K)] 50264720K->13130658K(54438912K), 0.1633337 secs] [Times: user=5.32 sys=0.00, real=0.17 secs] 
2021-04-01T07:30:49.114+0200: 1057.184: [GC (Allocation Failure) [PSYoungGen: 42829183K->7095445K(48534528K)] 51893154K->16159417K(60144128K), 0.2554127 secs] [Times: user=9.84 sys=0.10, real=0.25 secs] 
2021-04-01T07:31:35.919+0200: 1103.989: [GC (Allocation Failure) [PSYoungGen: 45378197K->5557453K(49014272K)] 54442169K->14621424K(60623872K), 0.2087679 secs] [Times: user=7.97 sys=0.07, real=0.21 secs] 
2021-04-01T07:32:20.454+0200: 1148.524: [GC (Allocation Failure) [PSYoungGen: 43840205K->6046598K(49924096K)] 52904176K->15110570K(61533696K), 0.2120169 secs] [Times: user=8.16 sys=0.00, real=0.21 secs] 
2021-04-01T07:33:15.173+0200: 1203.243: [GC (Allocation Failure) [PSYoungGen: 45761414K->4066000K(50185216K)] 54825386K->13129972K(61794816K), 0.1503978 secs] [Times: user=5.26 sys=0.00, real=0.15 secs] 
2021-04-01T07:34:15.614+0200: 1263.684: [GC (Allocation Failure) [PSYoungGen: 43780816K->3605840K(49977856K)] 52844788K->12669811K(61587456K), 0.1510332 secs] [Times: user=5.05 sys=0.00, real=0.15 secs] 
2021-04-01T07:35:01.067+0200: 1309.138: [GC (Allocation Failure) [PSYoungGen: 44094288K->8685485K(50130944K)] 53158259K->17749457K(61740544K), 0.2786366 secs] [Times: user=11.06 sys=0.00, real=0.28 secs] 
2021-04-01T07:36:14.803+0200: 1382.873: [GC (Allocation Failure) [PSYoungGen: 49173933K->4059969K(50714112K)] 58237905K->13123940K(62323712K), 0.1574782 secs] [Times: user=4.76 sys=0.00, real=0.15 secs] 
2021-04-01T07:37:14.271+0200: 1442.341: [GC (Allocation Failure) [PSYoungGen: 44107073K->4682046K(44729344K)] 53171044K->13746018K(56338944K), 0.1680283 secs] [Times: user=5.97 sys=0.09, real=0.16 secs] 
2021-04-01T07:38:01.794+0200: 1489.864: [GC (Allocation Failure) [PSYoungGen: 44729150K->6668628K(49601024K)] 53793122K->15732599K(61210624K), 0.2210175 secs] [Times: user=8.41 sys=0.01, real=0.22 secs] 
2021-04-01T07:38:40.250+0200: 1528.320: [GC (Allocation Failure) [PSYoungGen: 46530388K->9269644K(49786368K)] 55594359K->18333615K(61395968K), 0.2970871 secs] [Times: user=12.11 sys=0.00, real=0.30 secs] 
2021-04-01T07:39:30.892+0200: 1578.962: [GC (Allocation Failure) [PSYoungGen: 49131404K->4291077K(50314752K)] 58195375K->13355048K(61924352K), 0.1668620 secs] [Times: user=6.00 sys=0.00, real=0.16 secs] 
2021-04-01T07:40:23.600+0200: 1631.671: [GC (Allocation Failure) [PSYoungGen: 43600901K->5409823K(44720128K)] 52664872K->14473795K(56329728K), 0.1970892 secs] [Times: user=7.14 sys=0.15, real=0.20 secs] 
2021-04-01T07:41:12.286+0200: 1680.356: [GC (Allocation Failure) [PSYoungGen: 44719647K->6025026K(49680896K)] 53783619K->15088997K(61290496K), 0.2081115 secs] [Times: user=8.09 sys=0.00, real=0.21 secs] 
2021-04-01T07:41:59.476+0200: 1727.546: [GC (Allocation Failure) [PSYoungGen: 45562690K->6753712K(49453056K)] 54626661K->15817684K(61062656K), 0.2273069 secs] [Times: user=8.99 sys=0.00, real=0.23 secs] 
2021-04-01T07:42:36.191+0200: 1764.261: [GC (Allocation Failure) [PSYoungGen: 46291376K->9341737K(49073152K)] 55355348K->18406244K(60682752K), 0.5889481 secs] [Times: user=8.61 sys=15.72, real=0.58 secs] 
Heap
 PSYoungGen      total 49073152K, used 47925067K [0x00007f7694380000, 0x00007f851d000000, 0x00007f851d000000)
  eden space 39111168K, 98% used [0x00007f7694380000,0x00007f7fc7288ae0,0x00007f7fe7600000)
  from space 9961984K, 93% used [0x00007f82b4c00000,0x00007f84eeeca410,0x00007f8514c80000)
  to   space 10925056K, 0% used [0x00007f7fe7600000,0x00007f7fe7600000,0x00007f8282300000)
 ParOldGen       total 11609600K, used 9064507K [0x00007f5982a00000, 0x00007f5c47380000, 0x00007f7694380000)
  object space 11609600K, 78% used [0x00007f5982a00000,0x00007f5babe0edd0,0x00007f5c47380000)
 Metaspace       used 51629K, capacity 52357K, committed 53760K, reserved 55296K
