Java HotSpot(TM) 64-Bit Server VM (25.131-b11) for linux-amd64 JRE (1.8.0_131-b11), built on Mar 15 2017 01:23:40 by "java_re" with gcc 4.3.0 20080428 (Red Hat 4.3.0-8)
Memory: 4k page, physical 196649796k(182519192k free), swap 3905532k(3905532k free)
CommandLine flags: -XX:InitialHeapSize=2147483648 -XX:MaxHeapSize=187272527872 -XX:+PrintGC -XX:+PrintGCDateStamps -XX:+PrintGCDetails -XX:+PrintGCTimeStamps -XX:+UseParallelGC 
2021-04-01T07:13:13.195+0200: 1.262: [GC (Metadata GC Threshold) [PSYoungGen: 404765K->37441K(611840K)] 404765K->37529K(2010112K), 0.0252838 secs] [Times: user=0.53 sys=0.02, real=0.03 secs] 
2021-04-01T07:13:13.220+0200: 1.287: [Full GC (Metadata GC Threshold) [PSYoungGen: 37441K->0K(611840K)] [ParOldGen: 88K->36131K(818688K)] 37529K->36131K(1430528K), [Metaspace: 20779K->20779K(22528K)], 0.0240152 secs] [Times: user=0.23 sys=0.09, real=0.02 secs] 
2021-04-01T07:13:15.170+0200: 3.237: [GC (Metadata GC Threshold) [PSYoungGen: 472492K->87034K(846336K)] 508623K->151353K(1665024K), 0.0210253 secs] [Times: user=0.59 sys=0.07, real=0.02 secs] 
2021-04-01T07:13:15.191+0200: 3.258: [Full GC (Metadata GC Threshold) [PSYoungGen: 87034K->0K(846336K)] [ParOldGen: 64319K->138870K(1398272K)] 151353K->138870K(2244608K), [Metaspace: 34866K->34778K(36864K)], 0.0406441 secs] [Times: user=0.48 sys=0.13, real=0.04 secs] 
2021-04-01T07:13:16.887+0200: 4.953: [GC (Allocation Failure) [PSYoungGen: 759296K->87032K(1136640K)] 898166K->291641K(2534912K), 0.0395755 secs] [Times: user=0.96 sys=0.23, real=0.03 secs] 
2021-04-01T07:13:17.360+0200: 5.427: [GC (Allocation Failure) [PSYoungGen: 1136632K->87032K(1208320K)] 1341241K->308255K(2606592K), 0.0211130 secs] [Times: user=0.58 sys=0.16, real=0.02 secs] 
2021-04-01T07:13:20.207+0200: 8.274: [GC (Allocation Failure) [PSYoungGen: 1208312K->87035K(1208320K)] 1429535K->375924K(2606592K), 0.0346402 secs] [Times: user=0.87 sys=0.16, real=0.03 secs] 
2021-04-01T07:13:22.417+0200: 10.484: [GC (Allocation Failure) [PSYoungGen: 1208315K->193020K(1859072K)] 1497204K->501743K(3257344K), 0.0242652 secs] [Times: user=0.23 sys=0.47, real=0.03 secs] 
2021-04-01T07:13:25.121+0200: 13.187: [GC (Allocation Failure) [PSYoungGen: 1859068K->236543K(1902592K)] 2167791K->745238K(3300864K), 0.0626000 secs] [Times: user=0.93 sys=1.08, real=0.06 secs] 
2021-04-01T07:13:28.551+0200: 16.617: [GC (Allocation Failure) [PSYoungGen: 1902591K->375784K(2742784K)] 2411286K->1054871K(4141056K), 0.0693225 secs] [Times: user=0.21 sys=2.54, real=0.07 secs] 
2021-04-01T07:13:31.595+0200: 19.661: [GC (Allocation Failure) [PSYoungGen: 2742760K->515064K(2882048K)] 3421847K->1462740K(4280320K), 0.0964021 secs] [Times: user=0.46 sys=3.44, real=0.10 secs] 
2021-04-01T07:13:34.409+0200: 22.476: [GC (Allocation Failure) [PSYoungGen: 2882040K->687502K(3737088K)] 3829716K->1877217K(5135360K), 0.0846659 secs] [Times: user=0.71 sys=2.42, real=0.08 secs] 
2021-04-01T07:13:34.494+0200: 22.560: [Full GC (Ergonomics) [PSYoungGen: 687502K->383578K(3737088K)] [ParOldGen: 1189714K->1398255K(3215872K)] 1877217K->1781834K(6952960K), [Metaspace: 39769K->39589K(40960K)], 0.1882845 secs] [Times: user=3.77 sys=1.46, real=0.19 secs] 
2021-04-01T07:13:38.272+0200: 26.338: [GC (Allocation Failure) [PSYoungGen: 3409498K->691931K(3845120K)] 4807754K->2495229K(7060992K), 0.0912429 secs] [Times: user=0.62 sys=2.78, real=0.09 secs] 
2021-04-01T07:13:42.313+0200: 30.379: [GC (Allocation Failure) [PSYoungGen: 3717851K->457721K(5011456K)] 5521149K->2846998K(8227328K), 0.1080337 secs] [Times: user=0.66 sys=3.80, real=0.11 secs] 
2021-04-01T07:13:47.142+0200: 35.208: [GC (Allocation Failure) [PSYoungGen: 4587001K->554995K(5018112K)] 6976278K->3337494K(8233984K), 0.0673167 secs] [Times: user=0.51 sys=2.01, real=0.07 secs] 
2021-04-01T07:13:47.209+0200: 35.276: [Full GC (Ergonomics) [PSYoungGen: 554995K->16705K(5018112K)] [ParOldGen: 2782498K->3215704K(5744640K)] 3337494K->3232409K(10762752K), [Metaspace: 50915K->50074K(53248K)], 0.4372697 secs] [Times: user=13.25 sys=2.49, real=0.44 secs] 
2021-04-01T07:13:53.104+0200: 41.171: [GC (GCLocker Initiated GC) [PSYoungGen: 4145985K->567492K(6082048K)] 7361712K->3799986K(11826688K), 0.0816192 secs] [Times: user=0.80 sys=2.53, real=0.08 secs] 
2021-04-01T07:13:58.769+0200: 46.836: [GC (Allocation Failure) [PSYoungGen: 5922500K->607581K(6276608K)] 9155512K->4340092K(12021248K), 0.0906978 secs] [Times: user=0.74 sys=2.70, real=0.09 secs] 
2021-04-01T07:14:04.738+0200: 52.805: [GC (Allocation Failure) [PSYoungGen: 5962589K->945142K(7499264K)] 9695100K->5235847K(13243904K), 0.1392689 secs] [Times: user=1.03 sys=4.66, real=0.14 secs] 
2021-04-01T07:14:12.921+0200: 60.988: [GC (Allocation Failure) [PSYoungGen: 7499254K->1292260K(7846400K)] 11789959K->6622813K(13591040K), 0.1810320 secs] [Times: user=1.08 sys=6.42, real=0.18 secs] 
2021-04-01T07:14:13.102+0200: 61.169: [Full GC (Ergonomics) [PSYoungGen: 1292260K->197445K(7846400K)] [ParOldGen: 5330552K->5744502K(9050624K)] 6622813K->5941948K(16897024K), [Metaspace: 50385K->50385K(53248K)], 0.4047671 secs] [Times: user=8.62 sys=4.88, real=0.41 secs] 
2021-04-01T07:14:21.330+0200: 69.396: [GC (Allocation Failure) [PSYoungGen: 6751557K->923569K(9681408K)] 12496060K->6865521K(18732032K), 0.1341215 secs] [Times: user=0.93 sys=4.61, real=0.13 secs] 
2021-04-01T07:14:30.899+0200: 78.965: [GC (Allocation Failure) [PSYoungGen: 8795569K->670718K(9715200K)] 14737521K->7419878K(18765824K), 0.1319131 secs] [Times: user=1.00 sys=4.25, real=0.13 secs] 
2021-04-01T07:14:38.944+0200: 87.010: [GC (Allocation Failure) [PSYoungGen: 8542718K->966279K(11071488K)] 15291878K->8308005K(20122112K), 0.1292124 secs] [Times: user=0.97 sys=3.90, real=0.13 secs] 
2021-04-01T07:14:49.372+0200: 97.439: [GC (Allocation Failure) [PSYoungGen: 10340999K->1730037K(11104768K)] 17682725K->9988906K(20155392K), 0.1629007 secs] [Times: user=1.85 sys=4.25, real=0.16 secs] 
2021-04-01T07:14:49.536+0200: 97.602: [Full GC (Ergonomics) [PSYoungGen: 1730037K->0K(11104768K)] [ParOldGen: 8258868K->5464976K(9464832K)] 9988906K->5464976K(20569600K), [Metaspace: 50633K->50633K(53248K)], 0.4525698 secs] [Times: user=8.78 sys=3.94, real=0.46 secs] 
2021-04-01T07:15:02.543+0200: 110.609: [GC (Allocation Failure) [PSYoungGen: 9374720K->1629222K(13353472K)] 14839696K->7094206K(22818304K), 0.1918594 secs] [Times: user=0.89 sys=7.06, real=0.19 secs] 
2021-04-01T07:15:14.538+0200: 122.604: [GC (Allocation Failure) [PSYoungGen: 12648998K->1220287K(13469184K)] 18113982K->8117807K(22934016K), 0.1126526 secs] [Times: user=3.81 sys=0.53, real=0.12 secs] 
2021-04-01T07:15:28.355+0200: 136.421: [GC (Allocation Failure) [PSYoungGen: 12240063K->2383350K(14902784K)] 19137583K->9665340K(24367616K), 0.2793973 secs] [Times: user=1.77 sys=9.41, real=0.28 secs] 
2021-04-01T07:15:46.955+0200: 155.021: [GC (Allocation Failure) [PSYoungGen: 14902774K->1260827K(15410176K)] 22184764K->10622551K(24875008K), 0.2424629 secs] [Times: user=2.41 sys=7.53, real=0.24 secs] 
2021-04-01T07:15:47.197+0200: 155.264: [Full GC (Ergonomics) [PSYoungGen: 1260827K->0K(15410176K)] [ParOldGen: 9361724K->4115365K(9247232K)] 10622551K->4115365K(24657408K), [Metaspace: 51047K->51047K(53248K)], 0.3906850 secs] [Times: user=7.26 sys=1.23, real=0.40 secs] 
2021-04-01T07:16:09.592+0200: 177.659: [GC (Allocation Failure) [PSYoungGen: 12519424K->1630890K(17009152K)] 16634789K->5746256K(26256384K), 0.1333030 secs] [Times: user=1.38 sys=3.92, real=0.13 secs] 
2021-04-01T07:16:28.624+0200: 196.691: [GC (Allocation Failure) [PSYoungGen: 15897258K->2745323K(17011712K)] 20012624K->7466169K(26258944K), 0.1521682 secs] [Times: user=4.41 sys=1.57, real=0.15 secs] 
2021-04-01T07:16:44.435+0200: 212.502: [GC (Allocation Failure) [PSYoungGen: 17011691K->3372532K(18447360K)] 21732537K->9610415K(27694592K), 0.4075504 secs] [Times: user=2.92 sys=13.90, real=0.41 secs] 
2021-04-01T07:17:01.671+0200: 229.737: [GC (Allocation Failure) [PSYoungGen: 18447348K->2294582K(19524608K)] 24685231K->11313666K(28771840K), 0.1745899 secs] [Times: user=5.65 sys=0.00, real=0.17 secs] 
2021-04-01T07:17:01.845+0200: 229.912: [Full GC (Ergonomics) [PSYoungGen: 2294582K->0K(19524608K)] [ParOldGen: 9019084K->5870851K(12193280K)] 11313666K->5870851K(31717888K), [Metaspace: 51156K->51156K(53248K)], 0.4391638 secs] [Times: user=8.66 sys=0.77, real=0.44 secs] 
2021-04-01T07:17:21.611+0200: 249.677: [GC (Allocation Failure) [PSYoungGen: 15074816K->2542359K(21627392K)] 20945667K->8413211K(33820672K), 0.2014177 secs] [Times: user=1.79 sys=2.92, real=0.20 secs] 
2021-04-01T07:17:58.759+0200: 286.825: [GC (Allocation Failure) [PSYoungGen: 19802903K->2032156K(21630464K)] 25673755K->9261525K(33823744K), 0.1603283 secs] [Times: user=3.53 sys=2.67, real=0.16 secs] 
2021-04-01T07:18:45.778+0200: 333.844: [GC (GCLocker Initiated GC) [PSYoungGen: 19292700K->1324387K(23074816K)] 26522160K->8553847K(35268096K), 0.1420754 secs] [Times: user=1.63 sys=3.71, real=0.15 secs] 
2021-04-01T07:19:19.817+0200: 367.883: [GC (Allocation Failure) [PSYoungGen: 20724579K->2733753K(23446528K)] 27954061K->9963235K(35639808K), 0.1210758 secs] [Times: user=4.22 sys=0.35, real=0.12 secs] 
2021-04-01T07:19:48.734+0200: 396.800: [GC (Allocation Failure) [PSYoungGen: 22133945K->4147698K(24695808K)] 29363427K->11583758K(36889088K), 0.4758964 secs] [Times: user=2.73 sys=16.98, real=0.48 secs] 
2021-04-01T07:20:11.774+0200: 419.840: [GC (Allocation Failure) [PSYoungGen: 24695794K->4814833K(25362944K)] 32131854K->13518400K(37556224K), 0.2409828 secs] [Times: user=8.54 sys=1.30, real=0.24 secs] 
2021-04-01T07:20:29.497+0200: 437.563: [GC (Allocation Failure) [PSYoungGen: 25362929K->5990392K(27407360K)] 34066496K->15978771K(39600640K), 0.7381569 secs] [Times: user=4.25 sys=26.68, real=0.74 secs] 
2021-04-01T07:20:30.235+0200: 438.302: [Full GC (Ergonomics) [PSYoungGen: 5990392K->0K(27407360K)] [ParOldGen: 9988379K->7199945K(13751808K)] 15978771K->7199945K(41159168K), [Metaspace: 51226K->51226K(53248K)], 0.6370071 secs] [Times: user=11.69 sys=4.73, real=0.64 secs] 
2021-04-01T07:20:49.731+0200: 457.798: [GC (Allocation Failure) [PSYoungGen: 21416960K->3264898K(28802048K)] 28616905K->10464844K(42553856K), 0.1244450 secs] [Times: user=4.27 sys=0.06, real=0.12 secs] 
2021-04-01T07:21:06.357+0200: 474.424: [GC (Allocation Failure) [PSYoungGen: 24681858K->3912691K(31526400K)] 31881804K->14002446K(45278208K), 0.2786377 secs] [Times: user=8.14 sys=3.24, real=0.28 secs] 
2021-04-01T07:21:44.113+0200: 512.180: [GC (GCLocker Initiated GC) [PSYoungGen: 28539379K->3160736K(31570432K)] 38629170K->16124229K(45322240K), 0.4666183 secs] [Times: user=3.95 sys=13.52, real=0.47 secs] 
2021-04-01T07:21:44.580+0200: 512.647: [Full GC (Ergonomics) [PSYoungGen: 3160736K->0K(31570432K)] [ParOldGen: 12963493K->4543127K(12592128K)] 16124229K->4543127K(44162560K), [Metaspace: 51234K->51234K(53248K)], 0.6576020 secs] [Times: user=10.32 sys=3.73, real=0.65 secs] 
2021-04-01T07:23:08.934+0200: 597.001: [GC (Allocation Failure) [PSYoungGen: 24626688K->1384612K(34087936K)] 29169817K->5927749K(46680064K), 0.1327749 secs] [Times: user=1.50 sys=1.85, real=0.14 secs] 
2021-04-01T07:23:56.245+0200: 644.311: [GC (Allocation Failure) [PSYoungGen: 29305508K->3386536K(34447872K)] 33848645K->8275638K(47040000K), 0.1415085 secs] [Times: user=5.09 sys=0.08, real=0.14 secs] 
2021-04-01T07:24:33.775+0200: 681.842: [GC (Allocation Failure) [PSYoungGen: 31307432K->3532772K(37107712K)] 36196534K->9374471K(49699840K), 0.4258910 secs] [Times: user=3.04 sys=14.30, real=0.43 secs] 
2021-04-01T07:25:04.711+0200: 712.778: [GC (Allocation Failure) [PSYoungGen: 34513892K->5140984K(37161984K)] 40355591K->12150219K(49754112K), 0.2259199 secs] [Times: user=8.78 sys=0.01, real=0.22 secs] 
2021-04-01T07:25:27.543+0200: 735.609: [GC (Allocation Failure) [PSYoungGen: 36122104K->6634987K(38529536K)] 43131339K->17605005K(51121664K), 0.8023622 secs] [Times: user=4.64 sys=29.01, real=0.80 secs] 
2021-04-01T07:25:28.345+0200: 736.412: [Full GC (Ergonomics) [PSYoungGen: 6634987K->0K(38529536K)] [ParOldGen: 10970017K->10200444K(18902528K)] 17605005K->10200444K(57432064K), [Metaspace: 51266K->51266K(53248K)], 0.8101142 secs] [Times: user=16.69 sys=7.00, real=0.81 secs] 
2021-04-01T07:26:30.123+0200: 798.190: [GC (Allocation Failure) [PSYoungGen: 31894528K->1968913K(40900608K)] 42094972K->12169358K(59803136K), 0.0936413 secs] [Times: user=3.12 sys=0.01, real=0.09 secs] 
2021-04-01T07:27:55.871+0200: 883.937: [GC (Allocation Failure) [PSYoungGen: 33863441K->1488955K(43822080K)] 44063886K->12708725K(62724608K), 0.1252759 secs] [Times: user=4.11 sys=0.01, real=0.12 secs] 
2021-04-01T07:29:00.148+0200: 948.215: [GC (Allocation Failure) [PSYoungGen: 37105211K->2545757K(44359680K)] 48324981K->13856947K(63262208K), 0.2160028 secs] [Times: user=3.61 sys=4.46, real=0.21 secs] 
2021-04-01T07:29:47.230+0200: 995.297: [GC (Allocation Failure) [PSYoungGen: 38162013K->5094082K(47724544K)] 49473203K->16648603K(66627072K), 0.6399989 secs] [Times: user=3.81 sys=22.92, real=0.64 secs] 
2021-04-01T07:30:22.606+0200: 1030.673: [GC (Allocation Failure) [PSYoungGen: 44416706K->8508898K(47831552K)] 55971227K->21524613K(66734080K), 0.3978361 secs] [Times: user=11.21 sys=3.94, real=0.40 secs] 
2021-04-01T07:30:54.613+0200: 1062.679: [GC (Allocation Failure) [PSYoungGen: 47831522K->7891761K(49133568K)] 60847237K->24343219K(68036096K), 0.8227186 secs] [Times: user=5.38 sys=28.88, real=0.82 secs] 
2021-04-01T07:30:55.435+0200: 1063.502: [Full GC (Ergonomics) [PSYoungGen: 7891761K->0K(49133568K)] [ParOldGen: 16451458K->10876536K(20024320K)] 24343219K->10876536K(69157888K), [Metaspace: 51270K->51270K(53248K)], 0.8068603 secs] [Times: user=16.41 sys=9.81, real=0.81 secs] 
2021-04-01T07:31:44.705+0200: 1112.771: [GC (Allocation Failure) [PSYoungGen: 38768128K->5013528K(49864704K)] 49644664K->15890064K(69889024K), 0.1792935 secs] [Times: user=6.88 sys=0.00, real=0.18 secs] 
2021-04-01T07:32:31.630+0200: 1159.697: [GC (Allocation Failure) [PSYoungGen: 43781656K->5217787K(48859136K)] 54658192K->16965266K(68883456K), 0.2026363 secs] [Times: user=7.93 sys=0.00, real=0.20 secs] 
2021-04-01T07:33:16.637+0200: 1204.704: [GC (Allocation Failure) [PSYoungGen: 44490747K->6400960K(49475072K)] 56238226K->18510302K(69499392K), 0.2270416 secs] [Times: user=8.77 sys=0.17, real=0.23 secs] 
2021-04-01T07:34:02.323+0200: 1250.389: [GC (Allocation Failure) [PSYoungGen: 45673920K->5598690K(50278912K)] 57783262K->17958229K(70303232K), 0.1940126 secs] [Times: user=7.57 sys=0.00, real=0.19 secs] 
2021-04-01T07:35:20.799+0200: 1328.866: [GC (Allocation Failure) [PSYoungGen: 46083042K->2449120K(50482688K)] 58442581K->15565460K(70507008K), 0.1450814 secs] [Times: user=4.99 sys=0.16, real=0.14 secs] 
2021-04-01T07:36:29.039+0200: 1397.105: [GC (Allocation Failure) [PSYoungGen: 42933472K->3524045K(50247680K)] 56049812K->16640385K(70272000K), 0.1386529 secs] [Times: user=4.66 sys=0.01, real=0.13 secs] 
2021-04-01T07:37:30.930+0200: 1458.997: [GC (Allocation Failure) [PSYoungGen: 44564941K->4363900K(50643456K)] 57681281K->17480240K(70667776K), 0.1646627 secs] [Times: user=5.33 sys=0.00, real=0.16 secs] 
2021-04-01T07:38:14.814+0200: 1502.881: [GC (Allocation Failure) [PSYoungGen: 45404796K->7024833K(50841600K)] 58521136K->20141174K(70865920K), 0.2300778 secs] [Times: user=8.80 sys=0.01, real=0.23 secs] 
2021-04-01T07:38:55.112+0200: 1543.178: [GC (Allocation Failure) [PSYoungGen: 48725697K->7557075K(49257984K)] 61842038K->20673416K(69282304K), 0.2471788 secs] [Times: user=9.48 sys=0.00, real=0.25 secs] 
2021-04-01T07:39:34.225+0200: 1582.292: [GC (Allocation Failure) [PSYoungGen: 49257939K->8688296K(49177600K)] 62374280K->21804636K(69201920K), 0.3672409 secs] [Times: user=10.08 sys=4.48, real=0.37 secs] 
2021-04-01T07:40:23.242+0200: 1631.308: [GC (Allocation Failure) [PSYoungGen: 47737000K->4897983K(50004992K)] 60853340K->18014323K(70029312K), 0.1745417 secs] [Times: user=6.72 sys=0.04, real=0.17 secs] 
2021-04-01T07:41:11.303+0200: 1679.369: [GC (Allocation Failure) [PSYoungGen: 43946687K->5316988K(48638976K)] 57063027K->18433328K(68663296K), 0.1825994 secs] [Times: user=6.94 sys=0.00, real=0.18 secs] 
2021-04-01T07:41:57.867+0200: 1725.933: [GC (Allocation Failure) [PSYoungGen: 44822396K->6290754K(49507328K)] 57938736K->19407094K(69531648K), 0.2164878 secs] [Times: user=8.55 sys=0.00, real=0.21 secs] 
2021-04-01T07:42:51.606+0200: 1779.673: [GC (Allocation Failure) [PSYoungGen: 45796162K->3841758K(50508800K)] 58912502K->16958098K(70533120K), 0.1436280 secs] [Times: user=5.26 sys=0.11, real=0.15 secs] 
Heap
 PSYoungGen      total 50508800K, used 32273340K [0x00007faed7f80000, 0x00007fbd45400000, 0x00007fbd60c00000)
  eden space 41084416K, 69% used [0x00007faed7f80000,0x00007fb59f4b78f0,0x00007fb8a3900000)
  from space 9424384K, 40% used [0x00007fbb06080000,0x00007fbbf0837b00,0x00007fbd45400000)
  to   space 9713152K, 0% used [0x00007fb8a3900000,0x00007fb8a3900000,0x00007fbaf4680000)
 ParOldGen       total 20024320K, used 13116340K [0x00007f91c6600000, 0x00007f968c900000, 0x00007faed7f80000)
  object space 20024320K, 65% used [0x00007f91c6600000,0x00007f94e6eed0c8,0x00007f968c900000)
 Metaspace       used 51604K, capacity 52303K, committed 53504K, reserved 55296K
