Java HotSpot(TM) 64-Bit Server VM (25.131-b11) for linux-amd64 JRE (1.8.0_131-b11), built on Mar 15 2017 01:23:40 by "java_re" with gcc 4.3.0 20080428 (Red Hat 4.3.0-8)
Memory: 4k page, physical 196649792k(182445532k free), swap 3905532k(3905532k free)
CommandLine flags: -XX:InitialHeapSize=2147483648 -XX:MaxHeapSize=187272527872 -XX:+PrintGC -XX:+PrintGCDateStamps -XX:+PrintGCDetails -XX:+PrintGCTimeStamps -XX:+UseParallelGC 
2021-04-01T07:13:13.203+0200: 1.273: [GC (Metadata GC Threshold) [PSYoungGen: 404763K->37570K(611840K)] 404763K->37658K(2010112K), 0.0268773 secs] [Times: user=0.49 sys=0.03, real=0.02 secs] 
2021-04-01T07:13:13.230+0200: 1.300: [Full GC (Metadata GC Threshold) [PSYoungGen: 37570K->0K(611840K)] [ParOldGen: 88K->36131K(820224K)] 37658K->36131K(1432064K), [Metaspace: 20779K->20779K(22528K)], 0.0259659 secs] [Times: user=0.21 sys=0.12, real=0.03 secs] 
2021-04-01T07:13:15.192+0200: 3.262: [GC (Metadata GC Threshold) [PSYoungGen: 452471K->82666K(867328K)] 488603K->135190K(1687552K), 0.0363974 secs] [Times: user=0.82 sys=0.06, real=0.03 secs] 
2021-04-01T07:13:15.228+0200: 3.299: [Full GC (Metadata GC Threshold) [PSYoungGen: 82666K->0K(867328K)] [ParOldGen: 52523K->121856K(1307136K)] 135190K->121856K(2174464K), [Metaspace: 34824K->34718K(36864K)], 0.0340386 secs] [Times: user=0.31 sys=0.07, real=0.04 secs] 
2021-04-01T07:13:16.885+0200: 4.956: [GC (Allocation Failure) [PSYoungGen: 784384K->87019K(1132544K)] 906240K->245762K(2439680K), 0.0733817 secs] [Times: user=2.18 sys=0.28, real=0.08 secs] 
2021-04-01T07:13:17.382+0200: 5.452: [GC (Allocation Failure) [PSYoungGen: 1132523K->87028K(1339904K)] 1291266K->249713K(2647040K), 0.0187281 secs] [Times: user=0.38 sys=0.35, real=0.02 secs] 
2021-04-01T07:13:20.180+0200: 8.251: [GC (Allocation Failure) [PSYoungGen: 1339892K->87027K(1339904K)] 1502577K->373279K(2647040K), 0.0537633 secs] [Times: user=1.59 sys=0.27, real=0.05 secs] 
2021-04-01T07:13:22.363+0200: 10.433: [GC (Allocation Failure) [PSYoungGen: 1339891K->213476K(2151424K)] 1626143K->546843K(3458560K), 0.0223748 secs] [Times: user=0.16 sys=0.50, real=0.02 secs] 
2021-04-01T07:13:26.151+0200: 14.221: [GC (Allocation Failure) [PSYoungGen: 2151396K->282098K(2220032K)] 2484763K->780623K(3527168K), 0.0512464 secs] [Times: user=0.58 sys=1.09, real=0.05 secs] 
2021-04-01T07:13:28.650+0200: 16.720: [GC (Allocation Failure) [PSYoungGen: 2220018K->418810K(3248640K)] 2718543K->1058477K(4555776K), 0.0588365 secs] [Times: user=0.34 sys=1.99, real=0.05 secs] 
2021-04-01T07:13:31.928+0200: 19.998: [GC (Allocation Failure) [PSYoungGen: 3248634K->557042K(3386880K)] 3888301K->1552807K(4694016K), 0.1026140 secs] [Times: user=0.44 sys=3.69, real=0.11 secs] 
2021-04-01T07:13:34.887+0200: 22.957: [GC (Allocation Failure) [PSYoungGen: 3386866K->798700K(4383744K)] 4382631K->1983824K(5690880K), 0.0977845 secs] [Times: user=0.68 sys=3.22, real=0.10 secs] 
2021-04-01T07:13:34.985+0200: 23.055: [Full GC (Ergonomics) [PSYoungGen: 798700K->567987K(4383744K)] [ParOldGen: 1185123K->1306883K(3034112K)] 1983824K->1874871K(7417856K), [Metaspace: 39967K->39664K(43008K)], 0.1873097 secs] [Times: user=4.28 sys=1.30, real=0.19 secs] 
2021-04-01T07:13:40.144+0200: 28.214: [GC (Allocation Failure) [PSYoungGen: 4153011K->680094K(4589056K)] 5459895K->2562427K(7623168K), 0.1028014 secs] [Times: user=0.69 sys=3.17, real=0.10 secs] 
2021-04-01T07:13:43.759+0200: 31.829: [GC (Allocation Failure) [PSYoungGen: 4265118K->457412K(5895680K)] 6147451K->2931269K(8929792K), 0.0940935 secs] [Times: user=0.64 sys=3.15, real=0.09 secs] 
2021-04-01T07:13:43.853+0200: 31.923: [Full GC (Ergonomics) [PSYoungGen: 457412K->0K(5895680K)] [ParOldGen: 2473856K->2857468K(5210112K)] 2931269K->2857468K(11105792K), [Metaspace: 50600K->50118K(53248K)], 0.1806364 secs] [Times: user=3.13 sys=1.92, real=0.18 secs] 
2021-04-01T07:13:50.001+0200: 38.071: [GC (Allocation Failure) [PSYoungGen: 4918272K->785687K(5929984K)] 7775740K->3643164K(11140096K), 0.0636817 secs] [Times: user=0.97 sys=1.48, real=0.06 secs] 
2021-04-01T07:13:56.135+0200: 44.205: [GC (Allocation Failure) [PSYoungGen: 5703959K->596616K(7622656K)] 8561436K->4134379K(12832768K), 0.1189724 secs] [Times: user=0.70 sys=4.13, real=0.12 secs] 
2021-04-01T07:14:03.248+0200: 51.318: [GC (Allocation Failure) [PSYoungGen: 7158920K->891582K(7646208K)] 10696683K->4945030K(12856320K), 0.1224296 secs] [Times: user=0.90 sys=3.51, real=0.13 secs] 
2021-04-01T07:14:10.435+0200: 58.505: [GC (Allocation Failure) [PSYoungGen: 7453886K->1181679K(9341952K)] 11507334K->6228041K(14552064K), 0.2127490 secs] [Times: user=1.26 sys=7.54, real=0.21 secs] 
2021-04-01T07:14:10.648+0200: 58.718: [Full GC (Ergonomics) [PSYoungGen: 1181679K->517405K(9341952K)] [ParOldGen: 5046362K->5209825K(8269824K)] 6228041K->5727230K(17611776K), [Metaspace: 50471K->50471K(53248K)], 0.3469440 secs] [Times: user=7.62 sys=3.32, real=0.35 secs] 
2021-04-01T07:14:21.383+0200: 69.454: [GC (Allocation Failure) [PSYoungGen: 8677661K->1136877K(9892864K)] 13887486K->6864183K(18162688K), 0.1438053 secs] [Times: user=0.89 sys=4.46, real=0.14 secs] 
2021-04-01T07:14:30.706+0200: 78.777: [GC (Allocation Failure) [PSYoungGen: 9297133K->678102K(11540480K)] 15024439K->7408041K(19810304K), 0.1622629 secs] [Times: user=1.11 sys=5.53, real=0.16 secs] 
2021-04-01T07:14:40.939+0200: 89.009: [GC (Allocation Failure) [PSYoungGen: 10647766K->1284968K(11666944K)] 17377705K->8608179K(19936768K), 0.1151559 secs] [Times: user=1.35 sys=2.86, real=0.11 secs] 
2021-04-01T07:14:41.054+0200: 89.125: [Full GC (Ergonomics) [PSYoungGen: 1284968K->0K(11666944K)] [ParOldGen: 7323211K->5059872K(8666624K)] 8608179K->5059872K(20333568K), [Metaspace: 50799K->50799K(53248K)], 0.3813616 secs] [Times: user=8.20 sys=1.87, real=0.38 secs] 
2021-04-01T07:14:53.306+0200: 101.376: [GC (Allocation Failure) [PSYoungGen: 9969664K->1810922K(13579264K)] 15029536K->6924538K(22245888K), 0.2252801 secs] [Times: user=0.97 sys=8.37, real=0.23 secs] 
2021-04-01T07:15:07.187+0200: 115.258: [GC (Allocation Failure) [PSYoungGen: 13579242K->1371651K(13880320K)] 18692858K->8084662K(22546944K), 0.1384845 secs] [Times: user=2.38 sys=2.60, real=0.14 secs] 
2021-04-01T07:15:20.211+0200: 128.282: [GC (Allocation Failure) [PSYoungGen: 13139971K->1317042K(16322560K)] 19852982K->9239669K(24989184K), 0.1801549 secs] [Times: user=1.81 sys=5.50, real=0.18 secs] 
2021-04-01T07:15:20.392+0200: 128.462: [Full GC (Ergonomics) [PSYoungGen: 1317042K->0K(16322560K)] [ParOldGen: 7922627K->5131684K(9600000K)] 9239669K->5131684K(25922560K), [Metaspace: 51012K->51012K(53248K)], 0.4057133 secs] [Times: user=8.51 sys=0.90, real=0.40 secs] 
2021-04-01T07:15:36.534+0200: 144.604: [GC (Allocation Failure) [PSYoungGen: 14151680K->2190832K(16342528K)] 19283364K->7324228K(25942528K), 0.1378456 secs] [Times: user=2.29 sys=3.07, real=0.14 secs] 
2021-04-01T07:15:56.611+0200: 164.681: [GC (Allocation Failure) [PSYoungGen: 16342512K->1822923K(19352064K)] 21475908K->8884554K(28952064K), 0.2528948 secs] [Times: user=2.63 sys=7.71, real=0.25 secs] 
2021-04-01T07:16:15.716+0200: 183.786: [GC (Allocation Failure) [PSYoungGen: 18653387K->2650091K(19480576K)] 25715018K->11504368K(29080576K), 0.3265292 secs] [Times: user=3.12 sys=10.14, real=0.33 secs] 
2021-04-01T07:16:16.043+0200: 184.113: [Full GC (Ergonomics) [PSYoungGen: 2650091K->0K(19480576K)] [ParOldGen: 8854276K->5370772K(10895872K)] 11504368K->5370772K(30376448K), [Metaspace: 51165K->51165K(53248K)], 0.4584599 secs] [Times: user=8.74 sys=2.00, real=0.46 secs] 
2021-04-01T07:16:37.280+0200: 205.350: [GC (Allocation Failure) [PSYoungGen: 16830464K->2559753K(22940672K)] 22201236K->7930525K(33836544K), 0.3010340 secs] [Times: user=1.21 sys=10.91, real=0.30 secs] 
2021-04-01T07:17:10.859+0200: 238.929: [GC (Allocation Failure) [PSYoungGen: 21785353K->1293811K(23113728K)] 27156125K->8559283K(34009600K), 0.1251377 secs] [Times: user=4.40 sys=0.00, real=0.12 secs] 
2021-04-01T07:17:38.894+0200: 266.965: [GC (Allocation Failure) [PSYoungGen: 20519411K->1697668K(25164800K)] 27784883K->9790195K(36060672K), 0.2242791 secs] [Times: user=1.84 sys=7.07, real=0.23 secs] 
2021-04-01T07:18:10.725+0200: 298.795: [GC (Allocation Failure) [PSYoungGen: 23597444K->3544559K(25444352K)] 31689971K->11658609K(36340224K), 0.2336336 secs] [Times: user=4.19 sys=5.13, real=0.24 secs] 
2021-04-01T07:18:37.419+0200: 325.489: [GC (Allocation Failure) [PSYoungGen: 25444335K->3373014K(28534784K)] 33558385K->13452316K(39430656K), 0.4679335 secs] [Times: user=3.56 sys=16.09, real=0.46 secs] 
2021-04-01T07:18:37.887+0200: 325.958: [Full GC (Ergonomics) [PSYoungGen: 3373014K->0K(28534784K)] [ParOldGen: 10079301K->4825034K(11021312K)] 13452316K->4825034K(39556096K), [Metaspace: 51188K->51188K(53248K)], 0.4888422 secs] [Times: user=8.38 sys=3.24, real=0.49 secs] 
2021-04-01T07:19:00.617+0200: 348.688: [GC (Allocation Failure) [PSYoungGen: 24452096K->4442104K(28894208K)] 29277130K->9282629K(39915520K), 0.2703867 secs] [Times: user=3.62 sys=6.24, real=0.27 secs] 
2021-04-01T07:19:36.998+0200: 385.068: [GC (Allocation Failure) [PSYoungGen: 28894200K->3422411K(33350656K)] 33734725K->11217969K(44371968K), 0.4113851 secs] [Times: user=3.00 sys=13.22, real=0.40 secs] 
2021-04-01T07:19:37.410+0200: 385.480: [Full GC (Ergonomics) [PSYoungGen: 3422411K->0K(33350656K)] [ParOldGen: 7795558K->5594675K(12770304K)] 11217969K->5594675K(46120960K), [Metaspace: 51199K->51199K(53248K)], 0.4086516 secs] [Times: user=8.38 sys=2.59, real=0.42 secs] 
2021-04-01T07:20:15.456+0200: 423.527: [GC (Allocation Failure) [PSYoungGen: 28226560K->4267245K(33512960K)] 33821235K->9861921K(46283264K), 0.1646549 secs] [Times: user=4.84 sys=1.01, real=0.17 secs] 
2021-04-01T07:20:53.010+0200: 461.080: [GC (Allocation Failure) [PSYoungGen: 32493805K->3947676K(37342208K)] 38088481K->11092930K(50112512K), 0.4978153 secs] [Times: user=2.43 sys=18.00, real=0.50 secs] 
2021-04-01T07:21:39.399+0200: 507.469: [GC (Allocation Failure) [PSYoungGen: 35577500K->3944871K(37554176K)] 42722754K->11791110K(50324480K), 0.2596611 secs] [Times: user=5.16 sys=3.99, real=0.26 secs] 
2021-04-01T07:22:29.669+0200: 557.740: [GC (Allocation Failure) [PSYoungGen: 35574695K->1880307K(40820224K)] 43420934K->10223769K(53590528K), 0.2445461 secs] [Times: user=2.74 sys=6.63, real=0.25 secs] 
2021-04-01T07:23:23.206+0200: 611.277: [GC (Allocation Failure) [PSYoungGen: 37228275K->2752018K(41247232K)] 45571737K->11095479K(54017536K), 0.1761782 secs] [Times: user=3.91 sys=2.53, real=0.18 secs] 
2021-04-01T07:24:03.066+0200: 651.137: [GC (Allocation Failure) [PSYoungGen: 38099986K->5600755K(43157504K)] 46443447K->16117887K(55927808K), 0.7528394 secs] [Times: user=5.08 sys=25.18, real=0.76 secs] 
2021-04-01T07:24:03.819+0200: 651.890: [Full GC (Ergonomics) [PSYoungGen: 5600755K->0K(43157504K)] [ParOldGen: 10517132K->7460128K(14842368K)] 16117887K->7460128K(57999872K), [Metaspace: 51249K->51249K(53248K)], 0.5986534 secs] [Times: user=11.26 sys=4.88, real=0.60 secs] 
2021-04-01T07:24:55.122+0200: 703.193: [GC (Allocation Failure) [PSYoungGen: 37556736K->5442057K(44745728K)] 45016864K->12902185K(59588096K), 0.1937088 secs] [Times: user=5.26 sys=0.72, real=0.19 secs] 
2021-04-01T07:26:00.815+0200: 768.886: [GC (Allocation Failure) [PSYoungGen: 42998793K->3237788K(48970240K)] 50458921K->11669001K(63812608K), 0.3804090 secs] [Times: user=2.25 sys=12.61, real=0.38 secs] 
2021-04-01T07:27:09.193+0200: 837.263: [GC (Allocation Failure) [PSYoungGen: 45549468K->2692008K(49543168K)] 53980681K->11284271K(64385536K), 0.2425217 secs] [Times: user=4.05 sys=5.08, real=0.24 secs] 
2021-04-01T07:28:07.957+0200: 896.028: [GC (Allocation Failure) [PSYoungGen: 45003688K->4767178K(53492224K)] 53595951K->13359441K(68334592K), 0.6772661 secs] [Times: user=2.60 sys=19.00, real=0.68 secs] 
2021-04-01T07:28:58.397+0200: 946.467: [GC (GCLocker Initiated GC) [PSYoungGen: 51288010K->7136752K(53657600K)] 59880305K->16215354K(68499968K), 0.2784917 secs] [Times: user=9.30 sys=1.48, real=0.28 secs] 
2021-04-01T07:29:51.018+0200: 999.088: [GC (Allocation Failure) [PSYoungGen: 53657584K->3899246K(52535296K)] 62736195K->13090142K(67377664K), 0.1650335 secs] [Times: user=5.86 sys=0.01, real=0.17 secs] 
2021-04-01T07:31:12.482+0200: 1080.552: [GC (Allocation Failure) [PSYoungGen: 49130862K->3808283K(53096448K)] 58321758K->12999178K(67938816K), 0.1560818 secs] [Times: user=5.24 sys=0.01, real=0.16 secs] 
2021-04-01T07:32:05.872+0200: 1133.942: [GC (Allocation Failure) [PSYoungGen: 49039899K->7482355K(51319296K)] 58230794K->16967609K(66161664K), 0.4591308 secs] [Times: user=7.28 sys=11.31, real=0.46 secs] 
2021-04-01T07:33:24.903+0200: 1212.974: [GC (Allocation Failure) [PSYoungGen: 51319283K->4313706K(52399104K)] 60804537K->13801740K(67241472K), 0.1674454 secs] [Times: user=5.66 sys=0.00, real=0.17 secs] 
2021-04-01T07:34:25.237+0200: 1273.308: [GC (Allocation Failure) [PSYoungGen: 48150634K->5028876K(51765248K)] 57638668K->14516910K(66607616K), 0.1913298 secs] [Times: user=6.15 sys=0.01, real=0.19 secs] 
2021-04-01T07:35:29.147+0200: 1337.217: [GC (Allocation Failure) [PSYoungGen: 49280524K->4705273K(52289536K)] 58768558K->14193307K(67131904K), 0.1738133 secs] [Times: user=6.39 sys=0.00, real=0.18 secs] 
2021-04-01T07:36:18.789+0200: 1386.860: [GC (GCLocker Initiated GC) [PSYoungGen: 48956921K->4621086K(52174848K)] 58444961K->14109126K(67017216K), 0.1906832 secs] [Times: user=7.08 sys=0.06, real=0.20 secs] 
2021-04-01T07:37:11.614+0200: 1439.685: [GC (Allocation Failure) [PSYoungGen: 49745182K->5246322K(52668416K)] 59233482K->14734622K(67510784K), 0.2125158 secs] [Times: user=8.09 sys=0.07, real=0.21 secs] 
2021-04-01T07:37:59.397+0200: 1487.467: [GC (Allocation Failure) [PSYoungGen: 50370418K->6480946K(52561920K)] 59858718K->15969246K(67404288K), 0.2302182 secs] [Times: user=8.55 sys=0.00, real=0.23 secs] 
2021-04-01T07:38:47.806+0200: 1535.877: [GC (Allocation Failure) [PSYoungGen: 51503666K->7896185K(52919296K)] 60991966K->17384485K(67761664K), 0.2633595 secs] [Times: user=9.67 sys=0.01, real=0.26 secs] 
2021-04-01T07:39:36.692+0200: 1584.763: [GC (Allocation Failure) [PSYoungGen: 52918905K->8041952K(49712128K)] 62407205K->17746551K(64554496K), 0.3311974 secs] [Times: user=9.60 sys=3.66, real=0.33 secs] 
2021-04-01T07:40:26.843+0200: 1634.913: [GC (Allocation Failure) [PSYoungGen: 49712096K->5601123K(51315712K)] 59416695K->15350541K(66158080K), 0.1930640 secs] [Times: user=7.28 sys=0.02, real=0.19 secs] 
2021-04-01T07:41:14.120+0200: 1682.191: [GC (Allocation Failure) [PSYoungGen: 47271267K->6113435K(50746368K)] 57020685K->15862853K(65588736K), 0.2260316 secs] [Times: user=7.31 sys=0.04, real=0.22 secs] 
2021-04-01T07:42:00.687+0200: 1728.758: [GC (Allocation Failure) [PSYoungGen: 48117403K->6869236K(51197952K)] 57866821K->16618654K(66040320K), 0.2306532 secs] [Times: user=8.70 sys=0.03, real=0.23 secs] 
2021-04-01T07:42:44.256+0200: 1772.326: [GC (Allocation Failure) [PSYoungGen: 48873204K->6426334K(51678208K)] 58622622K->16175752K(66520576K), 0.2172243 secs] [Times: user=8.44 sys=0.05, real=0.22 secs] 
Heap
 PSYoungGen      total 51678208K, used 45058312K [0x00007fe5e0380000, 0x00007ff469000000, 0x00007ff469000000)
  eden space 42330624K, 91% used [0x00007fe5e0380000,0x00007fef1620a868,0x00007feff7e00000)
  from space 9347584K, 68% used [0x00007ff22e780000,0x00007ff3b6b379e0,0x00007ff469000000)
  to   space 9283072K, 0% used [0x00007feff7e00000,0x00007feff7e00000,0x00007ff22e780000)
 ParOldGen       total 14842368K, used 9749417K [0x00007fc8cea00000, 0x00007fcc58880000, 0x00007fe5e0380000)
  object space 14842368K, 65% used [0x00007fc8cea00000,0x00007fcb21aea750,0x00007fcc58880000)
 Metaspace       used 51564K, capacity 52342K, committed 53248K, reserved 53248K
