Java HotSpot(TM) 64-Bit Server VM (25.131-b11) for linux-amd64 JRE (1.8.0_131-b11), built on Mar 15 2017 01:23:40 by "java_re" with gcc 4.3.0 20080428 (Red Hat 4.3.0-8)
Memory: 4k page, physical 196649792k(182659920k free), swap 3905532k(3905532k free)
CommandLine flags: -XX:InitialHeapSize=2147483648 -XX:MaxHeapSize=187272527872 -XX:+PrintGC -XX:+PrintGCDateStamps -XX:+PrintGCDetails -XX:+PrintGCTimeStamps -XX:+UseParallelGC 
2021-04-01T07:13:13.163+0200: 1.230: [GC (Metadata GC Threshold) [PSYoungGen: 404765K->37473K(611840K)] 404765K->37561K(2010112K), 0.0273518 secs] [Times: user=0.43 sys=0.02, real=0.03 secs] 
2021-04-01T07:13:13.191+0200: 1.257: [Full GC (Metadata GC Threshold) [PSYoungGen: 37473K->0K(611840K)] [ParOldGen: 88K->36136K(844288K)] 37561K->36136K(1456128K), [Metaspace: 20779K->20779K(22528K)], 0.0317803 secs] [Times: user=0.44 sys=0.06, real=0.03 secs] 
2021-04-01T07:13:15.151+0200: 3.217: [GC (Metadata GC Threshold) [PSYoungGen: 452186K->87010K(826368K)] 488322K->134868K(1670656K), 0.0261104 secs] [Times: user=0.52 sys=0.08, real=0.02 secs] 
2021-04-01T07:13:15.177+0200: 3.243: [Full GC (Metadata GC Threshold) [PSYoungGen: 87010K->0K(826368K)] [ParOldGen: 47857K->122177K(1407488K)] 134868K->122177K(2233856K), [Metaspace: 34852K->34736K(36864K)], 0.0428503 secs] [Times: user=0.49 sys=0.08, real=0.05 secs] 
2021-04-01T07:13:16.872+0200: 4.938: [GC (Allocation Failure) [PSYoungGen: 739328K->87016K(1136640K)] 861505K->260587K(2544128K), 0.0365457 secs] [Times: user=0.73 sys=0.35, real=0.03 secs] 
2021-04-01T07:13:17.370+0200: 5.436: [GC (Allocation Failure) [PSYoungGen: 1136616K->87032K(1156608K)] 1310187K->263113K(2564096K), 0.0097483 secs] [Times: user=0.25 sys=0.01, real=0.02 secs] 
2021-04-01T07:13:18.836+0200: 6.902: [GC (Allocation Failure) [PSYoungGen: 1156600K->87035K(1156608K)] 1332681K->391995K(2564096K), 0.0261572 secs] [Times: user=0.58 sys=0.13, real=0.03 secs] 
2021-04-01T07:13:20.855+0200: 8.922: [GC (Allocation Failure) [PSYoungGen: 1156603K->144972K(1726464K)] 1461563K->449940K(3133952K), 0.0265303 secs] [Times: user=0.35 sys=0.17, real=0.03 secs] 
2021-04-01T07:13:24.520+0200: 12.586: [GC (Allocation Failure) [PSYoungGen: 1669196K->222717K(1746944K)] 1974164K->661647K(3154432K), 0.0368138 secs] [Times: user=0.31 sys=0.64, real=0.03 secs] 
2021-04-01T07:13:26.692+0200: 14.758: [GC (Allocation Failure) [PSYoungGen: 1746941K->326651K(2360832K)] 2185871K->861764K(3768320K), 0.0631639 secs] [Times: user=0.95 sys=0.73, real=0.06 secs] 
2021-04-01T07:13:29.737+0200: 17.804: [GC (Allocation Failure) [PSYoungGen: 2360827K->423397K(2457600K)] 2895940K->1181780K(3865088K), 0.0822465 secs] [Times: user=0.92 sys=1.92, real=0.09 secs] 
2021-04-01T07:13:32.678+0200: 20.744: [GC (Allocation Failure) [PSYoungGen: 2457573K->583653K(3004928K)] 3215956K->1603821K(4412416K), 0.0959282 secs] [Times: user=0.41 sys=3.51, real=0.10 secs] 
2021-04-01T07:13:34.920+0200: 22.987: [GC (Allocation Failure) [PSYoungGen: 3004901K->774139K(3195392K)] 4025069K->1993708K(4602880K), 0.0767886 secs] [Times: user=0.80 sys=2.50, real=0.07 secs] 
2021-04-01T07:13:34.997+0200: 23.064: [Full GC (Ergonomics) [PSYoungGen: 774139K->471862K(3195392K)] [ParOldGen: 1219569K->1407422K(3289088K)] 1993708K->1879285K(6484480K), [Metaspace: 39815K->39635K(40960K)], 0.1704545 secs] [Times: user=3.53 sys=1.39, real=0.17 secs] 
2021-04-01T07:13:38.284+0200: 26.351: [GC (Allocation Failure) [PSYoungGen: 2893110K->832789K(4061696K)] 4300533K->2481928K(7350784K), 0.1098777 secs] [Times: user=0.55 sys=3.48, real=0.11 secs] 
2021-04-01T07:13:42.088+0200: 30.154: [GC (Allocation Failure) [PSYoungGen: 3918101K->372121K(4173824K)] 5567240K->2741523K(7462912K), 0.0964771 secs] [Times: user=0.59 sys=2.76, real=0.10 secs] 
2021-04-01T07:13:45.656+0200: 33.723: [GC (Allocation Failure) [PSYoungGen: 3457433K->421263K(5032448K)] 5826835K->3114326K(8321536K), 0.0640155 secs] [Times: user=0.53 sys=1.86, real=0.07 secs] 
2021-04-01T07:13:50.909+0200: 38.976: [GC (Allocation Failure) [PSYoungGen: 4578703K->667268K(5128192K)] 7271766K->3725765K(8417280K), 0.0652317 secs] [Times: user=0.65 sys=1.89, real=0.07 secs] 
2021-04-01T07:13:50.975+0200: 39.041: [Full GC (Ergonomics) [PSYoungGen: 667268K->343318K(5128192K)] [ParOldGen: 3058496K->3288736K(5923328K)] 3725765K->3632054K(11051520K), [Metaspace: 51311K->50241K(53248K)], 0.5140792 secs] [Times: user=16.20 sys=2.56, real=0.51 secs] 
2021-04-01T07:13:56.208+0200: 44.274: [GC (Allocation Failure) [PSYoungGen: 4500758K->537167K(6196736K)] 7789494K->4168496K(12120064K), 0.0858239 secs] [Times: user=0.51 sys=2.93, real=0.09 secs] 
2021-04-01T07:14:02.607+0200: 50.673: [GC (Allocation Failure) [PSYoungGen: 5909583K->727430K(6362624K)] 9540912K->4834929K(12285952K), 0.0891230 secs] [Times: user=0.89 sys=2.64, real=0.09 secs] 
2021-04-01T07:14:08.006+0200: 56.072: [GC (Allocation Failure) [PSYoungGen: 6099846K->1040377K(7011840K)] 10207345K->5824051K(12935168K), 0.2005246 secs] [Times: user=1.08 sys=6.39, real=0.20 secs] 
2021-04-01T07:14:16.574+0200: 64.641: [GC (Allocation Failure) [PSYoungGen: 7011833K->1205423K(7414784K)] 11795507K->6914695K(13338112K), 0.1526913 secs] [Times: user=1.45 sys=5.06, real=0.15 secs] 
2021-04-01T07:14:16.727+0200: 64.793: [Full GC (Ergonomics) [PSYoungGen: 1205423K->96673K(7414784K)] [ParOldGen: 5709271K->5923311K(9322496K)] 6914695K->6019984K(16737280K), [Metaspace: 50519K->50519K(53248K)], 0.3679050 secs] [Times: user=8.50 sys=3.58, real=0.37 secs] 
2021-04-01T07:14:24.491+0200: 72.557: [GC (Allocation Failure) [PSYoungGen: 6068129K->596086K(8548864K)] 11991440K->6615213K(17871360K), 0.0883281 secs] [Times: user=1.24 sys=2.27, real=0.09 secs] 
2021-04-01T07:14:31.909+0200: 79.975: [GC (Allocation Failure) [PSYoungGen: 7749238K->675818K(8654848K)] 13768365K->7222362K(17977344K), 0.0856750 secs] [Times: user=0.98 sys=1.57, real=0.09 secs] 
2021-04-01T07:14:39.146+0200: 87.212: [GC (Allocation Failure) [PSYoungGen: 7828970K->1425889K(9678848K)] 14375514K->8057062K(19001344K), 0.1761178 secs] [Times: user=1.26 sys=5.86, real=0.18 secs] 
2021-04-01T07:14:48.901+0200: 96.968: [GC (Allocation Failure) [PSYoungGen: 9678817K->1646706K(9918464K)] 16309990K->9549327K(19240960K), 0.1997375 secs] [Times: user=1.93 sys=5.12, real=0.20 secs] 
2021-04-01T07:14:58.623+0200: 106.689: [GC (Allocation Failure) [PSYoungGen: 9899634K->1236042K(11757056K)] 17802255K->10587211K(21119488K), 0.2455451 secs] [Times: user=1.33 sys=8.80, real=0.24 secs] 
2021-04-01T07:14:58.869+0200: 106.935: [Full GC (Ergonomics) [PSYoungGen: 1236042K->0K(11757056K)] [ParOldGen: 9351168K->5458795K(9876992K)] 10587211K->5458795K(21634048K), [Metaspace: 50900K->50900K(53248K)], 0.4763182 secs] [Times: user=9.48 sys=3.65, real=0.48 secs] 
2021-04-01T07:15:10.927+0200: 118.993: [GC (Allocation Failure) [PSYoungGen: 9848832K->1010183K(11799040K)] 15307627K->6468987K(21676032K), 0.0488573 secs] [Times: user=1.76 sys=0.00, real=0.05 secs] 
2021-04-01T07:15:22.783+0200: 130.850: [GC (Allocation Failure) [PSYoungGen: 10859015K->1301023K(13125632K)] 16317819K->7647243K(23002624K), 0.1669016 secs] [Times: user=1.74 sys=5.13, real=0.17 secs] 
2021-04-01T07:15:36.047+0200: 144.113: [GC (Allocation Failure) [PSYoungGen: 12532767K->1947134K(13178880K)] 18878987K->9419008K(23055872K), 0.1614487 secs] [Times: user=4.06 sys=2.38, real=0.16 secs] 
2021-04-01T07:15:55.645+0200: 163.711: [GC (Allocation Failure) [PSYoungGen: 13178878K->1048792K(14966272K)] 20650752K->10203450K(24843264K), 0.1676110 secs] [Times: user=2.65 sys=4.20, real=0.17 secs] 
2021-04-01T07:15:55.812+0200: 163.879: [Full GC (Ergonomics) [PSYoungGen: 1048792K->0K(14966272K)] [ParOldGen: 9154658K->4126755K(9458688K)] 10203450K->4126755K(24424960K), [Metaspace: 51111K->51111K(55296K)], 0.3431560 secs] [Times: user=6.77 sys=0.62, real=0.34 secs] 
2021-04-01T07:16:16.688+0200: 184.754: [GC (Allocation Failure) [PSYoungGen: 12689408K->1238823K(15194112K)] 16816163K->5365586K(24652800K), 0.0942799 secs] [Times: user=2.89 sys=0.07, real=0.10 secs] 
2021-04-01T07:16:33.876+0200: 201.942: [GC (Allocation Failure) [PSYoungGen: 13928231K->2406880K(16305152K)] 18054994K->6784287K(25763840K), 0.2769106 secs] [Times: user=1.82 sys=9.27, real=0.28 secs] 
2021-04-01T07:16:52.627+0200: 220.693: [GC (Allocation Failure) [PSYoungGen: 16305120K->2841063K(16739328K)] 20682527K->8272235K(26198016K), 0.3052112 secs] [Times: user=3.82 sys=4.18, real=0.31 secs] 
2021-04-01T07:17:09.770+0200: 237.836: [GC (Allocation Failure) [PSYoungGen: 16739303K->1665674K(19239936K)] 22170475K->9354662K(28698624K), 0.2463652 secs] [Times: user=2.96 sys=7.17, real=0.25 secs] 
2021-04-01T07:17:10.016+0200: 238.082: [Full GC (Ergonomics) [PSYoungGen: 1665674K->0K(19239936K)] [ParOldGen: 7688987K->4624060K(10863616K)] 9354662K->4624060K(30103552K), [Metaspace: 51199K->51199K(55296K)], 0.4277201 secs] [Times: user=8.44 sys=0.96, real=0.43 secs] 
2021-04-01T07:17:28.652+0200: 256.719: [GC (Allocation Failure) [PSYoungGen: 15903744K->2403796K(19384320K)] 20527804K->7027856K(30247936K), 0.0896480 secs] [Times: user=3.13 sys=0.00, real=0.09 secs] 
2021-04-01T07:17:43.721+0200: 271.787: [GC (Allocation Failure) [PSYoungGen: 18307540K->2649200K(21227008K)] 22931600K->9393396K(32090624K), 0.3402187 secs] [Times: user=3.09 sys=11.17, real=0.34 secs] 
2021-04-01T07:18:00.006+0200: 288.072: [GC (Allocation Failure) [PSYoungGen: 20276848K->3211753K(21401600K)] 27021044K->12286121K(32265216K), 0.1895946 secs] [Times: user=5.63 sys=1.42, real=0.19 secs] 
2021-04-01T07:18:00.196+0200: 288.262: [Full GC (Ergonomics) [PSYoungGen: 3211753K->0K(21401600K)] [ParOldGen: 9074368K->7042254K(14366720K)] 12286121K->7042254K(35768320K), [Metaspace: 51216K->51216K(55296K)], 0.4547098 secs] [Times: user=10.42 sys=0.88, real=0.46 secs] 
2021-04-01T07:18:26.953+0200: 315.020: [GC (Allocation Failure) [PSYoungGen: 17627648K->1607051K(23593984K)] 24669902K->8649306K(37960704K), 0.2049892 secs] [Times: user=0.96 sys=7.18, real=0.21 secs] 
2021-04-01T07:18:56.587+0200: 344.654: [GC (Allocation Failure) [PSYoungGen: 21480331K->2639029K(23813632K)] 28522586K->10611418K(38180352K), 0.1412605 secs] [Times: user=4.36 sys=0.82, real=0.14 secs] 
2021-04-01T07:19:30.159+0200: 378.225: [GC (Allocation Failure) [PSYoungGen: 22512309K->3957718K(25681408K)] 30484698K->11930107K(40048128K), 0.4472714 secs] [Times: user=2.00 sys=16.32, real=0.44 secs] 
2021-04-01T07:19:58.865+0200: 406.931: [GC (Allocation Failure) [PSYoungGen: 25620438K->3966843K(26219008K)] 33592827K->12470874K(40585728K), 0.1568909 secs] [Times: user=5.15 sys=0.00, real=0.16 secs] 
2021-04-01T07:20:21.571+0200: 429.637: [GC (Allocation Failure) [PSYoungGen: 25629563K->4988902K(27942912K)] 34133594K->14691690K(42309632K), 0.5524570 secs] [Times: user=4.02 sys=18.73, real=0.55 secs] 
2021-04-01T07:20:53.046+0200: 461.113: [GC (Allocation Failure) [PSYoungGen: 27942886K->4985086K(29105152K)] 37645674K->15074733K(43471872K), 0.2418086 secs] [Times: user=6.55 sys=3.22, real=0.24 secs] 
2021-04-01T07:21:33.405+0200: 501.471: [GC (GCLocker Initiated GC) [PSYoungGen: 27939070K->2355768K(31127040K)] 38028735K->12561239K(45493760K), 0.1426024 secs] [Times: user=3.27 sys=1.70, real=0.14 secs] 
2021-04-01T07:22:12.192+0200: 540.259: [GC (Allocation Failure) [PSYoungGen: 27618872K->4221333K(31640064K)] 37824349K->14426810K(46006784K), 0.1517379 secs] [Times: user=5.80 sys=0.00, real=0.15 secs] 
2021-04-01T07:22:49.278+0200: 577.344: [GC (Allocation Failure) [PSYoungGen: 29484437K->4930817K(33745920K)] 39689914K->15136294K(48112640K), 0.5355161 secs] [Times: user=2.42 sys=19.85, real=0.54 secs] 
2021-04-01T07:23:23.122+0200: 611.188: [GC (Allocation Failure) [PSYoungGen: 32153857K->6167643K(34103808K)] 42359334K->16373119K(48470528K), 0.2058836 secs] [Times: user=8.00 sys=0.00, real=0.20 secs] 
2021-04-01T07:24:11.107+0200: 659.174: [GC (Allocation Failure) [PSYoungGen: 33390683K->2873694K(36422656K)] 43596159K->13079171K(50789376K), 0.2058050 secs] [Times: user=2.80 sys=3.61, real=0.21 secs] 
2021-04-01T07:24:39.444+0200: 687.511: [GC (Allocation Failure) [PSYoungGen: 32494430K->5736058K(36925952K)] 42699907K->15941535K(51292672K), 0.1988765 secs] [Times: user=7.85 sys=0.01, real=0.20 secs] 
2021-04-01T07:25:24.658+0200: 732.725: [GC (Allocation Failure) [PSYoungGen: 35356794K->3915495K(39630848K)] 45562271K->14120971K(53997568K), 0.4828155 secs] [Times: user=2.80 sys=13.34, real=0.49 secs] 
2021-04-01T07:26:34.225+0200: 802.291: [GC (Allocation Failure) [PSYoungGen: 36260583K->2080885K(39794176K)] 46466059K->12286361K(54160896K), 0.1049865 secs] [Times: user=2.61 sys=0.07, real=0.10 secs] 
2021-04-01T07:27:16.435+0200: 844.502: [GC (Allocation Failure) [PSYoungGen: 34425973K->4248008K(42174464K)] 44631449K->14453492K(56541184K), 0.3749268 secs] [Times: user=3.79 sys=10.74, real=0.38 secs] 
2021-04-01T07:28:02.718+0200: 890.784: [GC (Allocation Failure) [PSYoungGen: 39178184K->6022084K(42161152K)] 49383668K->16227568K(56527872K), 0.2186946 secs] [Times: user=7.67 sys=0.11, real=0.22 secs] 
2021-04-01T07:28:47.503+0200: 935.569: [GC (Allocation Failure) [PSYoungGen: 40952260K->5475560K(45133312K)] 51157744K->15681044K(59500032K), 0.5534296 secs] [Times: user=3.09 sys=18.95, real=0.55 secs] 
2021-04-01T07:29:35.981+0200: 984.047: [GC (Allocation Failure) [PSYoungGen: 42845928K->4972330K(45344256K)] 53051412K->15177814K(59710976K), 0.1926659 secs] [Times: user=7.32 sys=0.01, real=0.19 secs] 
2021-04-01T07:30:36.033+0200: 1044.100: [GC (Allocation Failure) [PSYoungGen: 42342698K->2777688K(47289856K)] 52548182K->12983172K(61656576K), 0.1398819 secs] [Times: user=4.13 sys=0.94, real=0.14 secs] 
2021-04-01T07:31:27.565+0200: 1095.632: [GC (Allocation Failure) [PSYoungGen: 42775128K->5937182K(47774208K)] 52980612K->16142667K(62140928K), 0.2178680 secs] [Times: user=8.28 sys=0.14, real=0.22 secs] 
2021-04-01T07:32:06.193+0200: 1134.259: [GC (Allocation Failure) [PSYoungGen: 45934622K->7297870K(50033152K)] 56140107K->17510308K(64399872K), 0.8746234 secs] [Times: user=3.90 sys=32.51, real=0.87 secs] 
2021-04-01T07:33:07.857+0200: 1195.923: [GC (Allocation Failure) [PSYoungGen: 49207630K->3547905K(50795008K)] 59420068K->13762108K(65161728K), 0.1594625 secs] [Times: user=5.90 sys=0.02, real=0.16 secs] 
2021-04-01T07:33:51.681+0200: 1239.747: [GC (Allocation Failure) [PSYoungGen: 45457665K->7519689K(50883584K)] 55671868K->17734410K(65250304K), 0.3773786 secs] [Times: user=7.08 sys=8.04, real=0.37 secs] 
2021-04-01T07:34:55.386+0200: 1303.453: [GC (Allocation Failure) [PSYoungGen: 49799113K->2918980K(51620352K)] 60013834K->13134194K(65987072K), 0.1397444 secs] [Times: user=4.66 sys=0.01, real=0.14 secs] 
2021-04-01T07:36:05.267+0200: 1373.333: [GC (Allocation Failure) [PSYoungGen: 45198404K->2827443K(46943744K)] 55413618K->13043121K(61310464K), 0.1682883 secs] [Times: user=4.02 sys=0.05, real=0.17 secs] 
2021-04-01T07:37:17.197+0200: 1445.263: [GC (Allocation Failure) [PSYoungGen: 43186867K->3168858K(41703936K)] 53402545K->13385058K(56070656K), 0.2102237 secs] [Times: user=4.59 sys=0.08, real=0.21 secs] 
2021-04-01T07:38:11.128+0200: 1499.194: [GC (Allocation Failure) [PSYoungGen: 41703514K->4574268K(43154432K)] 51919714K->14790909K(57521152K), 0.2466563 secs] [Times: user=6.34 sys=0.07, real=0.25 secs] 
2021-04-01T07:38:53.012+0200: 1541.078: [GC (Allocation Failure) [PSYoungGen: 41374268K->5061492K(40212992K)] 51590909K->15278557K(54579712K), 0.2486548 secs] [Times: user=7.23 sys=0.07, real=0.25 secs] 
2021-04-01T07:39:30.890+0200: 1578.957: [GC (Allocation Failure) [PSYoungGen: 40212852K->5844875K(40628224K)] 50429917K->16062532K(54994944K), 0.2599853 secs] [Times: user=8.68 sys=0.05, real=0.26 secs] 
2021-04-01T07:40:02.908+0200: 1610.974: [GC (Allocation Failure) [PSYoungGen: 39429003K->6698740K(38793216K)] 49646660K->16916908K(53159936K), 0.2653320 secs] [Times: user=9.59 sys=0.24, real=0.27 secs] 
2021-04-01T07:40:33.544+0200: 1641.611: [GC (Allocation Failure) [PSYoungGen: 38792948K->8685101K(39912448K)] 49011116K->18903685K(54279168K), 0.2991655 secs] [Times: user=12.08 sys=0.00, real=0.30 secs] 
2021-04-01T07:41:00.377+0200: 1668.444: [GC (Allocation Failure) [PSYoungGen: 39726637K->9462450K(40965120K)] 49945221K->19681530K(55331840K), 0.3101678 secs] [Times: user=12.63 sys=0.00, real=0.31 secs] 
2021-04-01T07:41:23.655+0200: 1691.722: [GC (Allocation Failure) [PSYoungGen: 40503986K->10091383K(43447296K)] 50723066K->20311000K(57814016K), 0.7427472 secs] [Times: user=9.30 sys=21.71, real=0.74 secs] 
2021-04-01T07:41:48.819+0200: 1716.886: [GC (Allocation Failure) [PSYoungGen: 42487159K->10085995K(44577280K)] 52706776K->20306516K(58944000K), 0.3294828 secs] [Times: user=12.87 sys=0.00, real=0.32 secs] 
2021-04-01T07:42:40.410+0200: 1768.476: [GC (Allocation Failure) [PSYoungGen: 42481771K->1854608K(47669760K)] 52702292K->12095645K(62036480K), 0.0996466 secs] [Times: user=3.33 sys=0.04, real=0.10 secs] 
Heap
 PSYoungGen      total 47669760K, used 35511293K [0x00007f234c380000, 0x00007f31d5000000, 0x00007f31d5000000)
  eden space 34595328K, 97% used [0x00007f234c380000,0x00007f2b5275b268,0x00007f2b8bc00000)
  from space 13074432K, 14% used [0x00007f2eb7000000,0x00007f2f28324388,0x00007f31d5000000)
  to   space 13182976K, 0% used [0x00007f2b8bc00000,0x00007f2b8bc00000,0x00007f2eb0600000)
 ParOldGen       total 14366720K, used 10241037K [0x00007f063aa00000, 0x00007f09a7800000, 0x00007f234c380000)
  object space 14366720K, 71% used [0x00007f063aa00000,0x00007f08abb03450,0x00007f09a7800000)
 Metaspace       used 51523K, capacity 52184K, committed 53760K, reserved 55296K
