Java HotSpot(TM) 64-Bit Server VM (25.131-b11) for linux-amd64 JRE (1.8.0_131-b11), built on Mar 15 2017 01:23:40 by "java_re" with gcc 4.3.0 20080428 (Red Hat 4.3.0-8)
Memory: 4k page, physical 196649792k(182506540k free), swap 3905532k(3905532k free)
CommandLine flags: -XX:InitialHeapSize=2147483648 -XX:MaxHeapSize=187272527872 -XX:+PrintGC -XX:+PrintGCDateStamps -XX:+PrintGCDetails -XX:+PrintGCTimeStamps -XX:+UseParallelGC 
2021-04-01T07:13:13.201+0200: 1.259: [GC (Metadata GC Threshold) [PSYoungGen: 404751K->37346K(611840K)] 404751K->37434K(2010112K), 0.0250910 secs] [Times: user=0.44 sys=0.01, real=0.02 secs] 
2021-04-01T07:13:13.226+0200: 1.284: [Full GC (Metadata GC Threshold) [PSYoungGen: 37346K->0K(611840K)] [ParOldGen: 88K->36152K(908800K)] 37434K->36152K(1520640K), [Metaspace: 20778K->20778K(22528K)], 0.0490271 secs] [Times: user=1.11 sys=0.10, real=0.05 secs] 
2021-04-01T07:13:15.192+0200: 3.251: [GC (Metadata GC Threshold) [PSYoungGen: 458350K->82494K(765952K)] 494503K->135038K(1674752K), 0.0259259 secs] [Times: user=0.55 sys=0.08, real=0.03 secs] 
2021-04-01T07:13:15.218+0200: 3.277: [Full GC (Metadata GC Threshold) [PSYoungGen: 82494K->0K(765952K)] [ParOldGen: 52544K->121813K(1572352K)] 135038K->121813K(2338304K), [Metaspace: 34804K->34724K(36864K)], 0.0393148 secs] [Times: user=0.50 sys=0.10, real=0.03 secs] 
2021-04-01T07:13:16.881+0200: 4.940: [GC (Allocation Failure) [PSYoungGen: 683008K->87011K(1016832K)] 804821K->245636K(2589184K), 0.0324161 secs] [Times: user=0.51 sys=0.27, real=0.03 secs] 
2021-04-01T07:13:17.356+0200: 5.415: [GC (Allocation Failure) [PSYoungGen: 1016803K->4592K(1050112K)] 1175428K->255022K(2622464K), 0.0325485 secs] [Times: user=0.83 sys=0.22, real=0.04 secs] 
2021-04-01T07:13:20.148+0200: 8.207: [GC (Allocation Failure) [PSYoungGen: 1050096K->87037K(1132544K)] 1300526K->358325K(2704896K), 0.0162787 secs] [Times: user=0.40 sys=0.03, real=0.01 secs] 
2021-04-01T07:13:22.402+0200: 10.461: [GC (Allocation Failure) [PSYoungGen: 1132541K->146926K(1601536K)] 1403829K->482756K(3173888K), 0.0269351 secs] [Times: user=0.46 sys=0.31, real=0.03 secs] 
2021-04-01T07:13:24.880+0200: 12.939: [GC (Allocation Failure) [PSYoungGen: 1601518K->206330K(1660928K)] 1937348K->683977K(3233280K), 0.0340611 secs] [Times: user=0.43 sys=0.38, real=0.03 secs] 
2021-04-01T07:13:27.061+0200: 15.120: [GC (Allocation Failure) [PSYoungGen: 1660922K->312831K(2258944K)] 2138569K->857252K(3831296K), 0.0368482 secs] [Times: user=0.51 sys=0.51, real=0.03 secs] 
2021-04-01T07:13:30.577+0200: 18.636: [GC (Allocation Failure) [PSYoungGen: 2258943K->395771K(2341888K)] 2803364K->1354416K(3914240K), 0.0782218 secs] [Times: user=0.62 sys=1.90, real=0.08 secs] 
2021-04-01T07:13:32.741+0200: 20.800: [GC (Allocation Failure) [PSYoungGen: 2341883K->535312K(2974208K)] 3300528K->1676784K(4546560K), 0.0652787 secs] [Times: user=0.43 sys=1.94, real=0.07 secs] 
2021-04-01T07:13:34.910+0200: 22.969: [GC (Allocation Failure) [PSYoungGen: 2880272K->699369K(3044352K)] 4021744K->1978290K(4616704K), 0.0782020 secs] [Times: user=0.67 sys=2.54, real=0.08 secs] 
2021-04-01T07:13:38.261+0200: 26.320: [GC (Allocation Failure) [PSYoungGen: 3044329K->803855K(3752960K)] 4323250K->2496542K(5454336K), 0.1319429 secs] [Times: user=0.54 sys=3.78, real=0.13 secs] 
2021-04-01T07:13:38.394+0200: 26.452: [Full GC (Ergonomics) [PSYoungGen: 803855K->676607K(3752960K)] [ParOldGen: 1692686K->1700901K(3884544K)] 2496542K->2377508K(7637504K), [Metaspace: 51051K->50124K(53248K)], 0.2322269 secs] [Times: user=5.03 sys=1.75, real=0.23 secs] 
2021-04-01T07:13:41.654+0200: 29.713: [GC (Allocation Failure) [PSYoungGen: 3563775K->884323K(3875328K)] 5264676K->2779447K(7759872K), 0.0602341 secs] [Times: user=1.02 sys=1.36, real=0.06 secs] 
2021-04-01T07:13:44.824+0200: 32.883: [GC (Allocation Failure) [PSYoungGen: 3771491K->338327K(4935680K)] 5666615K->3017958K(8820224K), 0.1280090 secs] [Times: user=0.62 sys=4.68, real=0.13 secs] 
2021-04-01T07:13:49.903+0200: 37.962: [GC (Allocation Failure) [PSYoungGen: 4213655K->665991K(4936704K)] 6893286K->3638170K(8821248K), 0.0544672 secs] [Times: user=0.70 sys=1.42, real=0.05 secs] 
2021-04-01T07:13:54.051+0200: 42.109: [GC (Allocation Failure) [PSYoungGen: 4541319K->416482K(6047744K)] 7513498K->3964936K(9932288K), 0.0950433 secs] [Times: user=0.57 sys=3.25, real=0.09 secs] 
2021-04-01T07:13:54.146+0200: 42.205: [Full GC (Ergonomics) [PSYoungGen: 416482K->714K(6047744K)] [ParOldGen: 3548453K->3884172K(6910464K)] 3964936K->3884886K(12958208K), [Metaspace: 50172K->50172K(53248K)], 0.4901811 secs] [Times: user=14.90 sys=2.53, real=0.49 secs] 
2021-04-01T07:13:59.826+0200: 47.885: [GC (Allocation Failure) [PSYoungGen: 5091530K->641475K(6119424K)] 8975702K->4525671K(13029888K), 0.0729816 secs] [Times: user=0.80 sys=1.83, real=0.08 secs] 
2021-04-01T07:14:06.400+0200: 54.459: [GC (Allocation Failure) [PSYoungGen: 5732291K->1044466K(6738944K)] 9616487K->5446455K(13649408K), 0.1881492 secs] [Times: user=0.62 sys=7.08, real=0.19 secs] 
2021-04-01T07:14:13.468+0200: 61.527: [GC (Allocation Failure) [PSYoungGen: 6738930K->1296827K(7088640K)] 11140919K->6625768K(13999104K), 0.1763349 secs] [Times: user=1.13 sys=6.21, real=0.17 secs] 
2021-04-01T07:14:21.384+0200: 69.443: [GC (Allocation Failure) [PSYoungGen: 6991291K->713414K(8299008K)] 12320232K->7185602K(15209472K), 0.2103544 secs] [Times: user=0.66 sys=7.55, real=0.21 secs] 
2021-04-01T07:14:21.595+0200: 69.653: [Full GC (Ergonomics) [PSYoungGen: 713414K->0K(8299008K)] [ParOldGen: 6472187K->5825465K(9797120K)] 7185602K->5825465K(18096128K), [Metaspace: 50548K->50548K(53248K)], 0.3696695 secs] [Times: user=7.71 sys=3.79, real=0.37 secs] 
2021-04-01T07:14:29.441+0200: 77.500: [GC (Allocation Failure) [PSYoungGen: 6835200K->565738K(8348160K)] 12660665K->6391204K(18145280K), 0.0385271 secs] [Times: user=0.90 sys=0.30, real=0.04 secs] 
2021-04-01T07:14:36.904+0200: 84.963: [GC (Allocation Failure) [PSYoungGen: 7400938K->1441279K(9337344K)] 13226404K->7319310K(19134464K), 0.1860261 secs] [Times: user=1.10 sys=6.54, real=0.19 secs] 
2021-04-01T07:14:46.428+0200: 94.487: [GC (Allocation Failure) [PSYoungGen: 9337343K->1310392K(9572864K)] 15215374K->8474961K(19369984K), 0.1476414 secs] [Times: user=1.94 sys=3.95, real=0.14 secs] 
2021-04-01T07:14:57.103+0200: 105.162: [GC (Allocation Failure) [PSYoungGen: 9206456K->1797608K(10570752K)] 16371025K->9899533K(20367872K), 0.3643709 secs] [Times: user=1.18 sys=14.16, real=0.37 secs] 
2021-04-01T07:15:08.299+0200: 116.357: [GC (Allocation Failure) [PSYoungGen: 10570728K->1013969K(11190784K)] 18672653K->10701650K(20987904K), 0.2572825 secs] [Times: user=1.56 sys=9.21, real=0.25 secs] 
2021-04-01T07:15:08.556+0200: 116.615: [Full GC (Ergonomics) [PSYoungGen: 1013969K->0K(11190784K)] [ParOldGen: 9687681K->5145072K(10223616K)] 10701650K->5145072K(21414400K), [Metaspace: 50899K->50899K(53248K)], 0.4485557 secs] [Times: user=8.31 sys=3.97, real=0.45 secs] 
2021-04-01T07:15:19.348+0200: 127.407: [GC (Allocation Failure) [PSYoungGen: 8773120K->1094927K(12200960K)] 13918192K->6240008K(22424576K), 0.0844013 secs] [Times: user=0.92 sys=2.21, real=0.08 secs] 
2021-04-01T07:15:32.142+0200: 140.201: [GC (Allocation Failure) [PSYoungGen: 11207951K->1450649K(12310528K)] 16353032K->7568374K(22534144K), 0.0935291 secs] [Times: user=2.79 sys=0.72, real=0.09 secs] 
2021-04-01T07:15:43.384+0200: 151.443: [GC (Allocation Failure) [PSYoungGen: 11563673K->2246128K(13208064K)] 17681398K->9016328K(23431680K), 0.2856456 secs] [Times: user=2.14 sys=8.91, real=0.29 secs] 
2021-04-01T07:16:02.253+0200: 170.312: [GC (Allocation Failure) [PSYoungGen: 13208048K->1694900K(13775360K)] 19978248K->10444631K(23998976K), 0.1204212 secs] [Times: user=4.46 sys=0.00, real=0.12 secs] 
2021-04-01T07:16:02.374+0200: 170.433: [Full GC (Ergonomics) [PSYoungGen: 1694900K->0K(13775360K)] [ParOldGen: 8749731K->4614262K(10515456K)] 10444631K->4614262K(24290816K), [Metaspace: 51133K->51133K(55296K)], 0.3525139 secs] [Times: user=6.81 sys=0.78, real=0.36 secs] 
2021-04-01T07:16:16.704+0200: 184.762: [GC (Allocation Failure) [PSYoungGen: 10961920K->2293930K(15060480K)] 15576182K->6908200K(25575936K), 0.2195344 secs] [Times: user=1.50 sys=7.73, real=0.22 secs] 
2021-04-01T07:16:30.691+0200: 198.750: [GC (Allocation Failure) [PSYoungGen: 14526634K->3050470K(15283200K)] 19140904K->8664436K(25798656K), 0.1663066 secs] [Times: user=5.27 sys=1.31, real=0.16 secs] 
2021-04-01T07:16:53.532+0200: 221.591: [GC (Allocation Failure) [PSYoungGen: 15283174K->1732332K(17357824K)] 20897140K->9717668K(27873280K), 0.2350536 secs] [Times: user=2.75 sys=6.93, real=0.24 secs] 
2021-04-01T07:16:53.767+0200: 221.826: [Full GC (Ergonomics) [PSYoungGen: 1732332K->0K(17357824K)] [ParOldGen: 7985336K->4764604K(11679744K)] 9717668K->4764604K(29037568K), [Metaspace: 51202K->51202K(55296K)], 0.3280176 secs] [Times: user=6.99 sys=1.09, real=0.32 secs] 
2021-04-01T07:17:11.646+0200: 239.705: [GC (Allocation Failure) [PSYoungGen: 13933056K->1981035K(17615872K)] 18697660K->6745640K(29295616K), 0.0746110 secs] [Times: user=2.44 sys=0.00, real=0.07 secs] 
2021-04-01T07:17:32.033+0200: 260.092: [GC (Allocation Failure) [PSYoungGen: 15914091K->3601919K(18416128K)] 20678696K->8876317K(30095872K), 0.4071255 secs] [Times: user=2.49 sys=14.51, real=0.41 secs] 
2021-04-01T07:17:52.639+0200: 280.698: [GC (Allocation Failure) [PSYoungGen: 18416127K->3802056K(19122176K)] 23690525K->9993020K(30801920K), 0.1686222 secs] [Times: user=5.33 sys=1.37, real=0.17 secs] 
2021-04-01T07:18:13.895+0200: 301.954: [GC (Allocation Failure) [PSYoungGen: 18616264K->4626671K(20672512K)] 24807228K->10817636K(32352256K), 0.4239222 secs] [Times: user=3.03 sys=14.67, real=0.43 secs] 
2021-04-01T07:18:33.723+0200: 321.781: [GC (Allocation Failure) [PSYoungGen: 20535535K->4412360K(21337088K)] 26726500K->11132555K(33016832K), 0.1608352 secs] [Times: user=6.43 sys=0.02, real=0.16 secs] 
2021-04-01T07:18:55.988+0200: 344.047: [GC (Allocation Failure) [PSYoungGen: 20321224K->4760749K(23238144K)] 27041419K->11680988K(34917888K), 0.3882598 secs] [Times: user=4.78 sys=11.23, real=0.38 secs] 
2021-04-01T07:19:29.659+0200: 377.718: [GC (Allocation Failure) [PSYoungGen: 22119597K->3605975K(23717888K)] 29039836K->10712272K(35397632K), 0.1365456 secs] [Times: user=4.47 sys=0.00, real=0.13 secs] 
2021-04-01T07:19:53.212+0200: 401.271: [GC (Allocation Failure) [PSYoungGen: 20964823K->5055318K(25194496K)] 28071120K->12161614K(36874240K), 0.3605554 secs] [Times: user=5.01 sys=9.91, real=0.36 secs] 
2021-04-01T07:20:17.440+0200: 425.499: [GC (Allocation Failure) [PSYoungGen: 23945558K->5464419K(25659392K)] 31051854K->12590294K(37339136K), 0.1825430 secs] [Times: user=6.81 sys=0.00, real=0.18 secs] 
2021-04-01T07:20:48.153+0200: 456.212: [GC (Allocation Failure) [PSYoungGen: 24354659K->3933265K(27584512K)] 31480534K->11059140K(39264256K), 0.2520644 secs] [Times: user=3.86 sys=6.32, real=0.25 secs] 
2021-04-01T07:21:17.866+0200: 485.925: [GC (Allocation Failure) [PSYoungGen: 24648273K->4839230K(27823616K)] 31774148K->11965106K(39503360K), 0.1648592 secs] [Times: user=6.46 sys=0.00, real=0.16 secs] 
2021-04-01T07:21:48.447+0200: 516.505: [GC (Allocation Failure) [PSYoungGen: 25554238K->4395844K(29906432K)] 32680114K->11521719K(41586176K), 0.4489249 secs] [Times: user=2.90 sys=8.01, real=0.44 secs] 
2021-04-01T07:22:29.375+0200: 557.434: [GC (Allocation Failure) [PSYoungGen: 27028292K->1987643K(29851648K)] 34154167K->9113518K(41531392K), 0.1198684 secs] [Times: user=3.40 sys=0.00, real=0.12 secs] 
2021-04-01T07:23:12.426+0200: 600.484: [GC (Allocation Failure) [PSYoungGen: 24620091K->2411279K(30891008K)] 31745966K->9537163K(42570752K), 0.1039071 secs] [Times: user=3.73 sys=0.01, real=0.11 secs] 
2021-04-01T07:23:49.259+0200: 637.318: [GC (Allocation Failure) [PSYoungGen: 26776847K->5074182K(31311360K)] 33902731K->12200065K(42991104K), 0.1630519 secs] [Times: user=6.32 sys=0.00, real=0.16 secs] 
2021-04-01T07:24:15.917+0200: 663.976: [GC (Allocation Failure) [PSYoungGen: 29439750K->7223805K(31712256K)] 36565633K->16035314K(43392000K), 0.7918557 secs] [Times: user=5.95 sys=26.51, real=0.80 secs] 
2021-04-01T07:24:43.024+0200: 691.082: [GC (Allocation Failure) [PSYoungGen: 31712253K->7907485K(33335296K)] 40523762K->16811744K(45015040K), 0.2436650 secs] [Times: user=9.20 sys=0.00, real=0.25 secs] 
2021-04-01T07:25:50.353+0200: 758.412: [GC (Allocation Failure) [PSYoungGen: 32395933K->2435900K(35655680K)] 41300192K->11340158K(47335424K), 0.1060706 secs] [Times: user=2.71 sys=0.00, real=0.11 secs] 
2021-04-01T07:26:42.406+0200: 810.465: [GC (Allocation Failure) [PSYoungGen: 28990780K->3558692K(36153344K)] 37895038K->12462950K(47833088K), 0.1225553 secs] [Times: user=4.52 sys=0.06, real=0.13 secs] 
2021-04-01T07:27:07.760+0200: 835.818: [GC (Allocation Failure) [PSYoungGen: 30113572K->6769891K(37250048K)] 39017830K->15674149K(48929792K), 0.5447730 secs] [Times: user=5.27 sys=17.34, real=0.54 secs] 
2021-04-01T07:27:54.037+0200: 882.095: [GC (Allocation Failure) [PSYoungGen: 34839779K->2483829K(37708800K)] 43744037K->11388087K(49388544K), 0.1139308 secs] [Times: user=4.17 sys=0.00, real=0.12 secs] 
2021-04-01T07:28:34.025+0200: 922.084: [GC (Allocation Failure) [PSYoungGen: 30553717K->3330544K(38683648K)] 39457975K->12234802K(50363392K), 0.1435992 secs] [Times: user=5.54 sys=0.00, real=0.15 secs] 
2021-04-01T07:29:11.599+0200: 959.658: [GC (Allocation Failure) [PSYoungGen: 33514480K->6108659K(39268352K)] 42418738K->15013997K(50948096K), 0.2165514 secs] [Times: user=8.54 sys=0.00, real=0.21 secs] 
2021-04-01T07:29:41.409+0200: 989.468: [GC (Allocation Failure) [PSYoungGen: 36292595K->8510452K(40644096K)] 45197933K->17416139K(52323840K), 0.7352250 secs] [Times: user=4.75 sys=24.95, real=0.73 secs] 
2021-04-01T07:30:36.342+0200: 1044.400: [GC (Allocation Failure) [PSYoungGen: 39838708K->3124515K(41688064K)] 48744395K->12030602K(53367808K), 0.1262773 secs] [Times: user=4.55 sys=0.02, real=0.13 secs] 
2021-04-01T07:31:20.605+0200: 1088.664: [GC (Allocation Failure) [PSYoungGen: 34452771K->4956873K(42705408K)] 43358858K->13863781K(54385152K), 0.1918583 secs] [Times: user=6.19 sys=0.00, real=0.19 secs] 
2021-04-01T07:31:55.045+0200: 1123.103: [GC (Allocation Failure) [PSYoungGen: 38622921K->8030335K(43329024K)] 47529829K->16937765K(55008768K), 0.2645750 secs] [Times: user=10.19 sys=0.00, real=0.27 secs] 
2021-04-01T07:32:36.268+0200: 1164.327: [GC (Allocation Failure) [PSYoungGen: 41696383K->5562164K(46046208K)] 50603813K->14470197K(57725952K), 0.3710424 secs] [Times: user=5.78 sys=9.14, real=0.37 secs] 
2021-04-01T07:33:30.727+0200: 1218.786: [GC (Allocation Failure) [PSYoungGen: 41785652K->5032171K(46313472K)] 50693685K->13959011K(57993216K), 0.1751528 secs] [Times: user=6.50 sys=0.01, real=0.17 secs] 
2021-04-01T07:34:20.121+0200: 1268.180: [GC (Allocation Failure) [PSYoungGen: 41255659K->5618618K(47794176K)] 50182499K->14577423K(59473920K), 0.3332055 secs] [Times: user=5.59 sys=7.83, real=0.33 secs] 
2021-04-01T07:35:23.229+0200: 1331.288: [GC (Allocation Failure) [PSYoungGen: 44313018K->4444049K(48040448K)] 53271823K->13483517K(59720192K), 0.1728061 secs] [Times: user=5.99 sys=0.00, real=0.17 secs] 
2021-04-01T07:36:27.281+0200: 1395.340: [GC (Allocation Failure) [PSYoungGen: 43138449K->3355724K(41650176K)] 52177917K->12429796K(53329920K), 0.1456470 secs] [Times: user=4.20 sys=0.01, real=0.15 secs] 
2021-04-01T07:37:25.740+0200: 1453.799: [GC (Allocation Failure) [PSYoungGen: 40310860K->3906129K(39208448K)] 49384932K->12980769K(50888192K), 0.1953479 secs] [Times: user=4.84 sys=0.04, real=0.19 secs] 
2021-04-01T07:38:08.208+0200: 1496.267: [GC (Allocation Failure) [PSYoungGen: 39208017K->5704842K(40744448K)] 48282657K->14779986K(52424192K), 0.2580323 secs] [Times: user=7.33 sys=0.05, real=0.25 secs] 
2021-04-01T07:38:42.184+0200: 1530.243: [GC (Allocation Failure) [PSYoungGen: 39435402K->7138820K(39375872K)] 48510546K->16214348K(51055616K), 0.2612219 secs] [Times: user=9.16 sys=0.02, real=0.26 secs] 
2021-04-01T07:39:16.969+0200: 1565.027: [GC (Allocation Failure) [PSYoungGen: 39375364K->7084080K(39168000K)] 48450892K->16160080K(50847744K), 0.2650036 secs] [Times: user=9.71 sys=0.02, real=0.26 secs] 
2021-04-01T07:39:49.443+0200: 1597.502: [GC (Allocation Failure) [PSYoungGen: 37900336K->8132440K(37598720K)] 46976336K->17208824K(49278464K), 0.2671608 secs] [Times: user=10.58 sys=0.00, real=0.27 secs] 
2021-04-01T07:40:25.768+0200: 1633.827: [GC (Allocation Failure) [PSYoungGen: 37598552K->7369973K(37402112K)] 46674936K->16446798K(49081856K), 0.2601077 secs] [Times: user=9.34 sys=0.02, real=0.26 secs] 
2021-04-01T07:41:06.840+0200: 1674.899: [GC (Allocation Failure) [PSYoungGen: 35552501K->3824652K(30787072K)] 44629326K->12901892K(42466816K), 0.1849430 secs] [Times: user=4.89 sys=0.04, real=0.18 secs] 
2021-04-01T07:41:45.823+0200: 1713.882: [GC (Allocation Failure) [PSYoungGen: 30786572K->4157637K(34357248K)] 39863812K->13235390K(46036992K), 0.2054605 secs] [Times: user=5.40 sys=0.05, real=0.21 secs] 
2021-04-01T07:42:17.371+0200: 1745.430: [GC (Allocation Failure) [PSYoungGen: 29958853K->4981984K(29679616K)] 39036606K->14060233K(41359360K), 0.2301481 secs] [Times: user=6.58 sys=0.07, real=0.23 secs] 
2021-04-01T07:42:42.727+0200: 1770.786: [GC (Allocation Failure) [PSYoungGen: 29679328K->6495823K(32151040K)] 38757577K->15574519K(43830784K), 0.2518812 secs] [Times: user=8.88 sys=0.03, real=0.25 secs] 
2021-04-01T07:43:07.963+0200: 1796.021: [GC (Allocation Failure) [PSYoungGen: 30143055K->7022791K(29671936K)] 39221751K->16115509K(41351680K), 0.2491645 secs] [Times: user=8.83 sys=0.04, real=0.25 secs] 
Heap
 PSYoungGen      total 29671936K, used 25689994K [0x00007facc7f80000, 0x00007fb6d0b80000, 0x00007fbb50c00000)
  eden space 22648832K, 82% used [0x00007facc7f80000,0x00007fb13b530bc8,0x00007fb22e580000)
  from space 7023104K, 99% used [0x00007fb26b480000,0x00007fb417eb1fe8,0x00007fb417f00000)
  to   space 9718784K, 0% used [0x00007fb47f880000,0x00007fb47f880000,0x00007fb6d0b80000)
 ParOldGen       total 11679744K, used 9092717K [0x00007f8fb6600000, 0x00007f927f400000, 0x00007facc7f80000)
  object space 11679744K, 77% used [0x00007f8fb6600000,0x00007f91e159b590,0x00007f927f400000)
 Metaspace       used 51547K, capacity 52238K, committed 53760K, reserved 55296K
