Java HotSpot(TM) 64-Bit Server VM (25.131-b11) for linux-amd64 JRE (1.8.0_131-b11), built on Mar 15 2017 01:23:40 by "java_re" with gcc 4.3.0 20080428 (Red Hat 4.3.0-8)
Memory: 4k page, physical 196649792k(182679148k free), swap 3905532k(3905532k free)
CommandLine flags: -XX:InitialHeapSize=2147483648 -XX:MaxHeapSize=187272527872 -XX:+PrintGC -XX:+PrintGCDateStamps -XX:+PrintGCDetails -XX:+PrintGCTimeStamps -XX:+UseParallelGC 
2021-04-01T07:13:13.209+0200: 1.270: [GC (Metadata GC Threshold) [PSYoungGen: 404765K->37405K(611840K)] 404765K->37493K(2010112K), 0.0259574 secs] [Times: user=0.43 sys=0.02, real=0.02 secs] 
2021-04-01T07:13:13.235+0200: 1.296: [Full GC (Metadata GC Threshold) [PSYoungGen: 37405K->0K(611840K)] [ParOldGen: 88K->36131K(822272K)] 37493K->36131K(1434112K), [Metaspace: 20779K->20779K(22528K)], 0.0252740 secs] [Times: user=0.39 sys=0.02, real=0.02 secs] 
2021-04-01T07:13:15.175+0200: 3.236: [GC (Metadata GC Threshold) [PSYoungGen: 437303K->82366K(845312K)] 473435K->118506K(1667584K), 0.0244652 secs] [Times: user=0.64 sys=0.04, real=0.02 secs] 
2021-04-01T07:13:15.199+0200: 3.260: [Full GC (Metadata GC Threshold) [PSYoungGen: 82366K->0K(845312K)] [ParOldGen: 36139K->105286K(1320448K)] 118506K->105286K(2165760K), [Metaspace: 34823K->34687K(36864K)], 0.0383794 secs] [Times: user=0.43 sys=0.16, real=0.04 secs] 
2021-04-01T07:13:16.900+0200: 4.961: [GC (Allocation Failure) [PSYoungGen: 762880K->87030K(1132032K)] 868166K->205137K(2452480K), 0.0178622 secs] [Times: user=0.35 sys=0.15, real=0.02 secs] 
2021-04-01T07:13:17.366+0200: 5.427: [GC (Allocation Failure) [PSYoungGen: 1132022K->87035K(1173504K)] 1250129K->244352K(2493952K), 0.0163932 secs] [Times: user=0.10 sys=0.44, real=0.02 secs] 
2021-04-01T07:13:20.161+0200: 8.222: [GC (Allocation Failure) [PSYoungGen: 1173499K->87024K(1173504K)] 1330816K->374307K(2493952K), 0.0219166 secs] [Times: user=0.51 sys=0.12, real=0.02 secs] 
2021-04-01T07:13:22.443+0200: 10.504: [GC (Allocation Failure) [PSYoungGen: 1173488K->225186K(1768448K)] 1460771K->512477K(3088896K), 0.0242462 secs] [Times: user=0.41 sys=0.26, real=0.02 secs] 
2021-04-01T07:13:26.200+0200: 14.261: [GC (Allocation Failure) [PSYoungGen: 1764770K->273888K(1813504K)] 2052061K->728239K(3133952K), 0.0648553 secs] [Times: user=1.06 sys=0.87, real=0.07 secs] 
2021-04-01T07:13:28.533+0200: 16.594: [GC (Allocation Failure) [PSYoungGen: 1813472K->409063K(2480128K)] 2267823K->1043150K(3800576K), 0.0704372 secs] [Times: user=0.49 sys=2.18, real=0.07 secs] 
2021-04-01T07:13:30.723+0200: 18.784: [GC (Allocation Failure) [PSYoungGen: 2480103K->562150K(2633216K)] 3114190K->1376503K(3953664K), 0.0797363 secs] [Times: user=0.24 sys=2.99, real=0.08 secs] 
2021-04-01T07:13:32.842+0200: 20.903: [GC (Allocation Failure) [PSYoungGen: 2633190K->721343K(3369472K)] 3447543K->1697618K(4689920K), 0.0859848 secs] [Times: user=0.51 sys=3.00, real=0.08 secs] 
2021-04-01T07:13:36.110+0200: 24.171: [GC (Allocation Failure) [PSYoungGen: 3356607K->851944K(3487232K)] 4332882K->2193937K(4829696K), 0.1001425 secs] [Times: user=0.71 sys=2.74, real=0.10 secs] 
2021-04-01T07:13:36.210+0200: 24.271: [Full GC (Ergonomics) [PSYoungGen: 851944K->728183K(3487232K)] [ParOldGen: 1341993K->1342356K(3163648K)] 2193937K->2070540K(6650880K), [Metaspace: 42992K->42553K(45056K)], 0.2077168 secs] [Times: user=4.68 sys=1.56, real=0.20 secs] 
2021-04-01T07:13:40.053+0200: 28.114: [GC (Allocation Failure) [PSYoungGen: 3363428K->837060K(4623872K)] 4705785K->2566438K(7787520K), 0.1090706 secs] [Times: user=0.57 sys=3.55, real=0.11 secs] 
2021-04-01T07:13:44.630+0200: 32.691: [GC (Allocation Failure) [PSYoungGen: 4330948K->336587K(4708352K)] 6060326K->2796577K(7872000K), 0.0954123 secs] [Times: user=0.77 sys=2.32, real=0.09 secs] 
2021-04-01T07:13:49.912+0200: 37.973: [GC (Allocation Failure) [PSYoungGen: 3830475K->459404K(5700608K)] 6290465K->3206842K(8864256K), 0.0742088 secs] [Times: user=0.85 sys=1.39, real=0.07 secs] 
2021-04-01T07:13:49.986+0200: 38.047: [Full GC (Ergonomics) [PSYoungGen: 459404K->0K(5700608K)] [ParOldGen: 2747438K->3144965K(5622272K)] 3206842K->3144965K(11322880K), [Metaspace: 50460K->50163K(53248K)], 0.3770529 secs] [Times: user=10.80 sys=1.67, real=0.38 secs] 
2021-04-01T07:13:56.563+0200: 44.624: [GC (Allocation Failure) [PSYoungGen: 4734976K->533114K(5828096K)] 7879941K->3678088K(11450368K), 0.0283480 secs] [Times: user=0.74 sys=0.00, real=0.03 secs] 
2021-04-01T07:14:02.637+0200: 50.698: [GC (Allocation Failure) [PSYoungGen: 5268090K->456326K(6982144K)] 8413064K->4038759K(12604416K), 0.0808688 secs] [Times: user=1.08 sys=1.34, real=0.08 secs] 
2021-04-01T07:14:10.153+0200: 58.214: [GC (Allocation Failure) [PSYoungGen: 6549126K->999835K(7093760K)] 10131559K->4973747K(12716032K), 0.1008168 secs] [Times: user=0.99 sys=2.26, real=0.10 secs] 
2021-04-01T07:14:19.263+0200: 67.324: [GC (Allocation Failure) [PSYoungGen: 7092635K->1147899K(8017408K)] 11066547K->5608915K(13639680K), 0.2528344 secs] [Times: user=0.26 sys=5.41, real=0.25 secs] 
2021-04-01T07:14:29.795+0200: 77.856: [GC (Allocation Failure) [PSYoungGen: 8017403K->558753K(8370176K)] 12478419K->6033064K(13992448K), 0.1643825 secs] [Times: user=1.15 sys=5.58, real=0.16 secs] 
2021-04-01T07:14:29.959+0200: 78.020: [Full GC (Ergonomics) [PSYoungGen: 558753K->0K(8370176K)] [ParOldGen: 5474311K->3508924K(6691328K)] 6033064K->3508924K(15061504K), [Metaspace: 50524K->50524K(53248K)], 0.2993200 secs] [Times: user=6.33 sys=2.53, real=0.30 secs] 
2021-04-01T07:14:38.681+0200: 86.742: [GC (Allocation Failure) [PSYoungGen: 6869504K->645855K(9546752K)] 10378428K->4154788K(16238080K), 0.0798373 secs] [Times: user=0.49 sys=2.63, real=0.08 secs] 
2021-04-01T07:14:50.598+0200: 98.659: [GC (Allocation Failure) [PSYoungGen: 8888543K->1337289K(9596416K)] 12397476K->5425934K(16287744K), 0.0907678 secs] [Times: user=2.88 sys=0.63, real=0.10 secs] 
2021-04-01T07:15:02.587+0200: 110.648: [GC (Allocation Failure) [PSYoungGen: 9579977K->1546239K(10863616K)] 13668622K->6242902K(17554944K), 0.2041507 secs] [Times: user=1.55 sys=6.95, real=0.21 secs] 
2021-04-01T07:15:15.546+0200: 123.607: [GC (Allocation Failure) [PSYoungGen: 10863615K->821900K(11319808K)] 15560278K->6890279K(18011136K), 0.1361583 secs] [Times: user=1.97 sys=3.47, real=0.14 secs] 
2021-04-01T07:15:15.682+0200: 123.743: [Full GC (Ergonomics) [PSYoungGen: 821900K->0K(11319808K)] [ParOldGen: 6068379K->3624169K(7632896K)] 6890279K->3624169K(18952704K), [Metaspace: 50886K->50886K(53248K)], 0.3064413 secs] [Times: user=6.25 sys=1.13, real=0.31 secs] 
2021-04-01T07:15:28.862+0200: 136.923: [GC (GCLocker Initiated GC) [PSYoungGen: 9317376K->969889K(12912128K)] 12941711K->4594233K(20545024K), 0.1102669 secs] [Times: user=0.62 sys=3.71, real=0.11 secs] 
2021-04-01T07:15:44.327+0200: 152.388: [GC (Allocation Failure) [PSYoungGen: 12053153K->1832955K(12916224K)] 15677539K->6049231K(20549120K), 0.1036809 secs] [Times: user=3.20 sys=0.91, real=0.11 secs] 
2021-04-01T07:15:55.618+0200: 163.679: [GC (Allocation Failure) [PSYoungGen: 12916219K->2317804K(14006272K)] 17132495K->7925392K(21639168K), 0.3190744 secs] [Times: user=2.31 sys=11.06, real=0.32 secs] 
2021-04-01T07:16:05.046+0200: 173.107: [GC (Allocation Failure) [PSYoungGen: 14006252K->2125093K(14875136K)] 19613840K->9784025K(22548480K), 0.2705791 secs] [Times: user=2.54 sys=8.49, real=0.27 secs] 
2021-04-01T07:16:05.317+0200: 173.378: [Full GC (Ergonomics) [PSYoungGen: 2125093K->0K(14875136K)] [ParOldGen: 7658932K->6026783K(11054592K)] 9784025K->6026783K(25929728K), [Metaspace: 51122K->51122K(53248K)], 0.4713321 secs] [Times: user=9.49 sys=2.36, real=0.47 secs] 
2021-04-01T07:16:15.718+0200: 183.779: [GC (Allocation Failure) [PSYoungGen: 11688448K->2007457K(16974848K)] 17715231K->8034248K(28029440K), 0.2238140 secs] [Times: user=0.94 sys=7.42, real=0.23 secs] 
2021-04-01T07:16:35.732+0200: 203.794: [GC (Allocation Failure) [PSYoungGen: 15672737K->2203027K(17018880K)] 21699528K->9983067K(28073472K), 0.1807942 secs] [Times: user=2.74 sys=4.50, real=0.18 secs] 
2021-04-01T07:16:56.550+0200: 224.611: [GC (Allocation Failure) [PSYoungGen: 15868307K->1333476K(19051008K)] 23648347K->11048449K(30105600K), 0.3001543 secs] [Times: user=2.02 sys=10.40, real=0.30 secs] 
2021-04-01T07:16:56.851+0200: 224.912: [Full GC (Ergonomics) [PSYoungGen: 1333476K->0K(19051008K)] [ParOldGen: 9714972K->4031168K(9985536K)] 11048449K->4031168K(29036544K), [Metaspace: 51193K->51193K(53248K)], 0.3952264 secs] [Times: user=7.46 sys=2.16, real=0.39 secs] 
2021-04-01T07:17:21.043+0200: 249.105: [GC (Allocation Failure) [PSYoungGen: 15967232K->1795167K(19250176K)] 19998400K->5826335K(29235712K), 0.0861548 secs] [Times: user=3.00 sys=0.07, real=0.09 secs] 
2021-04-01T07:17:41.511+0200: 269.573: [GC (Allocation Failure) [PSYoungGen: 17762399K->1814231K(21545472K)] 21793567K->7422124K(31531008K), 0.2346862 secs] [Times: user=2.30 sys=7.31, real=0.23 secs] 
2021-04-01T07:18:08.876+0200: 296.938: [GC (Allocation Failure) [PSYoungGen: 20296407K->3099213K(21639680K)] 25904300K->10137854K(31625216K), 0.2236330 secs] [Times: user=3.82 sys=5.16, real=0.22 secs] 
2021-04-01T07:18:33.604+0200: 321.665: [GC (Allocation Failure) [PSYoungGen: 21581389K->3452516K(23911424K)] 28620030K->12523527K(33896960K), 0.5191177 secs] [Times: user=2.95 sys=15.26, real=0.52 secs] 
2021-04-01T07:18:34.123+0200: 322.184: [Full GC (Ergonomics) [PSYoungGen: 3452516K->0K(23911424K)] [ParOldGen: 9071011K->5553464K(12227584K)] 12523527K->5553464K(36139008K), [Metaspace: 51219K->51219K(53248K)], 0.5937662 secs] [Times: user=9.36 sys=1.74, real=0.59 secs] 
2021-04-01T07:19:12.364+0200: 360.425: [GC (Allocation Failure) [PSYoungGen: 20340736K->2271705K(24372224K)] 25894200K->7825170K(36599808K), 0.1033542 secs] [Times: user=2.95 sys=0.70, real=0.10 secs] 
2021-04-01T07:19:44.662+0200: 392.723: [GC (Allocation Failure) [PSYoungGen: 22612441K->2151380K(26472448K)] 28165906K->8802595K(38700032K), 0.2193972 secs] [Times: user=2.66 sys=6.17, real=0.22 secs] 
2021-04-01T07:20:15.123+0200: 423.184: [GC (Allocation Failure) [PSYoungGen: 25024468K->3265938K(26717184K)] 31675683K->11101507K(38944768K), 0.2252804 secs] [Times: user=5.09 sys=3.56, real=0.22 secs] 
2021-04-01T07:20:43.090+0200: 451.151: [GC (Allocation Failure) [PSYoungGen: 26139013K->3650373K(29390848K)] 33974582K->13589617K(41618432K), 0.4198261 secs] [Times: user=2.77 sys=12.80, real=0.42 secs] 
2021-04-01T07:20:43.510+0200: 451.571: [Full GC (Ergonomics) [PSYoungGen: 3650373K->0K(29390848K)] [ParOldGen: 9939243K->5563360K(12653056K)] 13589617K->5563360K(42043904K), [Metaspace: 51234K->51234K(53248K)], 0.4921122 secs] [Times: user=9.57 sys=2.54, real=0.49 secs] 
2021-04-01T07:21:17.169+0200: 485.230: [GC (Allocation Failure) [PSYoungGen: 25246720K->4520944K(29767680K)] 30810080K->10321283K(42420736K), 0.2088776 secs] [Times: user=4.80 sys=2.50, real=0.21 secs] 
2021-04-01T07:21:55.851+0200: 523.912: [GC (Allocation Failure) [PSYoungGen: 29767664K->3138401K(33775104K)] 35568003K->11012986K(46428160K), 0.3795017 secs] [Times: user=2.73 sys=12.75, real=0.38 secs] 
2021-04-01T07:22:37.867+0200: 565.928: [GC (Allocation Failure) [PSYoungGen: 31740257K->2956420K(33796608K)] 39614842K->11550923K(46449664K), 0.1389803 secs] [Times: user=5.19 sys=0.00, real=0.14 secs] 
2021-04-01T07:23:15.681+0200: 603.742: [GC (Allocation Failure) [PSYoungGen: 31558276K->3509628K(36653568K)] 40152779K->12838159K(49306624K), 0.4231187 secs] [Times: user=3.22 sys=13.80, real=0.42 secs] 
2021-04-01T07:24:13.105+0200: 661.167: [GC (Allocation Failure) [PSYoungGen: 35082108K->3794226K(36744704K)] 44410639K->13425282K(49397760K), 0.2159327 secs] [Times: user=5.10 sys=1.84, real=0.22 secs] 
2021-04-01T07:25:14.324+0200: 722.385: [GC (Allocation Failure) [PSYoungGen: 35366706K->2605015K(39459328K)] 44997762K->12236071K(52112384K), 0.3195228 secs] [Times: user=1.77 sys=10.80, real=0.32 secs] 
2021-04-01T07:25:57.162+0200: 765.223: [GC (Allocation Failure) [PSYoungGen: 37310935K->5112803K(39818752K)] 46941991K->15732712K(52471808K), 0.2758422 secs] [Times: user=6.55 sys=3.89, real=0.27 secs] 
2021-04-01T07:25:57.438+0200: 765.499: [Full GC (Ergonomics) [PSYoungGen: 5112803K->0K(39818752K)] [ParOldGen: 10619909K->5872652K(13083648K)] 15732712K->5872652K(52902400K), [Metaspace: 51267K->51267K(53248K)], 0.4835311 secs] [Times: user=8.70 sys=4.05, real=0.49 secs] 
2021-04-01T07:26:55.297+0200: 823.358: [GC (Allocation Failure) [PSYoungGen: 34705920K->3588102K(44341760K)] 40578572K->9460755K(57425408K), 0.4551374 secs] [Times: user=1.38 sys=17.11, real=0.46 secs] 
2021-04-01T07:27:40.804+0200: 868.865: [GC (Allocation Failure) [PSYoungGen: 41819654K->5987827K(44219392K)] 47692307K->12483778K(57303040K), 0.3395394 secs] [Times: user=6.96 sys=6.74, real=0.34 secs] 
2021-04-01T07:28:33.105+0200: 921.166: [GC (Allocation Failure) [PSYoungGen: 44219379K->4085152K(49597952K)] 50715330K->11341614K(62681600K), 0.5111613 secs] [Times: user=2.96 sys=17.97, real=0.51 secs] 
2021-04-01T07:29:29.944+0200: 978.005: [GC (Allocation Failure) [PSYoungGen: 46778272K->5691826K(49544704K)] 54034734K->13018417K(62628352K), 0.2529849 secs] [Times: user=6.45 sys=2.44, real=0.25 secs] 
2021-04-01T07:30:59.539+0200: 1067.600: [GC (Allocation Failure) [PSYoungGen: 48384946K->2728366K(53826560K)] 55711537K->10058369K(66910208K), 0.3421869 secs] [Times: user=1.46 sys=11.70, real=0.35 secs] 
2021-04-01T07:31:49.094+0200: 1117.155: [GC (Allocation Failure) [PSYoungGen: 49243566K->7134690K(53649920K)] 56573569K->14593613K(66733568K), 0.3172356 secs] [Times: user=7.47 sys=4.44, real=0.32 secs] 
2021-04-01T07:32:41.375+0200: 1169.436: [GC (Allocation Failure) [PSYoungGen: 53649890K->5324564K(51893760K)] 61108813K->12852989K(64977408K), 0.4552245 secs] [Times: user=5.42 sys=6.94, real=0.46 secs] 
2021-04-01T07:33:34.922+0200: 1222.983: [GC (Allocation Failure) [PSYoungGen: 49906964K->5644847K(50227712K)] 57435389K->13497594K(63311360K), 0.2029150 secs] [Times: user=7.88 sys=0.00, real=0.20 secs] 
2021-04-01T07:34:39.981+0200: 1288.043: [GC (Allocation Failure) [PSYoungGen: 50227247K->3421535K(52877312K)] 58079994K->11274282K(65960960K), 0.1347018 secs] [Times: user=4.73 sys=0.00, real=0.13 secs] 
2021-04-01T07:35:49.036+0200: 1357.097: [GC (Allocation Failure) [PSYoungGen: 47961951K->5452429K(52624384K)] 55814698K->13305176K(65708032K), 0.1845764 secs] [Times: user=6.90 sys=0.00, real=0.18 secs] 
2021-04-01T07:36:51.657+0200: 1419.718: [GC (Allocation Failure) [PSYoungGen: 49992845K->5768554K(52513280K)] 57845592K->13621301K(65596928K), 0.2013328 secs] [Times: user=7.70 sys=0.00, real=0.20 secs] 
2021-04-01T07:37:46.238+0200: 1474.299: [GC (Allocation Failure) [PSYoungGen: 50127722K->6524222K(50883584K)] 57980469K->14376969K(63967232K), 0.2065409 secs] [Times: user=7.92 sys=0.00, real=0.21 secs] 
2021-04-01T07:38:38.838+0200: 1526.899: [GC (Allocation Failure) [PSYoungGen: 50883390K->5626339K(52338176K)] 58736137K->13479086K(65421824K), 0.2153123 secs] [Times: user=7.15 sys=0.00, real=0.22 secs] 
2021-04-01T07:39:33.690+0200: 1581.751: [GC (Allocation Failure) [PSYoungGen: 49290211K->5958311K(52286976K)] 57142958K->13811058K(65370624K), 0.1947798 secs] [Times: user=7.42 sys=0.00, real=0.19 secs] 
2021-04-01T07:40:20.967+0200: 1629.028: [GC (Allocation Failure) [PSYoungGen: 49622183K->8026868K(50727424K)] 57474930K->15879615K(63811072K), 0.3795754 secs] [Times: user=8.72 sys=6.01, real=0.38 secs] 
2021-04-01T07:41:08.952+0200: 1677.013: [GC (Allocation Failure) [PSYoungGen: 50079988K->6585957K(48639488K)] 57932735K->14438704K(61723136K), 0.2154659 secs] [Times: user=7.45 sys=0.00, real=0.21 secs] 
2021-04-01T07:42:09.448+0200: 1737.509: [GC (Allocation Failure) [PSYoungGen: 48639077K->5282717K(51830784K)] 56491824K->13135465K(64914432K), 0.1856384 secs] [Times: user=5.90 sys=0.09, real=0.19 secs] 
2021-04-01T07:42:55.888+0200: 1783.949: [GC (Allocation Failure) [PSYoungGen: 47575453K->7728237K(50021376K)] 55428201K->15580984K(63105024K), 0.2258153 secs] [Times: user=8.95 sys=0.05, real=0.23 secs] 
Heap
 PSYoungGen      total 50021376K, used 34067605K [0x00007f4cc4380000, 0x00007f5b4d000000, 0x00007f5b4d000000)
  eden space 42292736K, 62% used [0x00007f4cc4380000,0x00007f530bd8a318,0x00007f56d9900000)
  from space 7728640K, 99% used [0x00007f56d9900000,0x00007f58b141b4c8,0x00007f58b1480000)
  to   space 9634304K, 0% used [0x00007f5900f80000,0x00007f5900f80000,0x00007f5b4d000000)
 ParOldGen       total 13083648K, used 7852747K [0x00007f2fb2a00000, 0x00007f32d1300000, 0x00007f4cc4380000)
  object space 13083648K, 60% used [0x00007f2fb2a00000,0x00007f3191eb2d18,0x00007f32d1300000)
 Metaspace       used 51523K, capacity 52169K, committed 52992K, reserved 53248K
