Java HotSpot(TM) 64-Bit Server VM (25.131-b11) for linux-amd64 JRE (1.8.0_131-b11), built on Mar 15 2017 01:23:40 by "java_re" with gcc 4.3.0 20080428 (Red Hat 4.3.0-8)
Memory: 4k page, physical 196649792k(182609484k free), swap 3905532k(3905532k free)
CommandLine flags: -XX:InitialHeapSize=2147483648 -XX:MaxHeapSize=187272527872 -XX:+PrintGC -XX:+PrintGCDateStamps -XX:+PrintGCDetails -XX:+PrintGCTimeStamps -XX:+UseParallelGC 
2021-04-01T07:13:13.187+0200: 1.258: [GC (Metadata GC Threshold) [PSYoungGen: 404763K->37485K(611840K)] 404763K->37573K(2010112K), 0.0255729 secs] [Times: user=0.53 sys=0.03, real=0.03 secs] 
2021-04-01T07:13:13.213+0200: 1.283: [Full GC (Metadata GC Threshold) [PSYoungGen: 37485K->0K(611840K)] [ParOldGen: 88K->36130K(835072K)] 37573K->36130K(1446912K), [Metaspace: 20779K->20779K(22528K)], 0.0275050 secs] [Times: user=0.35 sys=0.01, real=0.02 secs] 
2021-04-01T07:13:15.201+0200: 3.272: [GC (Metadata GC Threshold) [PSYoungGen: 472169K->87026K(848384K)] 508300K->150760K(1683456K), 0.0308576 secs] [Times: user=0.95 sys=0.14, real=0.04 secs] 
2021-04-01T07:13:15.232+0200: 3.303: [Full GC (Metadata GC Threshold) [PSYoungGen: 87026K->0K(848384K)] [ParOldGen: 63733K->138216K(1402880K)] 150760K->138216K(2251264K), [Metaspace: 34818K->34728K(36864K)], 0.0402672 secs] [Times: user=0.47 sys=0.12, real=0.04 secs] 
2021-04-01T07:13:16.894+0200: 4.965: [GC (Allocation Failure) [PSYoungGen: 761344K->87027K(1136640K)] 899560K->276978K(2539520K), 0.0600523 secs] [Times: user=1.58 sys=0.29, real=0.06 secs] 
2021-04-01T07:13:17.359+0200: 5.430: [GC (Allocation Failure) [PSYoungGen: 1136593K->87020K(1254400K)] 1326545K->280382K(2657280K), 0.0422128 secs] [Times: user=1.37 sys=0.15, real=0.04 secs] 
2021-04-01T07:13:20.151+0200: 8.222: [GC (Allocation Failure) [PSYoungGen: 1254380K->87027K(1254400K)] 1447742K->392275K(2657280K), 0.0409955 secs] [Times: user=1.21 sys=0.12, real=0.05 secs] 
2021-04-01T07:13:22.420+0200: 10.490: [GC (Allocation Failure) [PSYoungGen: 1254387K->203756K(2060800K)] 1559635K->509013K(3463680K), 0.0214508 secs] [Times: user=0.12 sys=0.66, real=0.02 secs] 
2021-04-01T07:13:26.157+0200: 14.227: [GC (Allocation Failure) [PSYoungGen: 2047468K->250361K(2094080K)] 2352725K->787701K(3496960K), 0.0535137 secs] [Times: user=0.10 sys=1.90, real=0.05 secs] 
2021-04-01T07:13:28.537+0200: 16.607: [GC (Allocation Failure) [PSYoungGen: 2094073K->410094K(3139072K)] 2631413K->1058674K(4541952K), 0.0635664 secs] [Times: user=0.37 sys=1.78, real=0.06 secs] 
2021-04-01T07:13:31.774+0200: 19.844: [GC (Allocation Failure) [PSYoungGen: 3139054K->531936K(3260928K)] 3787634K->1468470K(4663808K), 0.0816194 secs] [Times: user=0.40 sys=2.30, real=0.08 secs] 
2021-04-01T07:13:34.848+0200: 22.918: [GC (Allocation Failure) [PSYoungGen: 3260896K->739829K(4134912K)] 4197430K->1985295K(5537792K), 0.1016323 secs] [Times: user=0.48 sys=3.80, real=0.10 secs] 
2021-04-01T07:13:34.949+0200: 23.020: [Full GC (Ergonomics) [PSYoungGen: 739829K->476708K(4134912K)] [ParOldGen: 1245465K->1402671K(3255808K)] 1985295K->1879380K(7390720K), [Metaspace: 39911K->39673K(40960K)], 0.1761854 secs] [Times: user=3.38 sys=1.61, real=0.18 secs] 
2021-04-01T07:13:39.403+0200: 27.474: [GC (Allocation Failure) [PSYoungGen: 3871780K->580658K(4371456K)] 5274452K->2464758K(7627264K), 0.0882713 secs] [Times: user=0.52 sys=2.67, real=0.09 secs] 
2021-04-01T07:13:42.352+0200: 30.423: [GC (Allocation Failure) [PSYoungGen: 3975730K->441050K(5581312K)] 5859830K->2825290K(8837120K), 0.0861704 secs] [Times: user=0.63 sys=2.89, real=0.08 secs] 
2021-04-01T07:13:47.825+0200: 35.895: [GC (Allocation Failure) [PSYoungGen: 5085402K->663938K(5600256K)] 7469642K->3433224K(8856064K), 0.0688469 secs] [Times: user=0.74 sys=1.67, real=0.07 secs] 
2021-04-01T07:13:47.894+0200: 35.964: [Full GC (Ergonomics) [PSYoungGen: 663938K->73239K(5600256K)] [ParOldGen: 2769286K->3255384K(5796352K)] 3433224K->3328624K(11396608K), [Metaspace: 50626K->50135K(53248K)], 0.4687872 secs] [Times: user=14.56 sys=2.41, real=0.46 secs] 
2021-04-01T07:13:53.108+0200: 41.178: [GC (Allocation Failure) [PSYoungGen: 4717591K->546063K(6749184K)] 7972976K->3873771K(12545536K), 0.0731461 secs] [Times: user=0.49 sys=2.43, real=0.07 secs] 
2021-04-01T07:13:59.277+0200: 47.348: [GC (Allocation Failure) [PSYoungGen: 6560527K->605966K(7004160K)] 9888235K->4414413K(12800512K), 0.0947800 secs] [Times: user=0.60 sys=3.13, real=0.10 secs] 
2021-04-01T07:14:06.287+0200: 54.358: [GC (Allocation Failure) [PSYoungGen: 6620430K->998885K(8356864K)] 10428877K->5404441K(14153216K), 0.2149152 secs] [Times: user=0.91 sys=7.96, real=0.21 secs] 
2021-04-01T07:14:15.197+0200: 63.267: [GC (Allocation Failure) [PSYoungGen: 8356837K->1368552K(8726528K)] 12762393K->6718538K(14522880K), 0.1837140 secs] [Times: user=1.14 sys=6.40, real=0.18 secs] 
2021-04-01T07:14:15.381+0200: 63.451: [Full GC (Ergonomics) [PSYoungGen: 1368552K->0K(8726528K)] [ParOldGen: 5349985K->5795267K(9059840K)] 6718538K->5795267K(17786368K), [Metaspace: 50484K->50484K(53248K)], 0.3804791 secs] [Times: user=8.03 sys=4.56, real=0.38 secs] 
2021-04-01T07:14:24.094+0200: 72.164: [GC (Allocation Failure) [PSYoungGen: 7357952K->788936K(10533888K)] 13153219K->6584212K(19593728K), 0.1023015 secs] [Times: user=0.47 sys=3.64, real=0.10 secs] 
2021-04-01T07:14:32.913+0200: 80.983: [GC (Allocation Failure) [PSYoungGen: 9610696K->664223K(10656768K)] 15405972K->7153780K(19716608K), 0.1182088 secs] [Times: user=0.87 sys=3.78, real=0.11 secs] 
2021-04-01T07:14:41.115+0200: 89.185: [GC (Allocation Failure) [PSYoungGen: 9485983K->1070316K(12222464K)] 15975540K->8139079K(21282304K), 0.1489815 secs] [Times: user=0.85 sys=5.17, real=0.15 secs] 
2021-04-01T07:14:52.562+0200: 100.632: [GC (Allocation Failure) [PSYoungGen: 11553516K->1762796K(12246016K)] 18622279K->9940841K(21305856K), 0.2158069 secs] [Times: user=1.79 sys=7.00, real=0.22 secs] 
2021-04-01T07:14:52.778+0200: 100.848: [Full GC (Ergonomics) [PSYoungGen: 1762796K->0K(12246016K)] [ParOldGen: 8178045K->5380439K(9406976K)] 9940841K->5380439K(21652992K), [Metaspace: 50803K->50803K(53248K)], 0.4126925 secs] [Times: user=7.80 sys=3.91, real=0.41 secs] 
2021-04-01T07:15:05.538+0200: 113.608: [GC (Allocation Failure) [PSYoungGen: 10483200K->1336438K(14961152K)] 15863639K->6716885K(24368128K), 0.1593859 secs] [Times: user=1.01 sys=5.22, real=0.16 secs] 
2021-04-01T07:15:18.807+0200: 126.877: [GC (Allocation Failure) [PSYoungGen: 13855862K->1370106K(14947328K)] 19236309K->7919351K(24354304K), 0.1226749 secs] [Times: user=2.10 sys=2.37, real=0.12 secs] 
2021-04-01T07:15:33.039+0200: 141.109: [GC (Allocation Failure) [PSYoungGen: 13889530K->2418167K(16649728K)] 20438775K->9577488K(26056704K), 0.2984735 secs] [Times: user=2.13 sys=10.10, real=0.30 secs] 
2021-04-01T07:15:53.515+0200: 161.585: [GC (Allocation Failure) [PSYoungGen: 16649719K->1379919K(17244672K)] 23809040K->10553066K(26651648K), 0.2072098 secs] [Times: user=2.26 sys=6.19, real=0.20 secs] 
2021-04-01T07:15:53.725+0200: 161.795: [Full GC (Ergonomics) [PSYoungGen: 1379919K->0K(17244672K)] [ParOldGen: 9173146K->4136685K(9198080K)] 10553066K->4136685K(26442752K), [Metaspace: 51162K->51162K(53248K)], 0.3624591 secs] [Times: user=6.54 sys=1.88, real=0.36 secs] 
2021-04-01T07:16:12.318+0200: 180.389: [GC (Allocation Failure) [PSYoungGen: 14231552K->1250795K(18787840K)] 18368237K->5387480K(27985920K), 0.1066985 secs] [Times: user=1.28 sys=2.79, real=0.11 secs] 
2021-04-01T07:16:30.736+0200: 198.806: [GC (Allocation Failure) [PSYoungGen: 17461739K->2724857K(18935808K)] 21598424K->7228092K(28133888K), 0.1799700 secs] [Times: user=3.59 sys=3.34, real=0.18 secs] 
2021-04-01T07:16:46.488+0200: 214.559: [GC (Allocation Failure) [PSYoungGen: 18935801K->3255782K(20618752K)] 23439036K->9226171K(29816832K), 0.4315750 secs] [Times: user=3.51 sys=14.50, real=0.43 secs] 
2021-04-01T07:17:05.775+0200: 233.845: [GC (Allocation Failure) [PSYoungGen: 20618726K->2412591K(21650944K)] 26589115K->10966774K(30849024K), 0.1579767 secs] [Times: user=5.69 sys=0.01, real=0.16 secs] 
2021-04-01T07:17:05.933+0200: 234.003: [Full GC (Ergonomics) [PSYoungGen: 2412591K->0K(21650944K)] [ParOldGen: 8554182K->5804849K(11976704K)] 10966774K->5804849K(33627648K), [Metaspace: 51227K->51227K(53248K)], 0.4710911 secs] [Times: user=9.63 sys=0.99, real=0.47 secs] 
2021-04-01T07:17:22.675+0200: 250.745: [GC (Allocation Failure) [PSYoungGen: 17362944K->2667246K(24114688K)] 23167793K->8472096K(36091392K), 0.3129757 secs] [Times: user=1.95 sys=5.21, real=0.31 secs] 
2021-04-01T07:17:49.550+0200: 277.620: [GC (Allocation Failure) [PSYoungGen: 22508270K->2012102K(24178688K)] 28313120K->10166936K(36155392K), 0.2234150 secs] [Times: user=3.10 sys=5.06, real=0.23 secs] 
2021-04-01T07:18:23.371+0200: 311.441: [GC (Allocation Failure) [PSYoungGen: 21853126K->1151374K(26340352K)] 30007960K->9986280K(38317056K), 0.1560522 secs] [Times: user=1.83 sys=4.08, real=0.16 secs] 
2021-04-01T07:18:57.106+0200: 345.177: [GC (Allocation Failure) [PSYoungGen: 23800718K->2895025K(26691584K)] 32635624K->11729931K(38668288K), 0.1087590 secs] [Times: user=3.89 sys=0.00, real=0.11 secs] 
2021-04-01T07:19:19.811+0200: 367.881: [GC (GCLocker Initiated GC) [PSYoungGen: 25544369K->4209645K(28170240K)] 34379325K->14330705K(40146944K), 0.5930722 secs] [Times: user=2.86 sys=21.78, real=0.59 secs] 
2021-04-01T07:19:20.404+0200: 368.474: [Full GC (Ergonomics) [PSYoungGen: 4209645K->0K(28170240K)] [ParOldGen: 10121059K->5096180K(11753984K)] 14330705K->5096180K(39924224K), [Metaspace: 51278K->51278K(53248K)], 0.4913558 secs] [Times: user=8.03 sys=4.37, real=0.50 secs] 
2021-04-01T07:19:38.972+0200: 387.042: [GC (Allocation Failure) [PSYoungGen: 23960576K->4339653K(29255168K)] 29056758K->9435835K(41009152K), 0.1839963 secs] [Times: user=4.90 sys=1.09, real=0.18 secs] 
2021-04-01T07:20:05.500+0200: 413.570: [GC (Allocation Failure) [PSYoungGen: 28300229K->1919116K(32334848K)] 33396411K->10718108K(44088832K), 0.2405010 secs] [Times: user=3.54 sys=5.46, real=0.24 secs] 
2021-04-01T07:20:05.741+0200: 413.811: [Full GC (Ergonomics) [PSYoungGen: 1919116K->0K(32334848K)] [ParOldGen: 8798992K->5677225K(13661696K)] 10718108K->5677225K(45996544K), [Metaspace: 51289K->51289K(53248K)], 0.3286195 secs] [Times: user=7.67 sys=0.76, real=0.33 secs] 
2021-04-01T07:20:47.964+0200: 456.034: [GC (Allocation Failure) [PSYoungGen: 27134976K->2013286K(32659456K)] 32812201K->7690512K(46321152K), 0.1640307 secs] [Times: user=2.12 sys=3.73, real=0.17 secs] 
2021-04-01T07:21:23.564+0200: 491.634: [GC (Allocation Failure) [PSYoungGen: 29148262K->2222599K(35156992K)] 34825488K->8739460K(48818688K), 0.2743399 secs] [Times: user=2.75 sys=8.17, real=0.28 secs] 
2021-04-01T07:21:59.182+0200: 527.252: [GC (Allocation Failure) [PSYoungGen: 32686087K->4452752K(35499008K)] 39202948K->11855400K(49160704K), 0.1762439 secs] [Times: user=6.44 sys=0.15, real=0.18 secs] 
2021-04-01T07:22:31.821+0200: 559.891: [GC (Allocation Failure) [PSYoungGen: 34916240K->5534203K(38384128K)] 42318888K->13804171K(52045824K), 0.6712168 secs] [Times: user=3.91 sys=24.01, real=0.68 secs] 
2021-04-01T07:23:00.837+0200: 588.908: [GC (Allocation Failure) [PSYoungGen: 38384123K->5037406K(39498240K)] 46654091K->15706556K(53159936K), 0.3358353 secs] [Times: user=6.24 sys=6.86, real=0.34 secs] 
2021-04-01T07:23:01.173+0200: 589.244: [Full GC (Ergonomics) [PSYoungGen: 5037406K->0K(39498240K)] [ParOldGen: 10669149K->7104280K(15147008K)] 15706556K->7104280K(54645248K), [Metaspace: 51326K->51326K(53248K)], 0.4561119 secs] [Times: user=9.54 sys=2.46, real=0.45 secs] 
2021-04-01T07:23:40.497+0200: 628.567: [GC (Allocation Failure) [PSYoungGen: 32849920K->3221389K(43458560K)] 39954200K->10325670K(58605568K), 0.2875002 secs] [Times: user=2.58 sys=8.76, real=0.29 secs] 
2021-04-01T07:24:38.672+0200: 686.742: [GC (Allocation Failure) [PSYoungGen: 40186765K->5292401K(43637248K)] 47291046K->12886860K(58784256K), 0.3126905 secs] [Times: user=5.96 sys=6.12, real=0.31 secs] 
2021-04-01T07:25:35.919+0200: 743.989: [GC (Allocation Failure) [PSYoungGen: 42257777K->2826252K(47541248K)] 49852236K->10540464K(62688256K), 0.3435434 secs] [Times: user=1.78 sys=11.56, real=0.34 secs] 
2021-04-01T07:26:38.611+0200: 806.681: [GC (Allocation Failure) [PSYoungGen: 43987980K->1909942K(47990784K)] 51702192K->9657396K(63137792K), 0.1082552 secs] [Times: user=3.07 sys=0.00, real=0.11 secs] 
2021-04-01T07:27:25.752+0200: 853.822: [GC (Allocation Failure) [PSYoungGen: 43071670K->5070083K(51714560K)] 50819124K->12817536K(66861568K), 0.5776747 secs] [Times: user=2.95 sys=20.66, real=0.57 secs] 
2021-04-01T07:28:11.677+0200: 899.748: [GC (Allocation Failure) [PSYoungGen: 50061571K->6723508K(52055040K)] 57809024K->14475736K(67202048K), 0.3830864 secs] [Times: user=7.19 sys=8.49, real=0.38 secs] 
2021-04-01T07:29:14.724+0200: 962.795: [GC (Allocation Failure) [PSYoungGen: 51714996K->2137683K(53182464K)] 59467224K->9916855K(68329472K), 0.1082204 secs] [Times: user=3.53 sys=0.01, real=0.11 secs] 
2021-04-01T07:30:38.077+0200: 1046.147: [GC (Allocation Failure) [PSYoungGen: 47388755K->2182683K(47434240K)] 55167927K->9961855K(62581248K), 0.1226582 secs] [Times: user=3.50 sys=0.00, real=0.12 secs] 
2021-04-01T07:31:30.592+0200: 1098.662: [GC (Allocation Failure) [PSYoungGen: 47433755K->5603308K(52451840K)] 55212927K->13382480K(67598848K), 0.3164894 secs] [Times: user=6.01 sys=6.03, real=0.31 secs] 
2021-04-01T07:32:10.319+0200: 1138.390: [GC (Allocation Failure) [PSYoungGen: 50464236K->7451435K(52312576K)] 58243408K->15230608K(67459584K), 0.2713602 secs] [Times: user=9.01 sys=1.47, real=0.27 secs] 
2021-04-01T07:32:45.828+0200: 1173.898: [GC (Allocation Failure) [PSYoungGen: 52312363K->7841335K(49856000K)] 60091536K->15620507K(65003008K), 0.3962117 secs] [Times: user=8.16 sys=7.31, real=0.40 secs] 
2021-04-01T07:33:15.266+0200: 1203.336: [GC (Allocation Failure) [PSYoungGen: 49048631K->9658666K(50866176K)] 56827803K->17438882K(66013184K), 0.2950515 secs] [Times: user=11.60 sys=0.00, real=0.29 secs] 
2021-04-01T07:34:04.227+0200: 1252.297: [GC (Allocation Failure) [PSYoungGen: 50865962K->2734242K(49031168K)] 58646178K->10515304K(64178176K), 0.1236650 secs] [Times: user=4.18 sys=0.01, real=0.12 secs] 
2021-04-01T07:34:50.102+0200: 1298.172: [GC (Allocation Failure) [PSYoungGen: 41670306K->6222947K(49948672K)] 49451368K->14004009K(65095680K), 0.2091594 secs] [Times: user=7.99 sys=0.00, real=0.21 secs] 
2021-04-01T07:35:43.825+0200: 1351.896: [GC (Allocation Failure) [PSYoungGen: 45159011K->4028820K(48944640K)] 52940073K->11809881K(64091648K), 0.1590653 secs] [Times: user=5.57 sys=0.01, real=0.16 secs] 
2021-04-01T07:36:33.329+0200: 1401.399: [GC (Allocation Failure) [PSYoungGen: 43035028K->4436461K(49481728K)] 50816089K->12217523K(64628736K), 0.1686889 secs] [Times: user=6.03 sys=0.01, real=0.17 secs] 
2021-04-01T07:37:18.336+0200: 1446.406: [GC (Allocation Failure) [PSYoungGen: 43442669K->5532471K(49999360K)] 51223731K->13313533K(65146368K), 0.1960727 secs] [Times: user=7.47 sys=0.00, real=0.20 secs] 
2021-04-01T07:37:57.932+0200: 1486.002: [GC (Allocation Failure) [PSYoungGen: 46054199K->6899136K(50255360K)] 53835261K->14680198K(65402368K), 0.2238283 secs] [Times: user=8.68 sys=0.01, real=0.23 secs] 
2021-04-01T07:38:33.937+0200: 1522.007: [GC (Allocation Failure) [PSYoungGen: 47420864K->9492847K(48644096K)] 55201926K->17273909K(63791104K), 0.3338857 secs] [Times: user=11.50 sys=1.86, real=0.33 secs] 
2021-04-01T07:39:14.881+0200: 1562.951: [GC (Allocation Failure) [PSYoungGen: 48125807K->6352021K(49797120K)] 55906869K->14133082K(64944128K), 0.2068927 secs] [Times: user=8.01 sys=0.00, real=0.21 secs] 
2021-04-01T07:39:53.890+0200: 1601.961: [GC (Allocation Failure) [PSYoungGen: 44984981K->6633833K(49272832K)] 52766042K->14414895K(64419840K), 0.2270074 secs] [Times: user=8.33 sys=0.00, real=0.23 secs] 
2021-04-01T07:40:30.946+0200: 1639.016: [GC (Allocation Failure) [PSYoungGen: 45511529K->7358447K(49657344K)] 53292591K->15139509K(64804352K), 0.2471990 secs] [Times: user=9.83 sys=0.00, real=0.25 secs] 
2021-04-01T07:41:16.371+0200: 1684.441: [GC (Allocation Failure) [PSYoungGen: 46236143K->4862012K(49616384K)] 54017205K->12644025K(64763392K), 0.1880378 secs] [Times: user=6.79 sys=0.07, real=0.19 secs] 
2021-04-01T07:42:05.313+0200: 1733.383: [GC (Allocation Failure) [PSYoungGen: 44150332K->4684142K(49842176K)] 51932345K->12467028K(64989184K), 0.1737166 secs] [Times: user=6.45 sys=0.00, real=0.17 secs] 
2021-04-01T07:42:44.356+0200: 1772.426: [GC (Allocation Failure) [PSYoungGen: 43972462K->6295885K(50047488K)] 51755348K->14082707K(65194496K), 0.2245041 secs] [Times: user=8.61 sys=0.02, real=0.22 secs] 
2021-04-01T07:43:25.060+0200: 1813.130: [GC (Allocation Failure) [PSYoungGen: 46450509K->10035186K(50189824K)] 54237331K->19228239K(65336832K), 0.3769767 secs] [Times: user=15.50 sys=0.01, real=0.38 secs] 
Heap
 PSYoungGen      total 50189824K, used 12694485K [0x00007fe75c380000, 0x00007ff5e5000000, 0x00007ff5e5000000)
  eden space 40154624K, 6% used [0x00007fe75c380000,0x00007fe7fe8789e8,0x00007ff0ef100000)
  from space 10035200K, 99% used [0x00007ff0ef100000,0x00007ff3538fcb88,0x00007ff353900000)
  to   space 10771456K, 0% used [0x00007ff353900000,0x00007ff353900000,0x00007ff5e5000000)
 ParOldGen       total 15147008K, used 9193053K [0x00007fca4aa00000, 0x00007fcde7200000, 0x00007fe75c380000)
  object space 15147008K, 60% used [0x00007fca4aa00000,0x00007fcc7bb97430,0x00007fcde7200000)
 Metaspace       used 51587K, capacity 52312K, committed 52992K, reserved 53248K
