Java HotSpot(TM) 64-Bit Server VM (25.131-b11) for linux-amd64 JRE (1.8.0_131-b11), built on Mar 15 2017 01:23:40 by "java_re" with gcc 4.3.0 20080428 (Red Hat 4.3.0-8)
Memory: 4k page, physical 196649796k(182662604k free), swap 3905532k(3905532k free)
CommandLine flags: -XX:InitialHeapSize=2147483648 -XX:MaxHeapSize=187272527872 -XX:+PrintGC -XX:+PrintGCDateStamps -XX:+PrintGCDetails -XX:+PrintGCTimeStamps -XX:+UseParallelGC 
2021-04-01T07:13:13.201+0200: 1.268: [GC (Metadata GC Threshold) [PSYoungGen: 404767K->37597K(611840K)] 404767K->37685K(2010112K), 0.0352472 secs] [Times: user=0.71 sys=0.04, real=0.04 secs] 
2021-04-01T07:13:13.237+0200: 1.304: [Full GC (Metadata GC Threshold) [PSYoungGen: 37597K->0K(611840K)] [ParOldGen: 88K->36131K(780288K)] 37685K->36131K(1392128K), [Metaspace: 20779K->20779K(22528K)], 0.0252175 secs] [Times: user=0.28 sys=0.05, real=0.02 secs] 
2021-04-01T07:13:14.762+0200: 2.829: [GC (Metadata GC Threshold) [PSYoungGen: 421948K->87027K(884224K)] 458079K->135158K(1664512K), 0.0226201 secs] [Times: user=0.62 sys=0.08, real=0.03 secs] 
2021-04-01T07:13:14.785+0200: 2.852: [Full GC (Metadata GC Threshold) [PSYoungGen: 87027K->0K(884224K)] [ParOldGen: 48131K->122587K(1263104K)] 135158K->122587K(2147328K), [Metaspace: 34850K->34720K(36864K)], 0.0383822 secs] [Times: user=0.38 sys=0.20, real=0.04 secs] 
2021-04-01T07:13:16.871+0200: 4.938: [GC (Allocation Failure) [PSYoungGen: 797184K->87019K(1136640K)] 919771K->260571K(2399744K), 0.0261988 secs] [Times: user=0.20 sys=0.34, real=0.03 secs] 
2021-04-01T07:13:17.362+0200: 5.429: [GC (Allocation Failure) [PSYoungGen: 1136619K->87019K(1245184K)] 1310171K->260760K(2508288K), 0.0178737 secs] [Times: user=0.38 sys=0.18, real=0.02 secs] 
2021-04-01T07:13:18.939+0200: 7.006: [GC (Allocation Failure) [PSYoungGen: 1245163K->87036K(1245184K)] 1418904K->395671K(2508288K), 0.0304827 secs] [Times: user=0.75 sys=0.17, real=0.03 secs] 
2021-04-01T07:13:22.207+0200: 10.274: [GC (Allocation Failure) [PSYoungGen: 1245180K->228331K(1903616K)] 1553815K->563957K(3166720K), 0.0319234 secs] [Times: user=0.52 sys=0.42, real=0.03 secs] 
2021-04-01T07:13:24.877+0200: 12.944: [GC (Allocation Failure) [PSYoungGen: 1903595K->288254K(1963520K)] 2239221K->729740K(3226624K), 0.0436568 secs] [Times: user=0.29 sys=1.29, real=0.04 secs] 
2021-04-01T07:13:28.086+0200: 16.153: [GC (Allocation Failure) [PSYoungGen: 1963518K->395263K(2695680K)] 2405004K->979392K(3958784K), 0.0667773 secs] [Times: user=0.80 sys=1.33, real=0.07 secs] 
2021-04-01T07:13:30.594+0200: 18.661: [GC (Allocation Failure) [PSYoungGen: 2695679K->527852K(2828288K)] 3279808K->1397891K(4091392K), 0.0870189 secs] [Times: user=0.24 sys=3.22, real=0.08 secs] 
2021-04-01T07:13:32.794+0200: 20.861: [GC (Allocation Failure) [PSYoungGen: 2828252K->606503K(3663872K)] 3698291K->1688475K(4926976K), 0.0817492 secs] [Times: user=0.39 sys=3.01, real=0.08 secs] 
2021-04-01T07:13:32.876+0200: 20.943: [Full GC (Ergonomics) [PSYoungGen: 606503K->314929K(3663872K)] [ParOldGen: 1081972K->1262803K(2935296K)] 1688475K->1577732K(6599168K), [Metaspace: 39801K->39615K(40960K)], 0.1419692 secs] [Times: user=2.56 sys=1.11, real=0.14 secs] 
2021-04-01T07:13:36.714+0200: 24.781: [GC (Allocation Failure) [PSYoungGen: 3244593K->699335K(3738112K)] 4507396K->2276642K(6673408K), 0.0814646 secs] [Times: user=0.67 sys=2.39, real=0.08 secs] 
2021-04-01T07:13:40.579+0200: 28.646: [GC (Allocation Failure) [PSYoungGen: 3628999K->452577K(4861952K)] 5206306K->2617640K(7797248K), 0.1076093 secs] [Times: user=0.48 sys=3.98, real=0.11 secs] 
2021-04-01T07:13:43.836+0200: 31.903: [GC (Allocation Failure) [PSYoungGen: 4437473K->388461K(4867584K)] 6602536K->2942481K(7802880K), 0.0691655 secs] [Times: user=0.40 sys=2.14, real=0.07 secs] 
2021-04-01T07:13:43.906+0200: 31.972: [Full GC (Ergonomics) [PSYoungGen: 388461K->0K(4867584K)] [ParOldGen: 2554019K->2888948K(5176832K)] 2942481K->2888948K(10044416K), [Metaspace: 50802K->50087K(53248K)], 0.2239191 secs] [Times: user=5.27 sys=1.70, real=0.22 secs] 
2021-04-01T07:13:49.317+0200: 37.384: [GC (Allocation Failure) [PSYoungGen: 3984896K->706862K(6151168K)] 6873844K->3595810K(11328000K), 0.0819814 secs] [Times: user=0.38 sys=2.94, real=0.08 secs] 
2021-04-01T07:13:55.527+0200: 43.594: [GC (Allocation Failure) [PSYoungGen: 6017838K->575652K(6229504K)] 8906786K->4089651K(11406336K), 0.1039931 secs] [Times: user=0.56 sys=3.64, real=0.10 secs] 
2021-04-01T07:14:00.693+0200: 48.760: [GC (Allocation Failure) [PSYoungGen: 5886628K->589777K(7941120K)] 9400627K->4599449K(13117952K), 0.0968808 secs] [Times: user=0.79 sys=3.13, real=0.09 secs] 
2021-04-01T07:14:08.636+0200: 56.703: [GC (Allocation Failure) [PSYoungGen: 7599057K->943601K(7952896K)] 11608729K->5900136K(13129728K), 0.1850830 secs] [Times: user=1.13 sys=6.09, real=0.18 secs] 
2021-04-01T07:14:08.821+0200: 56.888: [Full GC (Ergonomics) [PSYoungGen: 943601K->267056K(7952896K)] [ParOldGen: 4956534K->5176585K(8159232K)] 5900136K->5443641K(16112128K), [Metaspace: 50410K->50410K(53248K)], 0.3231876 secs] [Times: user=6.72 sys=3.13, real=0.33 secs] 
2021-04-01T07:14:17.918+0200: 65.985: [GC (Allocation Failure) [PSYoungGen: 7276336K->1220306K(9806336K)] 12452921K->6672788K(17965568K), 0.1964036 secs] [Times: user=1.28 sys=3.83, real=0.20 secs] 
2021-04-01T07:14:26.564+0200: 74.631: [GC (Allocation Failure) [PSYoungGen: 9595090K->593728K(9957888K)] 15047572K->7120576K(18117120K), 0.1553979 secs] [Times: user=1.06 sys=4.20, real=0.15 secs] 
2021-04-01T07:14:35.501+0200: 83.568: [GC (Allocation Failure) [PSYoungGen: 8968512K->926096K(11648512K)] 15495360K->7977247K(19807744K), 0.1335488 secs] [Times: user=1.21 sys=4.03, real=0.14 secs] 
2021-04-01T07:14:46.591+0200: 94.658: [GC (Allocation Failure) [PSYoungGen: 11091344K->1518067K(11683328K)] 18142495K->9433828K(19842560K), 0.1478994 secs] [Times: user=1.51 sys=4.08, real=0.14 secs] 
2021-04-01T07:14:46.739+0200: 94.806: [Full GC (Ergonomics) [PSYoungGen: 1518067K->0K(11683328K)] [ParOldGen: 7915760K->5110763K(8728064K)] 9433828K->5110763K(20411392K), [Metaspace: 50602K->50602K(53248K)], 0.4115380 secs] [Times: user=8.01 sys=3.02, real=0.42 secs] 
2021-04-01T07:14:58.326+0200: 106.393: [GC (Allocation Failure) [PSYoungGen: 10165248K->1834284K(14080000K)] 15276011K->6945056K(22808064K), 0.2123639 secs] [Times: user=1.16 sys=7.76, real=0.21 secs] 
2021-04-01T07:15:11.795+0200: 119.862: [GC (Allocation Failure) [PSYoungGen: 13846828K->1211752K(14325248K)] 18957600K->7896810K(23053312K), 0.1236648 secs] [Times: user=2.53 sys=2.34, real=0.12 secs] 
2021-04-01T07:15:24.979+0200: 133.046: [GC (Allocation Failure) [PSYoungGen: 13224296K->1408762K(16691712K)] 19909354K->9160694K(25419776K), 0.1865592 secs] [Times: user=1.49 sys=6.15, real=0.19 secs] 
2021-04-01T07:15:25.166+0200: 133.233: [Full GC (Ergonomics) [PSYoungGen: 1408762K->0K(16691712K)] [ParOldGen: 7751932K->5103469K(9527296K)] 9160694K->5103469K(26219008K), [Metaspace: 50879K->50879K(53248K)], 0.3880716 secs] [Times: user=8.07 sys=0.71, real=0.39 secs] 
2021-04-01T07:15:40.689+0200: 148.756: [GC (Allocation Failure) [PSYoungGen: 14415360K->1911999K(16724480K)] 19518829K->7015476K(26251776K), 0.0838326 secs] [Times: user=2.50 sys=0.71, real=0.09 secs] 
2021-04-01T07:16:11.170+0200: 179.237: [GC (Allocation Failure) [PSYoungGen: 16327359K->1616601K(18839552K)] 21430836K->8283011K(28366848K), 0.2125760 secs] [Times: user=1.86 sys=6.76, real=0.22 secs] 
2021-04-01T07:16:35.070+0200: 203.137: [GC (Allocation Failure) [PSYoungGen: 17971929K->2562532K(18917888K)] 24638339K->9877389K(28445184K), 0.1963706 secs] [Times: user=3.27 sys=3.75, real=0.20 secs] 
2021-04-01T07:16:55.001+0200: 223.068: [GC (Allocation Failure) [PSYoungGen: 18917860K->2235145K(21511168K)] 26232717K->11381465K(31038464K), 0.3072709 secs] [Times: user=2.31 sys=10.14, real=0.31 secs] 
2021-04-01T07:16:55.308+0200: 223.375: [Full GC (Ergonomics) [PSYoungGen: 2235145K->0K(21511168K)] [ParOldGen: 9146319K->4353607K(9667072K)] 11381465K->4353607K(31178240K), [Metaspace: 51155K->51155K(53248K)], 0.3765134 secs] [Times: user=6.88 sys=2.86, real=0.38 secs] 
2021-04-01T07:17:15.823+0200: 243.889: [GC (Allocation Failure) [PSYoungGen: 18328064K->2369361K(21652992K)] 22681671K->6722968K(31320064K), 0.0970809 secs] [Times: user=2.85 sys=0.67, real=0.10 secs] 
2021-04-01T07:17:35.477+0200: 263.544: [GC (Allocation Failure) [PSYoungGen: 20697425K->3479010K(23269376K)] 25051032K->9374450K(32936448K), 0.4440065 secs] [Times: user=4.12 sys=14.19, real=0.44 secs] 
2021-04-01T07:17:51.839+0200: 279.906: [GC (Allocation Failure) [PSYoungGen: 23269346K->4573176K(24363520K)] 29164786K->11806081K(34030592K), 0.2909682 secs] [Times: user=5.81 sys=6.11, real=0.29 secs] 
2021-04-01T07:18:18.243+0200: 306.310: [GC (Allocation Failure) [PSYoungGen: 24363512K->2015356K(28375552K)] 31596417K->12628125K(39000064K), 0.4321224 secs] [Times: user=4.31 sys=8.42, real=0.43 secs] 
2021-04-01T07:18:18.675+0200: 306.742: [Full GC (Ergonomics) [PSYoungGen: 2015356K->0K(28375552K)] [ParOldGen: 10612768K->5356478K(11974144K)] 12628125K->5356478K(40349696K), [Metaspace: 51176K->51176K(53248K)], 0.5307850 secs] [Times: user=9.07 sys=2.04, real=0.53 secs] 
2021-04-01T07:18:55.058+0200: 343.125: [GC (Allocation Failure) [PSYoungGen: 23135232K->2928713K(28624896K)] 28491710K->8285192K(40599040K), 0.1065946 secs] [Times: user=3.62 sys=0.00, real=0.11 secs] 
2021-04-01T07:19:40.550+0200: 388.617: [GC (Allocation Failure) [PSYoungGen: 26063945K->1997871K(30738944K)] 31420424K->8405821K(42713088K), 0.2512490 secs] [Times: user=2.13 sys=7.89, real=0.25 secs] 
2021-04-01T07:20:21.353+0200: 429.420: [GC (Allocation Failure) [PSYoungGen: 28032559K->2234668K(31196160K)] 34440509K->9119071K(43170304K), 0.1504210 secs] [Times: user=3.65 sys=1.91, real=0.15 secs] 
2021-04-01T07:20:58.651+0200: 466.718: [GC (Allocation Failure) [PSYoungGen: 28269356K->3551056K(33691136K)] 35153759K->10435459K(45665280K), 0.4334497 secs] [Times: user=2.00 sys=15.88, real=0.43 secs] 
2021-04-01T07:21:36.915+0200: 504.982: [GC (Allocation Failure) [PSYoungGen: 32357200K->5092341K(33898496K)] 39241603K->12360405K(45872640K), 0.2895087 secs] [Times: user=6.56 sys=4.96, real=0.29 secs] 
2021-04-01T07:22:02.040+0200: 530.107: [GC (Allocation Failure) [PSYoungGen: 33898485K->5094416K(37566464K)] 41166549K->15161345K(49540608K), 0.6108371 secs] [Times: user=3.34 sys=22.02, real=0.61 secs] 
2021-04-01T07:22:02.651+0200: 530.718: [Full GC (Ergonomics) [PSYoungGen: 5094416K->0K(37566464K)] [ParOldGen: 10066928K->7625724K(14586368K)] 15161345K->7625724K(52152832K), [Metaspace: 51246K->51246K(53248K)], 0.5263616 secs] [Times: user=10.75 sys=4.53, real=0.53 secs] 
2021-04-01T07:22:27.700+0200: 555.767: [GC (Allocation Failure) [PSYoungGen: 31609344K->5255323K(38120960K)] 39235068K->12881056K(52707328K), 0.1613964 secs] [Times: user=6.10 sys=0.01, real=0.16 secs] 
2021-04-01T07:22:56.477+0200: 584.544: [GC (Allocation Failure) [PSYoungGen: 36864667K->5080419K(42836992K)] 44490400K->16021877K(57423360K), 0.6052349 secs] [Times: user=4.40 sys=20.74, real=0.60 secs] 
2021-04-01T07:22:57.083+0200: 585.150: [Full GC (Ergonomics) [PSYoungGen: 5080419K->0K(42836992K)] [ParOldGen: 10941458K->8026484K(15961088K)] 16021877K->8026484K(58798080K), [Metaspace: 51258K->51258K(53248K)], 0.5717159 secs] [Times: user=12.12 sys=4.37, real=0.58 secs] 
2021-04-01T07:24:18.585+0200: 666.652: [GC (Allocation Failure) [PSYoungGen: 35830784K->1326914K(43154944K)] 43857268K->9353398K(59116032K), 0.0891521 secs] [Times: user=2.44 sys=0.00, real=0.09 secs] 
2021-04-01T07:25:31.283+0200: 739.350: [GC (Allocation Failure) [PSYoungGen: 37157698K->2174172K(46145536K)] 45184182K->10648321K(62106624K), 0.2275508 secs] [Times: user=3.05 sys=5.43, real=0.23 secs] 
2021-04-01T07:26:18.390+0200: 786.457: [GC (Allocation Failure) [PSYoungGen: 41900764K->6554622K(46764032K)] 50374913K->15163887K(62725120K), 0.2207269 secs] [Times: user=8.41 sys=0.00, real=0.23 secs] 
2021-04-01T07:26:52.464+0200: 820.531: [GC (Allocation Failure) [PSYoungGen: 46281214K->7929326K(48914432K)] 54890479K->18812373K(64875520K), 0.9736558 secs] [Times: user=6.46 sys=34.31, real=0.97 secs] 
2021-04-01T07:28:01.101+0200: 889.168: [GC (Allocation Failure) [PSYoungGen: 48914414K->2322056K(50973184K)] 59797461K->13220371K(66934272K), 0.1216566 secs] [Times: user=3.47 sys=0.05, real=0.12 secs] 
2021-04-01T07:28:58.708+0200: 946.775: [GC (Allocation Failure) [PSYoungGen: 43307144K->3928112K(49535488K)] 54205459K->14977386K(65496576K), 0.1806518 secs] [Times: user=5.87 sys=0.96, real=0.18 secs] 
2021-04-01T07:29:39.321+0200: 987.388: [GC (Allocation Failure) [PSYoungGen: 45199920K->7455768K(50397696K)] 56249194K->19271055K(66358784K), 0.2749734 secs] [Times: user=8.87 sys=2.17, real=0.28 secs] 
2021-04-01T07:30:56.767+0200: 1064.834: [GC (Allocation Failure) [PSYoungGen: 48727576K->539967K(50906112K)] 60542863K->12355254K(66867200K), 0.0779875 secs] [Times: user=1.78 sys=0.18, real=0.08 secs] 
2021-04-01T07:32:26.873+0200: 1154.940: [GC (Allocation Failure) [PSYoungGen: 41533247K->849129K(41842688K)] 53348534K->12664416K(57803776K), 0.1052458 secs] [Times: user=2.62 sys=0.11, real=0.10 secs] 
2021-04-01T07:34:00.046+0200: 1248.113: [GC (Allocation Failure) [PSYoungGen: 41842409K->1261618K(51192320K)] 53657696K->13076905K(67153408K), 0.0995038 secs] [Times: user=2.65 sys=0.23, real=0.10 secs] 
2021-04-01T07:35:00.719+0200: 1308.786: [GC (Allocation Failure) [PSYoungGen: 42559026K->5642495K(50959360K)] 54374313K->17457782K(66920448K), 0.2052156 secs] [Times: user=6.95 sys=0.00, real=0.21 secs] 
2021-04-01T07:35:29.091+0200: 1337.158: [GC (Allocation Failure) [PSYoungGen: 46939903K->9875436K(47066624K)] 58755190K->22536314K(63027712K), 0.5372607 secs] [Times: user=10.98 sys=10.87, real=0.54 secs] 
2021-04-01T07:35:55.104+0200: 1363.171: [GC (GCLocker Initiated GC) [PSYoungGen: 47066604K->11885053K(49076224K)] 59727631K->24910224K(65037312K), 0.4157747 secs] [Times: user=15.32 sys=1.73, real=0.41 secs] 
2021-04-01T07:36:20.685+0200: 1388.751: [GC (Allocation Failure) [PSYoungGen: 49076221K->11885025K(40818688K)] 62101411K->25810151K(56779776K), 0.6139534 secs] [Times: user=14.38 sys=11.32, real=0.61 secs] 
2021-04-01T07:36:21.299+0200: 1389.366: [Full GC (Ergonomics) [PSYoungGen: 11885025K->0K(40818688K)] [ParOldGen: 13925126K->11528523K(18536448K)] 25810151K->11528523K(59355136K), [Metaspace: 51272K->51272K(53248K)], 0.8973222 secs] [Times: user=17.17 sys=11.63, real=0.90 secs] 
2021-04-01T07:36:44.236+0200: 1412.303: [GC (Allocation Failure) [PSYoungGen: 28933632K->5021987K(44947456K)] 40462155K->16550510K(63483904K), 0.1598973 secs] [Times: user=5.92 sys=0.00, real=0.16 secs] 
2021-04-01T07:37:05.486+0200: 1433.553: [GC (Allocation Failure) [PSYoungGen: 33955619K->10625283K(44106240K)] 45484142K->22153806K(62642688K), 0.3131997 secs] [Times: user=12.69 sys=0.00, real=0.31 secs] 
2021-04-01T07:37:25.982+0200: 1454.049: [GC (Allocation Failure) [PSYoungGen: 39588611K->4989529K(44962304K)] 51117134K->22794551K(63498752K), 0.7395120 secs] [Times: user=9.08 sys=21.05, real=0.74 secs] 
2021-04-01T07:37:26.722+0200: 1454.789: [Full GC (Ergonomics) [PSYoungGen: 4989529K->0K(44962304K)] [ParOldGen: 17805022K->10406952K(19473408K)] 22794551K->10406952K(64435712K), [Metaspace: 51276K->51276K(53248K)], 0.6424088 secs] [Times: user=13.59 sys=5.56, real=0.65 secs] 
2021-04-01T07:38:05.937+0200: 1494.004: [GC (Allocation Failure) [PSYoungGen: 28963328K->3137938K(44062720K)] 39370280K->13544891K(63536128K), 0.1556985 secs] [Times: user=3.99 sys=0.02, real=0.16 secs] 
2021-04-01T07:38:50.092+0200: 1538.159: [GC (Allocation Failure) [PSYoungGen: 32857490K->2560065K(44562432K)] 43264443K->13937183K(64035840K), 0.1418314 secs] [Times: user=5.26 sys=0.00, real=0.14 secs] 
2021-04-01T07:39:30.906+0200: 1578.973: [GC (Allocation Failure) [PSYoungGen: 32279617K->2779815K(45092352K)] 43656735K->14479025K(64565760K), 0.1307680 secs] [Times: user=4.62 sys=0.01, real=0.13 secs] 
2021-04-01T07:40:09.969+0200: 1618.036: [GC (Allocation Failure) [PSYoungGen: 34398375K->3314976K(45683712K)] 46097585K->15483322K(65157120K), 0.1574672 secs] [Times: user=4.81 sys=0.00, real=0.16 secs] 
2021-04-01T07:40:44.786+0200: 1652.853: [GC (Allocation Failure) [PSYoungGen: 34933536K->3624398K(45650944K)] 47101882K->16671767K(65124352K), 0.1776671 secs] [Times: user=6.37 sys=0.01, real=0.18 secs] 
2021-04-01T07:41:17.489+0200: 1685.556: [GC (Allocation Failure) [PSYoungGen: 37010894K->4341870K(46291456K)] 50058263K->18681771K(65764864K), 0.1814658 secs] [Times: user=7.18 sys=0.00, real=0.18 secs] 
2021-04-01T07:41:52.489+0200: 1720.556: [GC (Allocation Failure) [PSYoungGen: 37728366K->5907470K(47434752K)] 52068267K->20247371K(66908160K), 0.1964512 secs] [Times: user=7.73 sys=0.00, real=0.20 secs] 
2021-04-01T07:42:27.133+0200: 1755.200: [GC (Allocation Failure) [PSYoungGen: 41763854K->8389614K(47713280K)] 56103755K->22729514K(67186688K), 0.2742025 secs] [Times: user=10.74 sys=0.10, real=0.27 secs] 
2021-04-01T07:43:03.624+0200: 1791.691: [GC (Allocation Failure) [PSYoungGen: 44245998K->10409608K(46168064K)] 58585898K->24749509K(65641472K), 0.3014676 secs] [Times: user=12.34 sys=0.23, real=0.30 secs] 
Heap
 PSYoungGen      total 46168064K, used 33557218K [0x00007f1584380000, 0x00007f240d000000, 0x00007f240d000000)
  eden space 33730048K, 68% used [0x00007f1584380000,0x00007f1b090964f0,0x00007f1d8ef00000)
  from space 12438016K, 83% used [0x00007f2115d80000,0x00007f23913223e8,0x00007f240d000000)
  to   space 13615616K, 0% used [0x00007f1d8ef00000,0x00007f1d8ef00000,0x00007f20cdf80000)
 ParOldGen       total 19473408K, used 14339900K [0x00007ef872a00000, 0x00007efd17300000, 0x00007f1584380000)
  object space 19473408K, 73% used [0x00007ef872a00000,0x00007efbdddcf270,0x00007efd17300000)
 Metaspace       used 51530K, capacity 52223K, committed 53504K, reserved 55296K
