Java HotSpot(TM) 64-Bit Server VM (25.131-b11) for linux-amd64 JRE (1.8.0_131-b11), built on Mar 15 2017 01:23:40 by "java_re" with gcc 4.3.0 20080428 (Red Hat 4.3.0-8)
Memory: 4k page, physical 196649800k(192315768k free), swap 3905532k(3905532k free)
CommandLine flags: -XX:InitialHeapSize=2147483648 -XX:MaxHeapSize=201369391104 -XX:+PrintGC -XX:+PrintGCDateStamps -XX:+PrintGCDetails -XX:+PrintGCTimeStamps -XX:+UseParallelGC 
2021-02-22T00:00:02.655+0100: 1.286: [GC (Metadata GC Threshold) [PSYoungGen: 325382K->19419K(611840K)] 325382K->19507K(2010112K), 0.0187465 secs] [Times: user=0.18 sys=0.02, real=0.02 secs] 
2021-02-22T00:00:02.674+0100: 1.305: [Full GC (Metadata GC Threshold) [PSYoungGen: 19419K->0K(611840K)] [ParOldGen: 88K->18192K(840192K)] 19507K->18192K(1452032K), [Metaspace: 20795K->20795K(22528K)], 0.0236386 secs] [Times: user=0.29 sys=0.00, real=0.02 secs] 
2021-02-22T00:00:03.522+0100: 2.154: [GC (Allocation Failure) [PSYoungGen: 524800K->37329K(864256K)] 542992K->55529K(1704448K), 0.0304753 secs] [Times: user=0.66 sys=0.01, real=0.03 secs] 
2021-02-22T00:00:03.596+0100: 2.228: [GC (Metadata GC Threshold) [PSYoungGen: 59053K->25817K(1086976K)] 77254K->44026K(1927168K), 0.0167342 secs] [Times: user=0.54 sys=0.02, real=0.02 secs] 
2021-02-22T00:00:03.613+0100: 2.245: [Full GC (Metadata GC Threshold) [PSYoungGen: 25817K->0K(1086976K)] [ParOldGen: 18208K->30971K(995840K)] 44026K->30971K(2082816K), [Metaspace: 34885K->34885K(36864K)], 0.0251168 secs] [Times: user=0.26 sys=0.02, real=0.03 secs] 
2021-02-22T00:00:04.492+0100: 3.124: [GC (Allocation Failure) [PSYoungGen: 999936K->87024K(1620992K)] 1030907K->176423K(2616832K), 0.0247257 secs] [Times: user=0.71 sys=0.08, real=0.02 secs] 
2021-02-22T00:00:06.613+0100: 5.245: [GC (Allocation Failure) [PSYoungGen: 1620976K->87024K(1620992K)] 1710375K->321459K(2616832K), 0.0225738 secs] [Times: user=0.65 sys=0.16, real=0.02 secs] 
2021-02-22T00:00:09.461+0100: 8.093: [GC (Allocation Failure) [PSYoungGen: 1620976K->100945K(2746368K)] 1855411K->335387K(3742208K), 0.0349037 secs] [Times: user=0.75 sys=0.06, real=0.03 secs] 
2021-02-22T00:00:09.563+0100: 8.195: [GC (Metadata GC Threshold) [PSYoungGen: 952614K->94258K(2834432K)] 1187057K->328709K(3830272K), 0.0213395 secs] [Times: user=0.59 sys=0.03, real=0.02 secs] 
2021-02-22T00:00:09.584+0100: 8.216: [Full GC (Metadata GC Threshold) [PSYoungGen: 94258K->0K(2834432K)] [ParOldGen: 234450K->319726K(1511424K)] 328709K->319726K(4345856K), [Metaspace: 58158K->58083K(59392K)], 0.1141160 secs] [Times: user=2.43 sys=0.20, real=0.12 secs] 
2021-02-22T00:00:15.024+0100: 13.656: [GC (Allocation Failure) [PSYoungGen: 2616832K->15456K(4740608K)] 2936558K->335190K(6252032K), 0.0120463 secs] [Times: user=0.23 sys=0.02, real=0.01 secs] 
2021-02-22T00:00:30.063+0100: 28.694: [GC (Allocation Failure) [PSYoungGen: 4649056K->35191K(4836864K)] 4968790K->354934K(6348288K), 0.0201211 secs] [Times: user=0.29 sys=0.04, real=0.02 secs] 
2021-02-22T00:00:41.207+0100: 39.839: [GC (Allocation Failure) [PSYoungGen: 4668791K->34030K(6494720K)] 4988534K->363176K(8006144K), 0.0155504 secs] [Times: user=0.28 sys=0.03, real=0.02 secs] 
2021-02-22T00:00:55.570+0100: 54.202: [GC (Allocation Failure) [PSYoungGen: 6494446K->22141K(6665216K)] 6823592K->375655K(8176640K), 0.0191151 secs] [Times: user=0.31 sys=0.01, real=0.01 secs] 
2021-02-22T00:01:04.473+0100: 63.104: [GC (Allocation Failure) [PSYoungGen: 6492285K->15776K(8549376K)] 6845799K->381614K(10060800K), 0.0347297 secs] [Times: user=0.85 sys=0.01, real=0.03 secs] 
2021-02-22T00:01:16.376+0100: 75.007: [GC (Allocation Failure) [PSYoungGen: 8549280K->18454K(8774144K)] 8915118K->392814K(10285568K), 0.0185534 secs] [Times: user=0.34 sys=0.01, real=0.02 secs] 
2021-02-22T00:01:28.894+0100: 87.525: [GC (Allocation Failure) [PSYoungGen: 8604182K->28637K(10685440K)] 8978542K->403005K(12196864K), 0.0234138 secs] [Times: user=0.41 sys=0.00, real=0.02 secs] 
2021-02-22T00:01:44.523+0100: 103.155: [GC (Allocation Failure) [PSYoungGen: 10685405K->43972K(10947072K)] 11059773K->418340K(12458496K), 0.0557869 secs] [Times: user=1.53 sys=0.04, real=0.06 secs] 
2021-02-22T00:01:58.911+0100: 117.543: [GC (Allocation Failure) [PSYoungGen: 10814404K->53963K(12839424K)] 11188772K->428339K(14350848K), 0.0535013 secs] [Times: user=1.47 sys=0.04, real=0.05 secs] 
2021-02-22T00:02:17.020+0100: 135.652: [GC (Allocation Failure) [PSYoungGen: 12839115K->61826K(12977664K)] 13213491K->436210K(14489088K), 0.0599627 secs] [Times: user=1.61 sys=0.04, real=0.06 secs] 
2021-02-22T00:02:35.411+0100: 154.043: [GC (Allocation Failure) [PSYoungGen: 12883842K->66027K(14129152K)] 13258226K->440419K(15640576K), 0.0546956 secs] [Times: user=1.48 sys=0.04, real=0.05 secs] 
2021-02-22T00:02:54.341+0100: 172.972: [GC (Allocation Failure) [PSYoungGen: 14129131K->70194K(13480448K)] 14503523K->444594K(14991872K), 0.0609524 secs] [Times: user=1.83 sys=0.08, real=0.06 secs] 
2021-02-22T00:03:12.616+0100: 191.248: [GC (Allocation Failure) [PSYoungGen: 13479986K->69691K(12859392K)] 13854386K->444091K(14370816K), 0.0699755 secs] [Times: user=2.38 sys=0.05, real=0.07 secs] 
2021-02-22T00:03:29.382+0100: 208.014: [GC (Allocation Failure) [PSYoungGen: 12858939K->66418K(12265984K)] 13233339K->440826K(13777408K), 0.0631432 secs] [Times: user=1.80 sys=0.07, real=0.06 secs] 
2021-02-22T00:03:47.206+0100: 225.838: [GC (Allocation Failure) [PSYoungGen: 12265842K->68516K(11707392K)] 12640250K->442924K(13218816K), 0.0533939 secs] [Times: user=1.64 sys=0.03, real=0.06 secs] 
2021-02-22T00:04:03.217+0100: 241.849: [GC (Allocation Failure) [PSYoungGen: 11707300K->71908K(11178496K)] 12081708K->446316K(12689920K), 0.0785601 secs] [Times: user=2.81 sys=0.09, real=0.08 secs] 
2021-02-22T00:04:18.088+0100: 256.720: [GC (Allocation Failure) [PSYoungGen: 11178212K->71284K(10671616K)] 11552620K->445700K(12183040K), 0.0794206 secs] [Times: user=2.99 sys=0.00, real=0.08 secs] 
2021-02-22T00:04:33.423+0100: 272.054: [GC (Allocation Failure) [PSYoungGen: 10671220K->68722K(10187776K)] 11045636K->443146K(11699200K), 0.0692982 secs] [Times: user=2.52 sys=0.00, real=0.07 secs] 
2021-02-22T00:04:46.272+0100: 284.904: [GC (Allocation Failure) [PSYoungGen: 10187378K->67156K(9729024K)] 10561802K->441588K(11240448K), 0.0441901 secs] [Times: user=1.15 sys=0.00, real=0.04 secs] 
2021-02-22T00:05:00.402+0100: 299.034: [GC (Allocation Failure) [PSYoungGen: 9728596K->77175K(9304064K)] 10103028K->451606K(10815488K), 0.0647243 secs] [Times: user=1.90 sys=0.00, real=0.06 secs] 
2021-02-22T00:05:12.980+0100: 311.612: [GC (Allocation Failure) [PSYoungGen: 9303927K->67163K(8881152K)] 9678358K->443787K(10392576K), 0.0606829 secs] [Times: user=1.78 sys=0.00, real=0.06 secs] 
2021-02-22T00:05:26.122+0100: 324.754: [GC (Allocation Failure) [PSYoungGen: 8880730K->78180K(8499200K)] 9257354K->456852K(10010624K), 0.0627875 secs] [Times: user=1.94 sys=0.00, real=0.06 secs] 
2021-02-22T00:05:37.915+0100: 336.547: [GC (Allocation Failure) [PSYoungGen: 8499044K->64242K(8112128K)] 8877716K->445762K(9623552K), 0.0490369 secs] [Times: user=1.55 sys=0.00, real=0.05 secs] 
2021-02-22T00:05:48.267+0100: 346.899: [GC (Allocation Failure) [PSYoungGen: 8111858K->70299K(7763456K)] 8493378K->453555K(9274880K), 0.0455397 secs] [Times: user=1.30 sys=0.01, real=0.05 secs] 
2021-02-22T00:05:59.889+0100: 358.521: [GC (Allocation Failure) [PSYoungGen: 7763099K->71963K(7427584K)] 8146355K->456587K(8939008K), 0.0365147 secs] [Times: user=1.24 sys=0.02, real=0.04 secs] 
2021-02-22T00:06:08.641+0100: 367.273: [GC (Allocation Failure) [PSYoungGen: 7427355K->57499K(7092736K)] 7811979K->443119K(8604160K), 0.0335598 secs] [Times: user=0.78 sys=0.00, real=0.03 secs] 
2021-02-22T00:06:20.057+0100: 378.689: [GC (Allocation Failure) [PSYoungGen: 7092379K->63476K(6793216K)] 7477999K->450092K(8304640K), 0.0362356 secs] [Times: user=1.23 sys=0.00, real=0.04 secs] 
2021-02-22T00:06:30.406+0100: 389.038: [GC (Allocation Failure) [PSYoungGen: 6793204K->59835K(6499840K)] 7179820K->447275K(8011264K), 0.0404775 secs] [Times: user=1.34 sys=0.01, real=0.04 secs] 
2021-02-22T00:06:38.489+0100: 397.121: [GC (Allocation Failure) [PSYoungGen: 6496166K->61035K(6225408K)] 6883606K->449331K(7736832K), 0.0353731 secs] [Times: user=0.90 sys=0.01, real=0.04 secs] 
2021-02-22T00:06:46.217+0100: 404.849: [GC (Allocation Failure) [PSYoungGen: 6225003K->58084K(5960192K)] 6613299K->447188K(7471616K), 0.0324061 secs] [Times: user=0.91 sys=0.00, real=0.03 secs] 
2021-02-22T00:06:53.809+0100: 412.441: [GC (Allocation Failure) [PSYoungGen: 5959908K->56891K(5709824K)] 6349012K->446723K(7221248K), 0.0307595 secs] [Times: user=0.93 sys=0.00, real=0.04 secs] 
2021-02-22T00:07:02.907+0100: 421.539: [GC (Allocation Failure) [PSYoungGen: 5709371K->61965K(5477376K)] 6099203K->452517K(6988800K), 0.0296204 secs] [Times: user=0.84 sys=0.00, real=0.03 secs] 
2021-02-22T00:07:10.408+0100: 429.039: [GC (Allocation Failure) [PSYoungGen: 5476877K->56420K(5245952K)] 5867429K->447676K(6757376K), 0.0464032 secs] [Times: user=1.71 sys=0.02, real=0.05 secs] 
2021-02-22T00:07:16.865+0100: 435.497: [GC (Allocation Failure) [PSYoungGen: 5245540K->57883K(5032448K)] 5636796K->449827K(6543872K), 0.0462158 secs] [Times: user=1.73 sys=0.00, real=0.05 secs] 
2021-02-22T00:07:23.609+0100: 442.240: [GC (Allocation Failure) [PSYoungGen: 5031963K->58340K(4828160K)] 5423907K->451692K(6339584K), 0.0454305 secs] [Times: user=1.49 sys=0.00, real=0.05 secs] 
2021-02-22T00:07:30.861+0100: 449.493: [GC (Allocation Failure) [PSYoungGen: 4828132K->53106K(4628480K)] 5221484K->447466K(6139904K), 0.0344207 secs] [Times: user=1.16 sys=0.00, real=0.03 secs] 
2021-02-22T00:07:36.761+0100: 455.392: [GC (Allocation Failure) [PSYoungGen: 4628338K->54756K(4444672K)] 5022698K->450572K(5956096K), 0.0500257 secs] [Times: user=1.66 sys=0.00, real=0.05 secs] 
2021-02-22T00:07:42.217+0100: 460.848: [GC (Allocation Failure) [PSYoungGen: 4444644K->57453K(4271616K)] 4840460K->454277K(5783040K), 0.0292327 secs] [Times: user=0.71 sys=0.00, real=0.03 secs] 
2021-02-22T00:07:48.453+0100: 467.085: [GC (Allocation Failure) [PSYoungGen: 4271213K->50669K(4096512K)] 4668037K->450637K(5607936K), 0.0336685 secs] [Times: user=0.97 sys=0.00, real=0.03 secs] 
2021-02-22T00:07:54.965+0100: 473.597: [GC (Allocation Failure) [PSYoungGen: 4096493K->52939K(3939328K)] 4496461K->453771K(5450752K), 0.0444078 secs] [Times: user=1.63 sys=0.00, real=0.04 secs] 
2021-02-22T00:08:00.650+0100: 479.281: [GC (Allocation Failure) [PSYoungGen: 3939019K->54253K(3788288K)] 4339851K->457349K(5299712K), 0.0405862 secs] [Times: user=1.32 sys=0.00, real=0.05 secs] 
2021-02-22T00:08:04.249+0100: 482.881: [GC (Allocation Failure) [PSYoungGen: 3788269K->55268K(3644416K)] 4191365K->459172K(5155840K), 0.0540949 secs] [Times: user=1.63 sys=0.00, real=0.06 secs] 
2021-02-22T00:08:08.993+0100: 487.624: [GC (Allocation Failure) [PSYoungGen: 3644388K->44539K(3495936K)] 4048292K->456859K(5007360K), 0.0301044 secs] [Times: user=1.00 sys=0.00, real=0.03 secs] 
2021-02-22T00:08:14.039+0100: 492.671: [GC (Allocation Failure) [PSYoungGen: 3495931K->47963K(3367936K)] 3908251K->461559K(4879360K), 0.0284435 secs] [Times: user=0.96 sys=0.00, real=0.02 secs] 
2021-02-22T00:08:18.640+0100: 497.272: [GC (Allocation Failure) [PSYoungGen: 3367771K->50731K(3245568K)] 3781367K->464327K(4756992K), 0.0237861 secs] [Times: user=0.64 sys=0.00, real=0.02 secs] 
2021-02-22T00:08:24.019+0100: 502.651: [GC (Allocation Failure) [PSYoungGen: 3245099K->49627K(3124736K)] 3658695K->463719K(4636160K), 0.0285452 secs] [Times: user=0.93 sys=0.01, real=0.02 secs] 
2021-02-22T00:08:28.482+0100: 507.114: [GC (Allocation Failure) [PSYoungGen: 3124699K->47099K(3008512K)] 3538791K->473119K(4519936K), 0.0221199 secs] [Times: user=0.54 sys=0.02, real=0.02 secs] 
2021-02-22T00:08:32.135+0100: 510.767: [GC (Allocation Failure) [PSYoungGen: 3008507K->37298K(2890240K)] 3434527K->467374K(4401664K), 0.0121944 secs] [Times: user=0.29 sys=0.00, real=0.01 secs] 
2021-02-22T00:08:37.304+0100: 515.936: [GC (Allocation Failure) [PSYoungGen: 2890162K->42715K(2792448K)] 3320238K->472791K(4303872K), 0.0198005 secs] [Times: user=0.59 sys=0.00, real=0.02 secs] 
2021-02-22T00:08:40.345+0100: 518.976: [GC (Allocation Failure) [PSYoungGen: 2792155K->43931K(2694656K)] 3222231K->474927K(4206080K), 0.0384889 secs] [Times: user=1.13 sys=0.00, real=0.04 secs] 
2021-02-22T00:08:42.574+0100: 521.206: [GC (Allocation Failure) [PSYoungGen: 2694555K->42788K(2599424K)] 3125551K->475127K(4110848K), 0.0192612 secs] [Times: user=0.48 sys=0.00, real=0.02 secs] 
2021-02-22T00:08:46.340+0100: 524.972: [GC (Allocation Failure) [PSYoungGen: 2599204K->42308K(2509312K)] 3031543K->477480K(4020736K), 0.0193603 secs] [Times: user=0.45 sys=0.00, real=0.02 secs] 
2021-02-22T00:08:49.622+0100: 528.254: [GC (Allocation Failure) [PSYoungGen: 2509124K->49620K(2430976K)] 2944296K->486849K(3942400K), 0.0193329 secs] [Times: user=0.51 sys=0.00, real=0.02 secs] 
2021-02-22T00:08:53.141+0100: 531.773: [GC (Allocation Failure) [PSYoungGen: 2430932K->43051K(2342912K)] 2868161K->482116K(3854336K), 0.0233678 secs] [Times: user=0.58 sys=0.02, real=0.02 secs] 
2021-02-22T00:08:56.106+0100: 534.737: [GC (Allocation Failure) [PSYoungGen: 2342443K->40549K(2262016K)] 2781508K->483365K(3773440K), 0.0151226 secs] [Times: user=0.38 sys=0.00, real=0.02 secs] 
2021-02-22T00:09:00.095+0100: 538.726: [GC (Allocation Failure) [PSYoungGen: 2261605K->40996K(2187776K)] 2704421K->486849K(3699200K), 0.0155717 secs] [Times: user=0.37 sys=0.00, real=0.02 secs] 
2021-02-22T00:09:03.336+0100: 541.968: [GC (Allocation Failure) [PSYoungGen: 2187300K->50436K(2125824K)] 2633153K->496841K(3637248K), 0.0184531 secs] [Times: user=0.57 sys=0.00, real=0.02 secs] 
2021-02-22T00:09:07.850+0100: 546.482: [GC (Allocation Failure) [PSYoungGen: 2125572K->43885K(2051072K)] 2571977K->491321K(3562496K), 0.0218566 secs] [Times: user=0.67 sys=0.01, real=0.02 secs] 
2021-02-22T00:09:09.902+0100: 548.533: [GC (Allocation Failure) [PSYoungGen: 2050925K->39908K(1981952K)] 2498361K->492241K(3493376K), 0.0188745 secs] [Times: user=0.58 sys=0.01, real=0.02 secs] 
2021-02-22T00:09:13.590+0100: 552.222: [GC (Allocation Failure) [PSYoungGen: 1981924K->38852K(1918464K)] 2434257K->494786K(3429888K), 0.0202245 secs] [Times: user=0.64 sys=0.00, real=0.02 secs] 
2021-02-22T00:09:17.026+0100: 555.657: [GC (Allocation Failure) [PSYoungGen: 1918404K->41908K(1862144K)] 2374338K->497842K(3373568K), 0.0192087 secs] [Times: user=0.59 sys=0.00, real=0.02 secs] 
2021-02-22T00:09:18.988+0100: 557.620: [GC (Allocation Failure) [PSYoungGen: 1862068K->40708K(1804288K)] 2318002K->497995K(3315712K), 0.0204681 secs] [Times: user=0.63 sys=0.00, real=0.02 secs] 
2021-02-22T00:09:20.807+0100: 559.439: [GC (Allocation Failure) [PSYoungGen: 1804036K->39405K(1747968K)] 2261323K->498823K(3259392K), 0.0283119 secs] [Times: user=0.94 sys=0.01, real=0.03 secs] 
2021-02-22T00:09:22.547+0100: 561.179: [GC (Allocation Failure) [PSYoungGen: 1747949K->38583K(1860608K)] 2207367K->501781K(3372032K), 0.0264365 secs] [Times: user=0.72 sys=0.00, real=0.03 secs] 
2021-02-22T00:09:24.587+0100: 563.218: [GC (Allocation Failure) [PSYoungGen: 1860279K->37421K(1985024K)] 2323477K->503264K(3496448K), 0.0267254 secs] [Times: user=0.76 sys=0.00, real=0.03 secs] 
2021-02-22T00:09:26.280+0100: 564.912: [GC (Allocation Failure) [PSYoungGen: 1984557K->36557K(2115072K)] 2450400K->503880K(3626496K), 0.0174347 secs] [Times: user=0.50 sys=0.00, real=0.01 secs] 
2021-02-22T00:09:29.196+0100: 567.828: [GC (Allocation Failure) [PSYoungGen: 2114765K->35812K(2242048K)] 2582088K->505139K(3753472K), 0.0158932 secs] [Times: user=0.39 sys=0.00, real=0.02 secs] 
2021-02-22T00:09:32.031+0100: 570.663: [GC (Allocation Failure) [PSYoungGen: 2242020K->35725K(2167808K)] 2711347K->506900K(3679232K), 0.0163771 secs] [Times: user=0.39 sys=0.01, real=0.01 secs] 
2021-02-22T00:09:35.672+0100: 574.303: [GC (Allocation Failure) [PSYoungGen: 2167693K->36077K(2097664K)] 2638868K->509432K(3609088K), 0.0187820 secs] [Times: user=0.46 sys=0.00, real=0.02 secs] 
2021-02-22T00:09:38.718+0100: 577.350: [GC (Allocation Failure) [PSYoungGen: 2097389K->37261K(2031104K)] 2570744K->512181K(3542528K), 0.0408263 secs] [Times: user=1.34 sys=0.00, real=0.04 secs] 
2021-02-22T00:09:41.857+0100: 580.489: [GC (Allocation Failure) [PSYoungGen: 2030989K->37229K(1966592K)] 2505909K->514177K(3478016K), 0.0184097 secs] [Times: user=0.56 sys=0.02, real=0.02 secs] 
2021-02-22T00:09:44.561+0100: 583.193: [GC (Allocation Failure) [PSYoungGen: 1966445K->38221K(1905664K)] 2443393K->516886K(3417088K), 0.0188437 secs] [Times: user=0.50 sys=0.00, real=0.02 secs] 
2021-02-22T00:09:46.301+0100: 584.933: [GC (Allocation Failure) [PSYoungGen: 1905485K->36781K(2025472K)] 2384150K->517794K(3536896K), 0.0300220 secs] [Times: user=0.81 sys=0.01, real=0.03 secs] 
2021-02-22T00:09:48.872+0100: 587.504: [GC (Allocation Failure) [PSYoungGen: 2025389K->36859K(2166272K)] 2506402K->519260K(3677696K), 0.0415506 secs] [Times: user=1.18 sys=0.00, real=0.04 secs] 
2021-02-22T00:09:53.970+0100: 592.602: [GC (Allocation Failure) [PSYoungGen: 2166267K->35319K(2299392K)] 2648668K->521903K(3810816K), 0.0225149 secs] [Times: user=0.54 sys=0.02, real=0.02 secs] 
2021-02-22T00:09:57.669+0100: 596.301: [GC (Allocation Failure) [PSYoungGen: 2299383K->39255K(2443776K)] 2785967K->529655K(3955200K), 0.0326128 secs] [Times: user=0.86 sys=0.00, real=0.04 secs] 
2021-02-22T00:10:00.291+0100: 598.923: [GC (Allocation Failure) [PSYoungGen: 2443607K->29165K(2594816K)] 2934007K->527430K(4106240K), 0.0371151 secs] [Times: user=1.12 sys=0.02, real=0.03 secs] 
2021-02-22T00:10:02.346+0100: 600.978: [GC (Allocation Failure) [PSYoungGen: 2594797K->29293K(2750464K)] 3093062K->530710K(4261888K), 0.0103000 secs] [Times: user=0.23 sys=0.01, real=0.01 secs] 
2021-02-22T00:10:06.137+0100: 604.769: [GC (Allocation Failure) [PSYoungGen: 2750061K->32205K(2655744K)] 3251478K->533622K(4167168K), 0.0189806 secs] [Times: user=0.46 sys=0.00, real=0.02 secs] 
2021-02-22T00:10:09.511+0100: 608.143: [GC (Allocation Failure) [PSYoungGen: 2655693K->30660K(2561536K)] 3157110K->533389K(4072960K), 0.0254524 secs] [Times: user=0.73 sys=0.00, real=0.02 secs] 
2021-02-22T00:10:13.035+0100: 611.666: [GC (Allocation Failure) [PSYoungGen: 2561476K->34884K(2477568K)] 3064205K->538317K(3988992K), 0.0123147 secs] [Times: user=0.29 sys=0.00, real=0.01 secs] 
2021-02-22T00:10:16.522+0100: 615.154: [GC (Allocation Failure) [PSYoungGen: 2477124K->34605K(2392576K)] 2980557K->538930K(3904000K), 0.0151514 secs] [Times: user=0.42 sys=0.00, real=0.01 secs] 
2021-02-22T00:10:20.795+0100: 619.427: [GC (Allocation Failure) [PSYoungGen: 2392365K->28653K(2305536K)] 2896690K->541894K(3816960K), 0.0178251 secs] [Times: user=0.46 sys=0.00, real=0.02 secs] 
2021-02-22T00:10:23.002+0100: 621.634: [GC (Allocation Failure) [PSYoungGen: 2305517K->29005K(2228736K)] 2818758K->544895K(3740160K), 0.0265836 secs] [Times: user=0.78 sys=0.02, real=0.02 secs] 
2021-02-22T00:10:27.048+0100: 625.680: [GC (Allocation Failure) [PSYoungGen: 2228557K->30856K(2157056K)] 2744447K->546746K(3668480K), 0.0235490 secs] [Times: user=0.61 sys=0.00, real=0.03 secs] 
2021-02-22T00:10:30.078+0100: 628.709: [GC (Allocation Failure) [PSYoungGen: 2156680K->31067K(2086400K)] 2672570K->548005K(3597824K), 0.0250518 secs] [Times: user=0.61 sys=0.02, real=0.03 secs] 
2021-02-22T00:10:33.335+0100: 631.967: [GC (Allocation Failure) [PSYoungGen: 2086235K->31565K(2019840K)] 2603173K->549007K(3531264K), 0.0307933 secs] [Times: user=0.84 sys=0.00, real=0.03 secs] 
2021-02-22T00:10:35.173+0100: 633.805: [GC (Allocation Failure) [PSYoungGen: 2019661K->32790K(1956864K)] 2537103K->550608K(3468288K), 0.0196822 secs] [Times: user=0.47 sys=0.00, real=0.02 secs] 
2021-02-22T00:10:37.867+0100: 636.499: [GC (Allocation Failure) [PSYoungGen: 1956374K->28662K(1890816K)] 2474192K->551343K(3402240K), 0.0229720 secs] [Times: user=0.66 sys=0.00, real=0.03 secs] 
2021-02-22T00:10:40.396+0100: 639.028: [GC (Allocation Failure) [PSYoungGen: 1887596K->30446K(1833984K)] 2410277K->556255K(3345408K), 0.0153557 secs] [Times: user=0.42 sys=0.00, real=0.02 secs] 
2021-02-22T00:10:43.082+0100: 641.714: [GC (Allocation Failure) [PSYoungGen: 1833710K->30198K(1777152K)] 2359519K->556656K(3288576K), 0.0170313 secs] [Times: user=0.42 sys=0.01, real=0.02 secs] 
2021-02-22T00:10:45.065+0100: 643.696: [GC (Allocation Failure) [PSYoungGen: 1777142K->29069K(1887232K)] 2303600K->558603K(3398656K), 0.0351403 secs] [Times: user=0.94 sys=0.00, real=0.04 secs] 
2021-02-22T00:10:47.273+0100: 645.904: [GC (Allocation Failure) [PSYoungGen: 1887117K->29174K(1828352K)] 2416651K->561237K(3339776K), 0.0133565 secs] [Times: user=0.35 sys=0.01, real=0.01 secs] 
2021-02-22T00:10:49.181+0100: 647.813: [GC (Allocation Failure) [PSYoungGen: 1828342K->29101K(1772032K)] 2360405K->563139K(3283456K), 0.0134761 secs] [Times: user=0.30 sys=0.01, real=0.01 secs] 
2021-02-22T00:10:52.146+0100: 650.778: [GC (Allocation Failure) [PSYoungGen: 1771949K->28150K(1717248K)] 2305987K->565180K(3228672K), 0.0154361 secs] [Times: user=0.37 sys=0.00, real=0.02 secs] 
2021-02-22T00:10:54.135+0100: 652.767: [GC (Allocation Failure) [PSYoungGen: 1717238K->26829K(1665024K)] 2254268K->567223K(3176448K), 0.0105570 secs] [Times: user=0.22 sys=0.00, real=0.01 secs] 
2021-02-22T00:10:57.998+0100: 656.629: [GC (Allocation Failure) [PSYoungGen: 1664717K->28973K(1617920K)] 2205111K->569367K(3129344K), 0.0280268 secs] [Times: user=0.78 sys=0.01, real=0.03 secs] 
2021-02-22T00:11:01.337+0100: 659.969: [GC (Allocation Failure) [PSYoungGen: 1617709K->30701K(1572352K)] 2158103K->573644K(3083776K), 0.0130205 secs] [Times: user=0.28 sys=0.00, real=0.02 secs] 
2021-02-22T00:11:03.847+0100: 662.479: [GC (Allocation Failure) [PSYoungGen: 1572333K->23533K(1520128K)] 2115276K->573464K(3031552K), 0.0325494 secs] [Times: user=0.89 sys=0.00, real=0.04 secs] 
2021-02-22T00:11:06.601+0100: 665.233: [GC (Allocation Failure) [PSYoungGen: 1520109K->24064K(1477120K)] 2070040K->577494K(2988544K), 0.0077901 secs] [Times: user=0.13 sys=0.02, real=0.00 secs] 
2021-02-22T00:11:08.075+0100: 666.707: [GC (Allocation Failure) [PSYoungGen: 1477120K->24688K(1572352K)] 2030550K->578118K(3083776K), 0.0315510 secs] [Times: user=0.91 sys=0.00, real=0.03 secs] 
2021-02-22T00:11:09.492+0100: 668.124: [GC (Allocation Failure) [PSYoungGen: 1568224K->22839K(1665536K)] 2121654K->578145K(3176960K), 0.0106498 secs] [Times: user=0.16 sys=0.01, real=0.01 secs] 
2021-02-22T00:11:11.272+0100: 669.904: [GC (Allocation Failure) [PSYoungGen: 1665335K->23716K(1616896K)] 2220641K->580247K(3128320K), 0.0093059 secs] [Times: user=0.21 sys=0.00, real=0.01 secs] 
2021-02-22T00:11:14.153+0100: 672.784: [GC (Allocation Failure) [PSYoungGen: 1616548K->26070K(1571328K)] 2173079K->584374K(3082752K), 0.0113777 secs] [Times: user=0.28 sys=0.00, real=0.01 secs] 
2021-02-22T00:11:15.891+0100: 674.522: [GC (Allocation Failure) [PSYoungGen: 1571286K->24790K(1524736K)] 2129590K->584742K(3036160K), 0.0108541 secs] [Times: user=0.27 sys=0.00, real=0.01 secs] 
2021-02-22T00:11:17.320+0100: 675.951: [GC (Allocation Failure) [PSYoungGen: 1524438K->25462K(1481728K)] 2084390K->586622K(2993152K), 0.0163299 secs] [Times: user=0.43 sys=0.00, real=0.01 secs] 
2021-02-22T00:11:20.110+0100: 678.741: [GC (Allocation Failure) [PSYoungGen: 1481590K->28662K(1443328K)] 2042750K->598260K(2954752K), 0.0196785 secs] [Times: user=0.48 sys=0.00, real=0.02 secs] 
2021-02-22T00:11:21.541+0100: 680.173: [GC (Allocation Failure) [PSYoungGen: 1443318K->22835K(1397760K)] 2012916K->594736K(2909184K), 0.0190328 secs] [Times: user=0.49 sys=0.00, real=0.02 secs] 
2021-02-22T00:11:23.565+0100: 682.197: [GC (Allocation Failure) [PSYoungGen: 1397555K->24902K(1361408K)] 1969456K->596804K(2872832K), 0.0107884 secs] [Times: user=0.25 sys=0.01, real=0.01 secs] 
2021-02-22T00:11:24.773+0100: 683.404: [GC (Allocation Failure) [PSYoungGen: 1361222K->25216K(1457664K)] 1933124K->598997K(2969088K), 0.0286855 secs] [Times: user=0.86 sys=0.00, real=0.03 secs] 
2021-02-22T00:11:26.313+0100: 684.944: [GC (Allocation Failure) [PSYoungGen: 1457280K->26038K(1558528K)] 2031061K->600897K(3069952K), 0.0158635 secs] [Times: user=0.41 sys=0.00, real=0.01 secs] 
2021-02-22T00:11:27.887+0100: 686.519: [GC (Allocation Failure) [PSYoungGen: 1558454K->25823K(1675776K)] 2133313K->602298K(3187200K), 0.0295985 secs] [Times: user=0.81 sys=0.01, real=0.03 secs] 
2021-02-22T00:11:29.989+0100: 688.621: [GC (Allocation Failure) [PSYoungGen: 1675487K->24836K(1792512K)] 2251962K->602747K(3303936K), 0.0156904 secs] [Times: user=0.41 sys=0.00, real=0.02 secs] 
2021-02-22T00:11:33.687+0100: 692.318: [GC (Allocation Failure) [PSYoungGen: 1792260K->28109K(1909248K)] 2370171K->607260K(3420672K), 0.0190277 secs] [Times: user=0.51 sys=0.00, real=0.02 secs] 
2021-02-22T00:11:36.370+0100: 695.002: [GC (Allocation Failure) [PSYoungGen: 1909197K->22007K(1843200K)] 2488348K->609386K(3354624K), 0.0177001 secs] [Times: user=0.43 sys=0.01, real=0.01 secs] 
2021-02-22T00:11:41.252+0100: 699.884: [GC (Allocation Failure) [PSYoungGen: 1843191K->24199K(1788928K)] 2430570K->612922K(3300352K), 0.0386693 secs] [Times: user=1.06 sys=0.01, real=0.04 secs] 
2021-02-22T00:11:44.694+0100: 703.325: [GC (Allocation Failure) [PSYoungGen: 1788551K->27638K(1737216K)] 2377274K->617562K(3248640K), 0.0286061 secs] [Times: user=0.81 sys=0.00, real=0.03 secs] 
2021-02-22T00:11:46.140+0100: 704.771: [GC (Allocation Failure) [PSYoungGen: 1737206K->26519K(1846272K)] 2327130K->619417K(3357696K), 0.0207426 secs] [Times: user=0.50 sys=0.01, real=0.02 secs] 
2021-02-22T00:11:47.716+0100: 706.348: [GC (Allocation Failure) [PSYoungGen: 1846167K->18934K(1781760K)] 2439065K->619582K(3293184K), 0.0100659 secs] [Times: user=0.29 sys=0.01, real=0.01 secs] 
2021-02-22T00:11:49.463+0100: 708.095: [GC (Allocation Failure) [PSYoungGen: 1781750K->22109K(1730560K)] 2382398K->624277K(3241984K), 0.0167221 secs] [Times: user=0.43 sys=0.01, real=0.02 secs] 
2021-02-22T00:11:51.457+0100: 710.088: [GC (Allocation Failure) [PSYoungGen: 1730141K->22676K(1678848K)] 2332309K->624844K(3190272K), 0.0085159 secs] [Times: user=0.14 sys=0.00, real=0.01 secs] 
2021-02-22T00:11:53.264+0100: 711.895: [GC (Allocation Failure) [PSYoungGen: 1678484K->23789K(1629696K)] 2280652K->628079K(3141120K), 0.0133411 secs] [Times: user=0.31 sys=0.00, real=0.01 secs] 
2021-02-22T00:11:55.786+0100: 714.417: [GC (Allocation Failure) [PSYoungGen: 1629421K->23021K(1580544K)] 2233711K->628851K(3091968K), 0.0102202 secs] [Times: user=0.22 sys=0.02, real=0.01 secs] 
2021-02-22T00:11:58.081+0100: 716.713: [GC (Allocation Failure) [PSYoungGen: 1580525K->23229K(1534976K)] 2186355K->631039K(3046400K), 0.0154593 secs] [Times: user=0.34 sys=0.00, real=0.01 secs] 
2021-02-22T00:12:00.679+0100: 719.310: [GC (Allocation Failure) [PSYoungGen: 1534653K->21502K(1488896K)] 2142463K->634496K(3000320K), 0.0244970 secs] [Times: user=0.65 sys=0.01, real=0.02 secs] 
2021-02-22T00:12:02.542+0100: 721.174: [GC (Allocation Failure) [PSYoungGen: 1488894K->23261K(1448960K)] 2101888K->637764K(2960384K), 0.0284086 secs] [Times: user=0.79 sys=0.00, real=0.03 secs] 
2021-02-22T00:12:04.319+0100: 722.951: [GC (Allocation Failure) [PSYoungGen: 1448669K->21997K(1406976K)] 2063172K->639188K(2918400K), 0.0151610 secs] [Times: user=0.38 sys=0.00, real=0.01 secs] 
2021-02-22T00:12:06.108+0100: 724.740: [GC (Allocation Failure) [PSYoungGen: 1406957K->26391K(1372672K)] 2024148K->646569K(2884096K), 0.0076986 secs] [Times: user=0.14 sys=0.01, real=0.01 secs] 
2021-02-22T00:12:07.724+0100: 726.356: [GC (Allocation Failure) [PSYoungGen: 1372439K->16384K(1325056K)] 1992617K->642905K(2836480K), 0.0125589 secs] [Times: user=0.36 sys=0.00, real=0.01 secs] 
2021-02-22T00:12:09.407+0100: 728.038: [GC (Allocation Failure) [PSYoungGen: 1325056K->25373K(1298432K)] 1951577K->654616K(2809856K), 0.0104838 secs] [Times: user=0.22 sys=0.00, real=0.01 secs] 
2021-02-22T00:12:11.094+0100: 729.725: [GC (Allocation Failure) [PSYoungGen: 1296056K->21992K(1373696K)] 1925298K->655560K(2885120K), 0.0266894 secs] [Times: user=0.83 sys=0.00, real=0.03 secs] 
2021-02-22T00:12:12.845+0100: 731.476: [GC (Allocation Failure) [PSYoungGen: 1373672K->23741K(1338368K)] 2007240K->659808K(2849792K), 0.0084928 secs] [Times: user=0.16 sys=0.00, real=0.01 secs] 
2021-02-22T00:12:14.441+0100: 733.073: [GC (Allocation Failure) [PSYoungGen: 1338045K->16886K(1422336K)] 1974112K->660882K(2933760K), 0.0320926 secs] [Times: user=1.01 sys=0.00, real=0.03 secs] 
2021-02-22T00:12:16.486+0100: 735.118: [GC (Allocation Failure) [PSYoungGen: 1422326K->19191K(1511936K)] 2066322K->665258K(3023360K), 0.0097810 secs] [Times: user=0.18 sys=0.01, real=0.01 secs] 
2021-02-22T00:12:18.857+0100: 737.489: [GC (Allocation Failure) [PSYoungGen: 1511671K->22131K(1472000K)] 2157738K->668199K(2983424K), 0.0164096 secs] [Times: user=0.41 sys=0.00, real=0.02 secs] 
2021-02-22T00:12:22.020+0100: 740.652: [GC (Allocation Failure) [PSYoungGen: 1471603K->22422K(1430528K)] 2117671K->669645K(2941952K), 0.0097712 secs] [Times: user=0.22 sys=0.00, real=0.01 secs] 
2021-02-22T00:12:22.834+0100: 741.466: [GC (Allocation Failure) [PSYoungGen: 1430422K->16864K(1524736K)] 2077645K->670455K(3036160K), 0.0199553 secs] [Times: user=0.60 sys=0.01, real=0.02 secs] 
2021-02-22T00:12:24.707+0100: 743.339: [GC (Allocation Failure) [PSYoungGen: 1524704K->29079K(1640448K)] 2178295K->684374K(3151872K), 0.0177906 secs] [Times: user=0.45 sys=0.00, real=0.02 secs] 
2021-02-22T00:12:26.584+0100: 745.216: [GC (Allocation Failure) [PSYoungGen: 1640343K->13815K(1727488K)] 2295638K->676707K(3238912K), 0.0117098 secs] [Times: user=0.24 sys=0.01, real=0.01 secs] 
2021-02-22T00:12:29.171+0100: 747.803: [GC (Allocation Failure) [PSYoungGen: 1727479K->17117K(1678848K)] 2390371K->681962K(3190272K), 0.0164183 secs] [Times: user=0.39 sys=0.00, real=0.01 secs] 
2021-02-22T00:12:32.075+0100: 750.707: [GC (Allocation Failure) [PSYoungGen: 1678557K->20990K(1632256K)] 2343402K->685834K(3143680K), 0.0244211 secs] [Times: user=0.65 sys=0.00, real=0.03 secs] 
2021-02-22T00:12:33.918+0100: 752.550: [GC (Allocation Failure) [PSYoungGen: 1632254K->19271K(1582592K)] 2297098K->685115K(3094016K), 0.0093144 secs] [Times: user=0.19 sys=0.01, real=0.00 secs] 
2021-02-22T00:12:36.068+0100: 754.699: [GC (Allocation Failure) [PSYoungGen: 1582407K->22503K(1539584K)] 2248251K->689340K(3051008K), 0.0147346 secs] [Times: user=0.42 sys=0.00, real=0.02 secs] 
2021-02-22T00:12:38.320+0100: 756.952: [GC (Allocation Failure) [PSYoungGen: 1536522K->23687K(1497088K)] 2203359K->691123K(3008512K), 0.0104245 secs] [Times: user=0.26 sys=0.00, real=0.01 secs] 
2021-02-22T00:12:40.458+0100: 759.090: [GC (Allocation Failure) [PSYoungGen: 1496711K->14326K(1444864K)] 2164147K->691725K(2956288K), 0.0127343 secs] [Times: user=0.32 sys=0.01, real=0.01 secs] 
2021-02-22T00:12:42.863+0100: 761.495: [GC (Allocation Failure) [PSYoungGen: 1444854K->16855K(1406976K)] 2122253K->695872K(2918400K), 0.0149931 secs] [Times: user=0.34 sys=0.00, real=0.02 secs] 
2021-02-22T00:12:44.529+0100: 763.160: [GC (Allocation Failure) [PSYoungGen: 1406935K->19159K(1370624K)] 2085952K->698176K(2882048K), 0.0200379 secs] [Times: user=0.54 sys=0.00, real=0.02 secs] 
2021-02-22T00:12:46.404+0100: 765.036: [GC (Allocation Failure) [PSYoungGen: 1367188K->20231K(1334272K)] 2046205K->700138K(2845696K), 0.0130929 secs] [Times: user=0.29 sys=0.00, real=0.01 secs] 
2021-02-22T00:12:48.315+0100: 766.946: [GC (Allocation Failure) [PSYoungGen: 1334023K->20983K(1298944K)] 2013930K->702290K(2810368K), 0.0129287 secs] [Times: user=0.28 sys=0.02, real=0.01 secs] 
2021-02-22T00:12:50.360+0100: 768.992: [GC (Allocation Failure) [PSYoungGen: 1298935K->29175K(1272832K)] 1980242K->711986K(2784256K), 0.0145269 secs] [Times: user=0.36 sys=0.00, real=0.01 secs] 
2021-02-22T00:12:53.554+0100: 772.186: [GC (Allocation Failure) [PSYoungGen: 1272823K->8694K(1219072K)] 1955634K->705931K(2730496K), 0.0263622 secs] [Times: user=0.80 sys=0.01, real=0.03 secs] 
2021-02-22T00:12:54.218+0100: 772.850: [GC (Allocation Failure) [PSYoungGen: 1219062K->13207K(1311744K)] 1916299K->712152K(2823168K), 0.0172196 secs] [Times: user=0.38 sys=0.00, real=0.01 secs] 
2021-02-22T00:12:56.429+0100: 775.060: [GC (Allocation Failure) [PSYoungGen: 1311639K->15222K(1396736K)] 2010584K->714168K(2908160K), 0.0080350 secs] [Times: user=0.15 sys=0.01, real=0.01 secs] 
2021-02-22T00:12:58.198+0100: 776.829: [GC (Allocation Failure) [PSYoungGen: 1396598K->17142K(1488384K)] 2095544K->716088K(2999808K), 0.0198795 secs] [Times: user=0.50 sys=0.00, real=0.02 secs] 
2021-02-22T00:12:59.975+0100: 778.607: [GC (Allocation Failure) [PSYoungGen: 1488118K->16678K(1580032K)] 2187064K->715624K(3091456K), 0.0147076 secs] [Times: user=0.37 sys=0.00, real=0.01 secs] 
2021-02-22T00:13:02.817+0100: 781.449: [GC (Allocation Failure) [PSYoungGen: 1579814K->19703K(1537024K)] 2278760K->720020K(3048448K), 0.0104185 secs] [Times: user=0.21 sys=0.01, real=0.01 secs] 
2021-02-22T00:13:04.997+0100: 783.628: [GC (Allocation Failure) [PSYoungGen: 1536759K->20615K(1494016K)] 2237076K->721396K(3005440K), 0.0142317 secs] [Times: user=0.36 sys=0.00, real=0.02 secs] 
2021-02-22T00:13:06.953+0100: 785.585: [GC (Allocation Failure) [PSYoungGen: 1493639K->21200K(1452032K)] 2194420K->723142K(2963456K), 0.0157438 secs] [Times: user=0.40 sys=0.00, real=0.01 secs] 
2021-02-22T00:13:08.005+0100: 786.637: [GC (Allocation Failure) [PSYoungGen: 1451728K->16368K(1406464K)] 2153670K->723842K(2917888K), 0.0106605 secs] [Times: user=0.25 sys=0.03, real=0.01 secs] 
2021-02-22T00:13:10.048+0100: 788.680: [GC (Allocation Failure) [PSYoungGen: 1406448K->18628K(1370112K)] 2113922K->727756K(2881536K), 0.0161304 secs] [Times: user=0.38 sys=0.00, real=0.02 secs] 
2021-02-22T00:13:11.861+0100: 790.493: [GC (Allocation Failure) [PSYoungGen: 1369796K->20765K(1464320K)] 2078924K->729893K(2975744K), 0.0350391 secs] [Times: user=0.98 sys=0.01, real=0.03 secs] 
2021-02-22T00:13:15.029+0100: 793.661: [GC (Allocation Failure) [PSYoungGen: 1464031K->22359K(1424896K)] 2173159K->732195K(2936320K), 0.0141600 secs] [Times: user=0.28 sys=0.01, real=0.02 secs] 
2021-02-22T00:13:16.933+0100: 795.565: [GC (Allocation Failure) [PSYoungGen: 1424727K->12269K(1375232K)] 2134563K->734215K(2886656K), 0.0171116 secs] [Times: user=0.42 sys=0.02, real=0.02 secs] 
2021-02-22T00:13:18.655+0100: 797.286: [GC (Allocation Failure) [PSYoungGen: 1375213K->16214K(1341440K)] 2097159K->739135K(2852864K), 0.0133777 secs] [Times: user=0.34 sys=0.01, real=0.01 secs] 
2021-02-22T00:13:20.188+0100: 798.820: [GC (Allocation Failure) [PSYoungGen: 1341270K->16086K(1305088K)] 2064191K->739007K(2816512K), 0.0174811 secs] [Times: user=0.47 sys=0.00, real=0.02 secs] 
2021-02-22T00:13:21.177+0100: 799.809: [GC (Allocation Failure) [PSYoungGen: 1304790K->19190K(1392128K)] 2027711K->742761K(2903552K), 0.0130712 secs] [Times: user=0.31 sys=0.01, real=0.02 secs] 
2021-02-22T00:13:23.643+0100: 802.275: [GC (Allocation Failure) [PSYoungGen: 1391862K->20982K(1355264K)] 2115433K->747953K(2866688K), 0.0095611 secs] [Times: user=0.18 sys=0.00, real=0.01 secs] 
2021-02-22T00:13:24.472+0100: 803.104: [GC (Allocation Failure) [PSYoungGen: 1355254K->17222K(1443840K)] 2082225K->746026K(2955264K), 0.0159095 secs] [Times: user=0.42 sys=0.00, real=0.01 secs] 
2021-02-22T00:13:26.525+0100: 805.157: [GC (Allocation Failure) [PSYoungGen: 1443654K->19446K(1540608K)] 2172458K->748682K(3052032K), 0.0180485 secs] [Times: user=0.46 sys=0.00, real=0.02 secs] 
2021-02-22T00:13:28.234+0100: 806.866: [GC (Allocation Failure) [PSYoungGen: 1537203K->19381K(1640960K)] 2266439K->750144K(3152384K), 0.0177670 secs] [Times: user=0.43 sys=0.01, real=0.02 secs] 
2021-02-22T00:13:30.459+0100: 809.091: [GC (Allocation Failure) [PSYoungGen: 1640885K->16893K(1589760K)] 2371648K->751141K(3101184K), 0.0137229 secs] [Times: user=0.35 sys=0.00, real=0.01 secs] 
2021-02-22T00:13:33.916+0100: 812.548: [GC (Allocation Failure) [PSYoungGen: 1589757K->19126K(1545728K)] 2324005K->754970K(3057152K), 0.0224843 secs] [Times: user=0.63 sys=0.00, real=0.03 secs] 
2021-02-22T00:13:36.328+0100: 814.960: [GC (Allocation Failure) [PSYoungGen: 1545398K->17389K(1499136K)] 2281242K->758053K(3010560K), 0.0161857 secs] [Times: user=0.44 sys=0.00, real=0.02 secs] 
2021-02-22T00:13:38.318+0100: 816.949: [GC (Allocation Failure) [PSYoungGen: 1495361K->19351K(1458688K)] 2236025K->761717K(2970112K), 0.0132230 secs] [Times: user=0.30 sys=0.01, real=0.02 secs] 
2021-02-22T00:13:40.361+0100: 818.992: [GC (Allocation Failure) [PSYoungGen: 1458583K->15856K(1414144K)] 2200949K->763307K(2925568K), 0.0127634 secs] [Times: user=0.31 sys=0.00, real=0.01 secs] 
2021-02-22T00:13:42.461+0100: 821.093: [GC (Allocation Failure) [PSYoungGen: 1414128K->19687K(1378816K)] 2161579K->768862K(2890240K), 0.0147066 secs] [Times: user=0.35 sys=0.01, real=0.01 secs] 
2021-02-22T00:13:44.663+0100: 823.295: [GC (Allocation Failure) [PSYoungGen: 1378535K->15862K(1336832K)] 2127710K->769962K(2848256K), 0.0115927 secs] [Times: user=0.27 sys=0.01, real=0.01 secs] 
2021-02-22T00:13:46.563+0100: 825.195: [GC (Allocation Failure) [PSYoungGen: 1336822K->18390K(1303040K)] 2090922K->775106K(2814464K), 0.0173291 secs] [Times: user=0.43 sys=0.01, real=0.02 secs] 
2021-02-22T00:13:47.050+0100: 825.681: [GC (Allocation Failure) [PSYoungGen: 1302998K->16358K(1387008K)] 2059714K->774102K(2898432K), 0.0099322 secs] [Times: user=0.20 sys=0.01, real=0.02 secs] 
2021-02-22T00:13:48.759+0100: 827.390: [GC (Allocation Failure) [PSYoungGen: 1386982K->23246K(1480192K)] 2144726K->782158K(2991616K), 0.0118131 secs] [Times: user=0.27 sys=0.00, real=0.01 secs] 
2021-02-22T00:13:50.784+0100: 829.416: [GC (Allocation Failure) [PSYoungGen: 1478198K->9718K(1559040K)] 2237110K->778922K(3070464K), 0.0216307 secs] [Times: user=0.61 sys=0.00, real=0.02 secs] 
2021-02-22T00:13:53.094+0100: 831.726: [GC (Allocation Failure) [PSYoungGen: 1559030K->19792K(1523712K)] 2328234K->790561K(3035136K), 0.0143031 secs] [Times: user=0.35 sys=0.00, real=0.01 secs] 
2021-02-22T00:13:56.243+0100: 834.875: [GC (Allocation Failure) [PSYoungGen: 1523536K->20967K(1481216K)] 2294305K->792832K(2992640K), 0.0100970 secs] [Times: user=0.20 sys=0.00, real=0.01 secs] 
2021-02-22T00:13:57.823+0100: 836.455: [GC (Allocation Failure) [PSYoungGen: 1481191K->20375K(1438720K)] 2253056K->793559K(2950144K), 0.0109697 secs] [Times: user=0.31 sys=0.00, real=0.01 secs] 
2021-02-22T00:14:00.084+0100: 838.715: [GC (Allocation Failure) [PSYoungGen: 1438615K->9190K(1387520K)] 2211799K->797580K(2898944K), 0.0118971 secs] [Times: user=0.26 sys=0.01, real=0.01 secs] 
2021-02-22T00:14:01.695+0100: 840.327: [GC (Allocation Failure) [PSYoungGen: 1387494K->10775K(1351168K)] 2175884K->800668K(2862592K), 0.0264015 secs] [Times: user=0.84 sys=0.00, real=0.03 secs] 
2021-02-22T00:14:02.644+0100: 841.275: [GC (Allocation Failure) [PSYoungGen: 1350679K->14359K(1439744K)] 2140572K->804252K(2951168K), 0.0114750 secs] [Times: user=0.27 sys=0.00, real=0.01 secs] 
2021-02-22T00:14:05.871+0100: 844.503: [GC (Allocation Failure) [PSYoungGen: 1439255K->18294K(1535488K)] 2229148K->809362K(3046912K), 0.0354376 secs] [Times: user=1.05 sys=0.00, real=0.03 secs] 
2021-02-22T00:14:06.551+0100: 845.183: [GC (Allocation Failure) [PSYoungGen: 1533343K->15264K(1638400K)] 2324410K->807239K(3149824K), 0.0101775 secs] [Times: user=0.25 sys=0.00, real=0.01 secs] 
2021-02-22T00:14:09.441+0100: 848.072: [GC (Allocation Failure) [PSYoungGen: 1638304K->16493K(1744896K)] 2430279K->809282K(3256320K), 0.0188035 secs] [Times: user=0.47 sys=0.00, real=0.02 secs] 
2021-02-22T00:14:13.137+0100: 851.768: [GC (Allocation Failure) [PSYoungGen: 1744493K->19085K(1856512K)] 2537282K->812778K(3367936K), 0.0318397 secs] [Times: user=0.88 sys=0.00, real=0.03 secs] 
2021-02-22T00:14:14.774+0100: 853.405: [GC (Allocation Failure) [PSYoungGen: 1856141K->19789K(1799168K)] 2649834K->814160K(3310592K), 0.0128585 secs] [Times: user=0.30 sys=0.01, real=0.01 secs] 
2021-02-22T00:14:17.023+0100: 855.655: [GC (Allocation Failure) [PSYoungGen: 1798989K->12269K(1736192K)] 2593360K->816585K(3247616K), 0.0140409 secs] [Times: user=0.35 sys=0.01, real=0.01 secs] 
2021-02-22T00:14:19.911+0100: 858.542: [GC (Allocation Failure) [PSYoungGen: 1736173K->17040K(1688576K)] 2540489K->822078K(3200000K), 0.0140523 secs] [Times: user=0.36 sys=0.00, real=0.01 secs] 
2021-02-22T00:14:22.804+0100: 861.436: [GC (Allocation Failure) [PSYoungGen: 1688208K->21248K(1641984K)] 2493246K->826286K(3153408K), 0.0120006 secs] [Times: user=0.26 sys=0.00, real=0.01 secs] 
2021-02-22T00:14:24.589+0100: 863.220: [GC (Allocation Failure) [PSYoungGen: 1641728K->21975K(1593856K)] 2446766K->827665K(3105280K), 0.0159976 secs] [Times: user=0.45 sys=0.00, real=0.02 secs] 
2021-02-22T00:14:26.332+0100: 864.963: [GC (Allocation Failure) [PSYoungGen: 1593815K->9207K(1534464K)] 2399505K->828982K(3045888K), 0.0108694 secs] [Times: user=0.25 sys=0.02, real=0.01 secs] 
2021-02-22T00:14:28.275+0100: 866.907: [GC (Allocation Failure) [PSYoungGen: 1534455K->14685K(1495552K)] 2354230K->835609K(3006976K), 0.0082774 secs] [Times: user=0.16 sys=0.00, real=0.01 secs] 
2021-02-22T00:14:30.796+0100: 869.428: [GC (Allocation Failure) [PSYoungGen: 1495389K->15892K(1454592K)] 2316313K->836816K(2966016K), 0.0134090 secs] [Times: user=0.37 sys=0.00, real=0.01 secs] 
2021-02-22T00:14:32.627+0100: 871.259: [GC (Allocation Failure) [PSYoungGen: 1454100K->16653K(1414144K)] 2275024K->838482K(2925568K), 0.0096002 secs] [Times: user=0.19 sys=0.00, real=0.01 secs] 
2021-02-22T00:14:34.642+0100: 873.274: [GC (Allocation Failure) [PSYoungGen: 1413901K->18285K(1376256K)] 2235730K->840954K(2887680K), 0.0090047 secs] [Times: user=0.19 sys=0.01, real=0.01 secs] 
2021-02-22T00:14:36.564+0100: 875.196: [GC (Allocation Failure) [PSYoungGen: 1376109K->18928K(1338880K)] 2198778K->842220K(2850304K), 0.0150970 secs] [Times: user=0.36 sys=0.00, real=0.02 secs] 
2021-02-22T00:14:38.468+0100: 877.100: [GC (Allocation Failure) [PSYoungGen: 1338864K->15357K(1298944K)] 2162156K->843402K(2810368K), 0.0112137 secs] [Times: user=0.31 sys=0.01, real=0.02 secs] 
2021-02-22T00:14:40.446+0100: 879.078: [GC (Allocation Failure) [PSYoungGen: 1298941K->18151K(1267200K)] 2126986K->847371K(2778624K), 0.0229841 secs] [Times: user=0.63 sys=0.00, real=0.02 secs] 
2021-02-22T00:14:42.233+0100: 880.865: [GC (Allocation Failure) [PSYoungGen: 1266919K->16886K(1232384K)] 2096139K->846747K(2743808K), 0.0152961 secs] [Times: user=0.46 sys=0.00, real=0.01 secs] 
2021-02-22T00:14:44.707+0100: 883.339: [GC (Allocation Failure) [PSYoungGen: 1232374K->20471K(1203712K)] 2062235K->852111K(2715136K), 0.0100804 secs] [Times: user=0.21 sys=0.00, real=0.01 secs] 
2021-02-22T00:14:45.153+0100: 883.785: [GC (Allocation Failure) [PSYoungGen: 1201449K->12256K(1296896K)] 2033089K->850201K(2808320K), 0.0195077 secs] [Times: user=0.52 sys=0.00, real=0.02 secs] 
2021-02-22T00:14:46.601+0100: 885.233: [GC (Allocation Failure) [PSYoungGen: 1296864K->19728K(1406464K)] 2134809K->859328K(2917888K), 0.0120658 secs] [Times: user=0.24 sys=0.00, real=0.01 secs] 
2021-02-22T00:14:50.133+0100: 888.765: [GC (Allocation Failure) [PSYoungGen: 1406224K->16356K(1502720K)] 2245824K->861605K(3014144K), 0.0205840 secs] [Times: user=0.50 sys=0.00, real=0.02 secs] 
2021-02-22T00:14:51.994+0100: 890.625: [GC (Allocation Failure) [PSYoungGen: 1502692K->19751K(1606144K)] 2347941K->865900K(3117568K), 0.0136817 secs] [Times: user=0.32 sys=0.01, real=0.01 secs] 
2021-02-22T00:14:53.655+0100: 892.287: [GC (Allocation Failure) [PSYoungGen: 1605927K->13302K(1710592K)] 2452076K->868188K(3222016K), 0.0225333 secs] [Times: user=0.66 sys=0.00, real=0.02 secs] 
2021-02-22T00:14:56.138+0100: 894.770: [GC (Allocation Failure) [PSYoungGen: 1710582K->16269K(1661952K)] 2565468K->873484K(3173376K), 0.0075645 secs] [Times: user=0.15 sys=0.00, real=0.00 secs] 
2021-02-22T00:14:58.858+0100: 897.489: [GC (Allocation Failure) [PSYoungGen: 1661837K->19965K(1615872K)] 2519052K->877348K(3127296K), 0.0139826 secs] [Times: user=0.36 sys=0.01, real=0.02 secs] 
2021-02-22T00:15:00.416+0100: 899.048: [GC (Allocation Failure) [PSYoungGen: 1615869K->19703K(1568256K)] 2473252K->878877K(3079680K), 0.0161701 secs] [Times: user=0.40 sys=0.00, real=0.02 secs] 
2021-02-22T00:15:02.310+0100: 900.942: [GC (Allocation Failure) [PSYoungGen: 1567064K->9718K(1512448K)] 2426238K->879964K(3023872K), 0.0142844 secs] [Times: user=0.37 sys=0.01, real=0.01 secs] 
2021-02-22T00:15:04.418+0100: 903.050: [GC (Allocation Failure) [PSYoungGen: 1512438K->18119K(1477632K)] 2382684K->889648K(2989056K), 0.0198092 secs] [Times: user=0.52 sys=0.00, real=0.01 secs] 
2021-02-22T00:15:06.220+0100: 904.852: [GC (Allocation Failure) [PSYoungGen: 1477319K->20432K(1437696K)] 2348848K->891961K(2949120K), 0.0102483 secs] [Times: user=0.26 sys=0.00, real=0.01 secs] 
2021-02-22T00:15:08.168+0100: 906.799: [GC (Allocation Failure) [PSYoungGen: 1437648K->21325K(1398784K)] 2309177K->893909K(2910208K), 0.0182109 secs] [Times: user=0.45 sys=0.00, real=0.02 secs] 
2021-02-22T00:15:10.371+0100: 909.003: [GC (Allocation Failure) [PSYoungGen: 1398605K->6637K(1345536K)] 2271189K->893702K(2856960K), 0.0132399 secs] [Times: user=0.34 sys=0.01, real=0.01 secs] 
2021-02-22T00:15:12.482+0100: 911.114: [GC (Allocation Failure) [PSYoungGen: 1345517K->9860K(1312256K)] 2232582K->898085K(2823680K), 0.0133610 secs] [Times: user=0.32 sys=0.01, real=0.01 secs] 
2021-02-22T00:15:14.257+0100: 912.889: [GC (Allocation Failure) [PSYoungGen: 1311876K->10733K(1277440K)] 2200101K->898958K(2788864K), 0.0069546 secs] [Times: user=0.12 sys=0.01, real=0.01 secs] 
2021-02-22T00:15:16.278+0100: 914.910: [GC (Allocation Failure) [PSYoungGen: 1277421K->14532K(1247232K)] 2165646K->903133K(2758656K), 0.0073618 secs] [Times: user=0.14 sys=0.00, real=0.00 secs] 
2021-02-22T00:15:17.860+0100: 916.492: [GC (Allocation Failure) [PSYoungGen: 1246916K->13325K(1213440K)] 2135517K->902742K(2724864K), 0.0097535 secs] [Times: user=0.24 sys=0.01, real=0.01 secs] 
2021-02-22T00:15:20.170+0100: 918.802: [GC (Allocation Failure) [PSYoungGen: 1212941K->24557K(1192960K)] 2102358K->914791K(2704384K), 0.0166751 secs] [Times: user=0.38 sys=0.01, real=0.01 secs] 
2021-02-22T00:15:20.786+0100: 919.418: [GC (Allocation Failure) [PSYoungGen: 1192941K->14317K(1262592K)] 2083175K->913984K(2774016K), 0.0158610 secs] [Times: user=0.40 sys=0.06, real=0.02 secs] 
2021-02-22T00:15:22.413+0100: 921.045: [GC (Allocation Failure) [PSYoungGen: 1262573K->16034K(1343488K)] 2162240K->917373K(2854912K), 0.0100550 secs] [Times: user=0.22 sys=0.01, real=0.01 secs] 
2021-02-22T00:15:24.383+0100: 923.015: [GC (Allocation Failure) [PSYoungGen: 1343138K->17709K(1434624K)] 2244477K->919049K(2946048K), 0.0276607 secs] [Times: user=0.78 sys=0.00, real=0.03 secs] 
2021-02-22T00:15:26.242+0100: 924.874: [GC (Allocation Failure) [PSYoungGen: 1434413K->19468K(1538560K)] 2335753K->921280K(3049984K), 0.0284675 secs] [Times: user=0.82 sys=0.00, real=0.03 secs] 
2021-02-22T00:15:28.341+0100: 926.973: [GC (Allocation Failure) [PSYoungGen: 1538060K->17892K(1640448K)] 2439872K->922976K(3151872K), 0.0176155 secs] [Times: user=0.45 sys=0.00, real=0.02 secs] 
2021-02-22T00:15:30.273+0100: 928.905: [GC (Allocation Failure) [PSYoungGen: 1640420K->20059K(1753088K)] 2545504K->925712K(3264512K), 0.0202500 secs] [Times: user=0.52 sys=0.01, real=0.02 secs] 
2021-02-22T00:15:32.363+0100: 930.995: [GC (Allocation Failure) [PSYoungGen: 1749842K->16357K(1859072K)] 2655495K->927058K(3370496K), 0.0144683 secs] [Times: user=0.36 sys=0.00, real=0.01 secs] 
2021-02-22T00:15:35.737+0100: 934.369: [GC (Allocation Failure) [PSYoungGen: 1859045K->19821K(1804800K)] 2769746K->931130K(3316224K), 0.0180915 secs] [Times: user=0.45 sys=0.00, real=0.02 secs] 
2021-02-22T00:15:38.153+0100: 936.784: [GC (Allocation Failure) [PSYoungGen: 1804653K->18422K(1747968K)] 2715962K->934867K(3259392K), 0.0171439 secs] [Times: user=0.41 sys=0.00, real=0.02 secs] 
2021-02-22T00:15:40.224+0100: 938.856: [GC (Allocation Failure) [PSYoungGen: 1747958K->20486K(1697280K)] 2664403K->938814K(3208704K), 0.0271996 secs] [Times: user=0.74 sys=0.00, real=0.03 secs] 
2021-02-22T00:15:42.536+0100: 941.167: [GC (Allocation Failure) [PSYoungGen: 1696774K->16358K(1641984K)] 2615102K->940908K(3153408K), 0.0114480 secs] [Times: user=0.25 sys=0.00, real=0.01 secs] 
2021-02-22T00:15:44.603+0100: 943.235: [GC (Allocation Failure) [PSYoungGen: 1641958K->27632K(1604608K)] 2566508K->954413K(3116032K), 0.0254506 secs] [Times: user=0.66 sys=0.01, real=0.02 secs] 
2021-02-22T00:15:46.785+0100: 945.417: [GC (Allocation Failure) [PSYoungGen: 1604592K->11750K(1542144K)] 2531373K->947509K(3053568K), 0.0157217 secs] [Times: user=0.39 sys=0.00, real=0.02 secs] 
2021-02-22T00:15:50.911+0100: 949.542: [GC (Allocation Failure) [PSYoungGen: 1541243K->15589K(1501696K)] 2477001K->953969K(3013120K), 0.0080694 secs] [Times: user=0.17 sys=0.00, real=0.01 secs] 
2021-02-22T00:15:53.972+0100: 952.604: [GC (Allocation Failure) [PSYoungGen: 1501413K->26766K(1469952K)] 2439793K->965146K(2981376K), 0.0076736 secs] [Times: user=0.17 sys=0.01, real=0.01 secs] 
2021-02-22T00:15:56.039+0100: 954.671: [GC (Allocation Failure) [PSYoungGen: 1469582K->21549K(1423872K)] 2407962K->959930K(2935296K), 0.0141764 secs] [Times: user=0.32 sys=0.00, real=0.01 secs] 
2021-02-22T00:15:58.117+0100: 956.749: [GC (Allocation Failure) [PSYoungGen: 1423405K->13821K(1376256K)] 2361786K->962750K(2887680K), 0.0108857 secs] [Times: user=0.23 sys=0.02, real=0.01 secs] 
2021-02-22T00:15:59.586+0100: 958.218: [GC (Allocation Failure) [PSYoungGen: 1376253K->30717K(1355264K)] 2325182K->982065K(2866688K), 0.0146905 secs] [Times: user=0.40 sys=0.00, real=0.02 secs] 
2021-02-22T00:16:01.199+0100: 959.830: [GC (Allocation Failure) [PSYoungGen: 1355261K->17399K(1305600K)] 2306609K->981263K(2817024K), 0.0214332 secs] [Times: user=0.60 sys=0.00, real=0.02 secs] 
2021-02-22T00:16:02.021+0100: 960.652: [GC (Allocation Failure) [PSYoungGen: 1305591K->20535K(1274368K)] 2269455K->986562K(2785792K), 0.0098922 secs] [Times: user=0.19 sys=0.00, real=0.01 secs] 
2021-02-22T00:16:03.272+0100: 961.904: [GC (Allocation Failure) [PSYoungGen: 1273911K->30079K(1369088K)] 2239938K->996106K(2880512K), 0.0206219 secs] [Times: user=0.50 sys=0.00, real=0.02 secs] 
2021-02-22T00:16:04.737+0100: 963.369: [GC (Allocation Failure) [PSYoungGen: 1368959K->22951K(1448960K)] 2334986K->988978K(2960384K), 0.0126173 secs] [Times: user=0.29 sys=0.00, real=0.01 secs] 
2021-02-22T00:16:06.356+0100: 964.987: [GC (Allocation Failure) [PSYoungGen: 1448871K->19959K(1405440K)] 2414898K->994076K(2916864K), 0.0116778 secs] [Times: user=0.21 sys=0.01, real=0.01 secs] 
2021-02-22T00:16:07.904+0100: 966.536: [GC (Allocation Failure) [PSYoungGen: 1405431K->22164K(1369088K)] 2379548K->998031K(2880512K), 0.0077513 secs] [Times: user=0.16 sys=0.00, real=0.01 secs] 
2021-02-22T00:16:10.438+0100: 969.070: [GC (Allocation Failure) [PSYoungGen: 1368724K->24270K(1333760K)] 2344591K->1000137K(2845184K), 0.0165975 secs] [Times: user=0.37 sys=0.00, real=0.01 secs] 
2021-02-22T00:16:12.045+0100: 970.677: [GC (Allocation Failure) [PSYoungGen: 1333454K->23703K(1297408K)] 2309321K->1000246K(2808832K), 0.0177813 secs] [Times: user=0.51 sys=0.01, real=0.02 secs] 
2021-02-22T00:16:13.883+0100: 972.515: [GC (Allocation Failure) [PSYoungGen: 1297047K->19424K(1374208K)] 2273590K->1001664K(2885632K), 0.0260064 secs] [Times: user=0.72 sys=0.00, real=0.02 secs] 
2021-02-22T00:16:15.737+0100: 974.369: [GC (Allocation Failure) [PSYoungGen: 1374176K->20311K(1337856K)] 2356416K->1004666K(2849280K), 0.0094125 secs] [Times: user=0.19 sys=0.01, real=0.01 secs] 
2021-02-22T00:16:18.056+0100: 976.687: [GC (Allocation Failure) [PSYoungGen: 1337687K->22215K(1304064K)] 2322042K->1006570K(2815488K), 0.0115726 secs] [Times: user=0.29 sys=0.00, real=0.01 secs] 
2021-02-22T00:16:20.060+0100: 978.692: [GC (Allocation Failure) [PSYoungGen: 1303751K->24679K(1271808K)] 2288106K->1010906K(2783232K), 0.0162207 secs] [Times: user=0.39 sys=0.00, real=0.01 secs] 
2021-02-22T00:16:21.834+0100: 980.465: [GC (Allocation Failure) [PSYoungGen: 1271399K->16375K(1229824K)] 2257626K->1009815K(2741248K), 0.0183672 secs] [Times: user=0.55 sys=0.00, real=0.02 secs] 
2021-02-22T00:16:23.082+0100: 981.714: [GC (Allocation Failure) [PSYoungGen: 1229815K->18983K(1201152K)] 2223255K->1015826K(2712576K), 0.0156712 secs] [Times: user=0.41 sys=0.00, real=0.02 secs] 
2021-02-22T00:16:24.725+0100: 983.356: [GC (Allocation Failure) [PSYoungGen: 1200679K->19959K(1170944K)] 2197522K->1016802K(2682368K), 0.0150543 secs] [Times: user=0.35 sys=0.01, real=0.02 secs] 
2021-02-22T00:16:26.307+0100: 984.938: [GC (Allocation Failure) [PSYoungGen: 1170935K->20480K(1142272K)] 2167778K->1018732K(2653696K), 0.0169168 secs] [Times: user=0.37 sys=0.01, real=0.02 secs] 
2021-02-22T00:16:28.020+0100: 986.652: [GC (Allocation Failure) [PSYoungGen: 1141760K->17799K(1110528K)] 2140012K->1017985K(2621952K), 0.0114027 secs] [Times: user=0.21 sys=0.01, real=0.01 secs] 
2021-02-22T00:16:29.273+0100: 987.904: [GC (Allocation Failure) [PSYoungGen: 1110407K->19141K(1084928K)] 2110593K->1020335K(2596352K), 0.0107137 secs] [Times: user=0.24 sys=0.01, real=0.01 secs] 
2021-02-22T00:16:31.267+0100: 989.898: [GC (Allocation Failure) [PSYoungGen: 1083122K->19710K(1152512K)] 2084316K->1021868K(2663936K), 0.0253390 secs] [Times: user=0.75 sys=0.00, real=0.03 secs] 
2021-02-22T00:16:32.976+0100: 991.608: [GC (Allocation Failure) [PSYoungGen: 1152254K->20365K(1124352K)] 2154412K->1023934K(2635776K), 0.0106370 secs] [Times: user=0.28 sys=0.00, real=0.01 secs] 
2021-02-22T00:16:34.666+0100: 993.297: [GC (Allocation Failure) [PSYoungGen: 1124237K->19446K(1193472K)] 2127806K->1024959K(2704896K), 0.0220036 secs] [Times: user=0.66 sys=0.01, real=0.02 secs] 
2021-02-22T00:16:37.147+0100: 995.779: [GC (Allocation Failure) [PSYoungGen: 1191270K->20807K(1164800K)] 2196782K->1028107K(2676224K), 0.0210263 secs] [Times: user=0.55 sys=0.00, real=0.02 secs] 
2021-02-22T00:16:38.836+0100: 997.467: [GC (Allocation Failure) [PSYoungGen: 1164615K->16358K(1131008K)] 2171915K->1029191K(2642432K), 0.0156118 secs] [Times: user=0.41 sys=0.00, real=0.02 secs] 
2021-02-22T00:16:39.610+0100: 998.242: [GC (Allocation Failure) [PSYoungGen: 1130981K->17894K(1209856K)] 2143813K->1032367K(2721280K), 0.0132761 secs] [Times: user=0.37 sys=0.01, real=0.01 secs] 
2021-02-22T00:16:40.707+0100: 999.339: [GC (Allocation Failure) [PSYoungGen: 1209830K->18966K(1299968K)] 2224303K->1033439K(2811392K), 0.0180123 secs] [Times: user=0.50 sys=0.00, real=0.02 secs] 
2021-02-22T00:16:42.288+0100: 1000.919: [GC (Allocation Failure) [PSYoungGen: 1299478K->20530K(1394176K)] 2313951K->1036007K(2905600K), 0.0170452 secs] [Times: user=0.43 sys=0.00, real=0.02 secs] 
2021-02-22T00:16:44.438+0100: 1003.070: [GC (Allocation Failure) [PSYoungGen: 1393714K->14326K(1482240K)] 2409191K->1037032K(2993664K), 0.0178667 secs] [Times: user=0.48 sys=0.01, real=0.01 secs] 
2021-02-22T00:16:47.173+0100: 1005.805: [GC (Allocation Failure) [PSYoungGen: 1482230K->16119K(1442304K)] 2504936K->1041990K(2953728K), 0.0122347 secs] [Times: user=0.27 sys=0.00, real=0.01 secs] 
2021-02-22T00:16:48.928+0100: 1007.559: [GC (Allocation Failure) [PSYoungGen: 1442039K->21997K(1407488K)] 2467910K->1052459K(2918912K), 0.0139259 secs] [Times: user=0.37 sys=0.00, real=0.02 secs] 
2021-02-22T00:16:49.835+0100: 1008.466: [GC (Allocation Failure) [PSYoungGen: 1407469K->16004K(1520128K)] 2437931K->1048186K(3031552K), 0.0332432 secs] [Times: user=0.97 sys=0.01, real=0.03 secs] 
2021-02-22T00:16:52.605+0100: 1011.237: [GC (Allocation Failure) [PSYoungGen: 1517177K->18423K(1637376K)] 2549359K->1051901K(3148800K), 0.0149539 secs] [Times: user=0.36 sys=0.01, real=0.02 secs] 
2021-02-22T00:16:54.477+0100: 1013.109: [GC (Allocation Failure) [PSYoungGen: 1637367K->19895K(1754624K)] 2670845K->1054520K(3266048K), 0.0149474 secs] [Times: user=0.35 sys=0.01, real=0.02 secs] 
2021-02-22T00:16:57.612+0100: 1016.243: [GC (Allocation Failure) [PSYoungGen: 1754551K->17383K(1864192K)] 2789176K->1057192K(3375616K), 0.0157514 secs] [Times: user=0.41 sys=0.00, real=0.01 secs] 
2021-02-22T00:17:00.190+0100: 1018.822: [GC (Allocation Failure) [PSYoungGen: 1864167K->22183K(1810944K)] 2903976K->1063848K(3322368K), 0.0109019 secs] [Times: user=0.21 sys=0.01, real=0.01 secs] 
2021-02-22T00:17:02.115+0100: 1020.747: [GC (Allocation Failure) [PSYoungGen: 1810599K->14838K(1747456K)] 2852264K->1064385K(3258880K), 0.0093518 secs] [Times: user=0.24 sys=0.00, real=0.01 secs] 
2021-02-22T00:17:04.528+0100: 1023.160: [GC (Allocation Failure) [PSYoungGen: 1747446K->18087K(1697792K)] 2796993K->1069137K(3209216K), 0.0228910 secs] [Times: user=0.63 sys=0.01, real=0.03 secs] 
2021-02-22T00:17:06.442+0100: 1025.074: [GC (Allocation Failure) [PSYoungGen: 1697447K->20071K(1648640K)] 2748497K->1071121K(3160064K), 0.0141191 secs] [Times: user=0.34 sys=0.00, real=0.01 secs] 
2021-02-22T00:17:09.059+0100: 1027.691: [GC (Allocation Failure) [PSYoungGen: 1648231K->20813K(1600512K)] 2699281K->1073004K(3111936K), 0.0132704 secs] [Times: user=0.32 sys=0.02, real=0.01 secs] 
2021-02-22T00:17:11.151+0100: 1029.782: [GC (Allocation Failure) [PSYoungGen: 1600333K->12262K(1545216K)] 2652524K->1073904K(3056640K), 0.0117515 secs] [Times: user=0.31 sys=0.01, real=0.01 secs] 
2021-02-22T00:17:14.318+0100: 1032.950: [GC (Allocation Failure) [PSYoungGen: 1545190K->19063K(1507328K)] 2606832K->1081920K(3018752K), 0.0143960 secs] [Times: user=0.38 sys=0.00, real=0.01 secs] 
2021-02-22T00:17:16.214+0100: 1034.846: [GC (Allocation Failure) [PSYoungGen: 1506935K->19591K(1464832K)] 2569792K->1082448K(2976256K), 0.0222279 secs] [Times: user=0.66 sys=0.00, real=0.02 secs] 
2021-02-22T00:17:18.098+0100: 1036.730: [GC (Allocation Failure) [PSYoungGen: 1464455K->20512K(1424384K)] 2527312K->1084496K(2935808K), 0.0162258 secs] [Times: user=0.38 sys=0.01, real=0.01 secs] 
2021-02-22T00:17:19.524+0100: 1038.155: [GC (Allocation Failure) [PSYoungGen: 1423904K->10733K(1374720K)] 2487888K->1083346K(2886144K), 0.0157089 secs] [Times: user=0.41 sys=0.01, real=0.02 secs] 
2021-02-22T00:17:21.995+0100: 1040.626: [GC (Allocation Failure) [PSYoungGen: 1374701K->13872K(1340416K)] 2447314K->1087819K(2851840K), 0.0159678 secs] [Times: user=0.42 sys=0.00, real=0.02 secs] 
2021-02-22T00:17:23.774+0100: 1042.406: [GC (Allocation Failure) [PSYoungGen: 1339952K->22966K(1436672K)] 2413899K->1096914K(2948096K), 0.0311818 secs] [Times: user=0.91 sys=0.00, real=0.03 secs] 
2021-02-22T00:17:25.868+0100: 1044.499: [GC (Allocation Failure) [PSYoungGen: 1436598K->17159K(1391104K)] 2510546K->1092495K(2902528K), 0.0157177 secs] [Times: user=0.38 sys=0.00, real=0.02 secs] 
2021-02-22T00:17:26.783+0100: 1045.415: [GC (Allocation Failure) [PSYoungGen: 1390855K->12263K(1484288K)] 2466191K->1092235K(2995712K), 0.0165221 secs] [Times: user=0.45 sys=0.01, real=0.02 secs] 
2021-02-22T00:17:28.832+0100: 1047.464: [GC (Allocation Failure) [PSYoungGen: 1484263K->18814K(1584128K)] 2564235K->1100769K(3095552K), 0.0085657 secs] [Times: user=0.18 sys=0.00, real=0.01 secs] 
2021-02-22T00:17:30.747+0100: 1049.379: [GC (Allocation Failure) [PSYoungGen: 1583998K->16167K(1535488K)] 2665953K->1098122K(3046912K), 0.0149764 secs] [Times: user=0.41 sys=0.00, real=0.02 secs] 
2021-02-22T00:17:32.819+0100: 1051.451: [GC (Allocation Failure) [PSYoungGen: 1535271K->19015K(1494016K)] 2617226K->1101822K(3005440K), 0.0112514 secs] [Times: user=0.25 sys=0.00, real=0.01 secs] 
2021-02-22T00:17:35.868+0100: 1054.500: [GC (Allocation Failure) [PSYoungGen: 1493575K->15862K(1447936K)] 2576382K->1102630K(2959360K), 0.0115878 secs] [Times: user=0.27 sys=0.00, real=0.02 secs] 
2021-02-22T00:17:38.049+0100: 1056.681: [GC (Allocation Failure) [PSYoungGen: 1447926K->20886K(1412096K)] 2534694K->1108765K(2923520K), 0.0117022 secs] [Times: user=0.28 sys=0.00, real=0.02 secs] 
2021-02-22T00:17:39.694+0100: 1058.326: [GC (Allocation Failure) [PSYoungGen: 1411990K->12774K(1364992K)] 2499869K->1106714K(2876416K), 0.0111936 secs] [Times: user=0.27 sys=0.01, real=0.01 secs] 
2021-02-22T00:17:42.170+0100: 1060.802: [GC (Allocation Failure) [PSYoungGen: 1364966K->16534K(1331712K)] 2458906K->1112242K(2843136K), 0.0143001 secs] [Times: user=0.36 sys=0.01, real=0.01 secs] 
2021-02-22T00:17:43.969+0100: 1062.600: [GC (Allocation Failure) [PSYoungGen: 1331350K->15766K(1294848K)] 2427058K->1111474K(2806272K), 0.0173499 secs] [Times: user=0.44 sys=0.01, real=0.02 secs] 
2021-02-22T00:17:44.662+0100: 1063.294: [GC (Allocation Failure) [PSYoungGen: 1294742K->16982K(1390592K)] 2390450K->1113374K(2902016K), 0.0194505 secs] [Times: user=0.52 sys=0.00, real=0.02 secs] 
2021-02-22T00:17:46.857+0100: 1065.489: [GC (Allocation Failure) [PSYoungGen: 1390166K->15350K(1485824K)] 2486558K->1115258K(2997248K), 0.0209946 secs] [Times: user=0.57 sys=0.01, real=0.03 secs] 
2021-02-22T00:17:48.298+0100: 1066.929: [GC (Allocation Failure) [PSYoungGen: 1485814K->18237K(1582592K)] 2585722K->1119525K(3094016K), 0.0072054 secs] [Times: user=0.13 sys=0.03, real=0.01 secs] 
2021-02-22T00:17:50.462+0100: 1069.094: [GC (Allocation Failure) [PSYoungGen: 1582397K->13812K(1675776K)] 2683685K->1120328K(3187200K), 0.0194057 secs] [Times: user=0.51 sys=0.00, real=0.02 secs] 
2021-02-22T00:17:52.941+0100: 1071.573: [GC (Allocation Failure) [PSYoungGen: 1675764K->17629K(1629696K)] 2782280K->1125686K(3141120K), 0.0153805 secs] [Times: user=0.38 sys=0.00, real=0.01 secs] 
2021-02-22T00:17:55.731+0100: 1074.363: [GC (Allocation Failure) [PSYoungGen: 1629405K->14822K(1578496K)] 2737462K->1126143K(3089920K), 0.0103153 secs] [Times: user=0.22 sys=0.00, real=0.01 secs] 
2021-02-22T00:17:58.242+0100: 1076.874: [GC (Allocation Failure) [PSYoungGen: 1578470K->18506K(1536512K)] 2689791K->1131869K(3047936K), 0.0114995 secs] [Times: user=0.29 sys=0.00, real=0.01 secs] 
2021-02-22T00:17:59.919+0100: 1078.550: [GC (Allocation Failure) [PSYoungGen: 1536074K->11751K(1485312K)] 2649437K->1129839K(2996736K), 0.0211881 secs] [Times: user=0.59 sys=0.00, real=0.02 secs] 
2021-02-22T00:18:02.363+0100: 1080.995: [GC (Allocation Failure) [PSYoungGen: 1485287K->15824K(1446912K)] 2603375K->1135828K(2958336K), 0.0185717 secs] [Times: user=0.48 sys=0.00, real=0.02 secs] 
2021-02-22T00:18:04.294+0100: 1082.926: [GC (Allocation Failure) [PSYoungGen: 1446864K->16886K(1407488K)] 2566868K->1137235K(2918912K), 0.0143148 secs] [Times: user=0.35 sys=0.00, real=0.01 secs] 
2021-02-22T00:18:05.844+0100: 1084.475: [GC (Allocation Failure) [PSYoungGen: 1407478K->14614K(1366528K)] 2527827K->1137022K(2877952K), 0.0187262 secs] [Times: user=0.51 sys=0.00, real=0.02 secs] 
2021-02-22T00:18:07.673+0100: 1086.305: [GC (Allocation Failure) [PSYoungGen: 1366294K->12790K(1327104K)] 2488702K->1140778K(2838528K), 0.0125716 secs] [Times: user=0.29 sys=0.01, real=0.01 secs] 
2021-02-22T00:18:09.245+0100: 1087.876: [GC (Allocation Failure) [PSYoungGen: 1327094K->14957K(1293824K)] 2455082K->1144423K(2805248K), 0.0146041 secs] [Times: user=0.33 sys=0.00, real=0.02 secs] 
2021-02-22T00:18:11.081+0100: 1089.712: [GC (Allocation Failure) [PSYoungGen: 1293421K->16352K(1260544K)] 2422887K->1146801K(2771968K), 0.0093091 secs] [Times: user=0.21 sys=0.00, real=0.01 secs] 
2021-02-22T00:18:12.477+0100: 1091.109: [GC (Allocation Failure) [PSYoungGen: 1258601K->19015K(1230336K)] 2389050K->1150408K(2741760K), 0.0152303 secs] [Times: user=0.34 sys=0.01, real=0.02 secs] 
2021-02-22T00:18:14.758+0100: 1093.390: [GC (Allocation Failure) [PSYoungGen: 1229895K->7677K(1186816K)] 2361288K->1154116K(2698240K), 0.0247502 secs] [Times: user=0.66 sys=0.03, real=0.02 secs] 
2021-02-22T00:18:16.481+0100: 1095.113: [GC (Allocation Failure) [PSYoungGen: 1186813K->10711K(1159168K)] 2333252K->1158272K(2670592K), 0.0143494 secs] [Times: user=0.36 sys=0.01, real=0.01 secs] 
2021-02-22T00:18:18.410+0100: 1097.042: [GC (Allocation Failure) [PSYoungGen: 1158641K->12790K(1131520K)] 2306202K->1160352K(2642944K), 0.0096654 secs] [Times: user=0.19 sys=0.01, real=0.01 secs] 
2021-02-22T00:18:20.632+0100: 1099.264: [GC (Allocation Failure) [PSYoungGen: 1131510K->13894K(1104896K)] 2279072K->1162331K(2616320K), 0.0106313 secs] [Times: user=0.20 sys=0.00, real=0.01 secs] 
2021-02-22T00:18:22.156+0100: 1100.788: [GC (Allocation Failure) [PSYoungGen: 1104454K->14711K(1078272K)] 2252891K->1163899K(2589696K), 0.0111792 secs] [Times: user=0.24 sys=0.00, real=0.01 secs] 
2021-02-22T00:18:23.116+0100: 1101.747: [GC (Allocation Failure) [PSYoungGen: 1078135K->13488K(1051136K)] 2227323K->1163544K(2562560K), 0.0128923 secs] [Times: user=0.31 sys=0.01, real=0.01 secs] 
2021-02-22T00:18:24.625+0100: 1103.257: [GC (Allocation Failure) [PSYoungGen: 1050800K->15392K(1028096K)] 2200856K->1166008K(2539520K), 0.0119086 secs] [Times: user=0.36 sys=0.00, real=0.01 secs] 
2021-02-22T00:18:27.558+0100: 1106.190: [GC (Allocation Failure) [PSYoungGen: 1027616K->17687K(1005568K)] 2178232K->1168647K(2516992K), 0.0154473 secs] [Times: user=0.38 sys=0.00, real=0.01 secs] 
2021-02-22T00:18:27.831+0100: 1106.462: [GC (Allocation Failure) [PSYoungGen: 1005335K->12791K(1096704K)] 2156295K->1167495K(2608128K), 0.0156190 secs] [Times: user=0.42 sys=0.03, real=0.01 secs] 
2021-02-22T00:18:29.316+0100: 1107.948: [GC (Allocation Failure) [PSYoungGen: 1096695K->16285K(1196544K)] 2251399K->1171758K(2707968K), 0.0118627 secs] [Times: user=0.24 sys=0.01, real=0.01 secs] 
2021-02-22T00:18:30.218+0100: 1108.850: [GC (Allocation Failure) [PSYoungGen: 1193760K->15358K(1298432K)] 2349233K->1171271K(2809856K), 0.0135100 secs] [Times: user=0.40 sys=0.00, real=0.02 secs] 
2021-02-22T00:18:32.715+0100: 1111.346: [GC (Allocation Failure) [PSYoungGen: 1298430K->17911K(1400832K)] 2454343K->1175170K(2912256K), 0.0117911 secs] [Times: user=0.27 sys=0.00, real=0.01 secs] 
2021-02-22T00:18:34.257+0100: 1112.889: [GC (Allocation Failure) [PSYoungGen: 1400823K->10224K(1496576K)] 2558082K->1176331K(3008000K), 0.0153878 secs] [Times: user=0.39 sys=0.01, real=0.02 secs] 
2021-02-22T00:18:36.226+0100: 1114.858: [GC (Allocation Failure) [PSYoungGen: 1496560K->11126K(1614336K)] 2662667K->1178614K(3125760K), 0.0333067 secs] [Times: user=1.02 sys=0.01, real=0.04 secs] 
2021-02-22T00:18:38.346+0100: 1116.978: [GC (Allocation Failure) [PSYoungGen: 1614198K->15686K(1731072K)] 2781686K->1183174K(3242496K), 0.0099750 secs] [Times: user=0.19 sys=0.01, real=0.01 secs] 
2021-02-22T00:18:40.700+0100: 1119.332: [GC (Allocation Failure) [PSYoungGen: 1730886K->22006K(1848832K)] 2898374K->1193203K(3360256K), 0.0158884 secs] [Times: user=0.37 sys=0.00, real=0.01 secs] 
2021-02-22T00:18:43.215+0100: 1121.846: [GC (Allocation Failure) [PSYoungGen: 1848822K->6646K(1776128K)] 3020019K->1191815K(3287552K), 0.0151685 secs] [Times: user=0.39 sys=0.01, real=0.02 secs] 
2021-02-22T00:18:46.617+0100: 1125.249: [GC (Allocation Failure) [PSYoungGen: 1776118K->20711K(1735680K)] 2961287K->1206835K(3247104K), 0.0116775 secs] [Times: user=0.30 sys=0.00, real=0.01 secs] 
2021-02-22T00:18:48.457+0100: 1127.089: [GC (Allocation Failure) [PSYoungGen: 1735399K->14829K(1676800K)] 2921523K->1200954K(3188224K), 0.0143044 secs] [Times: user=0.40 sys=0.00, real=0.02 secs] 
2021-02-22T00:18:51.712+0100: 1130.344: [GC (Allocation Failure) [PSYoungGen: 1676781K->15348K(1627136K)] 2862906K->1201473K(3138560K), 0.0148472 secs] [Times: user=0.35 sys=0.00, real=0.01 secs] 
2021-02-22T00:18:53.940+0100: 1132.572: [GC (Allocation Failure) [PSYoungGen: 1627124K->16790K(1580544K)] 2813249K->1203379K(3091968K), 0.0140240 secs] [Times: user=0.34 sys=0.00, real=0.01 secs] 
2021-02-22T00:18:55.296+0100: 1133.928: [GC (Allocation Failure) [PSYoungGen: 1580438K->17549K(1535488K)] 2767027K->1204782K(3046912K), 0.0220461 secs] [Times: user=0.56 sys=0.00, real=0.03 secs] 
2021-02-22T00:18:58.141+0100: 1136.773: [GC (GCLocker Initiated GC) [PSYoungGen: 1535117K->14829K(1488384K)] 2722358K->1212394K(2999808K), 0.0201523 secs] [Times: user=0.54 sys=0.00, real=0.02 secs] 
2021-02-22T00:18:59.885+0100: 1138.517: [GC (Allocation Failure) [PSYoungGen: 1488365K->19968K(1451520K)] 2685934K->1218412K(2962944K), 0.0099578 secs] [Times: user=0.20 sys=0.01, real=0.01 secs] 
2021-02-22T00:19:01.879+0100: 1140.511: [GC (Allocation Failure) [PSYoungGen: 1451008K->17405K(1408000K)] 2649452K->1229203K(2919424K), 0.0091204 secs] [Times: user=0.23 sys=0.00, real=0.00 secs] 
2021-02-22T00:19:02.660+0100: 1141.291: [GC (Allocation Failure) [PSYoungGen: 1407997K->21031K(1373184K)] 2619795K->1233675K(2884608K), 0.0079261 secs] [Times: user=0.15 sys=0.00, real=0.00 secs] 
2021-02-22T00:19:04.399+0100: 1143.031: [GC (Allocation Failure) [PSYoungGen: 1372711K->21991K(1336320K)] 2585355K->1235443K(2847744K), 0.0219447 secs] [Times: user=0.59 sys=0.00, real=0.02 secs] 
2021-02-22T00:19:06.142+0100: 1144.774: [GC (Allocation Failure) [PSYoungGen: 1336295K->23174K(1302016K)] 2549747K->1238375K(2813440K), 0.0081917 secs] [Times: user=0.17 sys=0.00, real=0.01 secs] 
2021-02-22T00:19:07.777+0100: 1146.409: [GC (Allocation Failure) [PSYoungGen: 1301638K->14317K(1258496K)] 2516839K->1239527K(2769920K), 0.0156675 secs] [Times: user=0.45 sys=0.00, real=0.02 secs] 
2021-02-22T00:19:10.010+0100: 1148.642: [GC (Allocation Failure) [PSYoungGen: 1258477K->17092K(1228288K)] 2483687K->1243218K(2739712K), 0.0135856 secs] [Times: user=0.34 sys=0.01, real=0.01 secs] 
2021-02-22T00:19:11.228+0100: 1149.859: [GC (Allocation Failure) [PSYoungGen: 1227972K->27741K(1207296K)] 2454098K->1253867K(2718720K), 0.0078290 secs] [Times: user=0.16 sys=0.01, real=0.01 secs] 
2021-02-22T00:19:14.178+0100: 1152.809: [GC (Allocation Failure) [PSYoungGen: 1206863K->29764K(1178624K)] 2432989K->1256430K(2690048K), 0.0133148 secs] [Times: user=0.28 sys=0.01, real=0.02 secs] 
2021-02-22T00:19:14.842+0100: 1153.473: [GC (Allocation Failure) [PSYoungGen: 1178180K->5604K(1240064K)] 2404846K->1254106K(2751488K), 0.0205527 secs] [Times: user=0.54 sys=0.03, real=0.02 secs] 
2021-02-22T00:19:16.524+0100: 1155.155: [GC (Allocation Failure) [PSYoungGen: 1240036K->11789K(1334272K)] 2488538K->1261430K(2845696K), 0.0148208 secs] [Times: user=0.37 sys=0.00, real=0.02 secs] 
2021-02-22T00:19:18.524+0100: 1157.156: [GC (Allocation Failure) [PSYoungGen: 1333773K->14637K(1420800K)] 2583414K->1264278K(2932224K), 0.0094262 secs] [Times: user=0.20 sys=0.00, real=0.01 secs] 
2021-02-22T00:19:20.310+0100: 1158.942: [GC (Allocation Failure) [PSYoungGen: 1420589K->15501K(1382400K)] 2670230K->1265626K(2893824K), 0.0167604 secs] [Times: user=0.47 sys=0.01, real=0.01 secs] 
2021-02-22T00:19:22.399+0100: 1161.031: [GC (Allocation Failure) [PSYoungGen: 1382029K->17287K(1346048K)] 2632154K->1268044K(2857472K), 0.0105608 secs] [Times: user=0.22 sys=0.00, real=0.00 secs] 
2021-02-22T00:19:24.394+0100: 1163.026: [GC (Allocation Failure) [PSYoungGen: 1345119K->18390K(1310720K)] 2595876K->1270032K(2822144K), 0.0132135 secs] [Times: user=0.32 sys=0.01, real=0.01 secs] 
2021-02-22T00:19:27.065+0100: 1165.697: [GC (Allocation Failure) [PSYoungGen: 1310678K->19517K(1276928K)] 2562320K->1272018K(2788352K), 0.0160742 secs] [Times: user=0.40 sys=0.00, real=0.02 secs] 
2021-02-22T00:19:28.616+0100: 1167.247: [GC (Allocation Failure) [PSYoungGen: 1276477K->23469K(1367552K)] 2528978K->1276593K(2878976K), 0.0355011 secs] [Times: user=1.16 sys=0.00, real=0.04 secs] 
2021-02-22T00:19:30.263+0100: 1168.895: [GC (Allocation Failure) [PSYoungGen: 1367469K->19364K(1460224K)] 2620593K->1272860K(2971648K), 0.0227407 secs] [Times: user=0.71 sys=0.00, real=0.02 secs] 
2021-02-22T00:19:33.475+0100: 1172.106: [GC (Allocation Failure) [PSYoungGen: 1460132K->24397K(1560064K)] 2713628K->1278285K(3071488K), 0.0196520 secs] [Times: user=0.49 sys=0.01, real=0.02 secs] 
2021-02-22T00:19:34.721+0100: 1173.353: [GC (Allocation Failure) [PSYoungGen: 1559885K->17901K(1652224K)] 2813773K->1278017K(3163648K), 0.0109079 secs] [Times: user=0.32 sys=0.01, real=0.01 secs] 
2021-02-22T00:19:36.423+0100: 1175.054: [GC (Allocation Failure) [PSYoungGen: 1650340K->20359K(1605632K)] 2910455K->1281030K(3117056K), 0.0070418 secs] [Times: user=0.15 sys=0.00, real=0.00 secs] 
2021-02-22T00:19:38.335+0100: 1176.967: [GC (Allocation Failure) [PSYoungGen: 1605511K->22102K(1560576K)] 2866182K->1282774K(3072000K), 0.0171025 secs] [Times: user=0.54 sys=0.00, real=0.02 secs] 
2021-02-22T00:19:40.394+0100: 1179.026: [GC (Allocation Failure) [PSYoungGen: 1560150K->23862K(1517056K)] 2820822K->1284922K(3028480K), 0.0088688 secs] [Times: user=0.21 sys=0.00, real=0.01 secs] 
2021-02-22T00:19:42.495+0100: 1181.127: [GC (Allocation Failure) [PSYoungGen: 1516854K->14310K(1464320K)] 2777914K->1294672K(2975744K), 0.0189792 secs] [Times: user=0.55 sys=0.00, real=0.02 secs] 
2021-02-22T00:19:44.495+0100: 1183.127: [GC (Allocation Failure) [PSYoungGen: 1464294K->16144K(1424896K)] 2744656K->1300077K(2936320K), 0.0072405 secs] [Times: user=0.13 sys=0.01, real=0.01 secs] 
2021-02-22T00:19:46.410+0100: 1185.042: [GC (Allocation Failure) [PSYoungGen: 1424656K->18390K(1387008K)] 2708589K->1302323K(2898432K), 0.0076668 secs] [Times: user=0.15 sys=0.00, real=0.00 secs] 
2021-02-22T00:19:48.156+0100: 1186.787: [GC (Allocation Failure) [PSYoungGen: 1386966K->19606K(1350656K)] 2670899K->1304692K(2862080K), 0.0083522 secs] [Times: user=0.19 sys=0.00, real=0.01 secs] 
2021-02-22T00:19:51.799+0100: 1190.430: [GC (Allocation Failure) [PSYoungGen: 1350294K->20612K(1315328K)] 2635380K->1306822K(2826752K), 0.0119791 secs] [Times: user=0.35 sys=0.00, real=0.01 secs] 
2021-02-22T00:19:53.808+0100: 1192.440: [GC (Allocation Failure) [PSYoungGen: 1314948K->20614K(1280000K)] 2601158K->1307584K(2791424K), 0.0107025 secs] [Times: user=0.22 sys=0.00, real=0.02 secs] 
2021-02-22T00:19:55.416+0100: 1194.047: [GC (Allocation Failure) [PSYoungGen: 1279622K->21894K(1247232K)] 2566592K->1309536K(2758656K), 0.0100246 secs] [Times: user=0.24 sys=0.00, real=0.01 secs] 
2021-02-22T00:19:56.957+0100: 1195.589: [GC (Allocation Failure) [PSYoungGen: 1247110K->23062K(1216512K)] 2534752K->1311408K(2727936K), 0.0132681 secs] [Times: user=0.32 sys=0.00, real=0.02 secs] 
2021-02-22T00:19:58.258+0100: 1196.890: [GC (Allocation Failure) [PSYoungGen: 1216022K->15341K(1177088K)] 2504368K->1312688K(2688512K), 0.0210057 secs] [Times: user=0.62 sys=0.02, real=0.02 secs] 
2021-02-22T00:19:59.912+0100: 1198.544: [GC (Allocation Failure) [PSYoungGen: 1177069K->16358K(1147904K)] 2474416K->1315228K(2659328K), 0.0103432 secs] [Times: user=0.22 sys=0.01, real=0.01 secs] 
2021-02-22T00:20:00.485+0100: 1199.117: [GC (Allocation Failure) [PSYoungGen: 1147878K->18192K(1236480K)] 2446748K->1317061K(2747904K), 0.0170816 secs] [Times: user=0.47 sys=0.00, real=0.02 secs] 
2021-02-22T00:20:02.291+0100: 1200.922: [GC (Allocation Failure) [PSYoungGen: 1236240K->21399K(1339904K)] 2535109K->1321072K(2851328K), 0.0365770 secs] [Times: user=1.36 sys=0.00, real=0.03 secs] 
2021-02-22T00:20:04.105+0100: 1202.737: [GC (Allocation Failure) [PSYoungGen: 1339799K->19959K(1436672K)] 2639472K->1322129K(2948096K), 0.0103418 secs] [Times: user=0.16 sys=0.02, real=0.01 secs] 
2021-02-22T00:20:06.188+0100: 1204.820: [GC (Allocation Failure) [PSYoungGen: 1436663K->21606K(1534976K)] 2738833K->1325433K(3046400K), 0.0125976 secs] [Times: user=0.31 sys=0.01, real=0.02 secs] 
2021-02-22T00:20:07.998+0100: 1206.629: [GC (Allocation Failure) [PSYoungGen: 1534566K->15869K(1626112K)] 2838393K->1326168K(3137536K), 0.0133538 secs] [Times: user=0.34 sys=0.02, real=0.02 secs] 
2021-02-22T00:20:10.005+0100: 1208.637: [GC (Allocation Failure) [PSYoungGen: 1626109K->16628K(1748480K)] 2936408K->1330315K(3259904K), 0.0430968 secs] [Times: user=1.41 sys=0.01, real=0.04 secs] 
2021-02-22T00:20:12.354+0100: 1210.986: [GC (Allocation Failure) [PSYoungGen: 1748212K->20278K(1888256K)] 3061899K->1333965K(3399680K), 0.0380603 secs] [Times: user=1.35 sys=0.00, real=0.04 secs] 
2021-02-22T00:20:16.229+0100: 1214.860: [GC (Allocation Failure) [PSYoungGen: 1888054K->23108K(2018304K)] 3201741K->1337867K(3529728K), 0.0101718 secs] [Times: user=0.19 sys=0.00, real=0.02 secs] 
2021-02-22T00:20:18.881+0100: 1217.513: [GC (Allocation Failure) [PSYoungGen: 2017860K->11750K(2155520K)] 3332619K->1338202K(3666944K), 0.0475283 secs] [Times: user=1.63 sys=0.00, real=0.04 secs] 
2021-02-22T00:20:22.171+0100: 1220.803: [GC (Allocation Failure) [PSYoungGen: 2155494K->16477K(2309120K)] 3481946K->1344600K(3820544K), 0.0225261 secs] [Times: user=0.61 sys=0.00, real=0.02 secs] 
2021-02-22T00:20:24.445+0100: 1223.076: [GC (Allocation Failure) [PSYoungGen: 2308701K->18624K(2467840K)] 3636824K->1346746K(3979264K), 0.0236375 secs] [Times: user=0.70 sys=0.00, real=0.02 secs] 
2021-02-22T00:20:28.192+0100: 1226.824: [GC (Allocation Failure) [PSYoungGen: 2467520K->22740K(2386944K)] 3795642K->1351788K(3898368K), 0.0181253 secs] [Times: user=0.46 sys=0.00, real=0.02 secs] 
2021-02-22T00:20:31.978+0100: 1230.610: [GC (Allocation Failure) [PSYoungGen: 2386644K->13805K(2296832K)] 3715692K->1351441K(3808256K), 0.0302176 secs] [Times: user=0.91 sys=0.01, real=0.02 secs] 
2021-02-22T00:20:35.328+0100: 1233.959: [GC (Allocation Failure) [PSYoungGen: 2296813K->18743K(2224640K)] 3634449K->1357921K(3736064K), 0.0196224 secs] [Times: user=0.46 sys=0.00, real=0.02 secs] 
2021-02-22T00:20:39.193+0100: 1237.825: [GC (Allocation Failure) [PSYoungGen: 2224439K->21910K(2153984K)] 3563617K->1361089K(3665408K), 0.0217556 secs] [Times: user=0.57 sys=0.01, real=0.02 secs] 
2021-02-22T00:20:41.468+0100: 1240.100: [GC (Allocation Failure) [PSYoungGen: 2153878K->27124K(2088448K)] 3493057K->1371143K(3599872K), 0.0147254 secs] [Times: user=0.36 sys=0.00, real=0.02 secs] 
2021-02-22T00:20:44.264+0100: 1242.896: [GC (Allocation Failure) [PSYoungGen: 2088436K->5622K(1999360K)] 3432455K->1370460K(3510784K), 0.0448858 secs] [Times: user=1.30 sys=0.00, real=0.04 secs] 
2021-02-22T00:20:46.263+0100: 1244.894: [GC (Allocation Failure) [PSYoungGen: 1999350K->10861K(2139136K)] 3364188K->1376614K(3650560K), 0.0288782 secs] [Times: user=0.83 sys=0.00, real=0.03 secs] 
2021-02-22T00:20:48.491+0100: 1247.123: [GC (Allocation Failure) [PSYoungGen: 2138733K->12059K(2284544K)] 3504486K->1377812K(3795968K), 0.0254495 secs] [Times: user=0.68 sys=0.00, real=0.02 secs] 
2021-02-22T00:20:51.623+0100: 1250.254: [GC (Allocation Failure) [PSYoungGen: 2284315K->13974K(2209792K)] 3650068K->1379727K(3721216K), 0.0089206 secs] [Times: user=0.23 sys=0.01, real=0.01 secs] 
2021-02-22T00:20:55.970+0100: 1254.601: [GC (Allocation Failure) [PSYoungGen: 2209430K->17526K(2139648K)] 3575183K->1383866K(3651072K), 0.0116183 secs] [Times: user=0.29 sys=0.00, real=0.02 secs] 
2021-02-22T00:20:58.405+0100: 1257.037: [GC (Allocation Failure) [PSYoungGen: 2139254K->19789K(2071552K)] 3505594K->1386589K(3582976K), 0.0167939 secs] [Times: user=0.44 sys=0.00, real=0.02 secs] 
2021-02-22T00:21:02.147+0100: 1260.779: [GC (Allocation Failure) [PSYoungGen: 2071373K->23158K(2008064K)] 3438173K->1390394K(3519488K), 0.0425116 secs] [Times: user=1.23 sys=0.00, real=0.04 secs] 
2021-02-22T00:21:04.149+0100: 1262.780: [GC (Allocation Failure) [PSYoungGen: 2007670K->23734K(2157568K)] 3374906K->1391515K(3668992K), 0.0530130 secs] [Times: user=1.56 sys=0.00, real=0.06 secs] 
2021-02-22T00:21:06.378+0100: 1265.010: [GC (Allocation Failure) [PSYoungGen: 2157238K->15346K(2301440K)] 3525019K->1393500K(3812864K), 0.0196681 secs] [Times: user=0.53 sys=0.01, real=0.01 secs] 
2021-02-22T00:21:11.068+0100: 1269.700: [GC (Allocation Failure) [PSYoungGen: 2301426K->24388K(2232832K)] 3679580K->1403754K(3744256K), 0.0100370 secs] [Times: user=0.21 sys=0.02, real=0.02 secs] 
2021-02-22T00:21:13.602+0100: 1272.233: [GC (Allocation Failure) [PSYoungGen: 2232644K->22135K(2156544K)] 3612010K->1401501K(3667968K), 0.0160693 secs] [Times: user=0.41 sys=0.01, real=0.01 secs] 
2021-02-22T00:21:16.660+0100: 1275.292: [GC (Allocation Failure) [PSYoungGen: 2156151K->24710K(2088448K)] 3535517K->1404731K(3599872K), 0.0127340 secs] [Times: user=0.31 sys=0.01, real=0.01 secs] 
2021-02-22T00:21:20.065+0100: 1278.697: [GC (Allocation Failure) [PSYoungGen: 2088070K->16374K(2012160K)] 3468091K->1407280K(3523584K), 0.0140028 secs] [Times: user=0.40 sys=0.01, real=0.02 secs] 
2021-02-22T00:21:22.295+0100: 1280.927: [GC (Allocation Failure) [PSYoungGen: 2012150K->28894K(1960448K)] 3403056K->1420483K(3471872K), 0.0329878 secs] [Times: user=0.96 sys=0.00, real=0.03 secs] 
2021-02-22T00:21:24.484+0100: 1283.116: [GC (Allocation Failure) [PSYoungGen: 1960158K->21485K(1890816K)] 3351747K->1421618K(3402240K), 0.0133672 secs] [Times: user=0.38 sys=0.00, real=0.01 secs] 
2021-02-22T00:21:26.543+0100: 1285.175: [GC (Allocation Failure) [PSYoungGen: 1890797K->24781K(1835008K)] 3290930K->1426450K(3346432K), 0.0103340 secs] [Times: user=0.21 sys=0.02, real=0.01 secs] 
2021-02-22T00:21:29.452+0100: 1288.084: [GC (Allocation Failure) [PSYoungGen: 1834701K->25572K(1778688K)] 3236370K->1427993K(3290112K), 0.0184451 secs] [Times: user=0.45 sys=0.00, real=0.02 secs] 
2021-02-22T00:21:32.812+0100: 1291.444: [GC (Allocation Failure) [PSYoungGen: 1778660K->27453K(1726464K)] 3181081K->1432061K(3237888K), 0.0248772 secs] [Times: user=0.55 sys=0.00, real=0.02 secs] 
2021-02-22T00:21:34.534+0100: 1293.165: [GC (Allocation Failure) [PSYoungGen: 1726269K->17904K(1665024K)] 3130877K->1433039K(3176448K), 0.0244458 secs] [Times: user=0.67 sys=0.02, real=0.03 secs] 
2021-02-22T00:21:37.971+0100: 1296.603: [GC (Allocation Failure) [PSYoungGen: 1665008K->29415K(1627136K)] 3080143K->1447267K(3138560K), 0.0112621 secs] [Times: user=0.26 sys=0.00, real=0.01 secs] 
2021-02-22T00:21:39.913+0100: 1298.544: [GC (Allocation Failure) [PSYoungGen: 1626855K->22333K(1572352K)] 3044707K->1440186K(3083776K), 0.0096328 secs] [Times: user=0.22 sys=0.00, real=0.01 secs] 
2021-02-22T00:21:42.183+0100: 1300.815: [GC (Allocation Failure) [PSYoungGen: 1572157K->32720K(1537024K)] 2990010K->1452116K(3048448K), 0.0123273 secs] [Times: user=0.30 sys=0.00, real=0.01 secs] 
2021-02-22T00:21:44.053+0100: 1302.685: [GC (Allocation Failure) [PSYoungGen: 1536976K->16887K(1477632K)] 2956372K->1444608K(2989056K), 0.0126585 secs] [Times: user=0.34 sys=0.00, real=0.01 secs] 
2021-02-22T00:21:45.020+0100: 1303.652: [GC (Allocation Failure) [PSYoungGen: 1477623K->17942K(1437184K)] 2905344K->1448319K(2948608K), 0.0117624 secs] [Times: user=0.28 sys=0.00, real=0.01 secs] 
2021-02-22T00:21:46.398+0100: 1305.030: [GC (Allocation Failure) [PSYoungGen: 1436694K->19863K(1398784K)] 2867071K->1450239K(2910208K), 0.0151157 secs] [Times: user=0.38 sys=0.01, real=0.01 secs] 
2021-02-22T00:21:49.304+0100: 1307.936: [GC (Allocation Failure) [PSYoungGen: 1398679K->20148K(1360896K)] 2829055K->1451673K(2872320K), 0.0153601 secs] [Times: user=0.39 sys=0.00, real=0.02 secs] 
2021-02-22T00:21:51.425+0100: 1310.057: [GC (Allocation Failure) [PSYoungGen: 1360564K->21101K(1325056K)] 2792089K->1453627K(2836480K), 0.0129961 secs] [Times: user=0.32 sys=0.00, real=0.02 secs] 
2021-02-22T00:21:53.009+0100: 1311.641: [GC (Allocation Failure) [PSYoungGen: 1324653K->21319K(1289728K)] 2757179K->1455173K(2801152K), 0.0116273 secs] [Times: user=0.24 sys=0.01, real=0.02 secs] 
2021-02-22T00:21:54.794+0100: 1313.426: [GC (Allocation Failure) [PSYoungGen: 1289543K->20007K(1254400K)] 2723397K->1456671K(2765824K), 0.0155877 secs] [Times: user=0.41 sys=0.00, real=0.01 secs] 
2021-02-22T00:21:56.493+0100: 1315.125: [GC (Allocation Failure) [PSYoungGen: 1253927K->20845K(1222144K)] 2690591K->1458622K(2733568K), 0.0142935 secs] [Times: user=0.34 sys=0.01, real=0.01 secs] 
2021-02-22T00:21:58.243+0100: 1316.874: [GC (Allocation Failure) [PSYoungGen: 1221997K->21606K(1191424K)] 2659774K->1460351K(2702848K), 0.0223927 secs] [Times: user=0.57 sys=0.00, real=0.02 secs] 
2021-02-22T00:22:00.250+0100: 1318.882: [GC (Allocation Failure) [PSYoungGen: 1191014K->20944K(1160192K)] 2629759K->1460736K(2671616K), 0.0141442 secs] [Times: user=0.32 sys=0.01, real=0.01 secs] 
2021-02-22T00:22:01.979+0100: 1320.611: [GC (Allocation Failure) [PSYoungGen: 1160144K->22198K(1132544K)] 2599936K->1463123K(2643968K), 0.0157504 secs] [Times: user=0.40 sys=0.01, real=0.01 secs] 
2021-02-22T00:22:02.609+0100: 1321.241: [GC (Allocation Failure) [PSYoungGen: 1132214K->24167K(1231360K)] 2573139K->1465811K(2742784K), 0.0257588 secs] [Times: user=0.72 sys=0.00, real=0.03 secs] 
2021-02-22T00:22:04.436+0100: 1323.067: [GC (Allocation Failure) [PSYoungGen: 1230951K->15856K(1323520K)] 2672595K->1465720K(2834944K), 0.0210591 secs] [Times: user=0.54 sys=0.00, real=0.02 secs] 
2021-02-22T00:22:06.693+0100: 1325.325: [GC (Allocation Failure) [PSYoungGen: 1323504K->18966K(1425920K)] 2773368K->1470167K(2937344K), 0.0145179 secs] [Times: user=0.35 sys=0.00, real=0.01 secs] 
2021-02-22T00:22:08.571+0100: 1327.203: [GC (Allocation Failure) [PSYoungGen: 1425430K->21021K(1530368K)] 2876631K->1472222K(3041792K), 0.0186557 secs] [Times: user=0.45 sys=0.00, real=0.02 secs] 
2021-02-22T00:22:11.492+0100: 1330.124: [GC (Allocation Failure) [PSYoungGen: 1529885K->20909K(1632768K)] 2981086K->1473182K(3144192K), 0.0216910 secs] [Times: user=0.58 sys=0.00, real=0.02 secs] 
2021-02-22T00:22:13.769+0100: 1332.401: [GC (Allocation Failure) [PSYoungGen: 1632685K->17398K(1732608K)] 3084958K->1474514K(3244032K), 0.0166411 secs] [Times: user=0.41 sys=0.01, real=0.02 secs] 
2021-02-22T00:22:15.421+0100: 1334.052: [GC (Allocation Failure) [PSYoungGen: 1732598K->19862K(1682432K)] 3189714K->1479185K(3193856K), 0.0144973 secs] [Times: user=0.36 sys=0.01, real=0.01 secs] 
2021-02-22T00:22:18.286+0100: 1336.918: [GC (Allocation Failure) [PSYoungGen: 1682326K->20480K(1632768K)] 3141649K->1481338K(3144192K), 0.0187679 secs] [Times: user=0.48 sys=0.00, real=0.02 secs] 
2021-02-22T00:22:20.101+0100: 1338.733: [GC (Allocation Failure) [PSYoungGen: 1632768K->19318K(1583616K)] 3093626K->1482378K(3095040K), 0.0137968 secs] [Times: user=0.36 sys=0.01, real=0.01 secs] 
2021-02-22T00:22:22.353+0100: 1340.985: [GC (Allocation Failure) [PSYoungGen: 1583478K->16896K(1534976K)] 3046538K->1483967K(3046400K), 0.0160319 secs] [Times: user=0.37 sys=0.00, real=0.01 secs] 
2021-02-22T00:22:24.143+0100: 1342.775: [GC (Allocation Failure) [PSYoungGen: 1534976K->20368K(1494528K)] 3002047K->1489411K(3005952K), 0.0194314 secs] [Times: user=0.48 sys=0.00, real=0.02 secs] 
2021-02-22T00:22:25.759+0100: 1344.391: [GC (Allocation Failure) [PSYoungGen: 1494416K->17398K(1593344K)] 2963459K->1488198K(3104768K), 0.0295905 secs] [Times: user=0.87 sys=0.00, real=0.02 secs] 
2021-02-22T00:22:27.629+0100: 1346.261: [GC (Allocation Failure) [PSYoungGen: 1593334K->20406K(1696768K)] 3064134K->1493115K(3208192K), 0.0114894 secs] [Times: user=0.24 sys=0.01, real=0.02 secs] 
2021-02-22T00:22:30.749+0100: 1349.381: [GC (Allocation Failure) [PSYoungGen: 1696694K->15860K(1641472K)] 3169403K->1494895K(3152896K), 0.0168566 secs] [Times: user=0.39 sys=0.00, real=0.02 secs] 
2021-02-22T00:22:32.510+0100: 1351.142: [GC (Allocation Failure) [PSYoungGen: 1641460K->19238K(1751040K)] 3120495K->1499497K(3262464K), 0.0264133 secs] [Times: user=0.67 sys=0.01, real=0.02 secs] 
2021-02-22T00:22:34.928+0100: 1353.560: [GC (Allocation Failure) [PSYoungGen: 1750822K->17382K(1695744K)] 3231081K->1501026K(3207168K), 0.0161037 secs] [Times: user=0.36 sys=0.00, real=0.02 secs] 
2021-02-22T00:22:37.955+0100: 1356.587: [GC (Allocation Failure) [PSYoungGen: 1695718K->20551K(1648128K)] 3179362K->1506566K(3159552K), 0.0142467 secs] [Times: user=0.34 sys=0.00, real=0.01 secs] 
2021-02-22T00:22:40.147+0100: 1358.778: [GC (Allocation Failure) [PSYoungGen: 1647687K->13302K(1591808K)] 3133702K->1506750K(3103232K), 0.0103007 secs] [Times: user=0.25 sys=0.00, real=0.01 secs] 
2021-02-22T00:22:42.523+0100: 1361.155: [GC (Allocation Failure) [PSYoungGen: 1591798K->17510K(1549824K)] 3085246K->1512678K(3061248K), 0.0085994 secs] [Times: user=0.17 sys=0.01, real=0.01 secs] 
2021-02-22T00:22:44.187+0100: 1362.818: [GC (Allocation Failure) [PSYoungGen: 1549414K->19062K(1506304K)] 3044582K->1514230K(3017728K), 0.0079210 secs] [Times: user=0.18 sys=0.01, real=0.01 secs] 
2021-02-22T00:22:46.434+0100: 1365.065: [GC (Allocation Failure) [PSYoungGen: 1505910K->19398K(1463296K)] 3001078K->1515742K(2974720K), 0.0217117 secs] [Times: user=0.63 sys=0.01, real=0.02 secs] 
2021-02-22T00:22:48.675+0100: 1367.307: [GC (Allocation Failure) [PSYoungGen: 1463238K->11750K(1414656K)] 2959582K->1521339K(2926080K), 0.0158796 secs] [Times: user=0.42 sys=0.01, real=0.02 secs] 
2021-02-22T00:22:48.691+0100: 1367.323: [Full GC (Ergonomics) [PSYoungGen: 11750K->0K(1414656K)] [ParOldGen: 1509588K->440572K(1972224K)] 1521339K->440572K(3386880K), [Metaspace: 64289K->64285K(65536K)], 0.2034655 secs] [Times: user=2.76 sys=0.53, real=0.20 secs] 
2021-02-22T00:22:49.506+0100: 1368.138: [GC (Allocation Failure) [PSYoungGen: 1402880K->7270K(1534976K)] 1843452K->447843K(3507200K), 0.0255330 secs] [Times: user=0.71 sys=0.00, real=0.03 secs] 
2021-02-22T00:22:50.950+0100: 1369.582: [GC (Allocation Failure) [PSYoungGen: 1534566K->8870K(1664000K)] 1975139K->449443K(3636224K), 0.0113543 secs] [Times: user=0.27 sys=0.00, real=0.01 secs] 
2021-02-22T00:22:52.241+0100: 1370.872: [GC (Allocation Failure) [PSYoungGen: 1663654K->10806K(1801216K)] 2104227K->451379K(3773440K), 0.0129363 secs] [Times: user=0.31 sys=0.00, real=0.01 secs] 
2021-02-22T00:22:53.352+0100: 1371.983: [GC (Allocation Failure) [PSYoungGen: 1800758K->11766K(1960960K)] 2241331K->452339K(3933184K), 0.0206341 secs] [Times: user=0.57 sys=0.01, real=0.02 secs] 
2021-02-22T00:22:54.674+0100: 1373.305: [GC (Allocation Failure) [PSYoungGen: 1960950K->13862K(2125824K)] 2401523K->454435K(4098048K), 0.0097705 secs] [Times: user=0.20 sys=0.01, real=0.01 secs] 
2021-02-22T00:22:56.442+0100: 1375.074: [GC (Allocation Failure) [PSYoungGen: 2125350K->15888K(2285056K)] 2565923K->456461K(4257280K), 0.0068981 secs] [Times: user=0.14 sys=0.00, real=0.00 secs] 
2021-02-22T00:22:58.467+0100: 1377.099: [GC (Allocation Failure) [PSYoungGen: 2283704K->18042K(2440192K)] 2724277K->458615K(4412416K), 0.0090739 secs] [Times: user=0.17 sys=0.02, real=0.01 secs] 
2021-02-22T00:23:03.628+0100: 1382.260: [GC (Allocation Failure) [PSYoungGen: 2439802K->20966K(2585088K)] 2880375K->462819K(4557312K), 0.0110483 secs] [Times: user=0.28 sys=0.01, real=0.02 secs] 
2021-02-22T00:23:07.686+0100: 1386.317: [GC (Allocation Failure) [PSYoungGen: 2585062K->26112K(2727424K)] 3026915K->467964K(4699648K), 0.0143758 secs] [Times: user=0.33 sys=0.01, real=0.02 secs] 
2021-02-22T00:23:10.339+0100: 1388.971: [GC (Allocation Failure) [PSYoungGen: 2727424K->9725K(2862592K)] 3169276K->468813K(4834816K), 0.0194161 secs] [Times: user=0.54 sys=0.00, real=0.02 secs] 
2021-02-22T00:23:14.282+0100: 1392.914: [GC (Allocation Failure) [PSYoungGen: 2862589K->17565K(3024384K)] 3321677K->476653K(4996608K), 0.0194547 secs] [Times: user=0.50 sys=0.00, real=0.02 secs] 
2021-02-22T00:23:18.304+0100: 1396.935: [GC (Allocation Failure) [PSYoungGen: 3024029K->19629K(3190272K)] 3483117K->478717K(5162496K), 0.0253457 secs] [Times: user=0.70 sys=0.00, real=0.02 secs] 
2021-02-22T00:23:22.045+0100: 1400.677: [GC (Allocation Failure) [PSYoungGen: 3189933K->25543K(3358208K)] 3649021K->484631K(5330432K), 0.0154532 secs] [Times: user=0.37 sys=0.01, real=0.02 secs] 
2021-02-22T00:23:26.257+0100: 1404.888: [GC (Allocation Failure) [PSYoungGen: 3358151K->15341K(3503616K)] 3817239K->487020K(5475840K), 0.0124423 secs] [Times: user=0.31 sys=0.00, real=0.01 secs] 
2021-02-22T00:23:31.652+0100: 1410.284: [GC (Allocation Failure) [PSYoungGen: 3503597K->22413K(3659776K)] 3975276K->495772K(5632000K), 0.0154887 secs] [Times: user=0.37 sys=0.00, real=0.01 secs] 
2021-02-22T00:23:36.563+0100: 1415.195: [GC (Allocation Failure) [PSYoungGen: 3659661K->29174K(3813376K)] 4133020K->508918K(5785600K), 0.0151431 secs] [Times: user=0.40 sys=0.00, real=0.02 secs] 
2021-02-22T00:23:42.257+0100: 1420.889: [GC (Allocation Failure) [PSYoungGen: 3813366K->26710K(3949568K)] 4293110K->507538K(5921792K), 0.0132231 secs] [Times: user=0.34 sys=0.00, real=0.02 secs] 
2021-02-22T00:23:46.720+0100: 1425.352: [GC (Allocation Failure) [PSYoungGen: 3949142K->18934K(4073472K)] 4429970K->512500K(6045696K), 0.0097654 secs] [Times: user=0.24 sys=0.00, real=0.01 secs] 
2021-02-22T00:23:53.863+0100: 1432.494: [GC (Allocation Failure) [PSYoungGen: 4073462K->36955K(4216320K)] 4567028K->531268K(6188544K), 0.0143646 secs] [Times: user=0.32 sys=0.00, real=0.01 secs] 
2021-02-22T00:24:00.037+0100: 1438.669: [GC (Allocation Failure) [PSYoungGen: 4215899K->23012K(4328960K)] 4710212K->528982K(6301184K), 0.0166549 secs] [Times: user=0.47 sys=0.00, real=0.02 secs] 
2021-02-22T00:24:05.825+0100: 1444.457: [GC (Allocation Failure) [PSYoungGen: 4328932K->29012K(4459520K)] 4834902K->535966K(6431744K), 0.0135876 secs] [Times: user=0.32 sys=0.00, real=0.02 secs] 
2021-02-22T00:24:12.186+0100: 1450.818: [GC (Allocation Failure) [PSYoungGen: 4459348K->34427K(4584960K)] 4966302K->541381K(6557184K), 0.0119977 secs] [Times: user=0.26 sys=0.00, real=0.02 secs] 
2021-02-22T00:24:18.155+0100: 1456.787: [GC (Allocation Failure) [PSYoungGen: 4584571K->38699K(4710400K)] 5091525K->546481K(6682624K), 0.0149220 secs] [Times: user=0.36 sys=0.01, real=0.02 secs] 
2021-02-22T00:24:24.157+0100: 1462.789: [GC (Allocation Failure) [PSYoungGen: 4710187K->16868K(4835328K)] 5217969K->557405K(6807552K), 0.0273192 secs] [Times: user=0.71 sys=0.01, real=0.03 secs] 
2021-02-22T00:24:30.236+0100: 1468.868: [GC (Allocation Failure) [PSYoungGen: 4835300K->24731K(4998656K)] 5375837K->567391K(6970880K), 0.0201971 secs] [Times: user=0.48 sys=0.00, real=0.02 secs] 
2021-02-22T00:24:38.925+0100: 1477.556: [GC (Allocation Failure) [PSYoungGen: 4998299K->32139K(5149696K)] 5540959K->574799K(7121920K), 0.0145113 secs] [Times: user=0.32 sys=0.00, real=0.02 secs] 
2021-02-22T00:24:44.750+0100: 1483.382: [GC (Allocation Failure) [PSYoungGen: 5149579K->42219K(5304832K)] 5692239K->585351K(7277056K), 0.0152412 secs] [Times: user=0.35 sys=0.01, real=0.01 secs] 
2021-02-22T00:24:51.971+0100: 1490.603: [GC (Allocation Failure) [PSYoungGen: 5304555K->28146K(5447168K)] 5847687K->583695K(7419392K), 0.0232049 secs] [Times: user=0.55 sys=0.00, real=0.02 secs] 
2021-02-22T00:25:00.628+0100: 1499.260: [GC (Allocation Failure) [PSYoungGen: 5447154K->37659K(5600768K)] 6002703K->595431K(7572992K), 0.0128925 secs] [Times: user=0.25 sys=0.00, real=0.02 secs] 
2021-02-22T00:25:08.036+0100: 1506.667: [GC (Allocation Failure) [PSYoungGen: 5600539K->43771K(5747712K)] 6158311K->601543K(7719936K), 0.0143766 secs] [Times: user=0.37 sys=0.00, real=0.02 secs] 
2021-02-22T00:25:17.295+0100: 1515.926: [GC (Allocation Failure) [PSYoungGen: 5747451K->48946K(5891584K)] 6305223K->607823K(7863808K), 0.0188150 secs] [Times: user=0.45 sys=0.00, real=0.02 secs] 
2021-02-22T00:25:24.105+0100: 1522.737: [GC (Allocation Failure) [PSYoungGen: 5891378K->19956K(6017024K)] 6450255K->610714K(7989248K), 0.0209046 secs] [Times: user=0.56 sys=0.00, real=0.02 secs] 
2021-02-22T00:25:33.364+0100: 1531.996: [GC (Allocation Failure) [PSYoungGen: 6017012K->30313K(6180864K)] 6607770K->623198K(8153088K), 0.0194386 secs] [Times: user=0.45 sys=0.00, real=0.02 secs] 
2021-02-22T00:25:41.718+0100: 1540.350: [GC (Allocation Failure) [PSYoungGen: 6180457K->36507K(6336000K)] 6773342K->629393K(8308224K), 0.0155631 secs] [Times: user=0.33 sys=0.02, real=0.01 secs] 
2021-02-22T00:25:48.923+0100: 1547.554: [GC (Allocation Failure) [PSYoungGen: 6335643K->42928K(6503424K)] 6928529K->636553K(8475648K), 0.0210674 secs] [Times: user=0.59 sys=0.01, real=0.02 secs] 
2021-02-22T00:25:58.752+0100: 1557.384: [GC (Allocation Failure) [PSYoungGen: 6503344K->39410K(6656000K)] 7096969K->644955K(8628224K), 0.0171382 secs] [Times: user=0.41 sys=0.00, real=0.01 secs] 
2021-02-22T00:26:08.588+0100: 1567.220: [GC (Allocation Failure) [PSYoungGen: 6655986K->48827K(6810624K)] 7261531K->655739K(8782848K), 0.0138497 secs] [Times: user=0.29 sys=0.00, real=0.02 secs] 
2021-02-22T00:26:17.914+0100: 1576.546: [GC (Allocation Failure) [PSYoungGen: 6810299K->37865K(6952960K)] 7417211K->658418K(8925184K), 0.0211510 secs] [Times: user=0.54 sys=0.00, real=0.02 secs] 
2021-02-22T00:26:26.760+0100: 1585.392: [GC (Allocation Failure) [PSYoungGen: 6952937K->45675K(7116288K)] 7573490K->669713K(9088512K), 0.0179302 secs] [Times: user=0.42 sys=0.00, real=0.02 secs] 
2021-02-22T00:26:37.357+0100: 1595.989: [GC (Allocation Failure) [PSYoungGen: 7115883K->48626K(7285248K)] 7739921K->682896K(9257472K), 0.0258672 secs] [Times: user=0.68 sys=0.00, real=0.03 secs] 
2021-02-22T00:26:46.305+0100: 1604.937: [GC (Allocation Failure) [PSYoungGen: 7285234K->54901K(7462400K)] 7919504K->691575K(9434624K), 0.0207212 secs] [Times: user=0.47 sys=0.00, real=0.02 secs] 
2021-02-22T00:26:58.170+0100: 1616.802: [GC (Allocation Failure) [PSYoungGen: 7462005K->35817K(7604736K)] 8098679K->700935K(9576960K), 0.0168748 secs] [Times: user=0.44 sys=0.01, real=0.01 secs] 
2021-02-22T00:27:08.024+0100: 1626.656: [GC (GCLocker Initiated GC) [PSYoungGen: 7604713K->54681K(7789568K)] 8269846K->721850K(9761792K), 0.0206171 secs] [Times: user=0.47 sys=0.00, real=0.02 secs] 
2021-02-22T00:27:19.791+0100: 1638.423: [GC (Allocation Failure) [PSYoungGen: 7789465K->57129K(7852544K)] 8456637K->724301K(9824768K), 0.0213651 secs] [Times: user=0.61 sys=0.00, real=0.02 secs] 
2021-02-22T00:27:30.418+0100: 1649.050: [GC (Allocation Failure) [PSYoungGen: 7847209K->65662K(7867392K)] 8514381K->733630K(9839616K), 0.0207071 secs] [Times: user=0.60 sys=0.00, real=0.02 secs] 
2021-02-22T00:27:40.909+0100: 1659.541: [GC (Allocation Failure) [PSYoungGen: 7855742K->72347K(8034304K)] 8523710K->741450K(10006528K), 0.0233654 secs] [Times: user=0.56 sys=0.09, real=0.03 secs] 
2021-02-22T00:27:52.497+0100: 1671.129: [GC (Allocation Failure) [PSYoungGen: 8025755K->79824K(8039424K)] 8694858K->750256K(10011648K), 0.0358924 secs] [Times: user=1.01 sys=0.20, real=0.04 secs] 
2021-02-22T00:28:02.810+0100: 1681.441: [GC (Allocation Failure) [PSYoungGen: 8033232K->81157K(8240128K)] 8703664K->753140K(10212352K), 0.0316819 secs] [Times: user=0.93 sys=0.16, real=0.04 secs] 
2021-02-22T00:28:14.224+0100: 1692.856: [GC (Allocation Failure) [PSYoungGen: 8228101K->84233K(8245760K)] 8900084K->758681K(10217984K), 0.0391430 secs] [Times: user=1.16 sys=0.04, real=0.04 secs] 
2021-02-22T00:28:25.674+0100: 1704.306: [GC (Allocation Failure) [PSYoungGen: 8231177K->87497K(8484352K)] 8905625K->764721K(10456576K), 0.0413658 secs] [Times: user=1.45 sys=0.07, real=0.04 secs] 
2021-02-22T00:28:38.927+0100: 1717.559: [GC (Allocation Failure) [PSYoungGen: 8466889K->85520K(8489984K)] 9144113K->765833K(10462208K), 0.0445837 secs] [Times: user=1.40 sys=0.14, real=0.05 secs] 
2021-02-22T00:28:49.818+0100: 1728.450: [GC (Allocation Failure) [PSYoungGen: 8464912K->77488K(8763904K)] 9145225K->760510K(10736128K), 0.0460097 secs] [Times: user=1.56 sys=0.10, real=0.04 secs] 
2021-02-22T00:29:00.436+0100: 1739.068: [GC (Allocation Failure) [PSYoungGen: 8727216K->80516K(8763392K)] 9410238K->766734K(10735616K), 0.0424521 secs] [Times: user=1.49 sys=0.06, real=0.05 secs] 
2021-02-22T00:29:13.236+0100: 1751.867: [GC (Allocation Failure) [PSYoungGen: 8730244K->77207K(9078272K)] 9416462K->765493K(11050496K), 0.0483822 secs] [Times: user=1.72 sys=0.06, real=0.05 secs] 
2021-02-22T00:29:25.773+0100: 1764.405: [GC (Allocation Failure) [PSYoungGen: 9041303K->87602K(9077248K)] 9729589K->778239K(11049472K), 0.0329195 secs] [Times: user=0.84 sys=0.05, real=0.03 secs] 
2021-02-22T00:29:38.170+0100: 1776.802: [GC (Allocation Failure) [PSYoungGen: 9051698K->74560K(9394688K)] 9742335K->767886K(11366912K), 0.0499208 secs] [Times: user=1.71 sys=0.10, real=0.05 secs] 
2021-02-22T00:29:51.019+0100: 1789.650: [GC (Allocation Failure) [PSYoungGen: 9353536K->69289K(9391616K)] 10046862K->765744K(11363840K), 0.0336032 secs] [Times: user=0.99 sys=0.03, real=0.03 secs] 
2021-02-22T00:30:03.340+0100: 1801.972: [GC (System.gc()) [PSYoungGen: 9123439K->71643K(9699328K)] 9819895K->770751K(11671552K), 0.0418842 secs] [Times: user=1.07 sys=0.08, real=0.04 secs] 
2021-02-22T00:30:03.382+0100: 1802.014: [Full GC (System.gc()) [PSYoungGen: 71643K->0K(9699328K)] [ParOldGen: 699107K->397075K(1972224K)] 770751K->397075K(11671552K), [Metaspace: 64308K->64308K(65536K)], 0.1745774 secs] [Times: user=4.27 sys=0.00, real=0.17 secs] 
2021-02-22T00:30:14.476+0100: 1813.108: [GC (Allocation Failure) [PSYoungGen: 9597440K->17280K(9702912K)] 9994515K->414363K(11675136K), 0.0132478 secs] [Times: user=0.20 sys=0.01, real=0.01 secs] 
