Java HotSpot(TM) 64-Bit Server VM (25.131-b11) for linux-amd64 JRE (1.8.0_131-b11), built on Mar 15 2017 01:23:40 by "java_re" with gcc 4.3.0 20080428 (Red Hat 4.3.0-8)
Memory: 4k page, physical 196649796k(194408488k free), swap 3905532k(3905532k free)
CommandLine flags: -XX:InitialHeapSize=2147483648 -XX:MaxHeapSize=187272527872 -XX:+PrintGC -XX:+PrintGCDateStamps -XX:+PrintGCDetails -XX:+PrintGCTimeStamps -XX:+UseParallelGC 
2021-02-22T00:00:04.544+0100: 1.257: [GC (Metadata GC Threshold) [PSYoungGen: 404765K->37663K(611840K)] 404765K->37751K(2010112K), 0.0258414 secs] [Times: user=0.39 sys=0.05, real=0.03 secs] 
2021-02-22T00:00:04.570+0100: 1.283: [Full GC (Metadata GC Threshold) [PSYoungGen: 37663K->0K(611840K)] [ParOldGen: 88K->36130K(811008K)] 37751K->36130K(1422848K), [Metaspace: 20779K->20779K(22528K)], 0.0231116 secs] [Times: user=0.29 sys=0.03, real=0.02 secs] 
2021-02-22T00:00:06.583+0100: 3.297: [GC (Metadata GC Threshold) [PSYoungGen: 455683K->82417K(852992K)] 491814K->134940K(1664000K), 0.0240124 secs] [Times: user=0.55 sys=0.04, real=0.03 secs] 
2021-02-22T00:00:06.608+0100: 3.321: [Full GC (Metadata GC Threshold) [PSYoungGen: 82417K->0K(852992K)] [ParOldGen: 52522K->121726K(1325568K)] 134940K->121726K(2178560K), [Metaspace: 34825K->34718K(36864K)], 0.0358334 secs] [Times: user=0.35 sys=0.08, real=0.03 secs] 
2021-02-22T00:00:09.190+0100: 5.904: [GC (Allocation Failure) [PSYoungGen: 770560K->87008K(1132032K)] 892286K->245699K(2457600K), 0.0403355 secs] [Times: user=0.99 sys=0.24, real=0.04 secs] 
2021-02-22T00:00:09.754+0100: 6.467: [GC (Allocation Failure) [PSYoungGen: 1132000K->87036K(1221120K)] 1290691K->248880K(2546688K), 0.0285937 secs] [Times: user=0.60 sys=0.10, real=0.03 secs] 
2021-02-22T00:00:12.382+0100: 9.096: [GC (Allocation Failure) [PSYoungGen: 1221116K->87027K(1221120K)] 1382960K->329381K(2546688K), 0.0171754 secs] [Times: user=0.25 sys=0.20, real=0.02 secs] 
2021-02-22T00:00:14.636+0100: 11.349: [GC (Allocation Failure) [PSYoungGen: 1216733K->183795K(1860096K)] 1459088K->474187K(3185664K), 0.0423389 secs] [Times: user=0.75 sys=0.39, real=0.05 secs] 
2021-02-22T00:00:17.880+0100: 14.593: [GC (Allocation Failure) [PSYoungGen: 1860083K->244725K(1921024K)] 2150475K->804393K(3246592K), 0.0633189 secs] [Times: user=0.96 sys=0.91, real=0.06 secs] 
2021-02-22T00:00:20.450+0100: 17.163: [GC (Allocation Failure) [PSYoungGen: 1921013K->424425K(2850816K)] 2480681K->1105292K(4176384K), 0.0567340 secs] [Times: user=0.85 sys=0.96, real=0.06 secs] 
2021-02-22T00:00:23.820+0100: 20.533: [GC (Allocation Failure) [PSYoungGen: 2850793K->556026K(2982400K)] 3531660K->1581344K(4307968K), 0.1023969 secs] [Times: user=0.54 sys=3.26, real=0.10 secs] 
2021-02-22T00:00:23.922+0100: 20.635: [Full GC (Ergonomics) [PSYoungGen: 556026K->167640K(2982400K)] [ParOldGen: 1025317K->1325156K(3095040K)] 1581344K->1492797K(6077440K), [Metaspace: 39847K->39588K(40960K)], 0.1785883 secs] [Times: user=3.58 sys=1.48, real=0.18 secs] 
2021-02-22T00:00:27.161+0100: 23.874: [GC (Allocation Failure) [PSYoungGen: 2594008K->688077K(3944960K)] 3919165K->2070422K(7040000K), 0.0908035 secs] [Times: user=0.53 sys=3.33, real=0.09 secs] 
2021-02-22T00:00:32.176+0100: 28.890: [GC (Allocation Failure) [PSYoungGen: 3839437K->577164K(4040192K)] 5221782K->2559271K(7135232K), 0.1051920 secs] [Times: user=0.70 sys=3.31, real=0.11 secs] 
2021-02-22T00:00:35.903+0100: 32.616: [GC (Allocation Failure) [PSYoungGen: 3728524K->460474K(5192192K)] 5710631K->2935875K(8287232K), 0.0892435 secs] [Times: user=0.43 sys=3.22, real=0.09 secs] 
2021-02-22T00:00:40.568+0100: 37.281: [GC (Allocation Failure) [PSYoungGen: 4760762K->615621K(5204992K)] 7236163K->3494180K(8300032K), 0.0681473 secs] [Times: user=0.80 sys=1.56, real=0.06 secs] 
2021-02-22T00:00:40.636+0100: 37.349: [Full GC (Ergonomics) [PSYoungGen: 615621K->306579K(5204992K)] [ParOldGen: 2878558K->3094768K(5551104K)] 3494180K->3401347K(10756096K), [Metaspace: 51208K->50119K(53248K)], 0.3700021 secs] [Times: user=10.48 sys=2.34, real=0.37 secs] 
2021-02-22T00:00:45.442+0100: 42.155: [GC (Allocation Failure) [PSYoungGen: 4606867K->734790K(6676480K)] 7701635K->4141564K(12227584K), 0.1196644 secs] [Times: user=0.68 sys=4.30, real=0.12 secs] 
2021-02-22T00:00:52.534+0100: 49.247: [GC (Allocation Failure) [PSYoungGen: 6469190K->960577K(6748160K)] 9875964K->5016456K(12299264K), 0.1367360 secs] [Times: user=1.00 sys=4.52, real=0.14 secs] 
2021-02-22T00:01:00.194+0100: 56.907: [GC (Allocation Failure) [PSYoungGen: 6694977K->978698K(8692224K)] 10750856K->5880868K(14243328K), 0.1407823 secs] [Times: user=1.03 sys=3.85, real=0.14 secs] 
2021-02-22T00:01:00.335+0100: 57.048: [Full GC (Ergonomics) [PSYoungGen: 978698K->0K(8692224K)] [ParOldGen: 4902169K->5526140K(8610304K)] 5880868K->5526140K(17302528K), [Metaspace: 50333K->50333K(53248K)], 0.3239825 secs] [Times: user=7.16 sys=3.30, real=0.33 secs] 
2021-02-22T00:01:09.813+0100: 66.526: [GC (Allocation Failure) [PSYoungGen: 7540224K->1142324K(8809472K)] 13066364K->6668473K(17419776K), 0.1305987 secs] [Times: user=0.70 sys=4.62, real=0.13 secs] 
2021-02-22T00:01:18.752+0100: 75.465: [GC (Allocation Failure) [PSYoungGen: 8682548K->1210957K(10415104K)] 14208697K->7742859K(19025408K), 0.1791272 secs] [Times: user=1.30 sys=5.79, real=0.18 secs] 
2021-02-22T00:01:30.784+0100: 87.498: [GC (Allocation Failure) [PSYoungGen: 10204237K->1567713K(10561024K)] 16736139K->9357642K(19171328K), 0.2179071 secs] [Times: user=1.81 sys=6.64, real=0.22 secs] 
2021-02-22T00:01:31.003+0100: 87.716: [Full GC (Ergonomics) [PSYoungGen: 1567713K->0K(10561024K)] [ParOldGen: 7789928K->5724998K(9670144K)] 9357642K->5724998K(20231168K), [Metaspace: 50548K->50548K(53248K)], 0.3919958 secs] [Times: user=9.01 sys=3.00, real=0.39 secs] 
2021-02-22T00:01:41.579+0100: 98.292: [GC (Allocation Failure) [PSYoungGen: 8993280K->1336052K(13150720K)] 14718278K->7061050K(22820864K), 0.1569310 secs] [Times: user=0.74 sys=5.69, real=0.15 secs] 
2021-02-22T00:01:55.519+0100: 112.232: [GC (Allocation Failure) [PSYoungGen: 12206836K->1995624K(13181952K)] 17931834K->8878939K(22852096K), 0.1840314 secs] [Times: user=2.84 sys=4.71, real=0.18 secs] 
2021-02-22T00:02:08.484+0100: 125.197: [GC (Allocation Failure) [PSYoungGen: 12866408K->1831830K(15534592K)] 19749723K->10461284K(25204736K), 0.2739286 secs] [Times: user=2.20 sys=9.26, real=0.27 secs] 
2021-02-22T00:02:08.758+0100: 125.471: [Full GC (Ergonomics) [PSYoungGen: 1831830K->0K(15534592K)] [ParOldGen: 8629454K->5860073K(10669056K)] 10461284K->5860073K(26203648K), [Metaspace: 50856K->50856K(53248K)], 0.4457323 secs] [Times: user=9.57 sys=2.47, real=0.45 secs] 
2021-02-22T00:02:25.714+0100: 142.427: [GC (Allocation Failure) [PSYoungGen: 12963840K->2551144K(15678464K)] 18823913K->8411226K(26347520K), 0.1838324 secs] [Times: user=2.75 sys=4.52, real=0.18 secs] 
2021-02-22T00:02:41.513+0100: 158.226: [GC (Allocation Failure) [PSYoungGen: 15514984K->2303101K(18543616K)] 21375066K->10406367K(29212672K), 0.2849381 secs] [Times: user=2.63 sys=8.66, real=0.28 secs] 
2021-02-22T00:03:00.578+0100: 177.292: [GC (Allocation Failure) [PSYoungGen: 17758333K->2369144K(18749440K)] 25861599K->12504916K(29418496K), 0.2774239 secs] [Times: user=2.88 sys=7.68, real=0.28 secs] 
2021-02-22T00:03:00.856+0100: 177.569: [Full GC (Ergonomics) [PSYoungGen: 2369144K->0K(18749440K)] [ParOldGen: 10135771K->5801536K(11806720K)] 12504916K->5801536K(30556160K), [Metaspace: 51010K->51010K(55296K)], 0.4028839 secs] [Times: user=8.69 sys=1.84, real=0.41 secs] 
2021-02-22T00:03:18.800+0100: 195.513: [GC (Allocation Failure) [PSYoungGen: 15455232K->2866153K(21025792K)] 21256768K->8667698K(32832512K), 0.3692689 secs] [Times: user=1.43 sys=14.35, real=0.37 secs] 
2021-02-22T00:03:38.926+0100: 215.639: [GC (Allocation Failure) [PSYoungGen: 20416489K->2803706K(21345280K)] 26218034K->11126464K(33152000K), 0.2159864 secs] [Times: user=4.71 sys=4.03, real=0.22 secs] 
2021-02-22T00:04:00.409+0100: 237.123: [GC (Allocation Failure) [PSYoungGen: 20354042K->2853429K(24247296K)] 28676800K->13638546K(36054016K), 0.3899267 secs] [Times: user=2.79 sys=13.52, real=0.39 secs] 
2021-02-22T00:04:00.799+0100: 237.513: [Full GC (Ergonomics) [PSYoungGen: 2853429K->0K(24247296K)] [ParOldGen: 10785116K->5929321K(13060096K)] 13638546K->5929321K(37307392K), [Metaspace: 51117K->51117K(55296K)], 0.4668960 secs] [Times: user=9.55 sys=2.44, real=0.46 secs] 
2021-02-22T00:04:29.649+0100: 266.362: [GC (Allocation Failure) [PSYoungGen: 20226048K->3606479K(24436736K)] 26155369K->9535801K(37496832K), 0.1357604 secs] [Times: user=4.09 sys=0.97, real=0.13 secs] 
2021-02-22T00:04:58.982+0100: 295.695: [GC (Allocation Failure) [PSYoungGen: 23832527K->2606382K(27877376K)] 29761849K->10944780K(40937472K), 0.3271460 secs] [Times: user=3.16 sys=10.44, real=0.33 secs] 
2021-02-22T00:05:29.709+0100: 326.422: [GC (Allocation Failure) [PSYoungGen: 25997102K->3881802K(27979264K)] 34335500K->13843133K(41039360K), 0.2191265 secs] [Times: user=8.43 sys=0.39, real=0.22 secs] 
2021-02-22T00:05:29.928+0100: 326.641: [Full GC (Ergonomics) [PSYoungGen: 3881802K->0K(27979264K)] [ParOldGen: 9961331K->5367359K(13080064K)] 13843133K->5367359K(41059328K), [Metaspace: 51142K->51142K(55296K)], 0.9267598 secs] [Times: user=10.49 sys=0.89, real=0.92 secs] 
2021-02-22T00:05:58.773+0100: 355.486: [GC (Allocation Failure) [PSYoungGen: 23390720K->3784691K(31559680K)] 28758079K->9152050K(44639744K), 0.4432858 secs] [Times: user=3.71 sys=13.99, real=0.44 secs] 
2021-02-22T00:06:26.191+0100: 382.904: [GC (Allocation Failure) [PSYoungGen: 30337011K->5299176K(31851520K)] 35704370K->13902904K(44931584K), 0.4498554 secs] [Times: user=9.76 sys=8.84, real=0.45 secs] 
2021-02-22T00:07:00.524+0100: 417.238: [GC (Allocation Failure) [PSYoungGen: 31851496K->3727153K(37411840K)] 40455224K->15156724K(50491904K), 0.6495227 secs] [Times: user=3.79 sys=11.24, real=0.65 secs] 
2021-02-22T00:07:01.174+0100: 417.887: [Full GC (Ergonomics) [PSYoungGen: 3727153K->0K(37411840K)] [ParOldGen: 11429571K->5611256K(14468096K)] 15156724K->5611256K(51879936K), [Metaspace: 51184K->51184K(55296K)], 0.9328113 secs] [Times: user=15.49 sys=1.89, real=0.94 secs] 
2021-02-22T00:07:45.566+0100: 462.279: [GC (Allocation Failure) [PSYoungGen: 30293504K->4645717K(37408768K)] 35904760K->10256973K(51876864K), 0.1671431 secs] [Times: user=6.17 sys=0.00, real=0.17 secs] 
2021-02-22T00:08:18.806+0100: 495.519: [GC (Allocation Failure) [PSYoungGen: 34939221K->5444458K(41100288K)] 40550477K->13465109K(55568384K), 0.6637720 secs] [Times: user=4.61 sys=23.39, real=0.67 secs] 
2021-02-22T00:09:00.725+0100: 537.438: [GC (Allocation Failure) [PSYoungGen: 39255914K->5964750K(41509888K)] 47276565K->15091774K(55977984K), 0.3746063 secs] [Times: user=7.29 sys=8.03, real=0.38 secs] 
2021-02-22T00:09:48.695+0100: 585.409: [GC (Allocation Failure) [PSYoungGen: 39776206K->4931739K(46449664K)] 48903230K->14776938K(60917760K), 0.5639836 secs] [Times: user=4.12 sys=19.15, real=0.57 secs] 
2021-02-22T00:10:31.402+0100: 628.116: [GC (Allocation Failure) [PSYoungGen: 43213979K->6894254K(46484480K)] 53059178K->17424814K(60952576K), 0.2877048 secs] [Times: user=9.67 sys=1.80, real=0.29 secs] 
2021-02-22T00:11:17.698+0100: 674.411: [GC (Allocation Failure) [PSYoungGen: 45176494K->6274584K(51437056K)] 55707054K->17192799K(65905152K), 0.7362372 secs] [Times: user=4.48 sys=15.22, real=0.74 secs] 
2021-02-22T00:11:18.435+0100: 675.148: [Full GC (Ergonomics) [PSYoungGen: 6274584K->0K(51437056K)] [ParOldGen: 10918215K->6136854K(14747648K)] 17192799K->6136854K(66184704K), [Metaspace: 51227K->51227K(55296K)], 0.7575122 secs] [Times: user=12.43 sys=2.97, real=0.76 secs] 
2021-02-22T00:12:18.796+0100: 735.510: [GC (Allocation Failure) [PSYoungGen: 42539520K->4705508K(47245312K)] 48676374K->10842363K(61992960K), 0.1702146 secs] [Times: user=5.71 sys=0.00, real=0.18 secs] 
2021-02-22T00:13:07.451+0100: 784.164: [GC (Allocation Failure) [PSYoungGen: 47245028K->7172592K(50939904K)] 53381883K->14500787K(65687552K), 0.3476843 secs] [Times: user=10.96 sys=3.19, real=0.35 secs] 
2021-02-22T00:13:48.842+0100: 825.555: [GC (Allocation Failure) [PSYoungGen: 49257456K->7397934K(49483264K)] 56585651K->15747958K(64230912K), 0.2458687 secs] [Times: user=9.89 sys=0.00, real=0.25 secs] 
2021-02-22T00:14:28.391+0100: 865.104: [GC (Allocation Failure) [PSYoungGen: 49482798K->8987979K(49001472K)] 57832822K->18563436K(63749120K), 0.5215331 secs] [Times: user=12.91 sys=4.85, real=0.52 secs] 
2021-02-22T00:15:11.605+0100: 908.318: [GC (Allocation Failure) [PSYoungGen: 48018251K->6916643K(45947392K)] 57593708K->16938446K(60695040K), 0.2551746 secs] [Times: user=9.71 sys=0.08, real=0.26 secs] 
2021-02-22T00:16:06.653+0100: 963.366: [GC (Allocation Failure) [PSYoungGen: 45946915K->4177299K(50299392K)] 55968718K->14251643K(65047040K), 0.1563778 secs] [Times: user=5.97 sys=0.00, real=0.16 secs] 
2021-02-22T00:16:56.680+0100: 1013.394: [GC (Allocation Failure) [PSYoungGen: 43491731K->6264685K(45579264K)] 53566075K->16339030K(60326912K), 0.2039018 secs] [Times: user=8.12 sys=0.00, real=0.20 secs] 
2021-02-22T00:17:48.397+0100: 1065.110: [GC (Allocation Failure) [PSYoungGen: 45579117K->5504021K(50262016K)] 55653462K->15578366K(65009664K), 0.2012728 secs] [Times: user=7.72 sys=0.16, real=0.20 secs] 
2021-02-22T00:18:40.487+0100: 1117.200: [GC (Allocation Failure) [PSYoungGen: 45302293K->6358986K(49778176K)] 55376638K->16433330K(64525824K), 0.2068852 secs] [Times: user=8.24 sys=0.00, real=0.20 secs] 
2021-02-22T00:19:36.838+0100: 1173.551: [GC (Allocation Failure) [PSYoungGen: 46157258K->4952208K(50653184K)] 56231602K->15026553K(65400832K), 0.1822309 secs] [Times: user=6.83 sys=0.12, real=0.19 secs] 
2021-02-22T00:20:20.261+0100: 1216.974: [GC (Allocation Failure) [PSYoungGen: 45798032K->8094513K(50376704K)] 55872377K->18168858K(65124352K), 0.2480587 secs] [Times: user=9.94 sys=0.00, real=0.25 secs] 
2021-02-22T00:20:56.928+0100: 1253.641: [GC (Allocation Failure) [PSYoungGen: 48940337K->9126338K(49242624K)] 59014682K->19200682K(63990272K), 0.3080086 secs] [Times: user=12.60 sys=0.08, real=0.30 secs] 
2021-02-22T00:21:40.502+0100: 1297.215: [GC (Allocation Failure) [PSYoungGen: 48279490K->7493003K(46646272K)] 58353834K->17567348K(61393920K), 0.2371844 secs] [Times: user=9.61 sys=0.00, real=0.24 secs] 
2021-02-22T00:22:27.642+0100: 1344.355: [GC (Allocation Failure) [PSYoungGen: 46646155K->6219779K(50488832K)] 56720500K->16294123K(65236480K), 0.2210473 secs] [Times: user=8.74 sys=0.09, real=0.22 secs] 
2021-02-22T00:23:09.628+0100: 1386.341: [GC (Allocation Failure) [PSYoungGen: 45767171K->8563469K(50019840K)] 55841515K->18637813K(64767488K), 0.2640819 secs] [Times: user=10.62 sys=0.24, real=0.26 secs] 
2021-02-22T00:24:04.821+0100: 1441.534: [GC (Allocation Failure) [PSYoungGen: 48110861K->5603341K(50189824K)] 58185205K->15677685K(64937472K), 0.1968522 secs] [Times: user=7.64 sys=0.02, real=0.19 secs] 
2021-02-22T00:24:46.802+0100: 1483.515: [GC (Allocation Failure) [PSYoungGen: 45040141K->7585992K(50049536K)] 55114485K->17660337K(64797184K), 0.2432902 secs] [Times: user=9.86 sys=0.00, real=0.24 secs] 
2021-02-22T00:25:26.009+0100: 1522.722: [GC (Allocation Failure) [PSYoungGen: 47022792K->10378327K(48281600K)] 57097137K->20452672K(63029248K), 0.3882531 secs] [Times: user=13.32 sys=2.98, real=0.38 secs] 
2021-02-22T00:26:11.370+0100: 1568.083: [GC (Allocation Failure) [PSYoungGen: 48023127K->7608542K(49303040K)] 58097472K->17682887K(64050688K), 0.2404517 secs] [Times: user=9.78 sys=0.16, real=0.24 secs] 
2021-02-22T00:26:54.984+0100: 1611.698: [GC (Allocation Failure) [PSYoungGen: 45253342K->6791871K(48252416K)] 55327687K->16866215K(63000064K), 0.2650242 secs] [Times: user=8.67 sys=0.03, real=0.27 secs] 
2021-02-22T00:27:36.708+0100: 1653.421: [GC (Allocation Failure) [PSYoungGen: 44646591K->7884969K(48882688K)] 54720935K->17959825K(63630336K), 0.2547947 secs] [Times: user=9.85 sys=0.22, real=0.25 secs] 
2021-02-22T00:28:28.092+0100: 1704.805: [GC (Allocation Failure) [PSYoungGen: 45739689K->5991654K(49442304K)] 55814545K->16066871K(64189952K), 0.2281058 secs] [Times: user=8.90 sys=0.00, real=0.23 secs] 
2021-02-22T00:29:13.536+0100: 1750.250: [GC (GCLocker Initiated GC) [PSYoungGen: 44956902K->7592415K(49717760K)] 55032122K->17668067K(64465408K), 0.2532134 secs] [Times: user=9.56 sys=0.00, real=0.26 secs] 
2021-02-22T00:29:51.351+0100: 1788.064: [GC (Allocation Failure) [PSYoungGen: 46557663K->9844077K(48963072K)] 56633317K->19920171K(63710720K), 0.3435050 secs] [Times: user=12.55 sys=1.30, real=0.34 secs] 
Heap
 PSYoungGen      total 48963072K, used 25529598K [0x00007fdbcc380000, 0x00007fea55000000, 0x00007fea55000000)
  eden space 38348288K, 40% used [0x00007fdbcc380000,0x00007fdf899645b8,0x00007fe4f0d00000)
  from space 10614784K, 92% used [0x00007fe7cd200000,0x00007fea25f5b618,0x00007fea55000000)
  to   space 11306496K, 0% used [0x00007fe4f0d00000,0x00007fe4f0d00000,0x00007fe7a2e80000)
 ParOldGen       total 14747648K, used 10076093K [0x00007fbebaa00000, 0x00007fc23ec00000, 0x00007fdbcc380000)
  object space 14747648K, 68% used [0x00007fbebaa00000,0x00007fc1219ef650,0x00007fc23ec00000)
 Metaspace       used 51543K, capacity 52229K, committed 53760K, reserved 55296K
