Java HotSpot(TM) 64-Bit Server VM (25.131-b11) for linux-amd64 JRE (1.8.0_131-b11), built on Mar 15 2017 01:23:40 by "java_re" with gcc 4.3.0 20080428 (Red Hat 4.3.0-8)
Memory: 4k page, physical 196649796k(194381552k free), swap 3905532k(3905532k free)
CommandLine flags: -XX:InitialHeapSize=2147483648 -XX:MaxHeapSize=187272527872 -XX:+PrintGC -XX:+PrintGCDateStamps -XX:+PrintGCDetails -XX:+PrintGCTimeStamps -XX:+UseParallelGC 
2021-02-22T00:00:04.549+0100: 1.264: [GC (Metadata GC Threshold) [PSYoungGen: 404766K->37504K(611840K)] 404766K->37592K(2010112K), 0.0237363 secs] [Times: user=0.51 sys=0.02, real=0.02 secs] 
2021-02-22T00:00:04.573+0100: 1.288: [Full GC (Metadata GC Threshold) [PSYoungGen: 37504K->0K(611840K)] [ParOldGen: 88K->36136K(821248K)] 37592K->36136K(1433088K), [Metaspace: 20772K->20772K(22528K)], 0.0228532 secs] [Times: user=0.27 sys=0.08, real=0.02 secs] 
2021-02-22T00:00:06.586+0100: 3.300: [GC (Metadata GC Threshold) [PSYoungGen: 452031K->82422K(852992K)] 488168K->134951K(1674240K), 0.0267270 secs] [Times: user=0.56 sys=0.04, real=0.03 secs] 
2021-02-22T00:00:06.613+0100: 3.327: [Full GC (Metadata GC Threshold) [PSYoungGen: 82422K->0K(852992K)] [ParOldGen: 52528K->121791K(1377792K)] 134951K->121791K(2230784K), [Metaspace: 34842K->34733K(36864K)], 0.0505641 secs] [Times: user=0.85 sys=0.03, real=0.05 secs] 
2021-02-22T00:00:09.190+0100: 5.904: [GC (Allocation Failure) [PSYoungGen: 770560K->87019K(1132032K)] 892351K->245919K(2509824K), 0.0183711 secs] [Times: user=0.28 sys=0.24, real=0.02 secs] 
2021-02-22T00:00:09.753+0100: 6.467: [GC (Allocation Failure) [PSYoungGen: 1132011K->87020K(1149440K)] 1290911K->247785K(2527232K), 0.0126262 secs] [Times: user=0.19 sys=0.10, real=0.01 secs] 
2021-02-22T00:00:12.152+0100: 8.866: [GC (Allocation Failure) [PSYoungGen: 1149420K->87031K(1149440K)] 1310185K->309194K(2527232K), 0.0180379 secs] [Times: user=0.26 sys=0.20, real=0.02 secs] 
2021-02-22T00:00:14.407+0100: 11.121: [GC (Allocation Failure) [PSYoungGen: 1149431K->170484K(1574400K)] 1371594K->454665K(2952192K), 0.0302185 secs] [Times: user=0.56 sys=0.46, real=0.02 secs] 
2021-02-22T00:00:16.701+0100: 13.416: [GC (Allocation Failure) [PSYoungGen: 1574388K->235505K(1639424K)] 1858569K->647917K(3017216K), 0.0350202 secs] [Times: user=0.12 sys=1.08, real=0.03 secs] 
2021-02-22T00:00:19.064+0100: 15.778: [GC (Allocation Failure) [PSYoungGen: 1639409K->342009K(2163200K)] 2051821K->921172K(3540992K), 0.0485315 secs] [Times: user=0.26 sys=1.55, real=0.05 secs] 
2021-02-22T00:00:22.211+0100: 18.926: [GC (Allocation Failure) [PSYoungGen: 2163193K->475119K(2296320K)] 2742356K->1342775K(3674112K), 0.0823112 secs] [Times: user=0.79 sys=2.29, real=0.08 secs] 
2021-02-22T00:00:23.909+0100: 20.624: [GC (Allocation Failure) [PSYoungGen: 2296303K->583789K(2919424K)] 3163959K->1626500K(4297216K), 0.0673323 secs] [Times: user=0.47 sys=2.06, real=0.06 secs] 
2021-02-22T00:00:27.154+0100: 23.869: [GC (Allocation Failure) [PSYoungGen: 2829421K->488360K(2998272K)] 3872132K->2050593K(4576768K), 0.0857120 secs] [Times: user=0.61 sys=1.62, real=0.09 secs] 
2021-02-22T00:00:27.240+0100: 23.955: [Full GC (Ergonomics) [PSYoungGen: 488360K->398015K(2998272K)] [ParOldGen: 1562233K->1578409K(3532288K)] 2050593K->1976425K(6530560K), [Metaspace: 39804K->39591K(40960K)], 0.2072026 secs] [Times: user=5.08 sys=1.26, real=0.21 secs] 
2021-02-22T00:00:30.118+0100: 26.833: [GC (Allocation Failure) [PSYoungGen: 2643647K->460487K(3738624K)] 4222057K->2446598K(7270912K), 0.0842717 secs] [Times: user=0.48 sys=2.67, real=0.08 secs] 
2021-02-22T00:00:32.877+0100: 29.592: [GC (Allocation Failure) [PSYoungGen: 3419335K->241782K(3747328K)] 5405446K->2627062K(7279616K), 0.0612693 secs] [Times: user=0.34 sys=2.11, real=0.07 secs] 
2021-02-22T00:00:36.227+0100: 32.941: [GC (Allocation Failure) [PSYoungGen: 3200630K->452315K(4749824K)] 5585910K->3034124K(8282112K), 0.0781025 secs] [Times: user=1.19 sys=1.32, real=0.07 secs] 
2021-02-22T00:00:39.938+0100: 36.653: [GC (Allocation Failure) [PSYoungGen: 4445915K->456300K(4756480K)] 7027724K->3428249K(8288768K), 0.0657474 secs] [Times: user=0.56 sys=1.54, real=0.06 secs] 
2021-02-22T00:00:44.198+0100: 40.912: [GC (Allocation Failure) [PSYoungGen: 4449900K->557319K(6078976K)] 7421849K->3921140K(9611264K), 0.0779420 secs] [Times: user=0.66 sys=2.51, real=0.08 secs] 
2021-02-22T00:00:44.276+0100: 40.990: [Full GC (Ergonomics) [PSYoungGen: 557319K->295881K(6078976K)] [ParOldGen: 3363820K->3532242K(6119936K)] 3921140K->3828123K(12198912K), [Metaspace: 50936K->50191K(53248K)], 0.5606851 secs] [Times: user=18.93 sys=1.78, real=0.56 secs] 
2021-02-22T00:00:49.634+0100: 46.349: [GC (Allocation Failure) [PSYoungGen: 5608905K->803325K(6116352K)] 9141147K->4757740K(12236288K), 0.1195900 secs] [Times: user=1.16 sys=3.24, real=0.12 secs] 
2021-02-22T00:00:56.096+0100: 52.811: [GC (Allocation Failure) [PSYoungGen: 6116349K->778760K(7408128K)] 10070764K->5447531K(13528064K), 0.1277484 secs] [Times: user=1.00 sys=4.30, real=0.13 secs] 
2021-02-22T00:01:03.319+0100: 60.033: [GC (Allocation Failure) [PSYoungGen: 7109128K->889569K(7467008K)] 11777899K->6239054K(13586944K), 0.1127796 secs] [Times: user=0.80 sys=3.22, real=0.11 secs] 
2021-02-22T00:01:03.432+0100: 60.146: [Full GC (Ergonomics) [PSYoungGen: 889569K->0K(7467008K)] [ParOldGen: 5349484K->5544415K(8806912K)] 6239054K->5544415K(16273920K), [Metaspace: 50426K->50426K(53248K)], 0.3314697 secs] [Times: user=8.23 sys=2.22, real=0.33 secs] 
2021-02-22T00:01:10.170+0100: 66.885: [GC (Allocation Failure) [PSYoungGen: 6330368K->822511K(8737792K)] 11874783K->6366935K(17544704K), 0.1004937 secs] [Times: user=0.52 sys=3.48, real=0.10 secs] 
2021-02-22T00:01:17.715+0100: 74.429: [GC (Allocation Failure) [PSYoungGen: 8338671K->1011789K(8778752K)] 13883095K->7279577K(17585664K), 0.1157186 secs] [Times: user=1.21 sys=3.19, real=0.12 secs] 
2021-02-22T00:01:26.130+0100: 82.845: [GC (Allocation Failure) [PSYoungGen: 8527949K->1360874K(9801728K)] 14795737K->8376626K(18608640K), 0.2707851 secs] [Times: user=0.98 sys=10.48, real=0.27 secs] 
2021-02-22T00:01:35.153+0100: 91.867: [GC (Allocation Failure) [PSYoungGen: 9801706K->1185977K(10284032K)] 16817458K->9408669K(19090944K), 0.1989144 secs] [Times: user=1.74 sys=6.57, real=0.20 secs] 
2021-02-22T00:01:35.352+0100: 92.067: [Full GC (Ergonomics) [PSYoungGen: 1185977K->0K(10284032K)] [ParOldGen: 8222692K->5696837K(9841664K)] 9408669K->5696837K(20125696K), [Metaspace: 50752K->50752K(53248K)], 0.4647971 secs] [Times: user=9.25 sys=3.16, real=0.46 secs] 
2021-02-22T00:01:44.007+0100: 100.721: [GC (Allocation Failure) [PSYoungGen: 8440832K->1212515K(12034560K)] 14137669K->6909352K(21876224K), 0.1712673 secs] [Times: user=0.91 sys=6.14, real=0.17 secs] 
2021-02-22T00:01:53.761+0100: 110.475: [GC (Allocation Failure) [PSYoungGen: 11352163K->1471924K(12079616K)] 17049000K->8240512K(21921280K), 0.0869569 secs] [Times: user=3.13 sys=0.27, real=0.09 secs] 
2021-02-22T00:02:03.372+0100: 120.087: [GC (Allocation Failure) [PSYoungGen: 11611572K->1535325K(13575168K)] 18380160K->9604396K(23416832K), 0.1941626 secs] [Times: user=1.65 sys=6.46, real=0.20 secs] 
2021-02-22T00:02:14.929+0100: 131.644: [GC (Allocation Failure) [PSYoungGen: 13045597K->1754109K(13693952K)] 21114668K->11177655K(23535616K), 0.2116961 secs] [Times: user=2.02 sys=6.75, real=0.21 secs] 
2021-02-22T00:02:15.141+0100: 131.856: [Full GC (Ergonomics) [PSYoungGen: 1754109K->0K(13693952K)] [ParOldGen: 9423546K->6156760K(11229184K)] 11177655K->6156760K(24923136K), [Metaspace: 50978K->50978K(53248K)], 0.5206732 secs] [Times: user=11.24 sys=1.44, real=0.52 secs] 
2021-02-22T00:02:26.683+0100: 143.397: [GC (Allocation Failure) [PSYoungGen: 11510272K->1956142K(15371776K)] 17667032K->8112903K(26600960K), 0.2211603 secs] [Times: user=1.14 sys=7.88, real=0.22 secs] 
2021-02-22T00:02:39.215+0100: 155.930: [GC (Allocation Failure) [PSYoungGen: 14973742K->1834758K(15578624K)] 21130503K->9710602K(26807808K), 0.1280606 secs] [Times: user=3.43 sys=1.70, real=0.13 secs] 
2021-02-22T00:02:51.553+0100: 168.267: [GC (Allocation Failure) [PSYoungGen: 14852358K->1532683K(17547264K)] 22728202K->11027976K(28776448K), 0.2021862 secs] [Times: user=2.16 sys=6.18, real=0.20 secs] 
2021-02-22T00:02:51.755+0100: 168.469: [Full GC (Ergonomics) [PSYoungGen: 1532683K->0K(17547264K)] [ParOldGen: 9495292K->6149634K(12160512K)] 11027976K->6149634K(29707776K), [Metaspace: 51074K->51074K(53248K)], 0.4772898 secs] [Times: user=10.37 sys=0.74, real=0.48 secs] 
2021-02-22T00:03:06.663+0100: 183.378: [GC (Allocation Failure) [PSYoungGen: 14921216K->2631924K(17573376K)] 21070850K->8781566K(29733888K), 0.1139801 secs] [Times: user=2.77 sys=0.99, real=0.11 secs] 
2021-02-22T00:03:20.630+0100: 197.344: [GC (Allocation Failure) [PSYoungGen: 17553140K->3026943K(19027968K)] 23702782K->10694949K(31188480K), 0.3883018 secs] [Times: user=3.94 sys=12.21, real=0.39 secs] 
2021-02-22T00:03:35.442+0100: 212.157: [GC (Allocation Failure) [PSYoungGen: 19027967K->2386268K(20035584K)] 26695973K->12730689K(32196096K), 0.2432503 secs] [Times: user=5.39 sys=4.69, real=0.24 secs] 
2021-02-22T00:03:35.686+0100: 212.400: [Full GC (Ergonomics) [PSYoungGen: 2386268K->0K(20035584K)] [ParOldGen: 10344420K->6852554K(13976064K)] 12730689K->6852554K(34011648K), [Metaspace: 51170K->51170K(53248K)], 0.5132090 secs] [Times: user=11.05 sys=1.15, real=0.52 secs] 
2021-02-22T00:03:54.689+0100: 231.404: [GC (Allocation Failure) [PSYoungGen: 16001024K->2368704K(22124544K)] 22853578K->9221258K(36100608K), 0.2514533 secs] [Times: user=2.06 sys=5.64, real=0.25 secs] 
2021-02-22T00:04:20.529+0100: 257.244: [GC (Allocation Failure) [PSYoungGen: 20436160K->2331576K(22119424K)] 27288714K->11048026K(36095488K), 0.1906495 secs] [Times: user=3.90 sys=3.78, real=0.19 secs] 
2021-02-22T00:04:39.954+0100: 276.669: [GC (Allocation Failure) [PSYoungGen: 20399032K->2495844K(24243200K)] 29115482K->13280924K(38219264K), 0.3104017 secs] [Times: user=3.69 sys=9.38, real=0.31 secs] 
2021-02-22T00:04:40.265+0100: 276.979: [Full GC (Ergonomics) [PSYoungGen: 2495844K->0K(24243200K)] [ParOldGen: 10785080K->4781661K(12683264K)] 13280924K->4781661K(36926464K), [Metaspace: 51187K->51187K(53248K)], 0.5215576 secs] [Times: user=9.64 sys=2.11, real=0.53 secs] 
2021-02-22T00:05:00.516+0100: 297.231: [GC (Allocation Failure) [PSYoungGen: 20226048K->3302083K(24259072K)] 25007709K->8083744K(36942336K), 0.1147740 secs] [Times: user=4.41 sys=0.01, real=0.12 secs] 
2021-02-22T00:05:27.497+0100: 324.211: [GC (Allocation Failure) [PSYoungGen: 23528131K->2600722K(26877952K)] 28309792K->10199285K(39561216K), 0.3119942 secs] [Times: user=3.01 sys=9.72, real=0.32 secs] 
2021-02-22T00:05:56.952+0100: 353.666: [GC (Allocation Failure) [PSYoungGen: 25228562K->4294867K(26926592K)] 32827125K->11893429K(39609856K), 0.1749421 secs] [Times: user=5.74 sys=0.66, real=0.18 secs] 
2021-02-22T00:06:20.131+0100: 376.845: [GC (Allocation Failure) [PSYoungGen: 26922707K->4883942K(28861952K)] 34521269K->13717478K(41545216K), 0.5801684 secs] [Times: user=5.03 sys=19.04, real=0.58 secs] 
2021-02-22T00:06:43.421+0100: 400.135: [GC (Allocation Failure) [PSYoungGen: 28861926K->6027255K(30005248K)] 37695462K->15854172K(42688512K), 0.2762553 secs] [Times: user=8.82 sys=2.10, real=0.27 secs] 
2021-02-22T00:06:43.697+0100: 400.412: [Full GC (Ergonomics) [PSYoungGen: 6027255K->0K(30005248K)] [ParOldGen: 9826917K->6363925K(14601728K)] 15854172K->6363925K(44606976K), [Metaspace: 51199K->51199K(53248K)], 0.6062212 secs] [Times: user=12.01 sys=2.19, real=0.61 secs] 
2021-02-22T00:07:12.933+0100: 429.647: [GC (Allocation Failure) [PSYoungGen: 23977984K->3768675K(33906688K)] 30341909K->10132600K(48508416K), 0.3401152 secs] [Times: user=2.08 sys=11.30, real=0.34 secs] 
2021-02-22T00:07:40.503+0100: 457.217: [GC (Allocation Failure) [PSYoungGen: 30579555K->4189695K(33913856K)] 36943480K->12574253K(48515584K), 0.2033080 secs] [Times: user=8.14 sys=0.00, real=0.21 secs] 
2021-02-22T00:08:10.810+0100: 487.524: [GC (Allocation Failure) [PSYoungGen: 31000575K->3332045K(36138496K)] 39385133K->14020428K(50740224K), 0.3471510 secs] [Times: user=4.28 sys=9.80, real=0.34 secs] 
2021-02-22T00:08:48.161+0100: 524.875: [GC (Allocation Failure) [PSYoungGen: 33136077K->3925187K(36511232K)] 43824460K->15737723K(51112960K), 0.2380336 secs] [Times: user=6.18 sys=3.37, real=0.24 secs] 
2021-02-22T00:08:48.399+0100: 525.113: [Full GC (Ergonomics) [PSYoungGen: 3925187K->0K(36511232K)] [ParOldGen: 11812536K->4497715K(13417472K)] 15737723K->4497715K(49928704K), [Metaspace: 51224K->51224K(53248K)], 0.6242147 secs] [Times: user=9.65 sys=2.94, real=0.62 secs] 
2021-02-22T00:09:23.172+0100: 559.887: [GC (Allocation Failure) [PSYoungGen: 29804032K->4815898K(39318528K)] 34301747K->9313621K(52736000K), 0.4879136 secs] [Times: user=2.52 sys=17.57, real=0.49 secs] 
2021-02-22T00:09:57.207+0100: 593.921: [GC (Allocation Failure) [PSYoungGen: 37539866K->5330140K(39529984K)] 42037589K->11617588K(52947456K), 0.2321630 secs] [Times: user=9.35 sys=0.02, real=0.23 secs] 
2021-02-22T00:10:25.502+0100: 622.216: [GC (Allocation Failure) [PSYoungGen: 38054108K->5533326K(43210752K)] 44341556K->14328967K(56628224K), 0.5818073 secs] [Times: user=4.50 sys=19.82, real=0.58 secs] 
2021-02-22T00:11:04.615+0100: 661.330: [GC (Allocation Failure) [PSYoungGen: 41596046K->5334093K(43544576K)] 50391687K->15669362K(56962048K), 0.2359837 secs] [Times: user=9.02 sys=0.02, real=0.24 secs] 
2021-02-22T00:11:04.852+0100: 661.566: [Full GC (Ergonomics) [PSYoungGen: 5334093K->0K(43544576K)] [ParOldGen: 10335268K->6301807K(15968256K)] 15669362K->6301807K(59512832K), [Metaspace: 51241K->51241K(53248K)], 0.6234285 secs] [Times: user=11.88 sys=4.11, real=0.62 secs] 
2021-02-22T00:11:50.173+0100: 706.888: [GC (Allocation Failure) [PSYoungGen: 36062720K->4055013K(47311872K)] 42364527K->10356820K(63280128K), 0.3636252 secs] [Times: user=3.60 sys=10.95, real=0.36 secs] 
2021-02-22T00:12:36.176+0100: 752.891: [GC (Allocation Failure) [PSYoungGen: 44279781K->5085644K(47531008K)] 50581588K->12331597K(63499264K), 0.2200445 secs] [Times: user=8.40 sys=0.00, real=0.22 secs] 
2021-02-22T00:13:13.772+0100: 790.486: [GC (Allocation Failure) [PSYoungGen: 45310412K->6349645K(51437056K)] 52556365K->14711188K(67405312K), 0.7332198 secs] [Times: user=4.75 sys=26.00, real=0.73 secs] 
2021-02-22T00:13:51.780+0100: 828.495: [GC (Allocation Failure) [PSYoungGen: 50417485K->7074923K(51932672K)] 58779028K->16882410K(67900928K), 0.2730747 secs] [Times: user=11.12 sys=0.00, real=0.27 secs] 
2021-02-22T00:14:28.285+0100: 864.999: [GC (Allocation Failure) [PSYoungGen: 51142763K->8362082K(50457088K)] 60950250K->19901319K(66425344K), 0.5807991 secs] [Times: user=10.69 sys=7.85, real=0.58 secs] 
2021-02-22T00:15:08.186+0100: 904.900: [GC (Allocation Failure) [PSYoungGen: 50299490K->6424327K(48361984K)] 61838727K->19395083K(64330240K), 0.3556549 secs] [Times: user=8.48 sys=5.53, real=0.36 secs] 
2021-02-22T00:15:47.868+0100: 944.583: [GC (Allocation Failure) [PSYoungGen: 48361735K->6663912K(51138560K)] 61332491K->20744184K(67106816K), 0.3188000 secs] [Times: user=9.11 sys=4.04, real=0.32 secs] 
2021-02-22T00:15:48.187+0100: 944.902: [Full GC (Ergonomics) [PSYoungGen: 6663912K->0K(51138560K)] [ParOldGen: 14080271K->7378560K(16836096K)] 20744184K->7378560K(67974656K), [Metaspace: 51246K->51246K(53248K)], 0.9567851 secs] [Times: user=14.33 sys=4.84, real=0.95 secs] 
2021-02-22T00:17:00.654+0100: 1017.368: [GC (Allocation Failure) [PSYoungGen: 41551360K->2099044K(43650560K)] 48929920K->9477605K(60486656K), 0.1084639 secs] [Times: user=3.09 sys=0.00, real=0.11 secs] 
2021-02-22T00:18:02.454+0100: 1079.169: [GC (Allocation Failure) [PSYoungGen: 43650404K->4425209K(51542528K)] 51028965K->12446521K(68378624K), 0.1975146 secs] [Times: user=7.18 sys=0.01, real=0.20 secs] 
2021-02-22T00:18:31.798+0100: 1108.513: [GC (Allocation Failure) [PSYoungGen: 46159865K->7739812K(49474560K)] 54181177K->17576537K(66310656K), 0.3058634 secs] [Times: user=12.62 sys=0.21, real=0.30 secs] 
2021-02-22T00:18:56.417+0100: 1133.132: [GC (Allocation Failure) [PSYoungGen: 49474468K->7108723K(50501120K)] 59311193K->22693474K(67337216K), 0.4915155 secs] [Times: user=12.41 sys=7.94, real=0.50 secs] 
2021-02-22T00:18:56.909+0100: 1133.624: [Full GC (Ergonomics) [PSYoungGen: 7108723K->0K(50501120K)] [ParOldGen: 15584751K->12002441K(23467008K)] 22693474K->12002441K(73968128K), [Metaspace: 51248K->51248K(53248K)], 0.7447047 secs] [Times: user=17.37 sys=1.02, real=0.74 secs] 
2021-02-22T00:19:54.865+0100: 1191.580: [GC (Allocation Failure) [PSYoungGen: 40489472K->4002923K(44492800K)] 52491913K->16005365K(67959808K), 0.1631755 secs] [Times: user=5.09 sys=0.01, real=0.17 secs] 
2021-02-22T00:20:40.668+0100: 1237.383: [GC (Allocation Failure) [PSYoungGen: 44492395K->5472419K(51094528K)] 56494837K->18461669K(74561536K), 0.2318489 secs] [Times: user=9.22 sys=0.00, real=0.23 secs] 
2021-02-22T00:21:20.139+0100: 1276.853: [GC (Allocation Failure) [PSYoungGen: 46578851K->5695682K(46802432K)] 59568101K->19552365K(70269440K), 0.2616026 secs] [Times: user=9.73 sys=0.02, real=0.26 secs] 
2021-02-22T00:21:57.708+0100: 1314.422: [GC (Allocation Failure) [PSYoungGen: 46802114K->6421516K(50688000K)] 60658797K->21425824K(74155008K), 0.2639944 secs] [Times: user=10.81 sys=0.19, real=0.26 secs] 
2021-02-22T00:22:33.028+0100: 1349.742: [GC (Allocation Failure) [PSYoungGen: 47791116K->7667721K(50696192K)] 62795424K->24157070K(74163200K), 0.3414925 secs] [Times: user=10.10 sys=4.38, real=0.34 secs] 
2021-02-22T00:23:01.564+0100: 1378.278: [GC (Allocation Failure) [PSYoungGen: 49037321K->7948810K(50319360K)] 65526670K->28225467K(73786368K), 0.6739552 secs] [Times: user=8.93 sys=19.84, real=0.67 secs] 
2021-02-22T00:23:02.238+0100: 1378.952: [Full GC (Ergonomics) [PSYoungGen: 7948810K->0K(50319360K)] [ParOldGen: 20276657K->11068392K(22860288K)] 28225467K->11068392K(73179648K), [Metaspace: 51248K->51248K(53248K)], 0.8711708 secs] [Times: user=17.09 sys=3.73, real=0.88 secs] 
2021-02-22T00:23:42.779+0100: 1419.494: [GC (Allocation Failure) [PSYoungGen: 40553984K->6139971K(50757632K)] 51622376K->17208364K(73617920K), 0.2246623 secs] [Times: user=8.04 sys=0.00, real=0.22 secs] 
2021-02-22T00:24:24.680+0100: 1461.394: [GC (Allocation Failure) [PSYoungGen: 46693955K->6106285K(50011136K)] 57762348K->18392455K(72871424K), 0.2399538 secs] [Times: user=9.12 sys=0.01, real=0.24 secs] 
2021-02-22T00:25:06.452+0100: 1503.166: [GC (Allocation Failure) [PSYoungGen: 46997165K->7254263K(50435072K)] 59283335K->20291974K(73295360K), 0.2512779 secs] [Times: user=9.91 sys=0.22, real=0.25 secs] 
2021-02-22T00:25:48.465+0100: 1545.179: [GC (Allocation Failure) [PSYoungGen: 48145143K->6120458K(50867712K)] 61182854K->19764333K(73728000K), 0.2153171 secs] [Times: user=8.66 sys=0.00, real=0.22 secs] 
2021-02-22T00:26:35.544+0100: 1592.258: [GC (Allocation Failure) [PSYoungGen: 47863818K->5312524K(51077632K)] 61507693K->19126482K(73937920K), 0.1931039 secs] [Times: user=7.43 sys=0.00, real=0.19 secs] 
2021-02-22T00:27:18.762+0100: 1635.477: [GC (Allocation Failure) [PSYoungGen: 47055884K->5895280K(51019776K)] 60869842K->19973920K(73880064K), 0.2015191 secs] [Times: user=8.09 sys=0.00, real=0.20 secs] 
2021-02-22T00:27:56.959+0100: 1673.674: [GC (Allocation Failure) [PSYoungGen: 48386672K->7329773K(51329024K)] 62465312K->22744474K(74189312K), 0.2911615 secs] [Times: user=11.50 sys=0.00, real=0.29 secs] 
2021-02-22T00:28:35.136+0100: 1711.850: [GC (Allocation Failure) [PSYoungGen: 49821164K->7084225K(51781120K)] 65235866K->24028860K(74641408K), 0.2894820 secs] [Times: user=11.91 sys=0.00, real=0.29 secs] 
2021-02-22T00:29:20.514+0100: 1757.228: [GC (Allocation Failure) [PSYoungGen: 49814209K->6859944K(51845632K)] 66758844K->24188178K(74705920K), 0.2466159 secs] [Times: user=10.00 sys=0.00, real=0.25 secs] 
Heap
 PSYoungGen      total 51845632K, used 47770552K [0x00007faa34380000, 0x00007fb8bac00000, 0x00007fb8bd000000)
  eden space 42729984K, 95% used [0x00007faa34380000,0x00007fb3f5343ff8,0x00007fb464400000)
  from space 9115648K, 75% used [0x00007fb464400000,0x00007fb606f2a308,0x00007fb690a00000)
  to   space 9064960K, 0% used [0x00007fb691780000,0x00007fb691780000,0x00007fb8bac00000)
 ParOldGen       total 22860288K, used 17328233K [0x00007f8d22a00000, 0x00007f9295e80000, 0x00007faa34380000)
  object space 22860288K, 75% used [0x00007f8d22a00000,0x00007f914441a678,0x00007f9295e80000)
 Metaspace       used 51575K, capacity 52224K, committed 53248K, reserved 53248K
