Java HotSpot(TM) 64-Bit Server VM (25.131-b11) for linux-amd64 JRE (1.8.0_131-b11), built on Mar 15 2017 01:23:40 by "java_re" with gcc 4.3.0 20080428 (Red Hat 4.3.0-8)
Memory: 4k page, physical 196649780k(194378824k free), swap 3905532k(3905532k free)
CommandLine flags: -XX:InitialHeapSize=2147483648 -XX:MaxHeapSize=187272527872 -XX:+PrintGC -XX:+PrintGCDateStamps -XX:+PrintGCDetails -XX:+PrintGCTimeStamps -XX:+UseParallelGC 
2021-02-22T00:00:04.553+0100: 1.263: [GC (Metadata GC Threshold) [PSYoungGen: 404765K->37617K(611840K)] 404765K->37705K(2010112K), 0.0244168 secs] [Times: user=0.50 sys=0.01, real=0.02 secs] 
2021-02-22T00:00:04.577+0100: 1.288: [Full GC (Metadata GC Threshold) [PSYoungGen: 37617K->0K(611840K)] [ParOldGen: 88K->36151K(823296K)] 37705K->36151K(1435136K), [Metaspace: 20779K->20779K(22528K)], 0.0238551 secs] [Times: user=0.30 sys=0.02, real=0.03 secs] 
2021-02-22T00:00:06.565+0100: 3.276: [GC (Metadata GC Threshold) [PSYoungGen: 439160K->82328K(845312K)] 475312K->118487K(1668608K), 0.0244191 secs] [Times: user=0.63 sys=0.05, real=0.03 secs] 
2021-02-22T00:00:06.590+0100: 3.300: [Full GC (Metadata GC Threshold) [PSYoungGen: 82328K->0K(845312K)] [ParOldGen: 36159K->105600K(1317888K)] 118487K->105600K(2163200K), [Metaspace: 34827K->34689K(36864K)], 0.0357620 secs] [Times: user=0.29 sys=0.14, real=0.03 secs] 
2021-02-22T00:00:09.180+0100: 5.890: [GC (Allocation Failure) [PSYoungGen: 762880K->87024K(1132032K)] 868480K->243727K(2449920K), 0.0206778 secs] [Times: user=0.29 sys=0.30, real=0.02 secs] 
2021-02-22T00:00:09.758+0100: 6.468: [GC (Allocation Failure) [PSYoungGen: 1132016K->87020K(1168896K)] 1288719K->246224K(2486784K), 0.0189466 secs] [Times: user=0.44 sys=0.09, real=0.01 secs] 
2021-02-22T00:00:12.119+0100: 8.830: [GC (Allocation Failure) [PSYoungGen: 1168876K->87029K(1168896K)] 1328080K->324987K(2486784K), 0.0202577 secs] [Times: user=0.35 sys=0.20, real=0.02 secs] 
2021-02-22T00:00:14.432+0100: 11.143: [GC (Allocation Failure) [PSYoungGen: 1168885K->186854K(1706496K)] 1406843K->470322K(3024384K), 0.0556751 secs] [Times: user=1.31 sys=0.40, real=0.05 secs] 
2021-02-22T00:00:17.013+0100: 13.724: [GC (Allocation Failure) [PSYoungGen: 1706470K->246778K(1766400K)] 1989938K->696223K(3084288K), 0.0540490 secs] [Times: user=0.89 sys=0.78, real=0.05 secs] 
2021-02-22T00:00:20.140+0100: 16.851: [GC (GCLocker Initiated GC) [PSYoungGen: 1766394K->374251K(2515456K)] 2215839K->1001430K(3833344K), 0.0645977 secs] [Times: user=0.42 sys=2.06, real=0.06 secs] 
2021-02-22T00:00:22.457+0100: 19.168: [GC (Allocation Failure) [PSYoungGen: 2515435K->518652K(2659840K)] 3142621K->1363604K(3977728K), 0.0771850 secs] [Times: user=0.53 sys=2.56, real=0.08 secs] 
2021-02-22T00:00:24.774+0100: 21.484: [GC (Allocation Failure) [PSYoungGen: 2659836K->697343K(3347456K)] 3504788K->1782478K(4665344K), 0.0904092 secs] [Times: user=0.73 sys=2.99, real=0.09 secs] 
2021-02-22T00:00:24.864+0100: 21.575: [Full GC (Ergonomics) [PSYoungGen: 697343K->373240K(3347456K)] [ParOldGen: 1085135K->1317507K(3077120K)] 1782478K->1690747K(6424576K), [Metaspace: 39964K->39621K(40960K)], 0.1781199 secs] [Times: user=3.89 sys=1.13, real=0.18 secs] 
2021-02-22T00:00:29.006+0100: 25.717: [GC (Allocation Failure) [PSYoungGen: 3023352K->567736K(3552256K)] 4340859K->2268467K(6629376K), 0.0690421 secs] [Times: user=0.76 sys=1.88, real=0.07 secs] 
2021-02-22T00:00:32.732+0100: 29.443: [GC (Allocation Failure) [PSYoungGen: 3217848K->457980K(4535296K)] 4918579K->2652798K(7612416K), 0.0995712 secs] [Times: user=0.90 sys=3.04, real=0.10 secs] 
2021-02-22T00:00:36.512+0100: 33.222: [GC (Allocation Failure) [PSYoungGen: 4092668K->451390K(4545536K)] 6287486K->3036293K(7622656K), 0.0644364 secs] [Times: user=0.54 sys=2.01, real=0.06 secs] 
2021-02-22T00:00:36.576+0100: 33.287: [Full GC (Ergonomics) [PSYoungGen: 451390K->0K(4545536K)] [ParOldGen: 2584903K->2949470K(5321728K)] 3036293K->2949470K(9867264K), [Metaspace: 51077K->50182K(53248K)], 0.2019038 secs] [Times: user=3.92 sys=1.88, real=0.21 secs] 
2021-02-22T00:00:39.994+0100: 36.705: [GC (Allocation Failure) [PSYoungGen: 3634228K->455298K(5699072K)] 6583698K->3404769K(11020800K), 0.0622818 secs] [Times: user=0.66 sys=1.39, real=0.06 secs] 
2021-02-22T00:00:45.236+0100: 41.946: [GC (Allocation Failure) [PSYoungGen: 5355138K->780166K(5765120K)] 8304609K->4126044K(11086848K), 0.0955843 secs] [Times: user=0.77 sys=2.76, real=0.10 secs] 
2021-02-22T00:00:50.334+0100: 47.045: [GC (Allocation Failure) [PSYoungGen: 5680006K->710444K(7485440K)] 9025884K->4729686K(12807168K), 0.1201333 secs] [Times: user=0.78 sys=4.20, real=0.12 secs] 
2021-02-22T00:00:58.387+0100: 55.098: [GC (Allocation Failure) [PSYoungGen: 7232300K->1012100K(7537664K)] 11251542K->5655051K(12859392K), 0.1360472 secs] [Times: user=1.35 sys=3.35, real=0.14 secs] 
2021-02-22T00:00:58.524+0100: 55.234: [Full GC (Ergonomics) [PSYoungGen: 1012100K->68236K(7537664K)] [ParOldGen: 4642951K->5321341K(8293888K)] 5655051K->5389578K(15831552K), [Metaspace: 50415K->50415K(53248K)], 0.3480606 secs] [Times: user=7.33 sys=3.41, real=0.35 secs] 
2021-02-22T00:01:05.211+0100: 61.922: [GC (Allocation Failure) [PSYoungGen: 6590092K->893324K(9084928K)] 11911434K->6281977K(17378816K), 0.1236520 secs] [Times: user=1.05 sys=4.04, real=0.12 secs] 
2021-02-22T00:01:13.851+0100: 70.562: [GC (Allocation Failure) [PSYoungGen: 8811916K->1140967K(9161728K)] 14200569K->7307645K(17455616K), 0.1395218 secs] [Times: user=1.21 sys=4.01, real=0.14 secs] 
2021-02-22T00:01:22.549+0100: 79.260: [GC (Allocation Failure) [PSYoungGen: 9059559K->1213386K(10897408K)] 15226237K->8386945K(19191296K), 0.1726761 secs] [Times: user=1.45 sys=4.68, real=0.17 secs] 
2021-02-22T00:01:22.722+0100: 79.433: [Full GC (Ergonomics) [PSYoungGen: 1213386K->0K(10897408K)] [ParOldGen: 7173559K->5536540K(9213440K)] 8386945K->5536540K(20110848K), [Metaspace: 50534K->50534K(53248K)], 0.3623185 secs] [Times: user=8.47 sys=2.67, real=0.36 secs] 
2021-02-22T00:01:32.680+0100: 89.391: [GC (Allocation Failure) [PSYoungGen: 9504256K->1429479K(11043328K)] 15040796K->6966027K(20256768K), 0.1353170 secs] [Times: user=1.25 sys=4.19, real=0.13 secs] 
2021-02-22T00:01:43.488+0100: 100.199: [GC (Allocation Failure) [PSYoungGen: 10933735K->1438324K(13106688K)] 16470283K->8239016K(22320128K), 0.2050589 secs] [Times: user=2.00 sys=6.53, real=0.21 secs] 
2021-02-22T00:01:54.375+0100: 111.085: [GC (Allocation Failure) [PSYoungGen: 12810868K->1470126K(13264384K)] 19611560K->9531038K(22477824K), 0.1860422 secs] [Times: user=2.34 sys=5.23, real=0.19 secs] 
2021-02-22T00:01:54.561+0100: 111.272: [Full GC (Ergonomics) [PSYoungGen: 1470126K->0K(13264384K)] [ParOldGen: 8060912K->5701188K(10190848K)] 9531038K->5701188K(23455232K), [Metaspace: 50850K->50850K(53248K)], 0.4186168 secs] [Times: user=9.67 sys=0.85, real=0.42 secs] 
2021-02-22T00:02:06.046+0100: 122.756: [GC (Allocation Failure) [PSYoungGen: 11372544K->1674753K(15651328K)] 17073732K->7375949K(25842176K), 0.2072828 secs] [Times: user=0.66 sys=4.75, real=0.21 secs] 
2021-02-22T00:02:20.050+0100: 136.760: [GC (Allocation Failure) [PSYoungGen: 15298561K->1968949K(15831040K)] 20999757K->9131757K(26021888K), 0.1694884 secs] [Times: user=2.86 sys=2.64, real=0.17 secs] 
2021-02-22T00:02:33.462+0100: 150.173: [GC (Allocation Failure) [PSYoungGen: 15592757K->2123904K(17964032K)] 22755565K->11023859K(28154880K), 0.2927418 secs] [Times: user=2.46 sys=9.49, real=0.29 secs] 
2021-02-22T00:02:33.755+0100: 150.465: [Full GC (Ergonomics) [PSYoungGen: 2123904K->0K(17964032K)] [ParOldGen: 8899954K->6220921K(11646464K)] 11023859K->6220921K(29610496K), [Metaspace: 51086K->51086K(53248K)], 0.5184181 secs] [Times: user=11.27 sys=1.31, real=0.52 secs] 
2021-02-22T00:02:49.849+0100: 166.559: [GC (Allocation Failure) [PSYoungGen: 15507968K->2081463K(18218496K)] 21728889K->8302392K(29864960K), 0.1238823 secs] [Times: user=3.02 sys=0.54, real=0.13 secs] 
2021-02-22T00:03:06.882+0100: 183.592: [GC (Allocation Failure) [PSYoungGen: 17589431K->2744465K(20396544K)] 23810360K->10807997K(32043008K), 0.3370870 secs] [Times: user=2.49 sys=11.33, real=0.34 secs] 
2021-02-22T00:03:24.482+0100: 201.193: [GC (Allocation Failure) [PSYoungGen: 20246161K->2673788K(20783104K)] 28309693K->13151620K(32429568K), 0.3052617 secs] [Times: user=3.06 sys=8.25, real=0.30 secs] 
2021-02-22T00:03:24.787+0100: 201.498: [Full GC (Ergonomics) [PSYoungGen: 2673788K->0K(20783104K)] [ParOldGen: 10477832K->6555846K(13079040K)] 13151620K->6555846K(33862144K), [Metaspace: 51203K->51203K(53248K)], 0.5334488 secs] [Times: user=12.05 sys=1.21, real=0.54 secs] 
2021-02-22T00:03:43.072+0100: 219.783: [GC (Allocation Failure) [PSYoungGen: 17501696K->2942020K(23547392K)] 24057542K->9497875K(36626432K), 0.3162387 secs] [Times: user=1.61 sys=10.34, real=0.31 secs] 
2021-02-22T00:04:03.034+0100: 239.745: [GC (Allocation Failure) [PSYoungGen: 22926404K->2461036K(23865856K)] 29482259K->11623713K(36944896K), 0.1864176 secs] [Times: user=5.80 sys=1.55, real=0.19 secs] 
2021-02-22T00:04:28.288+0100: 264.998: [GC (Allocation Failure) [PSYoungGen: 22445420K->2926921K(26864128K)] 31608097K->14260937K(39943168K), 0.4131889 secs] [Times: user=3.29 sys=12.78, real=0.42 secs] 
2021-02-22T00:04:28.701+0100: 265.412: [Full GC (Ergonomics) [PSYoungGen: 2926921K->0K(26864128K)] [ParOldGen: 11334015K->5287478K(12857856K)] 14260937K->5287478K(39721984K), [Metaspace: 51228K->51228K(53248K)], 0.7263007 secs] [Times: user=12.29 sys=1.76, real=0.72 secs] 
2021-02-22T00:04:52.680+0100: 289.390: [GC (Allocation Failure) [PSYoungGen: 22912512K->3424907K(27079168K)] 28199990K->8712386K(39937024K), 0.1461351 secs] [Times: user=4.10 sys=0.68, real=0.14 secs] 
2021-02-22T00:05:21.737+0100: 318.448: [GC (Allocation Failure) [PSYoungGen: 26337419K->3202040K(30096384K)] 31624898K->11136711K(42954240K), 0.3949051 secs] [Times: user=3.44 sys=12.72, real=0.40 secs] 
2021-02-22T00:05:57.400+0100: 354.110: [GC (Allocation Failure) [PSYoungGen: 28786168K->3162393K(30282752K)] 36720839K->12577256K(43140608K), 0.1842740 secs] [Times: user=5.92 sys=1.34, real=0.18 secs] 
2021-02-22T00:05:57.584+0100: 354.295: [Full GC (Ergonomics) [PSYoungGen: 3162393K->0K(30282752K)] [ParOldGen: 9414863K->4006332K(12187136K)] 12577256K->4006332K(42469888K), [Metaspace: 51241K->51241K(55296K)], 0.3843126 secs] [Times: user=7.81 sys=1.00, real=0.38 secs] 
2021-02-22T00:06:25.954+0100: 382.664: [GC (Allocation Failure) [PSYoungGen: 25584128K->4477357K(32786432K)] 29590460K->8483689K(44973568K), 0.5057379 secs] [Times: user=2.46 sys=18.39, real=0.51 secs] 
2021-02-22T00:06:50.272+0100: 406.982: [GC (Allocation Failure) [PSYoungGen: 32443309K->3826362K(33354752K)] 36449641K->11205419K(45541888K), 0.2584914 secs] [Times: user=9.03 sys=0.90, real=0.26 secs] 
2021-02-22T00:07:26.410+0100: 443.121: [GC (Allocation Failure) [PSYoungGen: 31792314K->3960815K(37071360K)] 39171371K->13071509K(49258496K), 0.4707924 secs] [Times: user=3.33 sys=16.30, real=0.47 secs] 
2021-02-22T00:07:26.881+0100: 443.592: [Full GC (Ergonomics) [PSYoungGen: 3960815K->0K(37071360K)] [ParOldGen: 9110693K->5203371K(14231552K)] 13071509K->5203371K(51302912K), [Metaspace: 51247K->51247K(55296K)], 0.4589309 secs] [Times: user=8.78 sys=2.10, real=0.46 secs] 
2021-02-22T00:07:57.117+0100: 473.828: [GC (Allocation Failure) [PSYoungGen: 31472128K->5324735K(37274112K)] 36675499K->10528106K(51505664K), 0.1860828 secs] [Times: user=6.56 sys=0.08, real=0.19 secs] 
2021-02-22T00:08:33.219+0100: 509.930: [GC (Allocation Failure) [PSYoungGen: 36796863K->4557557K(41900032K)] 42000234K->12832803K(56131584K), 0.5790442 secs] [Times: user=4.44 sys=19.78, real=0.58 secs] 
2021-02-22T00:09:15.002+0100: 551.713: [GC (Allocation Failure) [PSYoungGen: 40005365K->5341490K(42131456K)] 48280611K->14727755K(56363008K), 0.2258526 secs] [Times: user=8.94 sys=0.00, real=0.22 secs] 
2021-02-22T00:09:51.507+0100: 588.217: [GC (Allocation Failure) [PSYoungGen: 40789298K->5497879K(46278656K)] 50175563K->15981705K(60510208K), 0.6630059 secs] [Times: user=3.56 sys=24.27, real=0.67 secs] 
2021-02-22T00:09:52.170+0100: 588.880: [Full GC (Ergonomics) [PSYoungGen: 5497879K->0K(46278656K)] [ParOldGen: 10483825K->6064648K(15374336K)] 15981705K->6064648K(61652992K), [Metaspace: 51278K->51278K(55296K)], 0.5774558 secs] [Times: user=11.13 sys=3.55, real=0.57 secs] 
2021-02-22T00:10:40.979+0100: 637.690: [GC (Allocation Failure) [PSYoungGen: 39138816K->3981447K(46688256K)] 45203464K->10046096K(62062592K), 0.2642122 secs] [Times: user=4.46 sys=3.23, real=0.26 secs] 
2021-02-22T00:11:28.598+0100: 685.309: [GC (Allocation Failure) [PSYoungGen: 43120263K->4328109K(51053568K)] 49184912K->11583421K(66427904K), 0.4729721 secs] [Times: user=4.83 sys=14.51, real=0.47 secs] 
2021-02-22T00:12:22.224+0100: 738.935: [GC (Allocation Failure) [PSYoungGen: 48326829K->5363896K(51191296K)] 55582141K->12999625K(66565632K), 0.1932688 secs] [Times: user=6.95 sys=0.04, real=0.19 secs] 
2021-02-22T00:13:01.111+0100: 777.822: [GC (Allocation Failure) [PSYoungGen: 49362616K->7460325K(50889728K)] 56998345K->15999385K(66264064K), 0.7153521 secs] [Times: user=5.80 sys=24.34, real=0.71 secs] 
2021-02-22T00:13:37.088+0100: 813.798: [GC (Allocation Failure) [PSYoungGen: 50889701K->7772590K(51202048K)] 59428761K->17861163K(66576384K), 0.2817249 secs] [Times: user=11.37 sys=0.01, real=0.29 secs] 
2021-02-22T00:14:20.910+0100: 857.620: [GC (Allocation Failure) [PSYoungGen: 51201966K->6625341K(50893312K)] 61290539K->17427223K(66267648K), 0.2576946 secs] [Times: user=9.84 sys=0.13, real=0.25 secs] 
2021-02-22T00:15:08.004+0100: 904.715: [GC (Allocation Failure) [PSYoungGen: 47917629K->5416565K(46709248K)] 58719511K->16616283K(62083584K), 0.2207048 secs] [Times: user=8.29 sys=0.07, real=0.22 secs] 
2021-02-22T00:15:45.056+0100: 941.767: [GC (Allocation Failure) [PSYoungGen: 46708853K->7292732K(50581504K)] 57908571K->19685885K(65955840K), 0.2911938 secs] [Times: user=8.52 sys=3.46, real=0.29 secs] 
2021-02-22T00:16:26.874+0100: 983.585: [GC (Allocation Failure) [PSYoungGen: 48330044K->6210085K(50999296K)] 60723197K->19175721K(66373632K), 0.2177483 secs] [Times: user=7.47 sys=1.26, real=0.22 secs] 
2021-02-22T00:16:27.092+0100: 983.803: [Full GC (Ergonomics) [PSYoungGen: 6210085K->0K(50999296K)] [ParOldGen: 12965635K->6259753K(14955520K)] 19175721K->6259753K(65954816K), [Metaspace: 51291K->51291K(55296K)], 0.6312787 secs] [Times: user=11.37 sys=3.56, real=0.63 secs] 
2021-02-22T00:17:24.852+0100: 1041.562: [GC (Allocation Failure) [PSYoungGen: 41037312K->4141162K(50365952K)] 47297065K->10400915K(65321472K), 0.1634578 secs] [Times: user=5.78 sys=0.10, real=0.16 secs] 
2021-02-22T00:18:00.477+0100: 1077.188: [GC (Allocation Failure) [PSYoungGen: 45267050K->7170755K(50726912K)] 51526803K->14879585K(65682432K), 0.2631105 secs] [Times: user=10.62 sys=0.01, real=0.27 secs] 
2021-02-22T00:18:50.634+0100: 1127.344: [GC (Allocation Failure) [PSYoungGen: 48296643K->5527620K(50887168K)] 56005473K->13490205K(65842688K), 0.1983556 secs] [Times: user=7.98 sys=0.00, real=0.20 secs] 
2021-02-22T00:19:33.835+0100: 1170.546: [GC (Allocation Failure) [PSYoungGen: 46982724K->7189961K(50971648K)] 54945309K->15152547K(65927168K), 0.2278780 secs] [Times: user=7.66 sys=0.01, real=0.23 secs] 
2021-02-22T00:20:17.751+0100: 1214.461: [GC (Allocation Failure) [PSYoungGen: 48645065K->6504976K(51253248K)] 56607651K->14467561K(66208768K), 0.2222012 secs] [Times: user=8.92 sys=0.00, real=0.22 secs] 
2021-02-22T00:20:59.601+0100: 1256.312: [GC (Allocation Failure) [PSYoungGen: 47981584K->6845892K(51184640K)] 55944169K->14808485K(66140160K), 0.2250666 secs] [Times: user=8.56 sys=0.05, real=0.22 secs] 
2021-02-22T00:21:36.704+0100: 1293.415: [GC (Allocation Failure) [PSYoungGen: 48322500K->8169557K(50230784K)] 56285093K->16132150K(65186304K), 0.2655327 secs] [Times: user=10.61 sys=0.01, real=0.27 secs] 
2021-02-22T00:22:17.972+0100: 1334.682: [GC (Allocation Failure) [PSYoungGen: 48653909K->7519759K(48004608K)] 56616502K->15527357K(62960128K), 0.2353626 secs] [Times: user=9.46 sys=0.00, real=0.23 secs] 
2021-02-22T00:23:10.002+0100: 1386.713: [GC (Allocation Failure) [PSYoungGen: 48004111K->4561785K(50736128K)] 56011709K->12570251K(65691648K), 0.1642115 secs] [Times: user=6.41 sys=0.02, real=0.16 secs] 
2021-02-22T00:23:57.514+0100: 1434.225: [GC (Allocation Failure) [PSYoungGen: 44921721K->5511928K(45872128K)] 52930187K->13520394K(60827648K), 0.1866192 secs] [Times: user=7.04 sys=0.09, real=0.19 secs] 
2021-02-22T00:24:36.933+0100: 1473.644: [GC (Allocation Failure) [PSYoungGen: 45871864K->7951254K(49896448K)] 53880330K->15959720K(64851968K), 0.2535476 secs] [Times: user=10.20 sys=0.10, real=0.25 secs] 
2021-02-22T00:25:06.083+0100: 1502.794: [GC (Allocation Failure) [PSYoungGen: 47963542K->10231783K(50244096K)] 55972008K->19159001K(65199616K), 0.3443643 secs] [Times: user=14.00 sys=0.24, real=0.34 secs] 
2021-02-22T00:25:32.434+0100: 1529.145: [GC (Allocation Failure) [PSYoungGen: 50244071K->10717177K(45622784K)] 59171289K->20590897K(60578304K), 0.4408233 secs] [Times: user=14.23 sys=4.06, real=0.44 secs] 
2021-02-22T00:26:05.178+0100: 1561.889: [GC (Allocation Failure) [PSYoungGen: 45622777K->8777361K(43683328K)] 55496497K->18871518K(58638848K), 0.2856696 secs] [Times: user=11.73 sys=0.27, real=0.28 secs] 
2021-02-22T00:26:42.165+0100: 1598.876: [GC (Allocation Failure) [PSYoungGen: 43682961K->6638440K(48377344K)] 53777118K->16922246K(63332864K), 0.2194512 secs] [Times: user=8.85 sys=0.01, real=0.22 secs] 
2021-02-22T00:27:16.511+0100: 1633.222: [GC (Allocation Failure) [PSYoungGen: 41973608K->7414336K(42749952K)] 52257414K->17698821K(57705472K), 0.2731841 secs] [Times: user=9.04 sys=0.05, real=0.27 secs] 
2021-02-22T00:27:58.056+0100: 1674.766: [GC (Allocation Failure) [PSYoungGen: 42749504K->5826344K(47688192K)] 53033989K->16111537K(62643712K), 0.1863182 secs] [Times: user=7.41 sys=0.01, real=0.19 secs] 
2021-02-22T00:28:43.799+0100: 1720.510: [GC (Allocation Failure) [PSYoungGen: 41402152K->4878039K(47447552K)] 51687345K->15363701K(62403072K), 0.1693715 secs] [Times: user=6.73 sys=0.00, real=0.16 secs] 
2021-02-22T00:29:20.957+0100: 1757.668: [GC (Allocation Failure) [PSYoungGen: 40453847K->6463041K(48595456K)] 50939509K->16999192K(63550976K), 0.2025649 secs] [Times: user=8.16 sys=0.01, real=0.21 secs] 
2021-02-22T00:29:54.472+0100: 1791.182: [GC (Allocation Failure) [PSYoungGen: 43775553K->8355349K(48674816K)] 54311704K->18951756K(63630336K), 0.2487354 secs] [Times: user=10.06 sys=0.01, real=0.25 secs] 
Heap
 PSYoungGen      total 48674816K, used 25623240K [0x00007fa2a4380000, 0x00007fb12d000000, 0x00007fb12d000000)
  eden space 37312512K, 46% used [0x00007fa2a4380000,0x00007fa6c22acd40,0x00007fab89980000)
  from space 11362304K, 73% used [0x00007fab89980000,0x00007fad879055e8,0x00007fae3f180000)
  to   space 11467776K, 0% used [0x00007fae71100000,0x00007fae71100000,0x00007fb12d000000)
 ParOldGen       total 14955520K, used 10596406K [0x00007f8592a00000, 0x00007f8923700000, 0x00007fa2a4380000)
  object space 14955520K, 70% used [0x00007f8592a00000,0x00007f881960dbf8,0x00007f8923700000)
 Metaspace       used 51597K, capacity 52347K, committed 53760K, reserved 55296K
