Java HotSpot(TM) 64-Bit Server VM (25.131-b11) for linux-amd64 JRE (1.8.0_131-b11), built on Mar 15 2017 01:23:40 by "java_re" with gcc 4.3.0 20080428 (Red Hat 4.3.0-8)
Memory: 4k page, physical 196649800k(194379264k free), swap 3905532k(3905532k free)
CommandLine flags: -XX:InitialHeapSize=2147483648 -XX:MaxHeapSize=187272527872 -XX:+PrintGC -XX:+PrintGCDateStamps -XX:+PrintGCDetails -XX:+PrintGCTimeStamps -XX:+UseParallelGC 
2021-02-22T00:00:04.543+0100: 1.254: [GC (Metadata GC Threshold) [PSYoungGen: 404765K->37440K(611840K)] 404765K->37528K(2010112K), 0.0242711 secs] [Times: user=0.40 sys=0.02, real=0.03 secs] 
2021-02-22T00:00:04.567+0100: 1.278: [Full GC (Metadata GC Threshold) [PSYoungGen: 37440K->0K(611840K)] [ParOldGen: 88K->36136K(926720K)] 37528K->36136K(1538560K), [Metaspace: 20779K->20779K(22528K)], 0.0559436 secs] [Times: user=1.34 sys=0.06, real=0.05 secs] 
2021-02-22T00:00:06.540+0100: 3.251: [GC (Metadata GC Threshold) [PSYoungGen: 466005K->87034K(749568K)] 502142K->134871K(1676288K), 0.0233986 secs] [Times: user=0.57 sys=0.08, real=0.02 secs] 
2021-02-22T00:00:06.563+0100: 3.274: [Full GC (Metadata GC Threshold) [PSYoungGen: 87034K->0K(749568K)] [ParOldGen: 47836K->122282K(1630208K)] 134871K->122282K(2379776K), [Metaspace: 34874K->34781K(36864K)], 0.0421963 secs] [Times: user=0.64 sys=0.15, real=0.05 secs] 
2021-02-22T00:00:09.190+0100: 5.901: [GC (Allocation Failure) [PSYoungGen: 662528K->87019K(992256K)] 784810K->260155K(2622464K), 0.0686586 secs] [Times: user=1.84 sys=0.24, real=0.07 secs] 
2021-02-22T00:00:09.750+0100: 6.461: [GC (Allocation Failure) [PSYoungGen: 992235K->480K(1050112K)] 1165371K->271162K(2680320K), 0.0446784 secs] [Times: user=1.16 sys=0.16, real=0.04 secs] 
2021-02-22T00:00:12.206+0100: 8.917: [GC (Allocation Failure) [PSYoungGen: 1050080K->61596K(1136640K)] 1320762K->332286K(2766848K), 0.0090285 secs] [Times: user=0.18 sys=0.01, real=0.00 secs] 
2021-02-22T00:00:14.440+0100: 11.151: [GC (Allocation Failure) [PSYoungGen: 1111196K->151026K(1625088K)] 1381886K->472442K(3255296K), 0.0242846 secs] [Times: user=0.41 sys=0.23, real=0.02 secs] 
2021-02-22T00:00:17.904+0100: 14.615: [GC (Allocation Failure) [PSYoungGen: 1625074K->205817K(1679872K)] 1946490K->749881K(3310080K), 0.0443621 secs] [Times: user=0.19 sys=1.47, real=0.05 secs] 
2021-02-22T00:00:20.408+0100: 17.119: [GC (Allocation Failure) [PSYoungGen: 1679865K->353765K(2285056K)] 2223929K->1014099K(3915264K), 0.0623267 secs] [Times: user=0.38 sys=1.69, real=0.06 secs] 
2021-02-22T00:00:22.600+0100: 19.311: [GC (Allocation Failure) [PSYoungGen: 2285029K->468963K(2400256K)] 2945363K->1375649K(4030464K), 0.0770917 secs] [Times: user=0.26 sys=2.82, real=0.07 secs] 
2021-02-22T00:00:24.815+0100: 21.526: [GC (Allocation Failure) [PSYoungGen: 2400227K->650740K(2894848K)] 3306913K->1787991K(4525056K), 0.0905904 secs] [Times: user=0.36 sys=3.38, real=0.10 secs] 
2021-02-22T00:00:28.891+0100: 25.602: [GC (Allocation Failure) [PSYoungGen: 2894836K->845297K(3089408K)] 4032087K->2289932K(4719616K), 0.0840119 secs] [Times: user=0.71 sys=2.04, real=0.08 secs] 
2021-02-22T00:00:28.975+0100: 25.686: [Full GC (Ergonomics) [PSYoungGen: 845297K->550203K(3089408K)] [ParOldGen: 1444634K->1617262K(3884032K)] 2289932K->2167466K(6973440K), [Metaspace: 42432K->42008K(45056K)], 0.1884354 secs] [Times: user=3.52 sys=1.83, real=0.19 secs] 
2021-02-22T00:00:32.510+0100: 29.221: [GC (Allocation Failure) [PSYoungGen: 2794299K->711808K(3916288K)] 4411562K->2565875K(7800320K), 0.1003429 secs] [Times: user=0.40 sys=3.53, real=0.10 secs] 
2021-02-22T00:00:36.202+0100: 32.912: [GC (Allocation Failure) [PSYoungGen: 3524736K->552852K(3962880K)] 5378803K->3019430K(7846912K), 0.0913906 secs] [Times: user=0.71 sys=2.88, real=0.09 secs] 
2021-02-22T00:00:39.269+0100: 35.980: [GC (Allocation Failure) [PSYoungGen: 3365780K->342441K(4708352K)] 5832358K->3290606K(8592384K), 0.0761138 secs] [Times: user=0.86 sys=1.62, real=0.07 secs] 
2021-02-22T00:00:44.087+0100: 40.798: [GC (Allocation Failure) [PSYoungGen: 4035497K->661493K(4765696K)] 6983662K->3904196K(8649728K), 0.0621735 secs] [Times: user=0.71 sys=1.57, real=0.06 secs] 
2021-02-22T00:00:48.070+0100: 44.780: [GC (Allocation Failure) [PSYoungGen: 4354549K->699307K(5839872K)] 7597252K->4525543K(9723904K), 0.1134875 secs] [Times: user=0.75 sys=3.99, real=0.11 secs] 
2021-02-22T00:00:48.183+0100: 44.894: [Full GC (Ergonomics) [PSYoungGen: 699307K->554024K(5839872K)] [ParOldGen: 3826235K->3883934K(7088640K)] 4525543K->4437959K(12928512K), [Metaspace: 50776K->50180K(53248K)], 0.6459880 secs] [Times: user=20.38 sys=2.75, real=0.65 secs] 
2021-02-22T00:00:55.298+0100: 52.009: [GC (Allocation Failure) [PSYoungGen: 5299752K->925470K(5867008K)] 9183687K->5362949K(12955648K), 0.1100285 secs] [Times: user=1.00 sys=3.32, real=0.11 secs] 
2021-02-22T00:01:01.588+0100: 58.299: [GC (Allocation Failure) [PSYoungGen: 5671198K->1222638K(6489600K)] 10108677K->6077935K(13578240K), 0.1890978 secs] [Times: user=1.07 sys=6.15, real=0.19 secs] 
2021-02-22T00:01:08.041+0100: 64.752: [GC (Allocation Failure) [PSYoungGen: 6489582K->834329K(6833664K)] 11344879K->6764502K(13922304K), 0.1769885 secs] [Times: user=1.29 sys=6.18, real=0.18 secs] 
2021-02-22T00:01:14.724+0100: 71.435: [GC (Allocation Failure) [PSYoungGen: 6101273K->889037K(7757312K)] 12031446K->7536579K(14845952K), 0.1160619 secs] [Times: user=1.06 sys=3.15, real=0.12 secs] 
2021-02-22T00:01:14.840+0100: 71.551: [Full GC (Ergonomics) [PSYoungGen: 889037K->0K(7757312K)] [ParOldGen: 6647542K->5365689K(9447936K)] 7536579K->5365689K(17205248K), [Metaspace: 50544K->50544K(53248K)], 0.3625429 secs] [Times: user=8.39 sys=3.04, real=0.36 secs] 
2021-02-22T00:01:21.806+0100: 78.517: [GC (Allocation Failure) [PSYoungGen: 6253568K->1003930K(7798784K)] 11619257K->6369620K(17246720K), 0.0746786 secs] [Times: user=1.42 sys=1.47, real=0.07 secs] 
2021-02-22T00:01:28.723+0100: 85.433: [GC (Allocation Failure) [PSYoungGen: 7257498K->1579504K(8589824K)] 12623188K->7398257K(18037760K), 0.1942931 secs] [Times: user=1.70 sys=6.42, real=0.20 secs] 
2021-02-22T00:01:38.237+0100: 94.948: [GC (Allocation Failure) [PSYoungGen: 8589808K->1948471K(8992256K)] 14408561K->8408660K(18440192K), 0.1159253 secs] [Times: user=3.44 sys=1.03, real=0.12 secs] 
2021-02-22T00:01:46.804+0100: 103.515: [GC (Allocation Failure) [PSYoungGen: 8958775K->2277359K(9929216K)] 15418964K->9507284K(19377152K), 0.3366055 secs] [Times: user=1.78 sys=11.76, real=0.34 secs] 
2021-02-22T00:01:55.618+0100: 112.329: [GC (Allocation Failure) [PSYoungGen: 9929199K->2262779K(10571264K)] 17159124K->10691576K(20019200K), 0.2092723 secs] [Times: user=2.72 sys=6.00, real=0.21 secs] 
2021-02-22T00:01:55.828+0100: 112.539: [Full GC (Ergonomics) [PSYoungGen: 2262779K->0K(10571264K)] [ParOldGen: 8428796K->5987502K(10867712K)] 10691576K->5987502K(21438976K), [Metaspace: 50862K->50862K(53248K)], 0.4597487 secs] [Times: user=10.74 sys=1.40, real=0.46 secs] 
2021-02-22T00:02:04.759+0100: 121.470: [GC (Allocation Failure) [PSYoungGen: 7651840K->1238177K(11573248K)] 13639342K->7225687K(22440960K), 0.0784721 secs] [Times: user=1.45 sys=1.64, real=0.08 secs] 
2021-02-22T00:02:14.867+0100: 131.578: [GC (Allocation Failure) [PSYoungGen: 10045089K->2753237K(11776000K)] 16032599K->8740756K(22643712K), 0.0951721 secs] [Times: user=3.76 sys=0.00, real=0.09 secs] 
2021-02-22T00:02:25.733+0100: 142.444: [GC (Allocation Failure) [PSYoungGen: 11560149K->3348460K(12525568K)] 17547668K->10258618K(23393280K), 0.4288913 secs] [Times: user=2.84 sys=15.26, real=0.43 secs] 
2021-02-22T00:02:36.407+0100: 153.118: [GC (Allocation Failure) [PSYoungGen: 12525548K->2737974K(13388288K)] 19435706K->11584011K(24256000K), 0.1780618 secs] [Times: user=4.92 sys=2.42, real=0.18 secs] 
2021-02-22T00:02:47.753+0100: 164.464: [GC (Allocation Failure) [PSYoungGen: 11915062K->3007268K(14750208K)] 20761099K->12885038K(25617920K), 0.2292131 secs] [Times: user=2.87 sys=6.73, real=0.23 secs] 
2021-02-22T00:02:47.982+0100: 164.693: [Full GC (Ergonomics) [PSYoungGen: 3007268K->0K(14750208K)] [ParOldGen: 9877770K->6023658K(11961856K)] 12885038K->6023658K(26712064K), [Metaspace: 51106K->51106K(53248K)], 0.4478968 secs] [Times: user=9.92 sys=2.40, real=0.45 secs] 
2021-02-22T00:03:00.553+0100: 177.263: [GC (Allocation Failure) [PSYoungGen: 10406912K->1757490K(14940672K)] 16430570K->7781149K(26902528K), 0.0706350 secs] [Times: user=2.49 sys=0.00, real=0.07 secs] 
2021-02-22T00:03:12.485+0100: 189.196: [GC (GCLocker Initiated GC) [PSYoungGen: 12164402K->3720912K(15838720K)] 18188956K->9745474K(27800576K), 0.2756780 secs] [Times: user=2.75 sys=8.83, real=0.28 secs] 
2021-02-22T00:03:26.813+0100: 203.524: [GC (Allocation Failure) [PSYoungGen: 15257808K->3881069K(16269824K)] 21282383K->11454004K(28231680K), 0.1704133 secs] [Times: user=6.25 sys=0.68, real=0.17 secs] 
2021-02-22T00:03:39.286+0100: 215.997: [GC (Allocation Failure) [PSYoungGen: 15417965K->3871012K(17793024K)] 22990900K->13181447K(29754880K), 0.3295662 secs] [Times: user=4.72 sys=9.07, real=0.32 secs] 
2021-02-22T00:03:55.163+0100: 231.874: [GC (Allocation Failure) [PSYoungGen: 16532772K->2252556K(18099200K)] 25843207K->14993377K(30842880K), 0.5195252 secs] [Times: user=4.15 sys=12.97, real=0.52 secs] 
2021-02-22T00:03:55.683+0100: 232.394: [Full GC (Ergonomics) [PSYoungGen: 2252556K->0K(18099200K)] [ParOldGen: 12740821K->6119110K(13811200K)] 14993377K->6119110K(31910400K), [Metaspace: 51205K->51205K(53248K)], 0.6248521 secs] [Times: user=11.63 sys=4.39, real=0.63 secs] 
2021-02-22T00:04:10.739+0100: 247.450: [GC (Allocation Failure) [PSYoungGen: 12661760K->1845966K(19108352K)] 18780870K->7965076K(32919552K), 0.0667499 secs] [Times: user=2.52 sys=0.02, real=0.07 secs] 
2021-02-22T00:04:33.316+0100: 270.027: [GC (Allocation Failure) [PSYoungGen: 16224974K->2444618K(19366912K)] 22344084K->10194677K(33178112K), 0.1291955 secs] [Times: user=5.10 sys=0.01, real=0.14 secs] 
2021-02-22T00:04:52.583+0100: 289.294: [GC (Allocation Failure) [PSYoungGen: 16823626K->2082908K(20390912K)] 24573685K->11992838K(34202112K), 0.1981732 secs] [Times: user=3.28 sys=4.85, real=0.20 secs] 
2021-02-22T00:05:12.510+0100: 309.221: [GC (Allocation Failure) [PSYoungGen: 18171484K->4566007K(20654592K)] 28081414K->14818415K(34465792K), 0.1616429 secs] [Times: user=6.20 sys=0.01, real=0.16 secs] 
2021-02-22T00:05:32.992+0100: 329.703: [GC (Allocation Failure) [PSYoungGen: 20654583K->3026728K(23220736K)] 30906991K->16659628K(37031936K), 0.4125298 secs] [Times: user=4.06 sys=13.55, real=0.42 secs] 
2021-02-22T00:05:33.405+0100: 330.116: [Full GC (Ergonomics) [PSYoungGen: 3026728K->0K(23220736K)] [ParOldGen: 13632900K->6287756K(15287808K)] 16659628K->6287756K(38508544K), [Metaspace: 51236K->51236K(53248K)], 0.5578861 secs] [Times: user=12.01 sys=2.25, real=0.55 secs] 
2021-02-22T00:05:54.886+0100: 351.597: [GC (Allocation Failure) [PSYoungGen: 18000896K->3071352K(23185920K)] 24288652K->9359109K(38473728K), 0.1011674 secs] [Times: user=3.82 sys=0.00, real=0.10 secs] 
2021-02-22T00:06:30.022+0100: 386.733: [GC (Allocation Failure) [PSYoungGen: 21072248K->2745518K(24354816K)] 27360005K->11002378K(39642624K), 0.2512564 secs] [Times: user=3.55 sys=6.10, real=0.25 secs] 
2021-02-22T00:07:14.029+0100: 430.740: [GC (Allocation Failure) [PSYoungGen: 22545582K->2859908K(24674304K)] 30802442K->11116768K(39962112K), 0.1126343 secs] [Times: user=4.22 sys=0.01, real=0.11 secs] 
2021-02-22T00:07:44.511+0100: 461.222: [GC (Allocation Failure) [PSYoungGen: 22659972K->4440939K(25832960K)] 30916832K->12697799K(41120768K), 0.3871893 secs] [Times: user=4.20 sys=11.85, real=0.39 secs] 
2021-02-22T00:08:12.527+0100: 489.238: [GC (Allocation Failure) [PSYoungGen: 25554283K->5160432K(26273792K)] 33811143K->14036566K(41561600K), 0.2034146 secs] [Times: user=7.58 sys=0.59, real=0.20 secs] 
2021-02-22T00:08:35.830+0100: 512.541: [GC (Allocation Failure) [PSYoungGen: 26273776K->6006244K(27563520K)] 35149910K->16804436K(42851328K), 0.6592907 secs] [Times: user=7.03 sys=20.71, real=0.66 secs] 
2021-02-22T00:08:52.319+0100: 529.030: [GC (Allocation Failure) [PSYoungGen: 27563492K->7483362K(29040640K)] 38361684K->18972925K(44328448K), 0.2531711 secs] [Times: user=10.27 sys=0.01, real=0.25 secs] 
2021-02-22T00:09:05.876+0100: 542.587: [GC (Allocation Failure) [PSYoungGen: 29040610K->4875763K(33006080K)] 40530173K->21746953K(49885696K), 0.7096283 secs] [Times: user=7.44 sys=14.95, real=0.72 secs] 
2021-02-22T00:09:06.586+0100: 543.297: [Full GC (Ergonomics) [PSYoungGen: 4875763K->0K(33006080K)] [ParOldGen: 16871189K->10365504K(20652032K)] 21746953K->10365504K(53658112K), [Metaspace: 51264K->51264K(53248K)], 0.7022824 secs] [Times: user=14.29 sys=5.08, real=0.70 secs] 
2021-02-22T00:09:25.094+0100: 561.805: [GC (Allocation Failure) [PSYoungGen: 24229888K->3459844K(32826368K)] 34595392K->13825349K(53478400K), 0.1357123 secs] [Times: user=4.16 sys=0.02, real=0.14 secs] 
2021-02-22T00:09:54.398+0100: 591.109: [GC (Allocation Failure) [PSYoungGen: 27689732K->4032467K(34786816K)] 38055237K->16736380K(55438848K), 0.3702951 secs] [Times: user=5.80 sys=9.19, real=0.37 secs] 
2021-02-22T00:10:28.876+0100: 625.587: [GC (Allocation Failure) [PSYoungGen: 31460819K->4867240K(35298816K)] 44164732K->19778874K(55950848K), 0.2405262 secs] [Times: user=9.79 sys=0.07, real=0.24 secs] 
2021-02-22T00:10:58.382+0100: 655.093: [GC (Allocation Failure) [PSYoungGen: 32295592K->5083349K(38625280K)] 47207226K->22382477K(59277312K), 0.5062101 secs] [Times: user=4.28 sys=15.77, real=0.51 secs] 
2021-02-22T00:10:58.888+0100: 655.599: [Full GC (Ergonomics) [PSYoungGen: 5083349K->0K(38625280K)] [ParOldGen: 17299128K->6991986K(17654784K)] 22382477K->6991986K(56280064K), [Metaspace: 51287K->51287K(53248K)], 0.7395761 secs] [Times: user=12.61 sys=3.62, real=0.74 secs] 
2021-02-22T00:11:39.270+0100: 695.981: [GC (Allocation Failure) [PSYoungGen: 30846976K->5083920K(38601728K)] 37838962K->12075907K(56256512K), 0.1721150 secs] [Times: user=6.56 sys=0.00, real=0.17 secs] 
2021-02-22T00:12:16.723+0100: 733.434: [GC (Allocation Failure) [PSYoungGen: 35930896K->4609503K(41754112K)] 42922883K->14090419K(59408896K), 0.4571293 secs] [Times: user=5.49 sys=13.54, real=0.46 secs] 
2021-02-22T00:12:56.960+0100: 773.671: [GC (Allocation Failure) [PSYoungGen: 39147487K->6202830K(42008064K)] 48628403K->16579277K(59662848K), 0.2541468 secs] [Times: user=9.76 sys=0.19, real=0.25 secs] 
2021-02-22T00:13:42.357+0100: 819.067: [GC (Allocation Failure) [PSYoungGen: 40740814K->5694352K(46174720K)] 51117261K->16676595K(63829504K), 0.6721778 secs] [Times: user=3.82 sys=24.27, real=0.68 secs] 
2021-02-22T00:14:21.826+0100: 858.537: [GC (Allocation Failure) [PSYoungGen: 44031376K->6796488K(46267392K)] 55013619K->18598712K(63922176K), 0.2510492 secs] [Times: user=9.89 sys=0.00, real=0.25 secs] 
2021-02-22T00:14:57.105+0100: 893.816: [GC (Allocation Failure) [PSYoungGen: 45133512K->7673749K(50081280K)] 56935736K->21172419K(67736064K), 0.7962318 secs] [Times: user=5.63 sys=27.85, real=0.80 secs] 
2021-02-22T00:15:49.317+0100: 946.028: [GC (Allocation Failure) [PSYoungGen: 49363349K->5228139K(50763264K)] 62862019K->19133957K(68418048K), 0.2217248 secs] [Times: user=8.60 sys=0.15, real=0.22 secs] 
2021-02-22T00:15:49.539+0100: 946.250: [Full GC (Ergonomics) [PSYoungGen: 5228139K->0K(50763264K)] [ParOldGen: 13905817K->5276089K(15670784K)] 19133957K->5276089K(66434048K), [Metaspace: 51292K->51292K(53248K)], 1.1368985 secs] [Times: user=21.34 sys=2.30, real=1.13 secs] 
2021-02-22T00:16:46.148+0100: 1002.859: [GC (Allocation Failure) [PSYoungGen: 41689600K->5979423K(51464704K)] 46965689K->11255512K(67135488K), 0.2075151 secs] [Times: user=7.16 sys=0.00, real=0.20 secs] 
2021-02-22T00:17:43.485+0100: 1060.196: [GC (Allocation Failure) [PSYoungGen: 49159967K->6383258K(51833856K)] 54436056K->12679439K(67504640K), 0.2365044 secs] [Times: user=9.43 sys=0.00, real=0.23 secs] 
2021-02-22T00:18:40.801+0100: 1117.512: [GC (Allocation Failure) [PSYoungGen: 49563802K->5723647K(51979776K)] 55859983K->12243095K(67650560K), 0.1939685 secs] [Times: user=7.36 sys=0.01, real=0.19 secs] 
2021-02-22T00:19:33.631+0100: 1170.342: [GC (Allocation Failure) [PSYoungGen: 49298943K->6352810K(52104192K)] 55818391K->12872265K(67774976K), 0.2297542 secs] [Times: user=7.36 sys=0.00, real=0.23 secs] 
2021-02-22T00:20:19.871+0100: 1216.582: [GC (Allocation Failure) [PSYoungGen: 49928106K->7826923K(51280896K)] 56447561K->14346379K(66951680K), 0.4175044 secs] [Times: user=8.90 sys=8.21, real=0.42 secs] 
2021-02-22T00:21:09.889+0100: 1266.600: [GC (Allocation Failure) [PSYoungGen: 50538475K->6310520K(51836416K)] 57057931K->12829975K(67507200K), 0.2121804 secs] [Times: user=8.47 sys=0.00, real=0.21 secs] 
2021-02-22T00:22:07.626+0100: 1324.337: [GC (Allocation Failure) [PSYoungGen: 49022072K->5146593K(51286528K)] 55541527K->11666048K(66957312K), 0.1770797 secs] [Times: user=6.88 sys=0.00, real=0.17 secs] 
2021-02-22T00:22:54.982+0100: 1371.693: [GC (Allocation Failure) [PSYoungGen: 47982049K->7137979K(51623424K)] 54501504K->13657435K(67294208K), 0.2228402 secs] [Times: user=8.95 sys=0.03, real=0.23 secs] 
2021-02-22T00:23:38.771+0100: 1415.481: [GC (Allocation Failure) [PSYoungGen: 49973435K->8496206K(50635776K)] 56492891K->15015661K(66306560K), 0.2910287 secs] [Times: user=10.68 sys=1.13, real=0.29 secs] 
2021-02-22T00:24:21.208+0100: 1457.919: [GC (Allocation Failure) [PSYoungGen: 50126414K->9042574K(50673152K)] 56645869K->15562029K(66343936K), 0.2911715 secs] [Times: user=10.27 sys=0.00, real=0.29 secs] 
2021-02-22T00:25:14.310+0100: 1511.020: [GC (Allocation Failure) [PSYoungGen: 50672782K->6570738K(50911744K)] 57192237K->13090193K(66582528K), 0.2257975 secs] [Times: user=8.88 sys=0.01, real=0.22 secs] 
2021-02-22T00:26:02.578+0100: 1559.289: [GC (Allocation Failure) [PSYoungGen: 47194354K->7800565K(50673152K)] 53713809K->14320020K(66343936K), 0.2467475 secs] [Times: user=9.75 sys=0.00, real=0.25 secs] 
2021-02-22T00:26:43.975+0100: 1600.686: [GC (Allocation Failure) [PSYoungGen: 48424181K->9178720K(49562112K)] 54943636K->15698175K(65232896K), 0.2824487 secs] [Times: user=11.40 sys=0.09, real=0.29 secs] 
2021-02-22T00:27:31.104+0100: 1647.815: [GC (Allocation Failure) [PSYoungGen: 48546912K->6999615K(50164736K)] 55066367K->13519071K(65835520K), 0.2445075 secs] [Times: user=9.49 sys=0.00, real=0.25 secs] 
2021-02-22T00:28:30.271+0100: 1706.981: [GC (Allocation Failure) [PSYoungGen: 46367807K->5200134K(49734656K)] 52887263K->11719589K(65405440K), 0.1756421 secs] [Times: user=6.85 sys=0.00, real=0.18 secs] 
2021-02-22T00:29:18.492+0100: 1755.203: [GC (Allocation Failure) [PSYoungGen: 44902662K->7110834K(50083840K)] 51422117K->13630289K(65754624K), 0.2341493 secs] [Times: user=9.38 sys=0.01, real=0.24 secs] 
2021-02-22T00:29:57.280+0100: 1793.991: [GC (Allocation Failure) [PSYoungGen: 46813362K->9080385K(49738752K)] 53332817K->15599841K(65409536K), 0.2820290 secs] [Times: user=11.52 sys=0.00, real=0.28 secs] 
Heap
 PSYoungGen      total 49738752K, used 24365408K [0x00007f620f780000, 0x00007f7098400000, 0x00007f7098400000)
  eden space 39568896K, 38% used [0x00007f620f780000,0x00007f65b4647b78,0x00007f6b7e900000)
  from space 10169856K, 89% used [0x00007f6e27080000,0x00007f70514107a8,0x00007f7093c00000)
  to   space 10696192K, 0% used [0x00007f6b7e900000,0x00007f6b7e900000,0x00007f6e0b680000)
 ParOldGen       total 15670784K, used 6519455K [0x00007f44fde00000, 0x00007f48ba580000, 0x00007f620f780000)
  object space 15670784K, 41% used [0x00007f44fde00000,0x00007f468bca7db8,0x00007f48ba580000)
 Metaspace       used 51580K, capacity 52283K, committed 53248K, reserved 53248K
