Java HotSpot(TM) 64-Bit Server VM (25.131-b11) for linux-amd64 JRE (1.8.0_131-b11), built on Mar 15 2017 01:23:40 by "java_re" with gcc 4.3.0 20080428 (Red Hat 4.3.0-8)
Memory: 4k page, physical 196649796k(194374964k free), swap 3905532k(3905532k free)
CommandLine flags: -XX:InitialHeapSize=2147483648 -XX:MaxHeapSize=187272527872 -XX:+PrintGC -XX:+PrintGCDateStamps -XX:+PrintGCDetails -XX:+PrintGCTimeStamps -XX:+UseParallelGC 
2021-02-22T00:00:04.547+0100: 1.261: [GC (Metadata GC Threshold) [PSYoungGen: 404765K->37556K(611840K)] 404765K->37644K(2010112K), 0.0269125 secs] [Times: user=0.45 sys=0.02, real=0.03 secs] 
2021-02-22T00:00:04.574+0100: 1.288: [Full GC (Metadata GC Threshold) [PSYoungGen: 37556K->0K(611840K)] [ParOldGen: 88K->36131K(848896K)] 37644K->36131K(1460736K), [Metaspace: 20779K->20779K(22528K)], 0.0322925 secs] [Times: user=0.51 sys=0.04, real=0.03 secs] 
2021-02-22T00:00:06.567+0100: 3.281: [GC (Metadata GC Threshold) [PSYoungGen: 435683K->82257K(814592K)] 471814K->118396K(1663488K), 0.0238831 secs] [Times: user=0.59 sys=0.04, real=0.02 secs] 
2021-02-22T00:00:06.591+0100: 3.305: [Full GC (Metadata GC Threshold) [PSYoungGen: 82257K->0K(814592K)] [ParOldGen: 36139K->105254K(1381888K)] 118396K->105254K(2196480K), [Metaspace: 34772K->34654K(36864K)], 0.0371531 secs] [Times: user=0.41 sys=0.12, real=0.03 secs] 
2021-02-22T00:00:09.186+0100: 5.900: [GC (Allocation Failure) [PSYoungGen: 732160K->87035K(1097216K)] 837414K->243449K(2479104K), 0.0192332 secs] [Times: user=0.11 sys=0.53, real=0.02 secs] 
2021-02-22T00:00:09.746+0100: 6.460: [GC (Allocation Failure) [PSYoungGen: 1097211K->52219K(1097216K)] 1253625K->239547K(2479104K), 0.0089450 secs] [Times: user=0.09 sys=0.17, real=0.01 secs] 
2021-02-22T00:00:12.375+0100: 9.089: [GC (Allocation Failure) [PSYoungGen: 1097211K->87035K(1132032K)] 1284539K->293186K(2513920K), 0.0274298 secs] [Times: user=0.93 sys=0.00, real=0.03 secs] 
2021-02-22T00:00:14.452+0100: 11.166: [GC (Allocation Failure) [PSYoungGen: 1132027K->145406K(1513472K)] 1338178K->431512K(2895360K), 0.0323740 secs] [Times: user=0.56 sys=0.48, real=0.03 secs] 
2021-02-22T00:00:16.726+0100: 13.440: [GC (Allocation Failure) [PSYoungGen: 1513470K->212960K(1581056K)] 1799576K->650503K(2962944K), 0.0449028 secs] [Times: user=0.64 sys=0.56, real=0.05 secs] 
2021-02-22T00:00:18.641+0100: 15.355: [GC (Allocation Failure) [PSYoungGen: 1581024K->325626K(2157056K)] 2018567K->857792K(3538944K), 0.0502466 secs] [Times: user=0.80 sys=0.76, real=0.05 secs] 
2021-02-22T00:00:21.353+0100: 18.067: [GC (Allocation Failure) [PSYoungGen: 2157050K->423933K(2255360K)] 2689216K->1259788K(3637248K), 0.0898802 secs] [Times: user=0.29 sys=3.37, real=0.09 secs] 
2021-02-22T00:00:24.164+0100: 20.878: [GC (Allocation Failure) [PSYoungGen: 2255357K->618482K(2816000K)] 3091212K->1674393K(4197888K), 0.0800645 secs] [Times: user=0.63 sys=2.55, real=0.08 secs] 
2021-02-22T00:00:26.590+0100: 23.304: [GC (Allocation Failure) [PSYoungGen: 2815986K->334753K(2999808K)] 3871897K->1937656K(4616704K), 0.0945308 secs] [Times: user=0.48 sys=2.27, real=0.10 secs] 
2021-02-22T00:00:26.685+0100: 23.399: [Full GC (Ergonomics) [PSYoungGen: 334753K->258103K(2999808K)] [ParOldGen: 1602902K->1616555K(3616256K)] 1937656K->1874658K(6616064K), [Metaspace: 39810K->39612K(40960K)], 0.2110239 secs] [Times: user=4.62 sys=0.66, real=0.21 secs] 
2021-02-22T00:00:30.854+0100: 27.568: [GC (Allocation Failure) [PSYoungGen: 2455607K->314459K(3652608K)] 4072162K->2188811K(7268864K), 0.0583429 secs] [Times: user=0.45 sys=1.50, real=0.06 secs] 
2021-02-22T00:00:35.354+0100: 32.068: [GC (Allocation Failure) [PSYoungGen: 3267581K->406777K(3676160K)] 5141933K->2543273K(7292416K), 0.0456512 secs] [Times: user=0.37 sys=1.42, real=0.05 secs] 
2021-02-22T00:00:39.610+0100: 36.324: [GC (Allocation Failure) [PSYoungGen: 3359993K->333700K(4528640K)] 5496489K->2814952K(8144896K), 0.0774314 secs] [Times: user=1.08 sys=1.50, real=0.08 secs] 
2021-02-22T00:00:45.045+0100: 41.759: [GC (Allocation Failure) [PSYoungGen: 4221828K->563624K(4573696K)] 6703080K->3339157K(8189952K), 0.0787614 secs] [Times: user=0.90 sys=1.91, real=0.08 secs] 
2021-02-22T00:00:50.125+0100: 46.839: [GC (Allocation Failure) [PSYoungGen: 4451752K->500921K(5798912K)] 7227285K->3765479K(9415168K), 0.0886947 secs] [Times: user=0.79 sys=2.84, real=0.09 secs] 
2021-02-22T00:00:50.214+0100: 46.928: [Full GC (Ergonomics) [PSYoungGen: 500921K->78984K(5798912K)] [ParOldGen: 3264557K->3616102K(6263296K)] 3765479K->3695086K(12062208K), [Metaspace: 50636K->50298K(53248K)], 0.5853866 secs] [Times: user=19.70 sys=1.95, real=0.59 secs] 
2021-02-22T00:00:59.500+0100: 56.214: [GC (Allocation Failure) [PSYoungGen: 5137544K->679741K(5817856K)] 8753646K->4374420K(12081152K), 0.0904299 secs] [Times: user=0.60 sys=3.00, real=0.08 secs] 
2021-02-22T00:01:06.480+0100: 63.194: [GC (Allocation Failure) [PSYoungGen: 5738301K->838626K(6560256K)] 9432980K->4888459K(12823552K), 0.1485846 secs] [Times: user=0.69 sys=5.21, real=0.14 secs] 
2021-02-22T00:01:12.938+0100: 69.652: [GC (Allocation Failure) [PSYoungGen: 6560226K->603022K(6813184K)] 10610059K->5393064K(13076480K), 0.1505025 secs] [Times: user=0.66 sys=2.89, real=0.15 secs] 
2021-02-22T00:01:21.007+0100: 77.721: [GC (Allocation Failure) [PSYoungGen: 6324622K->680134K(7847424K)] 11114664K->5997199K(14110720K), 0.0964814 secs] [Times: user=0.96 sys=2.30, real=0.10 secs] 
2021-02-22T00:01:30.133+0100: 86.847: [GC (Allocation Failure) [PSYoungGen: 7475398K->1092089K(7887360K)] 12792463K->6899914K(14150656K), 0.1184417 secs] [Times: user=1.38 sys=2.55, real=0.12 secs] 
2021-02-22T00:01:30.251+0100: 86.965: [Full GC (Ergonomics) [PSYoungGen: 1092089K->0K(7887360K)] [ParOldGen: 5807825K->3903903K(7207936K)] 6899914K->3903903K(15095296K), [Metaspace: 50558K->50558K(53248K)], 0.3775508 secs] [Times: user=7.30 sys=2.15, real=0.37 secs] 
2021-02-22T00:01:40.596+0100: 97.310: [GC (Allocation Failure) [PSYoungGen: 6795264K->802468K(9466368K)] 10699167K->4706372K(16674304K), 0.0981105 secs] [Times: user=0.73 sys=2.91, real=0.10 secs] 
2021-02-22T00:01:51.824+0100: 108.538: [GC (Allocation Failure) [PSYoungGen: 8840356K->1421311K(9459200K)] 12744260K->5693330K(16667136K), 0.1357513 secs] [Times: user=1.72 sys=3.65, real=0.14 secs] 
2021-02-22T00:02:03.178+0100: 119.892: [GC (Allocation Failure) [PSYoungGen: 9459199K->1014595K(11256320K)] 13731218K->6543083K(18464256K), 0.1855910 secs] [Times: user=2.24 sys=2.62, real=0.19 secs] 
2021-02-22T00:02:15.038+0100: 131.752: [GC (Allocation Failure) [PSYoungGen: 10499395K->1768434K(11253248K)] 16027883K->7585222K(18461184K), 0.1656668 secs] [Times: user=2.26 sys=4.51, real=0.17 secs] 
2021-02-22T00:02:28.225+0100: 144.939: [GC (Allocation Failure) [PSYoungGen: 11253234K->1438465K(12857344K)] 17070022K->8827807K(20252672K), 0.2923575 secs] [Times: user=2.36 sys=8.80, real=0.29 secs] 
2021-02-22T00:02:28.517+0100: 145.231: [Full GC (Ergonomics) [PSYoungGen: 1438465K->0K(12857344K)] [ParOldGen: 7389341K->4394558K(8761856K)] 8827807K->4394558K(21619200K), [Metaspace: 51009K->51009K(53248K)], 0.5138487 secs] [Times: user=8.77 sys=1.55, real=0.52 secs] 
2021-02-22T00:02:43.801+0100: 160.515: [GC (Allocation Failure) [PSYoungGen: 10713600K->1345075K(12932096K)] 15108158K->5739634K(21693952K), 0.0578714 secs] [Times: user=1.96 sys=0.00, real=0.05 secs] 
2021-02-22T00:02:58.400+0100: 175.114: [GC (Allocation Failure) [PSYoungGen: 12058675K->2236393K(14015488K)] 16453234K->6911561K(22777344K), 0.2600577 secs] [Times: user=1.84 sys=9.00, real=0.26 secs] 
2021-02-22T00:03:13.826+0100: 190.540: [GC (Allocation Failure) [PSYoungGen: 14015465K->1672772K(14454784K)] 18690633K->8328758K(23216640K), 0.1549231 secs] [Times: user=3.39 sys=2.30, real=0.16 secs] 
2021-02-22T00:03:28.470+0100: 205.184: [GC (Allocation Failure) [PSYoungGen: 13451844K->2717669K(15661568K)] 20107830K->9606385K(24423424K), 0.2785727 secs] [Times: user=1.96 sys=9.37, real=0.28 secs] 
2021-02-22T00:03:45.473+0100: 222.187: [GC (Allocation Failure) [PSYoungGen: 15661541K->1634234K(16157696K)] 22550257K->10715797K(25249280K), 0.3255762 secs] [Times: user=3.14 sys=7.11, real=0.33 secs] 
2021-02-22T00:03:45.799+0100: 222.513: [Full GC (Ergonomics) [PSYoungGen: 1634234K->0K(16157696K)] [ParOldGen: 9081563K->4306540K(9888256K)] 10715797K->4306540K(26045952K), [Metaspace: 51139K->51139K(53248K)], 0.5907145 secs] [Times: user=8.82 sys=1.13, real=0.58 secs] 
2021-02-22T00:04:02.956+0100: 239.670: [GC (Allocation Failure) [PSYoungGen: 12943872K->1448949K(17698816K)] 17250412K->5755489K(27587072K), 0.1111399 secs] [Times: user=1.37 sys=3.02, real=0.11 secs] 
2021-02-22T00:04:21.027+0100: 257.741: [GC (Allocation Failure) [PSYoungGen: 16359925K->2326689K(17882624K)] 20666465K->7915330K(27770880K), 0.1310200 secs] [Times: user=4.85 sys=0.07, real=0.13 secs] 
2021-02-22T00:04:35.964+0100: 272.678: [GC (Allocation Failure) [PSYoungGen: 17237665K->3155951K(18839552K)] 22826306K->10236401K(28727808K), 0.4370530 secs] [Times: user=4.01 sys=14.32, real=0.44 secs] 
2021-02-22T00:04:48.541+0100: 285.255: [GC (Allocation Failure) [PSYoungGen: 18839535K->2480074K(19839488K)] 25919985K->12294238K(29727744K), 0.2372679 secs] [Times: user=5.90 sys=3.93, real=0.23 secs] 
2021-02-22T00:04:48.778+0100: 285.492: [Full GC (Ergonomics) [PSYoungGen: 2480074K->0K(19839488K)] [ParOldGen: 9814163K->6705260K(13420544K)] 12294238K->6705260K(33260032K), [Metaspace: 51162K->51162K(53248K)], 0.4912885 secs] [Times: user=10.37 sys=1.48, real=0.49 secs] 
2021-02-22T00:05:01.394+0100: 298.108: [GC (Allocation Failure) [PSYoungGen: 15683584K->3391965K(21729280K)] 22388844K->10097226K(35149824K), 0.2752382 secs] [Times: user=2.03 sys=7.34, real=0.27 secs] 
2021-02-22T00:05:12.926+0100: 309.640: [GC (Allocation Failure) [PSYoungGen: 20952541K->3273926K(22060032K)] 27657802K->12959505K(35480576K), 0.2096292 secs] [Times: user=7.00 sys=1.53, real=0.21 secs] 
2021-02-22T00:05:23.352+0100: 320.066: [GC (Allocation Failure) [PSYoungGen: 20834502K->3255729K(24780800K)] 30520081K->15834109K(38201344K), 0.4861631 secs] [Times: user=2.63 sys=17.91, real=0.48 secs] 
2021-02-22T00:05:23.839+0100: 320.553: [Full GC (Ergonomics) [PSYoungGen: 3255729K->0K(24780800K)] [ParOldGen: 12578380K->11095090K(19072000K)] 15834109K->11095090K(43852800K), [Metaspace: 51178K->51178K(53248K)], 0.7586460 secs] [Times: user=17.07 sys=5.64, real=0.76 secs] 
2021-02-22T00:05:38.122+0100: 334.836: [GC (Allocation Failure) [PSYoungGen: 20067840K->3243497K(24932352K)] 31162930K->14338587K(44004352K), 0.1037292 secs] [Times: user=3.95 sys=0.01, real=0.10 secs] 
2021-02-22T00:05:55.088+0100: 351.802: [GC (Allocation Failure) [PSYoungGen: 23311337K->3065989K(28001792K)] 34406427K->17014489K(47073792K), 0.4809498 secs] [Times: user=3.46 sys=10.28, real=0.48 secs] 
2021-02-22T00:06:28.251+0100: 384.965: [GC (Allocation Failure) [PSYoungGen: 26101381K->3505894K(28001792K)] 40049881K->19387786K(47073792K), 0.3644706 secs] [Times: user=4.80 sys=10.30, real=0.37 secs] 
2021-02-22T00:06:28.615+0100: 385.329: [Full GC (Ergonomics) [PSYoungGen: 3505894K->0K(28001792K)] [ParOldGen: 15881892K->5029448K(13612032K)] 19387786K->5029448K(41613824K), [Metaspace: 51179K->51179K(53248K)], 0.5883100 secs] [Times: user=9.75 sys=2.28, real=0.59 secs] 
2021-02-22T00:06:56.641+0100: 413.355: [GC (Allocation Failure) [PSYoungGen: 23035392K->2862888K(30817280K)] 28064840K->7892336K(44429312K), 0.3193497 secs] [Times: user=1.93 sys=10.72, real=0.32 secs] 
2021-02-22T00:07:24.301+0100: 441.015: [GC (Allocation Failure) [PSYoungGen: 28840744K->4666918K(30950400K)] 33870192K->11733295K(44562432K), 0.2264522 secs] [Times: user=9.04 sys=0.04, real=0.22 secs] 
2021-02-22T00:07:57.986+0100: 474.700: [GC (Allocation Failure) [PSYoungGen: 30644774K->3459547K(34467840K)] 37711151K->12834649K(48079872K), 0.4460002 secs] [Times: user=3.38 sys=15.03, real=0.45 secs] 
2021-02-22T00:08:28.776+0100: 505.490: [GC (Allocation Failure) [PSYoungGen: 32508891K->5012504K(34534912K)] 41883993K->16443122K(48146944K), 0.2766255 secs] [Times: user=9.10 sys=0.71, real=0.28 secs] 
2021-02-22T00:08:29.055+0100: 505.769: [Full GC (Ergonomics) [PSYoungGen: 5012504K->0K(34534912K)] [ParOldGen: 11430618K->6455819K(15481856K)] 16443122K->6455819K(50016768K), [Metaspace: 51190K->51190K(53248K)], 1.1827937 secs] [Times: user=12.39 sys=2.09, real=1.18 secs] 
2021-02-22T00:09:02.649+0100: 539.363: [GC (Allocation Failure) [PSYoungGen: 29049344K->4843419K(37979648K)] 35505163K->11299246K(53461504K), 0.5835518 secs] [Times: user=2.36 sys=18.04, real=0.59 secs] 
2021-02-22T00:09:43.062+0100: 579.776: [GC (Allocation Failure) [PSYoungGen: 36800923K->4767470K(38341632K)] 43256750K->13267303K(53823488K), 0.2426312 secs] [Times: user=7.42 sys=2.44, real=0.24 secs] 
2021-02-22T00:10:16.917+0100: 613.631: [GC (Allocation Failure) [PSYoungGen: 36724974K->4955626K(41888768K)] 45224807K->15375477K(57370624K), 0.5488911 secs] [Times: user=4.41 sys=13.16, real=0.55 secs] 
2021-02-22T00:10:54.634+0100: 651.348: [GC (Allocation Failure) [PSYoungGen: 40210410K->5319727K(42142208K)] 50630261K->17049841K(57624064K), 0.2392203 secs] [Times: user=7.78 sys=1.08, real=0.24 secs] 
2021-02-22T00:11:36.206+0100: 692.920: [GC (Allocation Failure) [PSYoungGen: 40574511K->5284970K(45862400K)] 52304625K->17680964K(61344256K), 0.6345875 secs] [Times: user=4.97 sys=10.77, real=0.64 secs] 
2021-02-22T00:11:36.841+0100: 693.555: [Full GC (Ergonomics) [PSYoungGen: 5284970K->0K(45862400K)] [ParOldGen: 12395994K->5337587K(14458368K)] 17680964K->5337587K(60320768K), [Metaspace: 51221K->51221K(53248K)], 0.6194078 secs] [Times: user=9.61 sys=2.04, real=0.62 secs] 
2021-02-22T00:12:24.979+0100: 741.693: [GC (GCLocker Initiated GC) [PSYoungGen: 38654464K->4903208K(46090240K)] 43992078K->10240823K(60548608K), 0.1795246 secs] [Times: user=6.20 sys=0.01, real=0.18 secs] 
2021-02-22T00:13:03.972+0100: 780.686: [GC (Allocation Failure) [PSYoungGen: 43557672K->6824659K(49556992K)] 48895289K->14172826K(64015360K), 0.7537748 secs] [Times: user=5.61 sys=25.82, real=0.75 secs] 
2021-02-22T00:13:42.055+0100: 818.769: [GC (Allocation Failure) [PSYoungGen: 48923859K->7224988K(50259968K)] 56272026K->16397268K(64718336K), 0.2940874 secs] [Times: user=11.99 sys=0.00, real=0.29 secs] 
2021-02-22T00:14:27.777+0100: 864.491: [GC (Allocation Failure) [PSYoungGen: 49324188K->6075823K(51838464K)] 58496468K->15772908K(66296832K), 0.3175411 secs] [Times: user=7.23 sys=4.74, real=0.32 secs] 
2021-02-22T00:15:12.174+0100: 908.888: [GC (Allocation Failure) [PSYoungGen: 49049519K->6766322K(49740288K)] 58746604K->16727273K(64198656K), 0.2521505 secs] [Times: user=9.61 sys=0.00, real=0.25 secs] 
2021-02-22T00:15:51.443+0100: 948.157: [GC (Allocation Failure) [PSYoungGen: 49740018K->7581416K(50549248K)] 59700969K->18813254K(65007616K), 0.3490446 secs] [Times: user=9.81 sys=4.54, real=0.35 secs] 
2021-02-22T00:15:51.792+0100: 948.506: [Full GC (Ergonomics) [PSYoungGen: 7581416K->0K(50549248K)] [ParOldGen: 11231838K->8346932K(17687040K)] 18813254K->8346932K(68236288K), [Metaspace: 51227K->51227K(53248K)], 0.7122283 secs] [Times: user=14.39 sys=4.43, real=0.71 secs] 
2021-02-22T00:16:49.481+0100: 1006.195: [GC (Allocation Failure) [PSYoungGen: 41224704K->4572456K(51092992K)] 49571636K->12919389K(68780032K), 0.1667674 secs] [Times: user=6.40 sys=0.00, real=0.16 secs] 
2021-02-22T00:17:35.206+0100: 1051.920: [GC (Allocation Failure) [PSYoungGen: 45797160K->6487564K(51044864K)] 54144093K->15500564K(68731904K), 0.2330962 secs] [Times: user=9.15 sys=0.01, real=0.24 secs] 
2021-02-22T00:18:22.167+0100: 1098.881: [GC (Allocation Failure) [PSYoungGen: 48075788K->6986259K(51159040K)] 57088788K->15999259K(68846080K), 0.2420138 secs] [Times: user=9.40 sys=0.00, real=0.24 secs] 
2021-02-22T00:19:17.053+0100: 1153.767: [GC (Allocation Failure) [PSYoungGen: 48574483K->4835726K(50932736K)] 57587483K->13848726K(68619776K), 0.1761869 secs] [Times: user=6.50 sys=0.00, real=0.17 secs] 
2021-02-22T00:20:00.701+0100: 1197.415: [GC (Allocation Failure) [PSYoungGen: 46448526K->7005664K(51058176K)] 55461526K->16018663K(68745216K), 0.2364157 secs] [Times: user=9.47 sys=0.07, real=0.23 secs] 
2021-02-22T00:20:36.809+0100: 1233.523: [GC (Allocation Failure) [PSYoungGen: 48618464K->9590106K(49142272K)] 57631463K->18603106K(66829312K), 0.4727515 secs] [Times: user=10.64 sys=4.71, real=0.48 secs] 
2021-02-22T00:21:16.793+0100: 1273.507: [GC (Allocation Failure) [PSYoungGen: 49090394K->7161416K(50230784K)] 58103394K->16181750K(67917824K), 0.2431330 secs] [Times: user=8.34 sys=0.09, real=0.24 secs] 
2021-02-22T00:21:58.579+0100: 1315.293: [GC (Allocation Failure) [PSYoungGen: 46661704K->6066687K(49276416K)] 55682038K->15087021K(66963456K), 0.2288049 secs] [Times: user=7.85 sys=0.02, real=0.22 secs] 
2021-02-22T00:22:47.024+0100: 1363.738: [GC (Allocation Failure) [PSYoungGen: 45594623K->5094835K(49767424K)] 54614957K->14115169K(67454464K), 0.1699093 secs] [Times: user=6.56 sys=0.04, real=0.17 secs] 
2021-02-22T00:23:29.706+0100: 1406.420: [GC (Allocation Failure) [PSYoungGen: 44622771K->6240439K(49881088K)] 53643105K->15260772K(67568128K), 0.1905567 secs] [Times: user=7.59 sys=0.00, real=0.19 secs] 
2021-02-22T00:24:09.432+0100: 1446.146: [GC (Allocation Failure) [PSYoungGen: 46975159K->9047489K(50420736K)] 55995492K->18067823K(68107776K), 0.3027003 secs] [Times: user=12.19 sys=0.11, real=0.30 secs] 
2021-02-22T00:24:38.178+0100: 1474.892: [GC (Allocation Failure) [PSYoungGen: 49782209K->10446320K(47556608K)] 58802543K->20439556K(65243648K), 0.4136837 secs] [Times: user=11.87 sys=3.68, real=0.42 secs] 
2021-02-22T00:25:26.797+0100: 1523.511: [GC (Allocation Failure) [PSYoungGen: 47556592K->4153579K(49035776K)] 57549828K->14147510K(66722816K), 0.1726398 secs] [Times: user=6.58 sys=0.02, real=0.17 secs] 
2021-02-22T00:26:12.637+0100: 1569.351: [GC (Allocation Failure) [PSYoungGen: 41263851K->5296813K(48337920K)] 51257782K->15290744K(66024960K), 0.2355739 secs] [Times: user=8.16 sys=0.02, real=0.24 secs] 
2021-02-22T00:26:56.107+0100: 1612.821: [GC (Allocation Failure) [PSYoungGen: 42465965K->6279095K(48716288K)] 52459896K->16273026K(66403328K), 0.2298349 secs] [Times: user=8.71 sys=0.00, real=0.23 secs] 
2021-02-22T00:27:31.946+0100: 1648.660: [GC (Allocation Failure) [PSYoungGen: 43448247K->8128148K(49132544K)] 53442178K->18122079K(66819584K), 0.2587761 secs] [Times: user=9.99 sys=0.10, real=0.26 secs] 
2021-02-22T00:28:06.871+0100: 1683.585: [GC (Allocation Failure) [PSYoungGen: 46202004K->9308859K(47383040K)] 56195935K->19302791K(65070080K), 0.2868705 secs] [Times: user=11.80 sys=0.01, real=0.28 secs] 
2021-02-22T00:28:36.596+0100: 1713.310: [GC (Allocation Failure) [PSYoungGen: 47382715K->10959275K(47131136K)] 57376647K->20953206K(64818176K), 0.3258172 secs] [Times: user=12.99 sys=0.00, real=0.33 secs] 
2021-02-22T00:29:00.704+0100: 1737.418: [GC (Allocation Failure) [PSYoungGen: 46315435K->11221697K(46578176K)] 56309366K->21216060K(64265216K), 0.3422866 secs] [Times: user=13.64 sys=0.18, real=0.34 secs] 
2021-02-22T00:29:45.639+0100: 1782.353: [GC (Allocation Failure) [PSYoungGen: 46577857K->4985956K(47398912K)] 56572220K->14980864K(65085952K), 0.2069297 secs] [Times: user=7.39 sys=0.02, real=0.21 secs] 
Heap
 PSYoungGen      total 47398912K, used 29100633K [0x00007f77b4380000, 0x00007f863d000000, 0x00007f863d000000)
  eden space 33685504K, 71% used [0x00007f77b4380000,0x00007f7d740fd090,0x00007f7fbc380000)
  from space 13713408K, 36% used [0x00007f82f8000000,0x00007f8428519398,0x00007f863d000000)
  to   space 13562368K, 0% used [0x00007f7fbc380000,0x00007f7fbc380000,0x00007f82f8000000)
 ParOldGen       total 17687040K, used 9994907K [0x00007f5aa2a00000, 0x00007f5eda280000, 0x00007f77b4380000)
  object space 17687040K, 56% used [0x00007f5aa2a00000,0x00007f5d04aa6ef0,0x00007f5eda280000)
 Metaspace       used 51428K, capacity 52095K, committed 52736K, reserved 53248K
