Java HotSpot(TM) 64-Bit Server VM (25.131-b11) for linux-amd64 JRE (1.8.0_131-b11), built on Mar 15 2017 01:23:40 by "java_re" with gcc 4.3.0 20080428 (Red Hat 4.3.0-8)
Memory: 4k page, physical 196649796k(194415300k free), swap 3905532k(3905532k free)
CommandLine flags: -XX:InitialHeapSize=2147483648 -XX:MaxHeapSize=187272527872 -XX:+PrintGC -XX:+PrintGCDateStamps -XX:+PrintGCDetails -XX:+PrintGCTimeStamps -XX:+UseParallelGC 
2021-02-22T00:00:04.558+0100: 1.270: [GC (Metadata GC Threshold) [PSYoungGen: 404763K->37571K(611840K)] 404763K->37659K(2010112K), 0.0253283 secs] [Times: user=0.58 sys=0.02, real=0.03 secs] 
2021-02-22T00:00:04.583+0100: 1.295: [Full GC (Metadata GC Threshold) [PSYoungGen: 37571K->0K(611840K)] [ParOldGen: 88K->36131K(815616K)] 37659K->36131K(1427456K), [Metaspace: 20779K->20779K(22528K)], 0.0233896 secs] [Times: user=0.22 sys=0.09, real=0.02 secs] 
2021-02-22T00:00:06.565+0100: 3.276: [GC (Metadata GC Threshold) [PSYoungGen: 440596K->82444K(849408K)] 476727K->118583K(1665024K), 0.0230494 secs] [Times: user=0.57 sys=0.04, real=0.02 secs] 
2021-02-22T00:00:06.588+0100: 3.299: [Full GC (Metadata GC Threshold) [PSYoungGen: 82444K->0K(849408K)] [ParOldGen: 36139K->105364K(1299968K)] 118583K->105364K(2149376K), [Metaspace: 34829K->34696K(36864K)], 0.0343070 secs] [Times: user=0.34 sys=0.10, real=0.04 secs] 
2021-02-22T00:00:09.201+0100: 5.913: [GC (Allocation Failure) [PSYoungGen: 766464K->87027K(1132544K)] 871828K->244685K(2432512K), 0.0350740 secs] [Times: user=0.81 sys=0.26, real=0.04 secs] 
2021-02-22T00:00:09.745+0100: 6.457: [GC (Allocation Failure) [PSYoungGen: 1132531K->87011K(1204224K)] 1290189K->260522K(2504192K), 0.0186880 secs] [Times: user=0.48 sys=0.14, real=0.02 secs] 
2021-02-22T00:00:10.856+0100: 7.567: [GC (Allocation Failure) [PSYoungGen: 1204195K->87011K(1204224K)] 1377706K->378108K(2504192K), 0.0329948 secs] [Times: user=0.89 sys=0.11, real=0.03 secs] 
2021-02-22T00:00:14.183+0100: 10.894: [GC (Allocation Failure) [PSYoungGen: 1204195K->220659K(1894912K)] 1495292K->551878K(3194880K), 0.0576112 secs] [Times: user=0.93 sys=0.48, real=0.05 secs] 
2021-02-22T00:00:17.887+0100: 14.599: [GC (Allocation Failure) [PSYoungGen: 1894899K->286689K(1960960K)] 2226118K->820742K(3260928K), 0.0453257 secs] [Times: user=0.18 sys=1.15, real=0.05 secs] 
2021-02-22T00:00:20.477+0100: 17.188: [GC (Allocation Failure) [PSYoungGen: 1960929K->442853K(2825216K)] 2494982K->1148454K(4125184K), 0.0601640 secs] [Times: user=0.39 sys=1.65, real=0.06 secs] 
2021-02-22T00:00:23.827+0100: 20.539: [GC (Allocation Failure) [PSYoungGen: 2825189K->599022K(2981376K)] 3530790K->1580556K(4281344K), 0.1126966 secs] [Times: user=0.57 sys=4.06, real=0.11 secs] 
2021-02-22T00:00:27.211+0100: 23.923: [GC (Allocation Failure) [PSYoungGen: 2981358K->816631K(3768320K)] 3962892K->2091643K(5068288K), 0.1203731 secs] [Times: user=0.70 sys=4.34, real=0.12 secs] 
2021-02-22T00:00:27.332+0100: 24.043: [Full GC (Ergonomics) [PSYoungGen: 816631K->676914K(3768320K)] [ParOldGen: 1275012K->1299806K(3083264K)] 2091643K->1976721K(6851584K), [Metaspace: 39793K->39608K(40960K)], 0.2067466 secs] [Times: user=4.90 sys=1.43, real=0.20 secs] 
2021-02-22T00:00:31.262+0100: 27.974: [GC (Allocation Failure) [PSYoungGen: 3628594K->579492K(4014080K)] 4928401K->2568515K(7097344K), 0.1165785 secs] [Times: user=0.71 sys=3.83, real=0.11 secs] 
2021-02-22T00:00:35.014+0100: 31.726: [GC (Allocation Failure) [PSYoungGen: 3531172K->353493K(5000704K)] 5520195K->2841460K(8083968K), 0.0788251 secs] [Times: user=0.72 sys=2.40, real=0.08 secs] 
2021-02-22T00:00:35.093+0100: 31.805: [Full GC (Ergonomics) [PSYoungGen: 353493K->0K(5000704K)] [ParOldGen: 2487966K->2764067K(5174272K)] 2841460K->2764067K(10174976K), [Metaspace: 50830K->50152K(53248K)], 0.1862596 secs] [Times: user=3.19 sys=1.75, real=0.18 secs] 
2021-02-22T00:00:39.483+0100: 36.194: [GC (Allocation Failure) [PSYoungGen: 4069888K->565231K(5079040K)] 6833955K->3329298K(10253312K), 0.0278047 secs] [Times: user=0.97 sys=0.00, real=0.03 secs] 
2021-02-22T00:00:45.061+0100: 41.772: [GC (Allocation Failure) [PSYoungGen: 4635119K->886633K(6300672K)] 7399186K->4144658K(11474944K), 0.1269684 secs] [Times: user=0.97 sys=4.34, real=0.13 secs] 
2021-02-22T00:00:51.329+0100: 48.040: [GC (Allocation Failure) [PSYoungGen: 6178153K->908817K(6414848K)] 9436178K->4939185K(11589120K), 0.1374844 secs] [Times: user=0.90 sys=4.62, real=0.14 secs] 
2021-02-22T00:00:57.589+0100: 54.301: [GC (Allocation Failure) [PSYoungGen: 6200337K->691645K(8264704K)] 10230705K->5529755K(13438976K), 0.1308352 secs] [Times: user=0.98 sys=4.43, real=0.13 secs] 
2021-02-22T00:00:57.720+0100: 54.432: [Full GC (Ergonomics) [PSYoungGen: 691645K->124861K(8264704K)] [ParOldGen: 4838110K->5174111K(8260096K)] 5529755K->5298972K(16524800K), [Metaspace: 50427K->50427K(53248K)], 0.3501474 secs] [Times: user=7.74 sys=3.52, real=0.36 secs] 
2021-02-22T00:01:06.992+0100: 63.704: [GC (Allocation Failure) [PSYoungGen: 7176637K->1218016K(8269824K)] 12350748K->6523666K(16529920K), 0.1311887 secs] [Times: user=1.02 sys=4.32, real=0.13 secs] 
2021-02-22T00:01:14.838+0100: 71.550: [GC (Allocation Failure) [PSYoungGen: 8269792K->1041382K(9948672K)] 13575442K->7409912K(18208768K), 0.1812620 secs] [Times: user=1.28 sys=6.28, real=0.18 secs] 
2021-02-22T00:01:24.477+0100: 81.188: [GC (Allocation Failure) [PSYoungGen: 9536998K->1437534K(10023936K)] 15905528K->8717157K(18284032K), 0.1680685 secs] [Times: user=1.60 sys=4.93, real=0.17 secs] 
2021-02-22T00:01:24.645+0100: 81.357: [Full GC (Ergonomics) [PSYoungGen: 1437534K->0K(10023936K)] [ParOldGen: 7279623K->5843049K(9620480K)] 8717157K->5843049K(19644416K), [Metaspace: 50517K->50517K(53248K)], 0.4137051 secs] [Times: user=8.39 sys=4.29, real=0.41 secs] 
2021-02-22T00:01:35.211+0100: 91.922: [GC (Allocation Failure) [PSYoungGen: 8495616K->1425926K(11909120K)] 14338665K->7268983K(21529600K), 0.1693571 secs] [Times: user=1.19 sys=5.90, real=0.16 secs] 
2021-02-22T00:01:47.916+0100: 104.627: [GC (Allocation Failure) [PSYoungGen: 11603974K->1762438K(12066304K)] 17447031K->8874766K(21686784K), 0.1802844 secs] [Times: user=2.97 sys=4.39, real=0.18 secs] 
2021-02-22T00:02:00.130+0100: 116.842: [GC (Allocation Failure) [PSYoungGen: 11940486K->1749139K(14231552K)] 19052814K->10356137K(23852032K), 0.2732589 secs] [Times: user=1.79 sys=9.76, real=0.27 secs] 
2021-02-22T00:02:00.404+0100: 117.115: [Full GC (Ergonomics) [PSYoungGen: 1749139K->0K(14231552K)] [ParOldGen: 8606997K->6031887K(10653696K)] 10356137K->6031887K(24885248K), [Metaspace: 50834K->50834K(53248K)], 0.4773737 secs] [Times: user=11.01 sys=1.58, real=0.47 secs] 
2021-02-22T00:02:13.451+0100: 130.162: [GC (Allocation Failure) [PSYoungGen: 12096000K->1869842K(14423040K)] 18127887K->7901738K(25076736K), 0.1049549 secs] [Times: user=1.85 sys=2.24, real=0.10 secs] 
2021-02-22T00:02:28.097+0100: 144.808: [GC (Allocation Failure) [PSYoungGen: 13965842K->2268034K(16772608K)] 19997738K->9950097K(27426304K), 0.2941123 secs] [Times: user=2.89 sys=9.52, real=0.30 secs] 
2021-02-22T00:02:45.959+0100: 162.671: [GC (Allocation Failure) [PSYoungGen: 16519554K->2310239K(17070080K)] 24201617K->11970130K(27723776K), 0.2466672 secs] [Times: user=3.83 sys=6.36, real=0.25 secs] 
2021-02-22T00:02:46.206+0100: 162.917: [Full GC (Ergonomics) [PSYoungGen: 2310239K->0K(17070080K)] [ParOldGen: 9659890K->6157814K(11811840K)] 11970130K->6157814K(28881920K), [Metaspace: 51077K->51077K(53248K)], 0.4924577 secs] [Times: user=11.04 sys=0.62, real=0.49 secs] 
2021-02-22T00:03:02.985+0100: 179.697: [GC (Allocation Failure) [PSYoungGen: 14251520K->2522115K(19228672K)] 20409334K->8679937K(31040512K), 0.2841779 secs] [Times: user=1.45 sys=10.26, real=0.29 secs] 
2021-02-22T00:03:21.431+0100: 198.142: [GC (Allocation Failure) [PSYoungGen: 18680323K->2689081K(19503104K)] 24838145K->11080001K(31314944K), 0.1680529 secs] [Times: user=4.83 sys=1.94, real=0.16 secs] 
2021-02-22T00:03:40.300+0100: 217.011: [GC (Allocation Failure) [PSYoungGen: 18847289K->2841995K(21945344K)] 27238209K->13601649K(33757184K), 0.3971017 secs] [Times: user=3.04 sys=13.67, real=0.40 secs] 
2021-02-22T00:03:40.697+0100: 217.409: [Full GC (Ergonomics) [PSYoungGen: 2841995K->0K(21945344K)] [ParOldGen: 10759653K->6581823K(13343744K)] 13601649K->6581823K(35289088K), [Metaspace: 51134K->51134K(53248K)], 0.5404286 secs] [Times: user=10.79 sys=2.35, real=0.54 secs] 
2021-02-22T00:04:02.027+0100: 238.739: [GC (Allocation Failure) [PSYoungGen: 18324992K->2795198K(22216192K)] 24906815K->9377022K(35559936K), 0.1176864 secs] [Times: user=3.30 sys=0.37, real=0.12 secs] 
2021-02-22T00:04:23.599+0100: 260.311: [GC (Allocation Failure) [PSYoungGen: 21120190K->2966707K(24970240K)] 27702014K->12011974K(38313984K), 0.3622354 secs] [Times: user=3.55 sys=11.48, real=0.36 secs] 
2021-02-22T00:04:52.509+0100: 289.221: [GC (Allocation Failure) [PSYoungGen: 23854259K->3201836K(25176064K)] 32899526K->14274704K(38519808K), 0.2029802 secs] [Times: user=5.65 sys=2.08, real=0.21 secs] 
2021-02-22T00:04:52.712+0100: 289.424: [Full GC (Ergonomics) [PSYoungGen: 3201836K->0K(25176064K)] [ParOldGen: 11072867K->5089581K(12676096K)] 14274704K->5089581K(37852160K), [Metaspace: 51158K->51158K(53248K)], 0.4573094 secs] [Times: user=8.81 sys=0.58, real=0.46 secs] 
2021-02-22T00:05:22.446+0100: 319.158: [GC (Allocation Failure) [PSYoungGen: 20887552K->3542615K(28143104K)] 25977133K->8632196K(40819200K), 0.4277439 secs] [Times: user=1.55 sys=16.34, real=0.43 secs] 
2021-02-22T00:05:54.545+0100: 351.256: [GC (Allocation Failure) [PSYoungGen: 27157079K->3746187K(28450816K)] 32246660K->10586826K(41126912K), 0.1740265 secs] [Times: user=6.23 sys=0.49, real=0.17 secs] 
2021-02-22T00:06:18.615+0100: 375.326: [GC (Allocation Failure) [PSYoungGen: 27360651K->4685507K(31060992K)] 34201290K->13898954K(43737088K), 0.5781287 secs] [Times: user=4.14 sys=18.71, real=0.58 secs] 
2021-02-22T00:06:19.193+0100: 375.905: [Full GC (Ergonomics) [PSYoungGen: 4685507K->0K(31060992K)] [ParOldGen: 9213446K->6848552K(14961664K)] 13898954K->6848552K(46022656K), [Metaspace: 51163K->51163K(53248K)], 0.6584205 secs] [Times: user=11.79 sys=3.01, real=0.66 secs] 
2021-02-22T00:06:52.849+0100: 409.561: [GC (Allocation Failure) [PSYoungGen: 25913344K->3710728K(31647232K)] 32761896K->10559280K(46608896K), 0.1610026 secs] [Times: user=4.40 sys=1.24, real=0.17 secs] 
2021-02-22T00:07:32.873+0100: 449.585: [GC (Allocation Failure) [PSYoungGen: 29624072K->4156128K(34947072K)] 36472624K->12238392K(49908736K), 0.4306288 secs] [Times: user=4.16 sys=13.79, real=0.43 secs] 
2021-02-22T00:08:04.592+0100: 481.304: [GC (Allocation Failure) [PSYoungGen: 33265888K->5616972K(35174400K)] 41348152K->15367308K(50136064K), 0.2109997 secs] [Times: user=8.32 sys=0.00, real=0.21 secs] 
2021-02-22T00:08:43.606+0100: 520.317: [GC (Allocation Failure) [PSYoungGen: 34726732K->4425759K(39359488K)] 44477068K->15351033K(54321152K), 0.5063893 secs] [Times: user=3.52 sys=16.41, real=0.51 secs] 
2021-02-22T00:09:40.901+0100: 577.612: [GC (Allocation Failure) [PSYoungGen: 37015071K->3564182K(39478272K)] 47940345K->14609551K(54439936K), 0.1384488 secs] [Times: user=5.21 sys=0.00, real=0.14 secs] 
2021-02-22T00:10:23.113+0100: 619.825: [GC (Allocation Failure) [PSYoungGen: 36153494K->5745630K(42368000K)] 47198863K->16790999K(57329664K), 0.5809393 secs] [Times: user=3.91 sys=20.54, real=0.58 secs] 
2021-02-22T00:11:03.208+0100: 659.920: [GC (Allocation Failure) [PSYoungGen: 41471454K->7218680K(42944512K)] 52516823K->18491981K(57906176K), 0.2779832 secs] [Times: user=9.30 sys=1.64, real=0.28 secs] 
2021-02-22T00:11:39.794+0100: 696.505: [GC (Allocation Failure) [PSYoungGen: 42944504K->6298214K(47258112K)] 54217805K->19132905K(62219776K), 0.6849216 secs] [Times: user=5.59 sys=23.06, real=0.68 secs] 
2021-02-22T00:11:40.479+0100: 697.191: [Full GC (Ergonomics) [PSYoungGen: 6298214K->0K(47258112K)] [ParOldGen: 12834690K->7512210K(15324672K)] 19132905K->7512210K(62582784K), [Metaspace: 51205K->51205K(53248K)], 0.7237854 secs] [Times: user=14.10 sys=4.94, real=0.73 secs] 
2021-02-22T00:12:18.261+0100: 734.973: [GC (Allocation Failure) [PSYoungGen: 38958080K->7114520K(47700992K)] 46470290K->14626731K(63025664K), 0.2342216 secs] [Times: user=9.28 sys=0.01, real=0.24 secs] 
2021-02-22T00:13:08.894+0100: 785.606: [GC (Allocation Failure) [PSYoungGen: 46072600K->5309745K(51757568K)] 53584811K->14021202K(67082240K), 0.4724072 secs] [Times: user=6.48 sys=8.09, real=0.47 secs] 
2021-02-22T00:14:22.506+0100: 859.217: [GC (Allocation Failure) [PSYoungGen: 47688497K->3367319K(45746176K)] 56399954K->12376727K(61070848K), 0.1417316 secs] [Times: user=5.18 sys=0.00, real=0.14 secs] 
2021-02-22T00:15:18.677+0100: 915.389: [GC (Allocation Failure) [PSYoungGen: 45746071K->4813033K(51620864K)] 54755479K->13929879K(66945536K), 0.1808538 secs] [Times: user=6.89 sys=0.01, real=0.18 secs] 
2021-02-22T00:16:04.051+0100: 960.762: [GC (Allocation Failure) [PSYoungGen: 47497961K->7910640K(51314688K)] 56614807K->17027485K(66639360K), 0.2563931 secs] [Times: user=10.44 sys=0.05, real=0.25 secs] 
2021-02-22T00:16:36.222+0100: 992.934: [GC (Allocation Failure) [PSYoungGen: 50595568K->9489406K(48679424K)] 59712413K->18960954K(64004096K), 0.6892799 secs] [Times: user=9.50 sys=19.07, real=0.69 secs] 
2021-02-22T00:17:03.133+0100: 1019.845: [GC (Allocation Failure) [PSYoungGen: 48679422K->10885624K(50075648K)] 58150970K->21434976K(65400320K), 0.3920356 secs] [Times: user=16.04 sys=0.28, real=0.39 secs] 
2021-02-22T00:17:40.461+0100: 1057.173: [GC (Allocation Failure) [PSYoungGen: 50075640K->6718812K(47078400K)] 60624992K->19159648K(62403072K), 0.3099145 secs] [Times: user=12.59 sys=0.20, real=0.32 secs] 
2021-02-22T00:18:25.271+0100: 1101.982: [GC (Allocation Failure) [PSYoungGen: 42911580K->6300270K(48577024K)] 55352416K->19090902K(63901696K), 0.2241921 secs] [Times: user=9.04 sys=0.00, real=0.22 secs] 
2021-02-22T00:18:25.495+0100: 1102.207: [Full GC (Ergonomics) [PSYoungGen: 6300270K->0K(48577024K)] [ParOldGen: 12790632K->6240318K(14099968K)] 19090902K->6240318K(62676992K), [Metaspace: 51213K->51213K(53248K)], 0.8445513 secs] [Times: user=13.19 sys=3.77, real=0.84 secs] 
2021-02-22T00:19:11.313+0100: 1148.025: [GC (Allocation Failure) [PSYoungGen: 36192768K->6102395K(46903808K)] 42433086K->12342714K(61003776K), 0.2502079 secs] [Times: user=7.79 sys=0.05, real=0.25 secs] 
2021-02-22T00:20:04.441+0100: 1201.152: [GC (Allocation Failure) [PSYoungGen: 42835835K->4474943K(48010752K)] 49076154K->11728891K(62110720K), 0.1927819 secs] [Times: user=7.53 sys=0.14, real=0.20 secs] 
2021-02-22T00:20:48.012+0100: 1244.724: [GC (Allocation Failure) [PSYoungGen: 41208383K->6070072K(48527872K)] 48462331K->13736134K(62627840K), 0.2308870 secs] [Times: user=9.06 sys=0.19, real=0.23 secs] 
2021-02-22T00:21:28.093+0100: 1284.804: [GC (Allocation Failure) [PSYoungGen: 44724536K->7045086K(49229824K)] 52390598K->15388500K(63329792K), 0.2748050 secs] [Times: user=11.04 sys=0.13, real=0.27 secs] 
2021-02-22T00:22:05.558+0100: 1322.270: [GC (Allocation Failure) [PSYoungGen: 45699550K->7624153K(50164224K)] 54042964K->17381508K(64264192K), 0.3019012 secs] [Times: user=12.38 sys=0.10, real=0.30 secs] 
2021-02-22T00:22:47.342+0100: 1364.054: [GC (Allocation Failure) [PSYoungGen: 47265753K->7027923K(46669824K)] 57023108K->17229832K(60769792K), 0.2571513 secs] [Times: user=10.49 sys=0.12, real=0.25 secs] 
2021-02-22T00:23:31.455+0100: 1408.167: [GC (Allocation Failure) [PSYoungGen: 46669523K->6401368K(50679296K)] 56871432K->17406924K(64779264K), 0.2468410 secs] [Times: user=9.52 sys=0.01, real=0.25 secs] 
2021-02-22T00:24:15.511+0100: 1452.222: [GC (Allocation Failure) [PSYoungGen: 46560600K->7056914K(50298880K)] 57566156K->18376059K(64398848K), 0.2371239 secs] [Times: user=9.59 sys=0.00, real=0.23 secs] 
2021-02-22T00:25:07.466+0100: 1504.178: [GC (Allocation Failure) [PSYoungGen: 47216146K->6446458K(50482688K)] 58535291K->17765603K(64582656K), 0.2218715 secs] [Times: user=8.92 sys=0.00, real=0.22 secs] 
2021-02-22T00:25:52.938+0100: 1549.649: [GC (Allocation Failure) [PSYoungGen: 47086970K->6982467K(50338816K)] 58406115K->18301611K(64438784K), 0.2184979 secs] [Times: user=8.80 sys=0.02, real=0.22 secs] 
2021-02-22T00:26:30.332+0100: 1587.044: [GC (Allocation Failure) [PSYoungGen: 47622979K->9298169K(49886208K)] 58942123K->20617314K(63986176K), 0.3760232 secs] [Times: user=10.96 sys=4.52, real=0.37 secs] 
2021-02-22T00:27:13.703+0100: 1630.414: [GC (Allocation Failure) [PSYoungGen: 49595129K->7329299K(50629120K)] 60914274K->18649052K(64729088K), 0.2365415 secs] [Times: user=9.43 sys=0.21, real=0.23 secs] 
2021-02-22T00:28:02.228+0100: 1678.940: [GC (Allocation Failure) [PSYoungGen: 47626259K->6742471K(49825280K)] 58946012K->18062767K(63925248K), 0.2423360 secs] [Times: user=9.56 sys=0.09, real=0.25 secs] 
2021-02-22T00:28:54.120+0100: 1730.832: [GC (Allocation Failure) [PSYoungGen: 47176647K->6028068K(50295808K)] 58496943K->17348363K(64395776K), 0.2091289 secs] [Times: user=7.18 sys=0.02, real=0.21 secs] 
2021-02-22T00:29:35.076+0100: 1771.787: [GC (Allocation Failure) [PSYoungGen: 46462244K->8026180K(50897920K)] 57782539K->19346475K(64997888K), 0.2518399 secs] [Times: user=10.29 sys=0.02, real=0.25 secs] 
Heap
 PSYoungGen      total 50897920K, used 33532368K [0x00007ef308380000, 0x00007f0191000000, 0x00007f0191000000)
  eden space 41216512K, 61% used [0x00007ef308380000,0x00007ef91cfe2eb0,0x00007efcdbe00000)
  from space 9681408K, 82% used [0x00007eff42180000,0x00007f012bf91288,0x00007f0191000000)
  to   space 9872384K, 0% used [0x00007efcdbe00000,0x00007efcdbe00000,0x00007eff36700000)
 ParOldGen       total 14099968K, used 11320295K [0x00007ed5f6a00000, 0x00007ed953380000, 0x00007ef308380000)
  object space 14099968K, 80% used [0x00007ed5f6a00000,0x00007ed8a98f9d08,0x00007ed953380000)
 Metaspace       used 51510K, capacity 52214K, committed 53248K, reserved 53248K
