Java HotSpot(TM) 64-Bit Server VM (25.131-b11) for linux-amd64 JRE (1.8.0_131-b11), built on Mar 15 2017 01:23:40 by "java_re" with gcc 4.3.0 20080428 (Red Hat 4.3.0-8)
Memory: 4k page, physical 196649796k(194372884k free), swap 3905532k(3905532k free)
CommandLine flags: -XX:InitialHeapSize=2147483648 -XX:MaxHeapSize=187272527872 -XX:+PrintGC -XX:+PrintGCDateStamps -XX:+PrintGCDetails -XX:+PrintGCTimeStamps -XX:+UseParallelGC 
2021-02-22T00:00:04.550+0100: 1.261: [GC (Metadata GC Threshold) [PSYoungGen: 404765K->37613K(611840K)] 404765K->37701K(2010112K), 0.0445810 secs] [Times: user=1.10 sys=0.06, real=0.05 secs] 
2021-02-22T00:00:04.595+0100: 1.306: [Full GC (Metadata GC Threshold) [PSYoungGen: 37613K->0K(611840K)] [ParOldGen: 88K->36131K(737792K)] 37701K->36131K(1349632K), [Metaspace: 20779K->20779K(22528K)], 0.0226821 secs] [Times: user=0.31 sys=0.04, real=0.02 secs] 
2021-02-22T00:00:06.582+0100: 3.293: [GC (Metadata GC Threshold) [PSYoungGen: 443940K->87026K(905728K)] 480071K->134298K(1643520K), 0.0198311 secs] [Times: user=0.58 sys=0.07, real=0.02 secs] 
2021-02-22T00:00:06.602+0100: 3.313: [Full GC (Metadata GC Threshold) [PSYoungGen: 87026K->0K(905728K)] [ParOldGen: 47272K->121823K(1152000K)] 134298K->121823K(2057728K), [Metaspace: 34826K->34729K(36864K)], 0.0374560 secs] [Times: user=0.48 sys=0.08, real=0.04 secs] 
2021-02-22T00:00:09.189+0100: 5.900: [GC (Allocation Failure) [PSYoungGen: 818688K->87011K(1136640K)] 940511K->245664K(2288640K), 0.0402897 secs] [Times: user=0.86 sys=0.37, real=0.04 secs] 
2021-02-22T00:00:09.797+0100: 6.509: [GC (Allocation Failure) [PSYoungGen: 1136611K->87025K(1336832K)] 1295264K->250924K(2488832K), 0.0439766 secs] [Times: user=0.95 sys=0.28, real=0.04 secs] 
2021-02-22T00:00:12.374+0100: 9.085: [GC (Allocation Failure) [PSYoungGen: 1336817K->87024K(1336832K)] 1500716K->374590K(2488832K), 0.0270753 secs] [Times: user=0.50 sys=0.25, real=0.02 secs] 
2021-02-22T00:00:14.408+0100: 11.119: [GC (Allocation Failure) [PSYoungGen: 1336816K->215010K(2146816K)] 1624382K->557317K(3298816K), 0.0400441 secs] [Times: user=0.83 sys=0.45, real=0.04 secs] 
2021-02-22T00:00:17.876+0100: 14.587: [GC (Allocation Failure) [PSYoungGen: 2146786K->287219K(2219008K)] 2489093K->801994K(3371008K), 0.0451803 secs] [Times: user=0.19 sys=1.42, real=0.04 secs] 
2021-02-22T00:00:20.418+0100: 17.130: [GC (Allocation Failure) [PSYoungGen: 2218995K->427493K(3294208K)] 2733770K->1072816K(4446208K), 0.0569021 secs] [Times: user=0.39 sys=1.63, real=0.06 secs] 
2021-02-22T00:00:23.120+0100: 19.831: [GC (Allocation Failure) [PSYoungGen: 3294181K->562144K(3428864K)] 3939504K->1492141K(4580864K), 0.0939318 secs] [Times: user=0.89 sys=2.63, real=0.10 secs] 
2021-02-22T00:00:23.214+0100: 19.925: [Full GC (Ergonomics) [PSYoungGen: 562144K->245739K(3428864K)] [ParOldGen: 929997K->1151701K(2658304K)] 1492141K->1397440K(6087168K), [Metaspace: 39768K->39605K(40960K)], 0.1701614 secs] [Times: user=3.40 sys=1.06, real=0.17 secs] 
2021-02-22T00:00:27.144+0100: 23.855: [GC (Allocation Failure) [PSYoungGen: 3112427K->775160K(4459520K)] 4264128K->2088142K(7117824K), 0.1204986 secs] [Times: user=0.51 sys=4.39, real=0.12 secs] 
2021-02-22T00:00:31.916+0100: 28.627: [GC (Allocation Failure) [PSYoungGen: 4459512K->583451K(4648960K)] 5772494K->2576570K(7307264K), 0.1137947 secs] [Times: user=0.74 sys=3.66, real=0.11 secs] 
2021-02-22T00:00:35.346+0100: 32.058: [GC (GCLocker Initiated GC) [PSYoungGen: 4267803K->455849K(5993984K)] 6261268K->2934957K(8652288K), 0.0874285 secs] [Times: user=0.53 sys=3.04, real=0.09 secs] 
2021-02-22T00:00:35.434+0100: 32.145: [Full GC (Ergonomics) [PSYoungGen: 455849K->194057K(5993984K)] [ParOldGen: 2479108K->2658268K(4780544K)] 2934957K->2852325K(10774528K), [Metaspace: 50833K->50141K(53248K)], 0.3705439 secs] [Times: user=10.63 sys=2.03, real=0.37 secs] 
2021-02-22T00:00:40.665+0100: 37.376: [GC (Allocation Failure) [PSYoungGen: 5266953K->651556K(6026240K)] 7925786K->3503954K(10806784K), 0.0711407 secs] [Times: user=0.76 sys=1.98, real=0.07 secs] 
2021-02-22T00:00:45.292+0100: 42.003: [GC (Allocation Failure) [PSYoungGen: 5724452K->780457K(7648768K)] 8576850K->4209594K(12429312K), 0.1130117 secs] [Times: user=0.73 sys=3.98, real=0.11 secs] 
2021-02-22T00:00:53.358+0100: 50.069: [GC (Allocation Failure) [PSYoungGen: 7434921K->1071087K(7725568K)] 10864058K->5212097K(12506112K), 0.1509957 secs] [Times: user=1.03 sys=4.82, real=0.15 secs] 
2021-02-22T00:00:53.509+0100: 50.220: [Full GC (Ergonomics) [PSYoungGen: 1071087K->290085K(7725568K)] [ParOldGen: 4141009K->4780369K(7433728K)] 5212097K->5070455K(15159296K), [Metaspace: 50314K->50314K(53248K)], 0.6128104 secs] [Times: user=19.38 sys=3.68, real=0.61 secs] 
2021-02-22T00:01:01.637+0100: 58.348: [GC (Allocation Failure) [PSYoungGen: 6944549K->939718K(9886720K)] 11724919K->6010189K(17320448K), 0.1308570 secs] [Times: user=0.66 sys=4.74, real=0.13 secs] 
2021-02-22T00:01:10.809+0100: 67.521: [GC (Allocation Failure) [PSYoungGen: 9492166K->1541110K(10093568K)] 14562637K->7071945K(17527296K), 0.2478597 secs] [Times: user=0.95 sys=9.33, real=0.25 secs] 
2021-02-22T00:01:19.878+0100: 76.589: [GC (Allocation Failure) [PSYoungGen: 10093558K->1219090K(12151296K)] 15624393K->8120209K(19585024K), 0.2332453 secs] [Times: user=1.65 sys=8.10, real=0.23 secs] 
2021-02-22T00:01:20.111+0100: 76.822: [Full GC (Ergonomics) [PSYoungGen: 1219090K->0K(12151296K)] [ParOldGen: 6901119K->5567413K(8909312K)] 8120209K->5567413K(21060608K), [Metaspace: 50459K->50459K(53248K)], 0.4191614 secs] [Times: user=8.23 sys=4.53, real=0.42 secs] 
2021-02-22T00:01:30.856+0100: 87.568: [GC (Allocation Failure) [PSYoungGen: 10191360K->1639973K(12201472K)] 15758773K->7207395K(21110784K), 0.1168478 secs] [Times: user=1.70 sys=2.96, real=0.12 secs] 
2021-02-22T00:01:42.986+0100: 99.697: [GC (Allocation Failure) [PSYoungGen: 11831333K->1435378K(14307328K)] 17398755K->8449992K(23216640K), 0.1953004 secs] [Times: user=1.94 sys=6.14, real=0.19 secs] 
2021-02-22T00:01:55.456+0100: 112.167: [GC (Allocation Failure) [PSYoungGen: 13544178K->2270184K(14379008K)] 20558792K->10044630K(23288320K), 0.2816427 secs] [Times: user=2.21 sys=9.44, real=0.28 secs] 
2021-02-22T00:01:55.737+0100: 112.448: [Full GC (Ergonomics) [PSYoungGen: 2270184K->0K(14379008K)] [ParOldGen: 7774445K->5712933K(9718784K)] 10044630K->5712933K(24097792K), [Metaspace: 50767K->50767K(53248K)], 0.4262994 secs] [Times: user=9.85 sys=1.12, real=0.43 secs] 
2021-02-22T00:02:08.119+0100: 124.830: [GC (Allocation Failure) [PSYoungGen: 12108800K->1719225K(17342464K)] 17821733K->7432167K(27061248K), 0.2087630 secs] [Times: user=1.16 sys=7.52, real=0.21 secs] 
2021-02-22T00:02:24.550+0100: 141.261: [GC (Allocation Failure) [PSYoungGen: 16151993K->2162055K(17376768K)] 21864935K->9382989K(27095552K), 0.2253415 secs] [Times: user=3.98 sys=2.36, real=0.23 secs] 
2021-02-22T00:02:40.351+0100: 157.062: [GC (Allocation Failure) [PSYoungGen: 16594823K->2243388K(20196864K)] 23815757K->11361409K(29915648K), 0.3228272 secs] [Times: user=2.38 sys=11.22, real=0.33 secs] 
2021-02-22T00:02:40.674+0100: 157.385: [Full GC (Ergonomics) [PSYoungGen: 2243388K->0K(20196864K)] [ParOldGen: 9118020K->6012275K(11051008K)] 11361409K->6012275K(31247872K), [Metaspace: 51023K->51023K(53248K)], 0.5205436 secs] [Times: user=10.47 sys=1.86, real=0.52 secs] 
2021-02-22T00:02:59.187+0100: 175.898: [GC (Allocation Failure) [PSYoungGen: 17073664K->2186959K(20362752K)] 23085939K->8199243K(31413760K), 0.1025654 secs] [Times: user=2.60 sys=0.96, real=0.10 secs] 
2021-02-22T00:03:17.505+0100: 194.216: [GC (Allocation Failure) [PSYoungGen: 19260623K->3391990K(21882880K)] 25272907K->10715266K(32933888K), 0.4607319 secs] [Times: user=4.26 sys=15.14, real=0.46 secs] 
2021-02-22T00:03:35.922+0100: 212.633: [GC (Allocation Failure) [PSYoungGen: 21882870K->2512399K(22884864K)] 29206146K->12546444K(33935872K), 0.2652084 secs] [Times: user=4.12 sys=6.82, real=0.27 secs] 
2021-02-22T00:03:36.187+0100: 212.898: [Full GC (Ergonomics) [PSYoungGen: 2512399K->0K(22884864K)] [ParOldGen: 10034044K->6003752K(12070400K)] 12546444K->6003752K(34955264K), [Metaspace: 51125K->51125K(53248K)], 0.4804299 secs] [Times: user=9.93 sys=1.24, real=0.48 secs] 
2021-02-22T00:03:57.230+0100: 233.941: [GC (Allocation Failure) [PSYoungGen: 18490880K->2703803K(25600512K)] 24494632K->8707556K(37670912K), 0.2590065 secs] [Times: user=1.67 sys=8.54, real=0.26 secs] 
2021-02-22T00:04:18.552+0100: 255.263: [GC (Allocation Failure) [PSYoungGen: 23905723K->3242806K(25655808K)] 29909476K->11621846K(37726208K), 0.1712075 secs] [Times: user=5.52 sys=1.07, real=0.17 secs] 
2021-02-22T00:04:36.010+0100: 272.721: [GC (Allocation Failure) [PSYoungGen: 24444726K->3405813K(28710400K)] 32823766K->14642534K(40780800K), 0.4378090 secs] [Times: user=3.18 sys=14.75, real=0.44 secs] 
2021-02-22T00:04:36.448+0100: 273.159: [Full GC (Ergonomics) [PSYoungGen: 3405813K->0K(28710400K)] [ParOldGen: 11236721K->7127899K(14397952K)] 14642534K->7127899K(43108352K), [Metaspace: 51150K->51150K(53248K)], 0.5767444 secs] [Times: user=11.62 sys=2.62, real=0.58 secs] 
2021-02-22T00:05:05.072+0100: 301.783: [GC (Allocation Failure) [PSYoungGen: 24029696K->3525383K(28940288K)] 31157595K->10653282K(43338240K), 0.1236974 secs] [Times: user=4.55 sys=0.00, real=0.12 secs] 
2021-02-22T00:05:32.313+0100: 329.024: [GC (Allocation Failure) [PSYoungGen: 27555079K->3608925K(32560128K)] 34682978K->13491728K(46958080K), 0.4279234 secs] [Times: user=3.63 sys=14.34, real=0.42 secs] 
2021-02-22T00:06:02.556+0100: 359.267: [GC (Allocation Failure) [PSYoungGen: 31043421K->4350810K(32749568K)] 40926224K->16303178K(47147520K), 0.2687212 secs] [Times: user=5.83 sys=5.02, real=0.27 secs] 
2021-02-22T00:06:02.825+0100: 359.536: [Full GC (Ergonomics) [PSYoungGen: 4350810K->0K(32749568K)] [ParOldGen: 11952368K->5834195K(13864448K)] 16303178K->5834195K(46614016K), [Metaspace: 51159K->51159K(53248K)], 0.5071291 secs] [Times: user=10.61 sys=0.93, real=0.51 secs] 
2021-02-22T00:06:47.952+0100: 404.663: [GC (Allocation Failure) [PSYoungGen: 27434496K->2793570K(36098560K)] 33268691K->8627765K(49963008K), 0.3262826 secs] [Times: user=2.18 sys=10.53, real=0.32 secs] 
2021-02-22T00:07:27.624+0100: 444.335: [GC (Allocation Failure) [PSYoungGen: 33616482K->4672553K(36291584K)] 39450677K->11514802K(50156032K), 0.2245413 secs] [Times: user=7.19 sys=1.77, real=0.22 secs] 
2021-02-22T00:07:53.596+0100: 470.307: [GC (Allocation Failure) [PSYoungGen: 35495465K->5928937K(38705152K)] 42337714K->14850988K(52569600K), 0.8143486 secs] [Times: user=7.33 sys=27.22, real=0.81 secs] 
2021-02-22T00:08:23.393+0100: 500.104: [GC (Allocation Failure) [PSYoungGen: 38705129K->5171485K(40299520K)] 47627180K->16961067K(54163968K), 0.2640074 secs] [Times: user=10.00 sys=0.55, real=0.26 secs] 
2021-02-22T00:08:23.657+0100: 500.369: [Full GC (Ergonomics) [PSYoungGen: 5171485K->0K(40299520K)] [ParOldGen: 11789581K->8099319K(16637440K)] 16961067K->8099319K(56936960K), [Metaspace: 51168K->51168K(53248K)], 0.6300771 secs] [Times: user=12.72 sys=2.61, real=0.63 secs] 
2021-02-22T00:09:17.011+0100: 553.722: [GC (Allocation Failure) [PSYoungGen: 32776192K->3626011K(44241920K)] 40875511K->11725338K(60879360K), 0.3235535 secs] [Times: user=3.10 sys=8.91, real=0.33 secs] 
2021-02-22T00:10:02.797+0100: 599.508: [GC (Allocation Failure) [PSYoungGen: 40857627K->4258120K(44603392K)] 48956954K->13139000K(61240832K), 0.3502834 secs] [Times: user=6.19 sys=3.40, real=0.35 secs] 
2021-02-22T00:10:40.865+0100: 637.576: [GC (Allocation Failure) [PSYoungGen: 41489736K->5653130K(48941056K)] 50370616K->15341355K(65578496K), 0.6654512 secs] [Times: user=4.20 sys=23.92, real=0.66 secs] 
2021-02-22T00:11:21.526+0100: 678.237: [GC (Allocation Failure) [PSYoungGen: 47348362K->7135304K(49325568K)] 57036587K->17803619K(65963008K), 0.2746175 secs] [Times: user=9.51 sys=0.92, real=0.27 secs] 
2021-02-22T00:11:58.726+0100: 715.437: [GC (Allocation Failure) [PSYoungGen: 48830536K->7348653K(50999296K)] 59498851K->19010321K(67636736K), 0.6371688 secs] [Times: user=5.30 sys=20.80, real=0.63 secs] 
2021-02-22T00:12:44.821+0100: 761.532: [GC (Allocation Failure) [PSYoungGen: 49877933K->5397126K(51745280K)] 61539601K->17577523K(68382720K), 0.1848611 secs] [Times: user=6.61 sys=0.41, real=0.19 secs] 
2021-02-22T00:13:30.412+0100: 807.123: [GC (Allocation Failure) [PSYoungGen: 47926406K->5501728K(51391488K)] 60106803K->17764995K(68028928K), 0.1941457 secs] [Times: user=7.05 sys=0.07, real=0.19 secs] 
2021-02-22T00:14:11.588+0100: 848.299: [GC (Allocation Failure) [PSYoungGen: 48167712K->7802646K(50468864K)] 60430979K->20065913K(67106304K), 0.2801065 secs] [Times: user=9.13 sys=2.22, real=0.28 secs] 
2021-02-22T00:14:47.245+0100: 883.956: [GC (Allocation Failure) [PSYoungGen: 50468630K->9699327K(48435712K)] 62731897K->22341125K(65073152K), 0.4611512 secs] [Times: user=11.46 sys=8.08, real=0.46 secs] 
2021-02-22T00:15:25.788+0100: 922.499: [GC (Allocation Failure) [PSYoungGen: 48435711K->7959310K(46695936K)] 61077509K->20888465K(63333376K), 0.2519132 secs] [Times: user=9.98 sys=0.32, real=0.25 secs] 
2021-02-22T00:16:09.694+0100: 966.405: [GC (Allocation Failure) [PSYoungGen: 46695694K->5919283K(50004992K)] 59624849K->18848439K(66642432K), 0.1915917 secs] [Times: user=7.68 sys=0.00, real=0.19 secs] 
2021-02-22T00:17:16.869+0100: 1033.580: [GC (Allocation Failure) [PSYoungGen: 44461619K->3419973K(41962496K)] 57390775K->16349129K(58599936K), 0.1425677 secs] [Times: user=4.38 sys=0.01, real=0.15 secs] 
2021-02-22T00:17:53.766+0100: 1070.477: [GC (Allocation Failure) [PSYoungGen: 41962309K->7780384K(49073152K)] 54891465K->20709540K(65710592K), 0.2325973 secs] [Times: user=9.35 sys=0.01, real=0.23 secs] 
2021-02-22T00:18:38.749+0100: 1115.460: [GC (Allocation Failure) [PSYoungGen: 46019104K->4466019K(49376768K)] 58948260K->17395174K(66014208K), 0.1571508 secs] [Times: user=5.99 sys=0.10, real=0.16 secs] 
2021-02-22T00:19:23.630+0100: 1160.341: [GC (Allocation Failure) [PSYoungGen: 42704739K->5567268K(48819200K)] 55633894K->18496423K(65456640K), 0.2251386 secs] [Times: user=8.07 sys=0.04, real=0.23 secs] 
2021-02-22T00:20:04.537+0100: 1201.248: [GC (Allocation Failure) [PSYoungGen: 44572964K->7488874K(49312768K)] 57502119K->20418030K(65950208K), 0.2187655 secs] [Times: user=8.83 sys=0.09, real=0.22 secs] 
2021-02-22T00:20:37.673+0100: 1234.384: [GC (Allocation Failure) [PSYoungGen: 46494570K->9934714K(48318976K)] 59423726K->22863870K(64956416K), 0.3518469 secs] [Times: user=10.91 sys=3.22, real=0.35 secs] 
2021-02-22T00:21:12.006+0100: 1268.717: [GC (Allocation Failure) [PSYoungGen: 47722874K->8796501K(46584832K)] 60652030K->21725657K(63222272K), 0.2440637 secs] [Times: user=9.98 sys=0.00, real=0.24 secs] 
2021-02-22T00:21:50.065+0100: 1306.776: [GC (GCLocker Initiated GC) [PSYoungGen: 46584661K->6626216K(49453568K)] 59513861K->19555416K(66091008K), 0.2072269 secs] [Times: user=8.37 sys=0.18, real=0.21 secs] 
2021-02-22T00:22:32.048+0100: 1348.759: [GC (Allocation Failure) [PSYoungGen: 44075432K->6002787K(43452416K)] 57004635K->18931989K(60089856K), 0.2287491 secs] [Times: user=7.92 sys=0.12, real=0.23 secs] 
2021-02-22T00:23:06.780+0100: 1383.491: [GC (Allocation Failure) [PSYoungGen: 43452003K->8210293K(48347648K)] 56381205K->21139495K(64985088K), 0.2617769 secs] [Times: user=10.56 sys=0.01, real=0.26 secs] 
2021-02-22T00:23:39.647+0100: 1416.358: [GC (Allocation Failure) [PSYoungGen: 45469557K->8553758K(48537600K)] 58398759K->21482961K(65175040K), 0.2488435 secs] [Times: user=10.19 sys=0.00, real=0.25 secs] 
2021-02-22T00:24:36.753+0100: 1473.464: [GC (Allocation Failure) [PSYoungGen: 45813022K->3862459K(49373184K)] 58742225K->16791661K(66010624K), 0.1472697 secs] [Times: user=5.63 sys=0.00, real=0.14 secs] 
2021-02-22T00:25:26.733+0100: 1523.444: [GC (Allocation Failure) [PSYoungGen: 41706939K->4800739K(42645504K)] 54636141K->17862770K(59282944K), 0.1790087 secs] [Times: user=6.95 sys=0.08, real=0.18 secs] 
2021-02-22T00:26:08.558+0100: 1565.269: [GC (Allocation Failure) [PSYoungGen: 42645219K->6133671K(49684480K)] 55707250K->19196094K(66321920K), 0.2054023 secs] [Times: user=7.94 sys=0.06, real=0.21 secs] 
2021-02-22T00:26:47.879+0100: 1604.590: [GC (Allocation Failure) [PSYoungGen: 44472231K->7104221K(49220096K)] 57534654K->20167012K(65857536K), 0.2307083 secs] [Times: user=8.74 sys=0.06, real=0.23 secs] 
2021-02-22T00:27:20.776+0100: 1637.487: [GC (Allocation Failure) [PSYoungGen: 45442781K->9311940K(48802816K)] 58505572K->22375179K(65440256K), 0.2747206 secs] [Times: user=10.87 sys=0.18, real=0.27 secs] 
2021-02-22T00:27:47.193+0100: 1663.905: [GC (Allocation Failure) [PSYoungGen: 47400132K->11360251K(49448448K)] 60463371K->24623703K(66085888K), 0.3512217 secs] [Times: user=13.17 sys=1.29, real=0.35 secs] 
2021-02-22T00:28:10.483+0100: 1687.194: [GC (Allocation Failure) [PSYoungGen: 49448443K->11512826K(44841472K)] 62711895K->24965366K(61478912K), 0.4798383 secs] [Times: user=12.65 sys=7.06, real=0.48 secs] 
2021-02-22T00:28:48.083+0100: 1724.794: [GC (Allocation Failure) [PSYoungGen: 44841466K->6735820K(47144960K)] 58294006K->20188887K(63782400K), 0.2275131 secs] [Times: user=9.18 sys=0.09, real=0.23 secs] 
2021-02-22T00:29:33.241+0100: 1769.952: [GC (Allocation Failure) [PSYoungGen: 40064460K->4162949K(46666240K)] 53517527K->17616425K(63303680K), 0.1723134 secs] [Times: user=5.94 sys=0.01, real=0.18 secs] 
2021-02-22T00:30:12.540+0100: 1809.251: [GC (Allocation Failure) [PSYoungGen: 37958021K->10794443K(44589568K)] 51411497K->24247926K(61227008K), 0.3062113 secs] [Times: user=12.64 sys=0.00, real=0.31 secs] 
Heap
 PSYoungGen      total 44589568K, used 14452225K [0x00007f5704380000, 0x00007f658d000000, 0x00007f658d000000)
  eden space 33795072K, 10% used [0x00007f5704380000,0x00007f57e378dab8,0x00007f5f12e80000)
  from space 10794496K, 99% used [0x00007f5f12e80000,0x00007f61a5bf2d20,0x00007f61a5c00000)
  to   space 14058496K, 0% used [0x00007f6232f00000,0x00007f6232f00000,0x00007f658d000000)
 ParOldGen       total 16637440K, used 13453483K [0x00007f39f2a00000, 0x00007f3dea180000, 0x00007f5704380000)
  object space 16637440K, 80% used [0x00007f39f2a00000,0x00007f3d27c2acb8,0x00007f3dea180000)
 Metaspace       used 51517K, capacity 52199K, committed 53248K, reserved 53248K
