Java HotSpot(TM) 64-Bit Server VM (25.131-b11) for linux-amd64 JRE (1.8.0_131-b11), built on Mar 15 2017 01:23:40 by "java_re" with gcc 4.3.0 20080428 (Red Hat 4.3.0-8)
Memory: 4k page, physical 196649796k(194397704k free), swap 3905532k(3905532k free)
CommandLine flags: -XX:InitialHeapSize=2147483648 -XX:MaxHeapSize=187272527872 -XX:+PrintGC -XX:+PrintGCDateStamps -XX:+PrintGCDetails -XX:+PrintGCTimeStamps -XX:+UseParallelGC 
2021-02-22T00:00:04.553+0100: 1.265: [GC (Metadata GC Threshold) [PSYoungGen: 404752K->37457K(611840K)] 404752K->37545K(2010112K), 0.0254766 secs] [Times: user=0.60 sys=0.02, real=0.02 secs] 
2021-02-22T00:00:04.579+0100: 1.291: [Full GC (Metadata GC Threshold) [PSYoungGen: 37457K->0K(611840K)] [ParOldGen: 88K->36136K(817152K)] 37545K->36136K(1428992K), [Metaspace: 20773K->20773K(22528K)], 0.0238891 secs] [Times: user=0.27 sys=0.09, real=0.02 secs] 
2021-02-22T00:00:06.595+0100: 3.307: [GC (Metadata GC Threshold) [PSYoungGen: 471851K->87032K(859648K)] 507987K->150814K(1676800K), 0.0276846 secs] [Times: user=0.78 sys=0.08, real=0.02 secs] 
2021-02-22T00:00:06.623+0100: 3.335: [Full GC (Metadata GC Threshold) [PSYoungGen: 87032K->0K(859648K)] [ParOldGen: 63781K->138173K(1382400K)] 150814K->138173K(2242048K), [Metaspace: 34834K->34721K(36864K)], 0.0450808 secs] [Times: user=0.82 sys=0.10, real=0.05 secs] 
2021-02-22T00:00:09.197+0100: 5.909: [GC (Allocation Failure) [PSYoungGen: 772608K->87008K(1136640K)] 910781K->262126K(2519040K), 0.0345429 secs] [Times: user=0.40 sys=0.41, real=0.03 secs] 
2021-02-22T00:00:09.797+0100: 6.509: [GC (Allocation Failure) [PSYoungGen: 1136608K->87012K(1196544K)] 1311726K->267371K(2578944K), 0.0309829 secs] [Times: user=0.70 sys=0.10, real=0.03 secs] 
2021-02-22T00:00:10.947+0100: 7.659: [GC (Allocation Failure) [PSYoungGen: 1196516K->87036K(1196544K)] 1376875K->362460K(2578944K), 0.0193414 secs] [Times: user=0.38 sys=0.16, real=0.02 secs] 
2021-02-22T00:00:12.999+0100: 9.711: [GC (Allocation Failure) [PSYoungGen: 1196540K->196091K(1821696K)] 1471964K->532642K(3204096K), 0.0436241 secs] [Times: user=1.00 sys=0.38, real=0.04 secs] 
2021-02-22T00:00:16.442+0100: 13.154: [GC (Allocation Failure) [PSYoungGen: 1821691K->265188K(1890816K)] 2158242K->656751K(3273216K), 0.0364233 secs] [Times: user=0.63 sys=0.66, real=0.04 secs] 
2021-02-22T00:00:20.073+0100: 16.785: [GC (Allocation Failure) [PSYoungGen: 1890788K->340478K(2566144K)] 2282351K->1044590K(3948544K), 0.0653997 secs] [Times: user=0.30 sys=2.07, real=0.06 secs] 
2021-02-22T00:00:22.633+0100: 19.345: [GC (Allocation Failure) [PSYoungGen: 2566142K->534008K(2759680K)] 3270254K->1480870K(4142080K), 0.0792925 secs] [Times: user=0.46 sys=2.76, real=0.07 secs] 
2021-02-22T00:00:25.481+0100: 22.193: [GC (Allocation Failure) [PSYoungGen: 2759672K->724986K(3448320K)] 3706534K->1882885K(4830720K), 0.0940516 secs] [Times: user=1.20 sys=1.70, real=0.10 secs] 
2021-02-22T00:00:25.576+0100: 22.288: [Full GC (Ergonomics) [PSYoungGen: 724986K->397037K(3448320K)] [ParOldGen: 1157898K->1382355K(3183104K)] 1882885K->1779392K(6631424K), [Metaspace: 39943K->39593K(40960K)], 0.2180059 secs] [Times: user=4.17 sys=0.71, real=0.22 secs] 
2021-02-22T00:00:29.209+0100: 25.921: [GC (Allocation Failure) [PSYoungGen: 3120365K->510941K(3646464K)] 4502720K->2290923K(6829568K), 0.0701801 secs] [Times: user=0.62 sys=1.88, real=0.07 secs] 
2021-02-22T00:00:32.770+0100: 29.482: [GC (Allocation Failure) [PSYoungGen: 3234269K->424495K(4525056K)] 5014251K->2646289K(7708160K), 0.0833288 secs] [Times: user=0.78 sys=2.58, real=0.09 secs] 
2021-02-22T00:00:37.127+0100: 33.839: [GC (Allocation Failure) [PSYoungGen: 4088367K->539172K(4556800K)] 6310161K->3121558K(7739904K), 0.0569145 secs] [Times: user=0.54 sys=1.54, real=0.05 secs] 
2021-02-22T00:00:40.281+0100: 36.993: [GC (Allocation Failure) [PSYoungGen: 4203044K->351414K(5706240K)] 6785430K->3409818K(8889344K), 0.0717720 secs] [Times: user=0.78 sys=1.57, real=0.08 secs] 
2021-02-22T00:00:40.353+0100: 37.065: [Full GC (Ergonomics) [PSYoungGen: 351414K->153517K(5706240K)] [ParOldGen: 3058403K->3182904K(5722624K)] 3409818K->3336421K(11428864K), [Metaspace: 50853K->50134K(53248K)], 0.4451795 secs] [Times: user=13.39 sys=1.52, real=0.44 secs] 
2021-02-22T00:00:45.409+0100: 42.121: [GC (Allocation Failure) [PSYoungGen: 5033901K->857580K(5737984K)] 8216805K->4210674K(11460608K), 0.1153495 secs] [Times: user=0.90 sys=3.73, real=0.11 secs] 
2021-02-22T00:00:50.254+0100: 46.966: [GC (Allocation Failure) [PSYoungGen: 5737964K->651719K(7419904K)] 9091058K->4763656K(13142528K), 0.1324296 secs] [Times: user=0.81 sys=4.67, real=0.13 secs] 
2021-02-22T00:00:58.328+0100: 55.040: [GC (Allocation Failure) [PSYoungGen: 7022535K->1025116K(7435776K)] 11134472K->5717907K(13158400K), 0.1409607 secs] [Times: user=1.03 sys=4.43, real=0.14 secs] 
2021-02-22T00:01:05.115+0100: 61.827: [GC (Allocation Failure) [PSYoungGen: 7395932K->796112K(8864256K)] 12088723K->6394790K(14586880K), 0.1456215 secs] [Times: user=1.03 sys=4.85, real=0.14 secs] 
2021-02-22T00:01:05.261+0100: 61.973: [Full GC (Ergonomics) [PSYoungGen: 796112K->0K(8864256K)] [ParOldGen: 5598678K->5464385K(8748544K)] 6394790K->5464385K(17612800K), [Metaspace: 50390K->50390K(53248K)], 0.3207960 secs] [Times: user=7.17 sys=2.51, real=0.32 secs] 
2021-02-22T00:01:13.642+0100: 70.354: [GC (Allocation Failure) [PSYoungGen: 7652864K->1154910K(8896512K)] 13117249K->6619304K(17645056K), 0.0996072 secs] [Times: user=0.96 sys=2.99, real=0.10 secs] 
2021-02-22T00:01:21.151+0100: 77.863: [GC (Allocation Failure) [PSYoungGen: 8807774K->1106267K(10504704K)] 14272168K->7579866K(19253248K), 0.1679690 secs] [Times: user=1.52 sys=5.48, real=0.17 secs] 
2021-02-22T00:01:30.914+0100: 87.627: [GC (Allocation Failure) [PSYoungGen: 10213211K->1448459K(10609664K)] 16686810K->8890686K(19358208K), 0.1760282 secs] [Times: user=1.68 sys=5.63, real=0.17 secs] 
2021-02-22T00:01:41.917+0100: 98.629: [GC (GCLocker Initiated GC) [PSYoungGen: 10555403K->1406811K(12537856K)] 18000359K->10127286K(21286400K), 0.2282705 secs] [Times: user=1.69 sys=7.58, real=0.23 secs] 
2021-02-22T00:01:42.145+0100: 98.857: [Full GC (Ergonomics) [PSYoungGen: 1406811K->0K(12537856K)] [ParOldGen: 8720475K->5796363K(10056704K)] 10127286K->5796363K(22594560K), [Metaspace: 50557K->50557K(53248K)], 0.4917646 secs] [Times: user=8.93 sys=4.76, real=0.49 secs] 
2021-02-22T00:01:53.033+0100: 109.745: [GC (Allocation Failure) [PSYoungGen: 10827776K->1598902K(12687872K)] 16624144K->7395278K(22744576K), 0.1211960 secs] [Times: user=1.33 sys=3.54, real=0.13 secs] 
2021-02-22T00:02:04.294+0100: 121.006: [GC (Allocation Failure) [PSYoungGen: 12426678K->1668086K(14894592K)] 18223054K->8868807K(24951296K), 0.2332556 secs] [Times: user=2.18 sys=7.59, real=0.23 secs] 
2021-02-22T00:02:17.314+0100: 134.026: [GC (Allocation Failure) [PSYoungGen: 14514678K->1855632K(15068160K)] 21715399K->10511126K(25124864K), 0.1577001 secs] [Times: user=3.54 sys=2.85, real=0.15 secs] 
2021-02-22T00:02:17.474+0100: 134.186: [Full GC (Ergonomics) [PSYoungGen: 1855632K->0K(15068160K)] [ParOldGen: 8655494K->5983656K(11082752K)] 10511126K->5983656K(26150912K), [Metaspace: 50900K->50900K(53248K)], 0.4170988 secs] [Times: user=8.68 sys=0.20, real=0.41 secs] 
2021-02-22T00:02:30.587+0100: 147.299: [GC (Allocation Failure) [PSYoungGen: 12846592K->2143067K(16913920K)] 18830248K->8126732K(27996672K), 0.2384954 secs] [Times: user=1.18 sys=8.67, real=0.24 secs] 
2021-02-22T00:02:45.150+0100: 161.862: [GC (Allocation Failure) [PSYoungGen: 16631131K->2087549K(17180160K)] 22614796K->9949105K(28262912K), 0.1394428 secs] [Times: user=3.93 sys=0.73, real=0.14 secs] 
2021-02-22T00:03:00.538+0100: 177.250: [GC (Allocation Failure) [PSYoungGen: 16575613K->2185212K(19318272K)] 24437169K->11892503K(30401024K), 0.2806648 secs] [Times: user=2.56 sys=8.71, real=0.28 secs] 
2021-02-22T00:03:00.819+0100: 177.531: [Full GC (Ergonomics) [PSYoungGen: 2185212K->0K(19318272K)] [ParOldGen: 9707291K->6233789K(12370944K)] 11892503K->6233789K(31689216K), [Metaspace: 51135K->51135K(53248K)], 0.5404781 secs] [Times: user=10.62 sys=1.82, real=0.54 secs] 
2021-02-22T00:03:16.833+0100: 193.545: [GC (Allocation Failure) [PSYoungGen: 16436736K->2702628K(19500032K)] 22670525K->8936426K(31870976K), 0.1156200 secs] [Times: user=2.86 sys=0.86, real=0.11 secs] 
2021-02-22T00:03:32.802+0100: 209.514: [GC (Allocation Failure) [PSYoungGen: 19139364K->2192411K(22116352K)] 25373162K->10799923K(34487296K), 0.2788937 secs] [Times: user=2.97 sys=8.69, real=0.28 secs] 
2021-02-22T00:03:52.444+0100: 229.156: [GC (Allocation Failure) [PSYoungGen: 20915739K->3105669K(22188032K)] 29523251K->13640181K(34558976K), 0.2351939 secs] [Times: user=4.37 sys=5.11, real=0.24 secs] 
2021-02-22T00:03:52.679+0100: 229.391: [Full GC (Ergonomics) [PSYoungGen: 3105669K->0K(22188032K)] [ParOldGen: 10534511K->6521706K(13671424K)] 13640181K->6521706K(35859456K), [Metaspace: 51181K->51181K(53248K)], 0.5040668 secs] [Times: user=10.87 sys=0.84, real=0.50 secs] 
2021-02-22T00:04:19.698+0100: 256.411: [GC (Allocation Failure) [PSYoungGen: 18723328K->2332147K(25265664K)] 25245034K->8853853K(38937088K), 0.2627917 secs] [Times: user=1.53 sys=9.16, real=0.26 secs] 
2021-02-22T00:04:44.609+0100: 281.321: [GC (Allocation Failure) [PSYoungGen: 23750131K->3045363K(25282560K)] 30271837K->11432378K(38953984K), 0.1874170 secs] [Times: user=5.69 sys=1.84, real=0.19 secs] 
2021-02-22T00:05:06.240+0100: 302.952: [GC (Allocation Failure) [PSYoungGen: 24463347K->4126718K(26628608K)] 32850362K->14586813K(40300032K), 0.6124693 secs] [Times: user=4.66 sys=12.33, real=0.61 secs] 
2021-02-22T00:05:06.852+0100: 303.564: [Full GC (Ergonomics) [PSYoungGen: 4126718K->0K(26628608K)] [ParOldGen: 10460094K->6221879K(14090240K)] 14586813K->6221879K(40718848K), [Metaspace: 51199K->51199K(53248K)], 0.6127058 secs] [Times: user=10.55 sys=2.37, real=0.62 secs] 
2021-02-22T00:05:42.851+0100: 339.563: [GC (Allocation Failure) [PSYoungGen: 22501888K->2313566K(27997184K)] 28723767K->8535445K(42087424K), 0.1435498 secs] [Times: user=2.70 sys=1.76, real=0.15 secs] 
2021-02-22T00:06:10.706+0100: 367.418: [GC (Allocation Failure) [PSYoungGen: 24815454K->2597388K(29898240K)] 31037333K->10216156K(43988480K), 0.2234788 secs] [Times: user=4.52 sys=4.58, real=0.22 secs] 
2021-02-22T00:06:44.668+0100: 401.380: [GC (Allocation Failure) [PSYoungGen: 27820556K->4026184K(30218752K)] 35439324K->12847882K(44308992K), 0.1937354 secs] [Times: user=5.94 sys=1.71, real=0.19 secs] 
2021-02-22T00:07:05.699+0100: 422.412: [GC (Allocation Failure) [PSYoungGen: 29249352K->5350386K(31798272K)] 38071050K->16462809K(45888512K), 0.7506417 secs] [Times: user=5.31 sys=26.52, real=0.75 secs] 
2021-02-22T00:07:06.450+0100: 423.162: [Full GC (Ergonomics) [PSYoungGen: 5350386K->0K(31798272K)] [ParOldGen: 11112422K->7183667K(15403008K)] 16462809K->7183667K(47201280K), [Metaspace: 51242K->51242K(53248K)], 0.6016788 secs] [Times: user=12.46 sys=4.30, real=0.60 secs] 
2021-02-22T00:07:26.557+0100: 443.270: [GC (Allocation Failure) [PSYoungGen: 26447872K->3942777K(33409536K)] 33631539K->11126444K(48812544K), 0.1361312 secs] [Times: user=4.58 sys=0.00, real=0.14 secs] 
2021-02-22T00:08:07.834+0100: 484.546: [GC (Allocation Failure) [PSYoungGen: 30390649K->2652647K(35992064K)] 37574316K->11876441K(51395072K), 0.2298412 secs] [Times: user=4.59 sys=4.24, real=0.22 secs] 
2021-02-22T00:08:44.904+0100: 521.616: [GC (Allocation Failure) [PSYoungGen: 32600039K->4188007K(36554752K)] 41823833K->14212659K(51957760K), 0.1955581 secs] [Times: user=6.58 sys=1.18, real=0.20 secs] 
2021-02-22T00:09:14.371+0100: 551.083: [GC (Allocation Failure) [PSYoungGen: 34135399K->5485257K(39351296K)] 44160051K->17576394K(54754304K), 0.6618785 secs] [Times: user=4.95 sys=22.76, real=0.67 secs] 
2021-02-22T00:09:15.033+0100: 551.745: [Full GC (Ergonomics) [PSYoungGen: 5485257K->0K(39351296K)] [ParOldGen: 12091137K->7189464K(15930880K)] 17576394K->7189464K(55282176K), [Metaspace: 51274K->51274K(53248K)], 0.6820712 secs] [Times: user=13.40 sys=4.97, real=0.68 secs] 
2021-02-22T00:09:44.962+0100: 581.674: [GC (Allocation Failure) [PSYoungGen: 32686080K->5564098K(39853568K)] 39875544K->12753562K(55784448K), 0.1773126 secs] [Times: user=6.89 sys=0.00, real=0.18 secs] 
2021-02-22T00:10:19.766+0100: 616.478: [GC (Allocation Failure) [PSYoungGen: 38250178K->5102490K(44092928K)] 45439642K->15889147K(60023808K), 0.5448360 secs] [Times: user=5.85 sys=16.81, real=0.54 secs] 
2021-02-22T00:11:01.144+0100: 657.856: [GC (Allocation Failure) [PSYoungGen: 41608602K->5396646K(44241408K)] 52395259K->17843525K(60172288K), 0.2767594 secs] [Times: user=8.67 sys=2.19, real=0.28 secs] 
2021-02-22T00:11:01.421+0100: 658.133: [Full GC (Ergonomics) [PSYoungGen: 5396646K->0K(44241408K)] [ParOldGen: 12446878K->5801318K(15539200K)] 17843525K->5801318K(59780608K), [Metaspace: 51284K->51284K(53248K)], 0.5370677 secs] [Times: user=10.05 sys=0.58, real=0.54 secs] 
2021-02-22T00:11:37.759+0100: 694.472: [GC (Allocation Failure) [PSYoungGen: 36506112K->5418047K(48663040K)] 42307430K->11219366K(64202240K), 0.5753927 secs] [Times: user=3.01 sys=20.35, real=0.58 secs] 
2021-02-22T00:12:22.791+0100: 739.503: [GC (Allocation Failure) [PSYoungGen: 46143039K->5876645K(48809472K)] 51944358K->13365271K(64348672K), 0.2545288 secs] [Times: user=9.99 sys=0.00, real=0.26 secs] 
2021-02-22T00:13:07.455+0100: 784.167: [GC (Allocation Failure) [PSYoungGen: 46601637K->6162422K(52028928K)] 54090263K->14350325K(67568128K), 0.6418537 secs] [Times: user=5.04 sys=21.87, real=0.64 secs] 
2021-02-22T00:13:54.966+0100: 831.678: [GC (Allocation Failure) [PSYoungGen: 49844726K->5687255K(49369600K)] 58032629K->14226679K(64908800K), 0.2044483 secs] [Times: user=8.17 sys=0.01, real=0.20 secs] 
2021-02-22T00:14:33.204+0100: 869.916: [GC (Allocation Failure) [PSYoungGen: 49369559K->7201644K(51164160K)] 57908983K->16560915K(66703360K), 0.3020132 secs] [Times: user=9.17 sys=3.26, real=0.31 secs] 
2021-02-22T00:15:08.182+0100: 904.895: [GC (Allocation Failure) [PSYoungGen: 49688940K->7975722K(50463232K)] 59048211K->19506767K(66002432K), 0.3413737 secs] [Times: user=14.13 sys=0.18, real=0.34 secs] 
2021-02-22T00:15:58.767+0100: 955.479: [GC (Allocation Failure) [PSYoungGen: 50463018K->5360472K(51408896K)] 61994063K->17449349K(66948096K), 0.2069304 secs] [Times: user=8.13 sys=0.21, real=0.21 secs] 
2021-02-22T00:16:46.180+0100: 1002.892: [GC (Allocation Failure) [PSYoungGen: 46812504K->6120930K(47572992K)] 58901381K->18434640K(63112192K), 0.2190310 secs] [Times: user=8.84 sys=0.01, real=0.22 secs] 
2021-02-22T00:16:46.399+0100: 1003.112: [Full GC (Ergonomics) [PSYoungGen: 6120930K->0K(47572992K)] [ParOldGen: 12313709K->6056183K(15782912K)] 18434640K->6056183K(63355904K), [Metaspace: 51289K->51289K(53248K)], 0.6154302 secs] [Times: user=10.51 sys=1.50, real=0.62 secs] 
2021-02-22T00:18:05.387+0100: 1082.099: [GC (Allocation Failure) [PSYoungGen: 41452032K->3176705K(50979328K)] 47508215K->9232897K(66762240K), 0.1404185 secs] [Times: user=5.20 sys=0.00, real=0.14 secs] 
2021-02-22T00:18:49.789+0100: 1126.501: [GC (Allocation Failure) [PSYoungGen: 44691713K->7805275K(50916352K)] 50747905K->13861467K(66699264K), 0.2529832 secs] [Times: user=10.31 sys=0.01, real=0.25 secs] 
2021-02-22T00:19:26.124+0100: 1162.836: [GC (Allocation Failure) [PSYoungGen: 49320283K->9775143K(48622592K)] 55376475K->15831334K(64405504K), 0.3932074 secs] [Times: user=10.55 sys=5.56, real=0.40 secs] 
2021-02-22T00:19:51.250+0100: 1187.962: [GC (Allocation Failure) [PSYoungGen: 48415271K->11160561K(49800704K)] 54471462K->18255380K(65583616K), 0.3740047 secs] [Times: user=15.28 sys=0.18, real=0.37 secs] 
2021-02-22T00:20:28.175+0100: 1224.888: [GC (Allocation Failure) [PSYoungGen: 49800689K->8411640K(45968896K)] 56895508K->16122334K(61751808K), 0.2860723 secs] [Times: user=11.54 sys=0.05, real=0.28 secs] 
2021-02-22T00:21:00.867+0100: 1257.579: [GC (Allocation Failure) [PSYoungGen: 43219960K->7211903K(47884800K)] 50930654K->14986117K(63667712K), 0.2373003 secs] [Times: user=9.70 sys=0.01, real=0.24 secs] 
2021-02-22T00:21:34.897+0100: 1291.610: [GC (Allocation Failure) [PSYoungGen: 42020223K->5545362K(46649856K)] 49794437K->15242404K(62432768K), 0.3016809 secs] [Times: user=11.03 sys=0.09, real=0.30 secs] 
2021-02-22T00:22:20.775+0100: 1337.488: [GC (Allocation Failure) [PSYoungGen: 40780690K->4355274K(47480832K)] 50477732K->14480617K(63263744K), 0.1702737 secs] [Times: user=6.29 sys=0.12, real=0.17 secs] 
2021-02-22T00:22:55.950+0100: 1372.663: [GC (Allocation Failure) [PSYoungGen: 39590602K->5228361K(47761920K)] 49715945K->16352709K(63544832K), 0.2045529 secs] [Times: user=8.20 sys=0.08, real=0.21 secs] 
2021-02-22T00:23:31.654+0100: 1408.366: [GC (Allocation Failure) [PSYoungGen: 41890633K->5381364K(48334848K)] 53014981K->18011916K(64117760K), 0.2293420 secs] [Times: user=8.57 sys=0.74, real=0.22 secs] 
2021-02-22T00:24:03.105+0100: 1439.817: [GC (Allocation Failure) [PSYoungGen: 42043636K->6754956K(48539648K)] 54674188K->21520273K(64322560K), 0.4177060 secs] [Times: user=8.26 sys=9.28, real=0.41 secs] 
2021-02-22T00:24:03.523+0100: 1440.235: [Full GC (Ergonomics) [PSYoungGen: 6754956K->0K(48539648K)] [ParOldGen: 14765316K->8543744K(18462208K)] 21520273K->8543744K(67001856K), [Metaspace: 51292K->51292K(53248K)], 0.8136247 secs] [Times: user=17.26 sys=5.00, real=0.82 secs] 
2021-02-22T00:24:39.206+0100: 1475.919: [GC (Allocation Failure) [PSYoungGen: 38015488K->6523073K(49000960K)] 46559232K->15066817K(67463168K), 0.2014650 secs] [Times: user=8.10 sys=0.01, real=0.20 secs] 
2021-02-22T00:25:22.571+0100: 1519.283: [GC (Allocation Failure) [PSYoungGen: 44538561K->5274277K(49328128K)] 53082305K->14973799K(67790336K), 0.2141000 secs] [Times: user=8.58 sys=0.22, real=0.22 secs] 
2021-02-22T00:26:03.863+0100: 1560.575: [GC (Allocation Failure) [PSYoungGen: 44626085K->6271529K(49701888K)] 54325607K->16476035K(68164096K), 0.2265401 secs] [Times: user=9.13 sys=0.01, real=0.23 secs] 
2021-02-22T00:26:40.839+0100: 1597.552: [GC (Allocation Failure) [PSYoungGen: 45623337K->6416312K(50038272K)] 55827843K->17940530K(68500480K), 0.2463438 secs] [Times: user=10.07 sys=0.00, real=0.25 secs] 
2021-02-22T00:27:23.516+0100: 1640.228: [GC (Allocation Failure) [PSYoungGen: 47050680K->6117169K(50324992K)] 58574898K->18185897K(68787200K), 0.2302399 secs] [Times: user=9.21 sys=0.00, real=0.23 secs] 
2021-02-22T00:28:16.324+0100: 1693.036: [GC (Allocation Failure) [PSYoungGen: 46751537K->4505864K(51236864K)] 58820265K->16708424K(69699072K), 0.1675272 secs] [Times: user=6.56 sys=0.09, real=0.17 secs] 
2021-02-22T00:29:03.230+0100: 1739.942: [GC (Allocation Failure) [PSYoungGen: 46406408K->5953345K(51217920K)] 58608968K->18277542K(69680128K), 0.2096346 secs] [Times: user=8.37 sys=0.00, real=0.21 secs] 
2021-02-22T00:29:40.502+0100: 1777.214: [GC (Allocation Failure) [PSYoungGen: 47853889K->7285360K(51128832K)] 60178086K->20911872K(69591040K), 0.2637879 secs] [Times: user=9.93 sys=0.00, real=0.27 secs] 
Heap
 PSYoungGen      total 51128832K, used 43757646K [0x00007ef8c4380000, 0x00007f074d000000, 0x00007f074d000000)
  eden space 42132480K, 86% used [0x00007ef8c4380000,0x00007f01764f78e0,0x00007f02cfc80000)
  from space 8996352K, 80% used [0x00007f04ff900000,0x00007f06bc39c2d0,0x00007f0724a80000)
  to   space 9171456K, 0% used [0x00007f02cfc80000,0x00007f02cfc80000,0x00007f04ff900000)
 ParOldGen       total 18462208K, used 13626511K [0x00007edbb2a00000, 0x00007ee019780000, 0x00007ef8c4380000)
  object space 18462208K, 73% used [0x00007edbb2a00000,0x00007edef2523e98,0x00007ee019780000)
 Metaspace       used 51593K, capacity 52268K, committed 53504K, reserved 55296K
